Component: ARM Compiler 5.06 update 1 (build 61) Tool: armlink [4d35a8]

==============================================================================

Section Cross References

    main.o(i.Init_LCD) refers to device.o(i.Dev_open) for Dev_open
    main.o(i.Init_device) refers to main.o(i.Init_LCD) for Init_LCD
    main.o(i.main) refers to rt_cmsis.o(i.osKernelInitialize) for osKernelInitialize
    main.o(i.main) refers to mysystemclock.o(i.OpenPrpClock) for OpenPrpClock
    main.o(i.main) refers to pinmux.o(i.Pin_init) for Pin_init
    main.o(i.main) refers to intrinit.o(i.NVIC_Configuration) for NVIC_Configuration
    main.o(i.main) refers to power.o(i.PVD_Init) for PVD_Init
    main.o(i.main) refers to main.o(i.Init_device) for Init_device
    main.o(i.main) refers to unit_test.o(i.unit_test) for unit_test
    main.o(i.main) refers to rt_cmsis.o(i.osKernelStart) for osKernelStart
    device.o(i.Dev_open) refers to device.o(i.Dev_TYPE) for Dev_TYPE
    device.o(i.Dev_open) refers to device.o(i.Dev_MAJORID) for Dev_MAJORID
    device.o(i.Dev_open) refers to device.o(i.Dev_MINORID) for Dev_MINORID
    device.o(i.Dev_open) refers to dev_char.o(i.Open_dev_char) for Open_dev_char
    device.o(i.Dev_open) refers to dev_lcd.o(i.Open_dev_lcd) for Open_dev_lcd
    dev_lcd.o(i.Open_dev_lcd) refers to dev_lcd_fm12864.o(i.lcd_fm12864_new) for lcd_fm12864_new
    dev_lcd.o(i.Open_dev_lcd) refers to dev_lcd.o(.data) for sington_lcd
    dev_char.o(i.dev_Char_ctor) refers to dev_char.o(i.DEV_CHAR_set_self) for DEV_CHAR_set_self
    dev_lcd_fm12864.o(i.lcd_fm12864_ctor) refers to dev_lcd.o(i.dev_lcd_ctor) for dev_lcd_ctor
    dev_lcd_fm12864.o(i.lcd_fm12864_new) refers to h1_alloc_mt.o(.text) for malloc
    dev_lcd_fm12864.o(i.lcd_fm12864_new) refers to dev_lcd_fm12864.o(i.lcd_fm12864_ctor) for lcd_fm12864_ctor
    unit_test.o(i.unit_test) refers to test_lcd.o(i.Test_lcd) for Test_lcd
    test_lcd.o(i.Test_lcd) refers to device.o(i.Dev_open) for Dev_open
    intrinit.o(i.NVIC_Configuration) refers to misc.o(i.NVIC_SetVectorTable) for NVIC_SetVectorTable
    intrinit.o(i.NVIC_Configuration) refers to misc.o(i.NVIC_PriorityGroupConfig) for NVIC_PriorityGroupConfig
    intrinit.o(i.NVIC_Configuration) refers to misc.o(i.NVIC_Init) for NVIC_Init
    intrinit.o(i.NVIC_Configuration) refers to hardware_conf.o(.data) for g_confUart1
    mysystemclock.o(i.OpenPrpClock) refers to stm32f10x_rcc.o(i.RCC_APB2PeriphClockCmd) for RCC_APB2PeriphClockCmd
    mysystemclock.o(i.OpenPrpClock) refers to stm32f10x_rcc.o(i.RCC_APB1PeriphClockCmd) for RCC_APB1PeriphClockCmd
    mysystemclock.o(i.OpenPrpClock) refers to stm32f10x_rcc.o(i.RCC_AHBPeriphClockCmd) for RCC_AHBPeriphClockCmd
    pinmux.o(i.Pin_init) refers to stm32f10x_gpio.o(i.GPIO_Init) for GPIO_Init
    power.o(i.PVD_IRQHandler) refers to stm32f10x_exti.o(i.EXTI_ClearITPendingBit) for EXTI_ClearITPendingBit
    power.o(i.PVD_Init) refers to stm32f10x_exti.o(i.EXTI_DeInit) for EXTI_DeInit
    power.o(i.PVD_Init) refers to stm32f10x_exti.o(i.EXTI_StructInit) for EXTI_StructInit
    power.o(i.PVD_Init) refers to stm32f10x_exti.o(i.EXTI_ClearITPendingBit) for EXTI_ClearITPendingBit
    power.o(i.PVD_Init) refers to stm32f10x_exti.o(i.EXTI_Init) for EXTI_Init
    power.o(i.PVD_Init) refers to stm32f10x_pwr.o(i.PWR_PVDLevelConfig) for PWR_PVDLevelConfig
    power.o(i.PVD_Init) refers to stm32f10x_pwr.o(i.PWR_PVDCmd) for PWR_PVDCmd
    rtx_conf_cm.o(.emb_text) refers to rt_cmsis.o(i.osKernelInitialize) for osKernelInitialize
    rtx_conf_cm.o(.emb_text) refers to rt_cmsis.o(i.osThreadCreate) for osThreadCreate
    rtx_conf_cm.o(.emb_text) refers to rt_cmsis.o(i.osKernelStart) for osKernelStart
    rtx_conf_cm.o(.emb_text) refers to exit.o(.text) for exit
    rtx_conf_cm.o(.emb_text) refers to rtx_conf_cm.o(.constdata) for os_thread_def_main
    rtx_conf_cm.o(i.__user_perthread_libspace) refers to rt_task.o(i.rt_tsk_self) for rt_tsk_self
    rtx_conf_cm.o(i.__user_perthread_libspace) refers to rt_cmsis.o(.data) for os_running
    rtx_conf_cm.o(i.__user_perthread_libspace) refers to rtx_conf_cm.o(.bss) for .bss
    rtx_conf_cm.o(i.__user_perthread_libspace) refers to libspace.o(.bss) for __libspace_start
    rtx_conf_cm.o(i._mutex_acquire) refers to rt_cmsis.o(.data) for os_running
    rtx_conf_cm.o(i._mutex_acquire) refers to rt_mutex.o(i.rt_mut_wait) for rt_mut_wait
    rtx_conf_cm.o(i._mutex_initialize) refers to rt_mutex.o(i.rt_mut_init) for rt_mut_init
    rtx_conf_cm.o(i._mutex_initialize) refers to rtx_conf_cm.o(.data) for .data
    rtx_conf_cm.o(i._mutex_initialize) refers to rtx_conf_cm.o(.bss) for .bss
    rtx_conf_cm.o(i._mutex_release) refers to rt_cmsis.o(.data) for os_running
    rtx_conf_cm.o(i._mutex_release) refers to rt_mutex.o(i.rt_mut_release) for rt_mut_release
    rtx_conf_cm.o(.constdata) refers to rt_cmsis.o(i.osTimerThread) for osTimerThread
    rtx_conf_cm.o(.constdata) refers to rtx_conf_cm.o(.bss) for os_messageQ_q_osTimerMessageQ
[...]
    ..\rt_Memory.c                           0x00000000   Number         0  rt_memory.o ABSOLUTE
    ..\rt_Mutex.c                            0x00000000   Number         0  rt_mutex.o ABSOLUTE
    ..\rt_Robin.c                            0x00000000   Number         0  rt_robin.o ABSOLUTE
    ..\rt_Semaphore.c                        0x00000000   Number         0  rt_semaphore.o ABSOLUTE
    ..\rt_System.c                           0x00000000   Number         0  rt_system.o ABSOLUTE
    ..\rt_Task.c                             0x00000000   Number         0  rt_task.o ABSOLUTE
    ..\rt_Time.c                             0x00000000   Number         0  rt_time.o ABSOLUTE
    D:\Keil_v5\ARM\PACK\Keil\STM32F1xx_DFP\2.2.0\Device\StdPeriph_Driver\src\misc.c 0x00000000   Number         0  misc.o ABSOLUTE
    D:\Keil_v5\ARM\PACK\Keil\STM32F1xx_DFP\2.2.0\Device\StdPeriph_Driver\src\stm32f10x_dma.c 0x00000000   Number         0  stm32f10x_dma.o ABSOLUTE
    D:\Keil_v5\ARM\PACK\Keil\STM32F1xx_DFP\2.2.0\Device\StdPeriph_Driver\src\stm32f10x_exti.c 0x00000000   Number         0  stm32f10x_exti.o ABSOLUTE
    D:\Keil_v5\ARM\PACK\Keil\STM32F1xx_DFP\2.2.0\Device\StdPeriph_Driver\src\stm32f10x_flash.c 0x00000000   Number         0  stm32f10x_flash.o ABSOLUTE
    D:\Keil_v5\ARM\PACK\Keil\STM32F1xx_DFP\2.2.0\Device\StdPeriph_Driver\src\stm32f10x_fsmc.c 0x00000000   Number         0  stm32f10x_fsmc.o ABSOLUTE
    D:\Keil_v5\ARM\PACK\Keil\STM32F1xx_DFP\2.2.0\Device\StdPeriph_Driver\src\stm32f10x_gpio.c 0x00000000   Number         0  stm32f10x_gpio.o ABSOLUTE
    D:\Keil_v5\ARM\PACK\Keil\STM32F1xx_DFP\2.2.0\Device\StdPeriph_Driver\src\stm32f10x_i2c.c 0x00000000   Number         0  stm32f10x_i2c.o ABSOLUTE
    D:\Keil_v5\ARM\PACK\Keil\STM32F1xx_DFP\2.2.0\Device\StdPeriph_Driver\src\stm32f10x_pwr.c 0x00000000   Number         0  stm32f10x_pwr.o ABSOLUTE
    D:\Keil_v5\ARM\PACK\Keil\STM32F1xx_DFP\2.2.0\Device\StdPeriph_Driver\src\stm32f10x_rcc.c 0x00000000   Number         0  stm32f10x_rcc.o ABSOLUTE
    D:\Keil_v5\ARM\PACK\Keil\STM32F1xx_DFP\2.2.0\Device\StdPeriph_Driver\src\stm32f10x_spi.c 0x00000000   Number         0  stm32f10x_spi.o ABSOLUTE
    D:\Keil_v5\ARM\PACK\Keil\STM32F1xx_DFP\2.2.0\Device\StdPeriph_Driver\src\stm32f10x_usart.c 0x00000000   Number         0  stm32f10x_usart.o ABSOLUTE
    D:\\Keil_v5\\ARM\\PACK\\Keil\\STM32F1xx_DFP\\2.2.0\\Device\\StdPeriph_Driver\\src\\misc.c 0x00000000   Number         0  misc.o ABSOLUTE
    D:\\Keil_v5\\ARM\\PACK\\Keil\\STM32F1xx_DFP\\2.2.0\\Device\\StdPeriph_Driver\\src\\stm32f10x_dma.c 0x00000000   Number         0  stm32f10x_dma.o ABSOLUTE
    D:\\Keil_v5\\ARM\\PACK\\Keil\\STM32F1xx_DFP\\2.2.0\\Device\\StdPeriph_Driver\\src\\stm32f10x_exti.c 0x00000000   Number         0  stm32f10x_exti.o ABSOLUTE
    D:\\Keil_v5\\ARM\\PACK\\Keil\\STM32F1xx_DFP\\2.2.0\\Device\\StdPeriph_Driver\\src\\stm32f10x_flash.c 0x00000000   Number         0  stm32f10x_flash.o ABSOLUTE
    D:\\Keil_v5\\ARM\\PACK\\Keil\\STM32F1xx_DFP\\2.2.0\\Device\\StdPeriph_Driver\\src\\stm32f10x_fsmc.c 0x00000000   Number         0  stm32f10x_fsmc.o ABSOLUTE
    D:\\Keil_v5\\ARM\\PACK\\Keil\\STM32F1xx_DFP\\2.2.0\\Device\\StdPeriph_Driver\\src\\stm32f10x_gpio.c 0x00000000   Number         0  stm32f10x_gpio.o ABSOLUTE
    D:\\Keil_v5\\ARM\\PACK\\Keil\\STM32F1xx_DFP\\2.2.0\\Device\\StdPeriph_Driver\\src\\stm32f10x_i2c.c 0x00000000   Number         0  stm32f10x_i2c.o ABSOLUTE
    D:\\Keil_v5\\ARM\\PACK\\Keil\\STM32F1xx_DFP\\2.2.0\\Device\\StdPeriph_Driver\\src\\stm32f10x_pwr.c 0x00000000   Number         0  stm32f10x_pwr.o ABSOLUTE
    D:\\Keil_v5\\ARM\\PACK\\Keil\\STM32F1xx_DFP\\2.2.0\\Device\\StdPeriph_Driver\\src\\stm32f10x_rcc.c 0x00000000   Number         0  stm32f10x_rcc.o ABSOLUTE
    D:\\Keil_v5\\ARM\\PACK\\Keil\\STM32F1xx_DFP\\2.2.0\\Device\\StdPeriph_Driver\\src\\stm32f10x_spi.c 0x00000000   Number         0  stm32f10x_spi.o ABSOLUTE
    D:\\Keil_v5\\ARM\\PACK\\Keil\\STM32F1xx_DFP\\2.2.0\\Device\\StdPeriph_Driver\\src\\stm32f10x_usart.c 0x00000000   Number         0  stm32f10x_usart.o ABSOLUTE
    HAL_CM3.c                                0x00000000   Number         0  hal_cm3.o ABSOLUTE
    HAL_CM3.c                                0x00000000   Number         0  hal_cm3.o ABSOLUTE
    RTE\CMSIS\RTX_Conf_CM.c                  0x00000000   Number         0  rtx_conf_cm.o ABSOLUTE
    RTE\Device\STM32F103VC\startup_stm32f10x_hd.s 0x00000000   Number         0  startup_stm32f10x_hd.o ABSOLUTE
    RTE\Device\STM32F103VC\system_stm32f10x.c 0x00000000   Number         0  system_stm32f10x.o ABSOLUTE
    RTE\\CMSIS\\RTX_Conf_CM.c                0x00000000   Number         0  rtx_conf_cm.o ABSOLUTE
    RTE\\Device\\STM32F103VC\\system_stm32f10x.c 0x00000000   Number         0  system_stm32f10x.o ABSOLUTE
    SVC_Table.s                              0x00000000   Number         0  svc_table.o ABSOLUTE
    dc.s                                     0x00000000   Number         0  dc.o ABSOLUTE
    RESET                                    0x08000000   Section      304  startup_stm32f10x_hd.o(RESET)
    !!!main                                  0x08000130   Section        8  __main.o(!!!main)
    !!!scatter                               0x08000138   Section       52  __scatter.o(!!!scatter)
    !!dczerorl2                              0x0800016c   Section       90  __dczerorl2.o(!!dczerorl2)
    !!handler_zi                             0x080001c8   Section       28  __scatter_zi.o(!!handler_zi)
    .ARM.Collect$$libinit$$00000000          0x080001e4   Section        2  libinit.o(.ARM.Collect$$libinit$$00000000)
    .ARM.Collect$$libinit$$00000002          0x080001e6   Section        0  libinit2.o(.ARM.Collect$$libinit$$00000002)
    .ARM.Collect$$libinit$$00000004          0x080001e6   Section        0  libinit2.o(.ARM.Collect$$libinit$$00000004)
    .ARM.Collect$$libinit$$00000005          0x080001e6   Section        8  libinit2.o(.ARM.Collect$$libinit$$00000005)
    .ARM.Collect$$libinit$$0000000A          0x080001ee   Section        0  libinit2.o(.ARM.Collect$$libinit$$0000000A)
    .ARM.Collect$$libinit$$0000000C          0x080001ee   Section        0  libinit2.o(.ARM.Collect$$libinit$$0000000C)
    .ARM.Collect$$libinit$$0000000E          0x080001ee   Section        0  libinit2.o(.ARM.Collect$$libinit$$0000000E)
    .ARM.Collect$$libinit$$00000011          0x080001ee   Section        0  libinit2.o(.ARM.Collect$$libinit$$00000011)
    .ARM.Collect$$libinit$$00000013          0x080001ee   Section        0  libinit2.o(.ARM.Collect$$libinit$$00000013)
    .ARM.Collect$$libinit$$00000015          0x080001ee   Section        0  libinit2.o(.ARM.Collect$$libinit$$00000015)
    .ARM.Collect$$libinit$$00000017          0x080001ee   Section        0  libinit2.o(.ARM.Collect$$libinit$$00000017)
    .ARM.Collect$$libinit$$00000019          0x080001ee   Section        0  libinit2.o(.ARM.Collect$$libinit$$00000019)
    .ARM.Collect$$libinit$$0000001B          0x080001ee   Section        0  libinit2.o(.ARM.Collect$$libinit$$0000001B)
    .ARM.Collect$$libinit$$0000001D          0x080001ee   Section        0  libinit2.o(.ARM.Collect$$libinit$$0000001D)
    .ARM.Collect$$libinit$$0000001F          0x080001ee   Section        0  libinit2.o(.ARM.Collect$$libinit$$0000001F)
    .ARM.Collect$$libinit$$00000021          0x080001ee   Section        0  libinit2.o(.ARM.Collect$$libinit$$00000021)
    .ARM.Collect$$libinit$$00000023          0x080001ee   Section        0  libinit2.o(.ARM.Collect$$libinit$$00000023)
    .ARM.Collect$$libinit$$00000025          0x080001ee   Section        0  libinit2.o(.ARM.Collect$$libinit$$00000025)
    .ARM.Collect$$libinit$$0000002C          0x080001ee   Section        0  libinit2.o(.ARM.Collect$$libinit$$0000002C)
    .ARM.Collect$$libinit$$0000002E          0x080001ee   Section        0  libinit2.o(.ARM.Collect$$libinit$$0000002E)
    .ARM.Collect$$libinit$$00000030          0x080001ee   Section        0  libinit2.o(.ARM.Collect$$libinit$$00000030)
    .ARM.Collect$$libinit$$00000032          0x080001ee   Section        0  libinit2.o(.ARM.Collect$$libinit$$00000032)
    .ARM.Collect$$libinit$$00000033          0x080001ee   Section        2  libinit2.o(.ARM.Collect$$libinit$$00000033)
    .ARM.Collect$$libshutdown$$00000000      0x080001f0   Section        2  libshutdown.o(.ARM.Collect$$libshutdown$$00000000)
    .ARM.Collect$$libshutdown$$00000002      0x080001f2   Section        0  libshutdown2.o(.ARM.Collect$$libshutdown$$00000002)
    .ARM.Collect$$libshutdown$$00000004      0x080001f2   Section        0  libshutdown2.o(.ARM.Collect$$libshutdown$$00000004)
    .ARM.Collect$$libshutdown$$00000007      0x080001f2   Section        0  libshutdown2.o(.ARM.Collect$$libshutdown$$00000007)
    .ARM.Collect$$libshutdown$$0000000A      0x080001f2   Section        0  libshutdown2.o(.ARM.Collect$$libshutdown$$0000000A)
    .ARM.Collect$$libshutdown$$0000000C      0x080001f2   Section        0  libshutdown2.o(.ARM.Collect$$libshutdown$$0000000C)
    .ARM.Collect$$libshutdown$$0000000F      0x080001f2   Section        0  libshutdown2.o(.ARM.Collect$$libshutdown$$0000000F)
    .ARM.Collect$$libshutdown$$00000010      0x080001f2   Section        2  libshutdown2.o(.ARM.Collect$$libshutdown$$00000010)
    .ARM.Collect$$rtentry$$00000000          0x080001f4   Section        0  __rtentry.o(.ARM.Collect$$rtentry$$00000000)
    .ARM.Collect$$rtentry$$00000002          0x080001f4   Section        0  __rtentry2.o(.ARM.Collect$$rtentry$$00000002)
    .ARM.Collect$$rtentry$$00000004          0x080001f4   Section        6  __rtentry4.o(.ARM.Collect$$rtentry$$00000004)
    .ARM.Collect$$rtentry$$00000009          0x080001fa   Section        0  __rtentry2.o(.ARM.Collect$$rtentry$$00000009)
    .ARM.Collect$$rtentry$$0000000A          0x080001fa   Section        4  __rtentry2.o(.ARM.Collect$$rtentry$$0000000A)
    .ARM.Collect$$rtentry$$0000000B          0x080001fe   Section        8  __rtentry2.o(.ARM.Collect$$rtentry$$0000000B)
    .ARM.Collect$$rtentry$$0000000D          0x08000206   Section        8  __rtentry2.o(.ARM.Collect$$rtentry$$0000000D)
    .ARM.Collect$$rtexit$$00000000           0x0800020e   Section        2  rtexit.o(.ARM.Collect$$rtexit$$00000000)
    .ARM.Collect$$rtexit$$00000002           0x08000210   Section        0  rtexit2.o(.ARM.Collect$$rtexit$$00000002)
    .ARM.Collect$$rtexit$$00000003           0x08000210   Section        4  rtexit2.o(.ARM.Collect$$rtexit$$00000003)
    .ARM.Collect$$rtexit$$00000004           0x08000214   Section        6  rtexit2.o(.ARM.Collect$$rtexit$$00000004)
    .emb_text                                0x0800021c   Section       28  rtx_conf_cm.o(.emb_text)
    .emb_text                                0x08000238   Section      304  hal_cm3.o(.emb_text)
    .emb_text                                0x08000368   Section        0  maybetermalloc1.o(.emb_text)
    .text                                    0x08000368   Section       64  startup_stm32f10x_hd.o(.text)
    .text                                    0x080003a8   Section        8  libspace.o(.text)
    .text                                    0x080003b0   Section        0  h1_alloc_mt.o(.text)
    Heap1_SizeAdjust                         0x080003b1   Thumb Code     8  h1_alloc_mt.o(.text)
    .text                                    0x0800044e   Section        0  exit.o(.text)
    .text                                    0x08000460   Section        0  heapauxi.o(.text)
    .text                                    0x08000466   Section       10  rt_heap_descriptor_twolibspace.o(.text)
    .text                                    0x08000470   Section        0  hguard.o(.text)
    .text                                    0x08000474   Section        0  init_alloc.o(.text)
    .text                                    0x080004fe   Section        0  h1_init_mt.o(.text)
    .text                                    0x08000510   Section        0  h1_free_mt.o(.text)
    .text                                    0x08000586   Section        0  h1_extend_mt.o(.text)
    .text                                    0x080005c4   Section        0  defsig_rtmem_outer.o(.text)
    .text                                    0x080005d4   Section        0  sys_exit.o(.text)
    .text                                    0x080005e0   Section        2  use_no_semi.o(.text)
    .text                                    0x080005e2   Section        0  indicate_semi.o(.text)
    .text                                    0x080005e2   Section       74  sys_stackheap_outer.o(.text)
    .text                                    0x0800062c   Section        0  defsig_exit.o(.text)
    .text                                    0x08000638   Section        0  defsig_rtmem_inner.o(.text)
    .text                                    0x08000688   Section        0  defsig_general.o(.text)
    .text                                    0x080006ba   Section        0  sys_wrch.o(.text)
    SVC_TABLE                                0x080006c8   Section        4  svc_table.o(SVC_TABLE)
    i.Dev_MAJORID                            0x080006cc   Section        0  device.o(i.Dev_MAJORID)
    i.Dev_MINORID                            0x080006d6   Section        0  device.o(i.Dev_MINORID)
    i.Dev_TYPE                               0x080006de   Section        0  device.o(i.Dev_TYPE)
    i.Dev_open                               0x080006e8   Section        0  device.o(i.Dev_open)
    i.EXTI_ClearITPendingBit                 0x08000740   Section        0  stm32f10x_exti.o(i.EXTI_ClearITPendingBit)
    i.EXTI_DeInit                            0x0800074c   Section        0  stm32f10x_exti.o(i.EXTI_DeInit)
    i.EXTI_Init                              0x08000770   Section        0  stm32f10x_exti.o(i.EXTI_Init)
    i.EXTI_StructInit                        0x08000804   Section        0  stm32f10x_exti.o(i.EXTI_StructInit)
    i.GPIO_Init                              0x08000814   Section        0  stm32f10x_gpio.o(i.GPIO_Init)
    i.Init_LCD                               0x0800092c   Section        0  main.o(i.Init_LCD)
    Init_LCD                                 0x0800092d   Thumb Code    18  main.o(i.Init_LCD)
    i.Init_device                            0x08000944   Section        0  main.o(i.Init_device)
    Init_device                              0x08000945   Thumb Code     8  main.o(i.Init_device)
    i.NVIC_Configuration                     0x0800094c   Section        0  intrinit.o(i.NVIC_Configuration)
    i.NVIC_Init                              0x08000af0   Section        0  misc.o(i.NVIC_Init)
    i.NVIC_PriorityGroupConfig               0x08000b60   Section        0  misc.o(i.NVIC_PriorityGroupConfig)
    i.NVIC_SetVectorTable                    0x08000b74   Section        0  misc.o(i.NVIC_SetVectorTable)
    i.OpenPrpClock                           0x08000b88   Section        0  mysystemclock.o(i.OpenPrpClock)
    i.Open_dev_char                          0x08000bee   Section        0  dev_char.o(i.Open_dev_char)
    i.Open_dev_lcd                           0x08000bf8   Section        0  dev_lcd.o(i.Open_dev_lcd)
    i.PVD_IRQHandler                         0x08000c40   Section        0  power.o(i.PVD_IRQHandler)
    i.PVD_Init                               0x08000c4c   Section        0  power.o(i.PVD_Init)
    i.PWR_PVDCmd                             0x08000c8c   Section        0  stm32f10x_pwr.o(i.PWR_PVDCmd)
    i.PWR_PVDLevelConfig                     0x08000c98   Section        0  stm32f10x_pwr.o(i.PWR_PVDLevelConfig)
    i.Pin_init                               0x08000cb0   Section        0  pinmux.o(i.Pin_init)
    i.RCC_AHBPeriphClockCmd                  0x08000e80   Section        0  stm32f10x_rcc.o(i.RCC_AHBPeriphClockCmd)
    i.RCC_APB1PeriphClockCmd                 0x08000ea0   Section        0  stm32f10x_rcc.o(i.RCC_APB1PeriphClockCmd)
    i.RCC_APB2PeriphClockCmd                 0x08000ec0   Section        0  stm32f10x_rcc.o(i.RCC_APB2PeriphClockCmd)
    i.SetSysClock                            0x08000ee0   Section        0  system_stm32f10x.o(i.SetSysClock)
    SetSysClock                              0x08000ee1   Thumb Code     8  system_stm32f10x.o(i.SetSysClock)
    i.SetSysClockTo72                        0x08000ee8   Section        0  system_stm32f10x.o(i.SetSysClockTo72)
    SetSysClockTo72                          0x08000ee9   Thumb Code   214  system_stm32f10x.o(i.SetSysClockTo72)
    i.SystemInit                             0x08000fc8   Section        0  system_stm32f10x.o(i.SystemInit)
    i.Test_lcd                               0x08001028   Section        0  test_lcd.o(i.Test_lcd)
    i._init_box                              0x08001168   Section        0  rt_membox.o(i._init_box)
    i._mutex_acquire                         0x080011b0   Section        0  rtx_conf_cm.o(i._mutex_acquire)
    __tagsym$$used                           0x080011b1   Number         0  rtx_conf_cm.o(i._mutex_acquire)
    i._mutex_initialize                      0x080011d0   Section        0  rtx_conf_cm.o(i._mutex_initialize)
    i._mutex_release                         0x080011fc   Section        0  rtx_conf_cm.o(i._mutex_release)
    __tagsym$$used                           0x080011fd   Number         0  rtx_conf_cm.o(i._mutex_release)
    i.dbg_init                               0x08001218   Section        0  hal_cm.o(i.dbg_init)
    i.dbg_task_notify                        0x08001248   Section        0  hal_cm.o(i.dbg_task_notify)
    i.dbg_task_switch                        0x08001268   Section        0  hal_cm.o(i.dbg_task_switch)
    i.dev_lcd_ctor                           0x08001278   Section        0  dev_lcd.o(i.dev_lcd_ctor)
    i.isrMessageGet                          0x0800127a   Section        0  rt_cmsis.o(i.isrMessageGet)
    i.isrMessagePut                          0x080012a4   Section        0  rt_cmsis.o(i.isrMessagePut)
    i.isr_mbx_receive                        0x080012d0   Section        0  rt_mailbox.o(i.isr_mbx_receive)
    i.isr_mbx_send                           0x08001326   Section        0  rt_mailbox.o(i.isr_mbx_send)
    i.lcd_fm12864_ctor                       0x08001334   Section        0  dev_lcd_fm12864.o(i.lcd_fm12864_ctor)
    i.lcd_fm12864_new                        0x08001340   Section        0  dev_lcd_fm12864.o(i.lcd_fm12864_new)
    i.main                                   0x0800135a   Section        0  main.o(i.main)
    i.osKernelInitialize                     0x08001380   Section        0  rt_cmsis.o(i.osKernelInitialize)
    i.osKernelStart                          0x080013a4   Section        0  rt_cmsis.o(i.osKernelStart)
    i.osMessageGet                           0x08001410   Section        0  rt_cmsis.o(i.osMessageGet)
    i.osThreadCreate                         0x08001428   Section        0  rt_cmsis.o(i.osThreadCreate)
    i.osThreadExit                           0x08001454   Section        0  rt_cmsis.o(i.osThreadExit)
    i.osTimerCall                            0x0800146c   Section        0  rt_cmsis.o(i.osTimerCall)
    i.osTimerThread                          0x08001478   Section        0  rt_cmsis.o(i.osTimerThread)
    i.os_error                               0x080014a4   Section        0  rtx_conf_cm.o(i.os_error)
    i.os_idle_demon                          0x080014c6   Section        0  rtx_conf_cm.o(i.os_idle_demon)
    i.os_tick_init                           0x080014cc   Section        0  rt_system.o(i.os_tick_init)
    i.os_tick_irqack                         0x080014f4   Section        0  rt_system.o(i.os_tick_irqack)
    i.rt_alloc_box                           0x080014f6   Section        0  rt_membox.o(i.rt_alloc_box)
    i.rt_alloc_mem                           0x08001510   Section        0  rt_memory.o(i.rt_alloc_mem)
    i.rt_block                               0x08001550   Section        0  rt_task.o(i.rt_block)
    i.rt_chk_robin                           0x08001588   Section        0  rt_robin.o(i.rt_chk_robin)
    i.rt_dec_dly                             0x080015d0   Section        0  rt_list.o(i.rt_dec_dly)
    i.rt_dispatch                            0x08001640   Section        0  rt_task.o(i.rt_dispatch)
    i.rt_evt_psh                             0x08001684   Section        0  rt_event.o(i.rt_evt_psh)
    i.rt_free_box                            0x080016d4   Section        0  rt_membox.o(i.rt_free_box)
    i.rt_free_mem                            0x08001700   Section        0  rt_memory.o(i.rt_free_mem)
    i.rt_get_first                           0x08001728   Section        0  rt_list.o(i.rt_get_first)
    i.rt_id2obj                              0x08001750   Section        0  rt_cmsis.o(i.rt_id2obj)
    rt_id2obj                                0x08001751   Thumb Code     8  rt_cmsis.o(i.rt_id2obj)
    i.rt_init_context                        0x08001758   Section        0  rt_task.o(i.rt_init_context)
    rt_init_context                          0x08001759   Thumb Code    66  rt_task.o(i.rt_init_context)
    i.rt_init_mem                            0x080017a0   Section        0  rt_memory.o(i.rt_init_mem)
    i.rt_init_robin                          0x080017bc   Section        0  rt_robin.o(i.rt_init_robin)
    i.rt_init_stack                          0x080017d4   Section        0  hal_cm.o(i.rt_init_stack)
    i.rt_mbx_check                           0x08001854   Section        0  rt_mailbox.o(i.rt_mbx_check)
    i.rt_mbx_init                            0x0800185c   Section        0  rt_mailbox.o(i.rt_mbx_init)
    i.rt_mbx_psh                             0x08001878   Section        0  rt_mailbox.o(i.rt_mbx_psh)
    i.rt_mbx_wait                            0x08001968   Section        0  rt_mailbox.o(i.rt_mbx_wait)
    i.rt_ms2tick                             0x08001a1c   Section        0  rt_cmsis.o(i.rt_ms2tick)
    rt_ms2tick                               0x08001a1d   Thumb Code    58  rt_cmsis.o(i.rt_ms2tick)
    i.rt_mut_init                            0x08001a60   Section        0  rt_mutex.o(i.rt_mut_init)
    i.rt_mut_release                         0x08001a70   Section        0  rt_mutex.o(i.rt_mut_release)
    i.rt_mut_wait                            0x08001b48   Section        0  rt_mutex.o(i.rt_mut_wait)
    i.rt_pop_req                             0x08001bc0   Section        0  rt_system.o(i.rt_pop_req)
    i.rt_psh_req                             0x08001c3c   Section        0  rt_system.o(i.rt_psh_req)
    i.rt_psq_enq                             0x08001c5c   Section        0  rt_list.o(i.rt_psq_enq)
    i.rt_put_dly                             0x08001cb8   Section        0  rt_list.o(i.rt_put_dly)
    i.rt_put_prio                            0x08001d00   Section        0  rt_list.o(i.rt_put_prio)
    i.rt_put_rdy_first                       0x08001d38   Section        0  rt_list.o(i.rt_put_rdy_first)
    i.rt_resort_prio                         0x08001d4c   Section        0  rt_list.o(i.rt_resort_prio)
    i.rt_ret_val                             0x08001d80   Section        0  hal_cm.o(i.rt_ret_val)
    i.rt_ret_val2                            0x08001d86   Section        0  hal_cm.o(i.rt_ret_val2)
    i.rt_rmv_dly                             0x08001d8e   Section        0  rt_list.o(i.rt_rmv_dly)
    i.rt_rmv_list                            0x08001db8   Section        0  rt_list.o(i.rt_rmv_list)
    i.rt_sem_psh                             0x08001de8   Section        0  rt_semaphore.o(i.rt_sem_psh)
    i.rt_stk_check                           0x08001e1c   Section        0  rt_system.o(i.rt_stk_check)
    i.rt_switch_req                          0x08001e40   Section        0  rt_task.o(i.rt_switch_req)
    i.rt_sys_init                            0x08001e68   Section        0  rt_task.o(i.rt_sys_init)
    i.rt_sys_start                           0x08001f34   Section        0  rt_task.o(i.rt_sys_start)
    i.rt_systick                             0x08001fac   Section        0  rt_system.o(i.rt_systick)
    i.rt_tid2ptcb                            0x08001fec   Section        0  rt_cmsis.o(i.rt_tid2ptcb)
    rt_tid2ptcb                              0x08001fed   Thumb Code    18  rt_cmsis.o(i.rt_tid2ptcb)
    i.rt_timer_insert                        0x08002000   Section        0  rt_cmsis.o(i.rt_timer_insert)
    rt_timer_insert                          0x08002001   Thumb Code    48  rt_cmsis.o(i.rt_timer_insert)
    i.rt_tsk_create                          0x08002034   Section        0  rt_task.o(i.rt_tsk_create)
    i.rt_tsk_delete                          0x080020bc   Section        0  rt_task.o(i.rt_tsk_delete)
    i.rt_tsk_prio                            0x08002238   Section        0  rt_task.o(i.rt_tsk_prio)
    i.rt_tsk_self                            0x080022b4   Section        0  rt_task.o(i.rt_tsk_self)
    i.svcKernelInitialize                    0x080022c4   Section        0  rt_cmsis.o(i.svcKernelInitialize)
    i.svcKernelStart                         0x08002334   Section        0  rt_cmsis.o(i.svcKernelStart)
    i.svcMessageCreate                       0x0800237c   Section        0  rt_cmsis.o(i.svcMessageCreate)
    i.svcMessageGet                          0x080023a0   Section        0  rt_cmsis.o(i.svcMessageGet)
    i.svcThreadCreate                        0x080023dc   Section        0  rt_cmsis.o(i.svcThreadCreate)
    i.svcThreadGetId                         0x08002448   Section        0  rt_cmsis.o(i.svcThreadGetId)
    i.svcThreadTerminate                     0x08002464   Section        0  rt_cmsis.o(i.svcThreadTerminate)
    i.svcTimerCall                           0x0800249c   Section        0  rt_cmsis.o(i.svcTimerCall)
    i.sysTimerTick                           0x080024b4   Section        0  rt_cmsis.o(i.sysTimerTick)
    i.unit_test                              0x08002510   Section        0  unit_test.o(i.unit_test)
    .constdata                               0x08002518   Section      104  rtx_conf_cm.o(.constdata)
    __tagsym$$used                           0x08002534   Number         0  rtx_conf_cm.o(.constdata)
    __tagsym$$used                           0x08002538   Number         0  rtx_conf_cm.o(.constdata)
    __tagsym$$used                           0x0800253c   Number         0  rtx_conf_cm.o(.constdata)
    __tagsym$$used                           0x08002540   Number         0  rtx_conf_cm.o(.constdata)
    .data                                    0x20000000   Section        4  dev_lcd.o(.data)
    sington_lcd                              0x20000000   Data           4  dev_lcd.o(.data)
    .data                                    0x20000004   Section      344  hardware_conf.o(.data)
    .data                                    0x2000015c   Section       20  rtx_conf_cm.o(.data)
    nr_mutex                                 0x2000016c   Data           4  rtx_conf_cm.o(.data)
    .data                                    0x20000170   Section        8  rt_cmsis.o(.data)
    .data                                    0x20000178   Section        8  rt_task.o(.data)
    .data                                    0x20000180   Section        8  rt_system.o(.data)
    os_lock                                  0x20000180   Data           1  rt_system.o(.data)
    os_psh_flag                              0x20000181   Data           1  rt_system.o(.data)
    pend_flags                               0x20000182   Data           1  rt_system.o(.data)
    .data                                    0x20000188   Section        4  rt_time.o(.data)
    .data                                    0x2000018c   Section        8  rt_robin.o(.data)
    .data                                    0x20000194   Section        1  hal_cm.o(.data)
    .bss                                     0x20000198   Section     3016  rtx_conf_cm.o(.bss)
    std_libspace                             0x20000a40   Data         672  rtx_conf_cm.o(.bss)
    std_libmutex                             0x20000ce0   Data         128  rtx_conf_cm.o(.bss)
    .bss                                     0x20000d60   Section       52  rt_task.o(.bss)
    .bss                                     0x20000d94   Section       48  rt_list.o(.bss)
    .bss                                     0x20000dc4   Section       96  libspace.o(.bss)
    HEAP                                     0x20000e28   Section      512  startup_stm32f10x_hd.o(HEAP)
    Heap_Mem                                 0x20000e28   Data         512  startup_stm32f10x_hd.o(HEAP)
    STACK                                    0x20001028   Section     1024  startup_stm32f10x_hd.o(STACK)
    Stack_Mem                                0x20001028   Data        1024  startup_stm32f10x_hd.o(STACK)
    __initial_sp                             0x20001428   Data           0  startup_stm32f10x_hd.o(STACK)

    Global Symbols

    Symbol Name                              Value     Ov Type        Size  Object(Section)

    BuildAttributes$$THM_ISAv4$P$D$K$B$S$PE$A:L22UL41UL21$X:L11$S22US41US21$IEEE1$IW$USESV6$~STKCKD$USESV7$~SHL$OTIME$ROPI$EBA8$UX$STANDARDLIB$REQ8$PRES8$EABIv2 0x00000000   Number         0  anon$$obj.o ABSOLUTE
    __ARM_use_no_argv                        0x00000000   Number         0  main.o ABSOLUTE
    __ARM_exceptions_init                     - Undefined Weak Reference
    __alloca_initialize                       - Undefined Weak Reference
    __arm_preinit_                            - Undefined Weak Reference
    __cpp_initialize__aeabi_                  - Undefined Weak Reference
    __cxa_finalize                            - Undefined Weak Reference
    __rt_locale                               - Undefined Weak Reference
    __sigvec_lookup                           - Undefined Weak Reference
    __user_heap_extent                        - Undefined Weak Reference
    _atexit_init                              - Undefined Weak Reference
    _call_atexit_fns                          - Undefined Weak Reference
    _clock_init                               - Undefined Weak Reference
    _fp_trap_init                             - Undefined Weak Reference
    _fp_trap_shutdown                         - Undefined Weak Reference
    _get_lc_collate                           - Undefined Weak Reference
    _get_lc_ctype                             - Undefined Weak Reference
    _get_lc_monetary                          - Undefined Weak Reference
    _get_lc_numeric                           - Undefined Weak Reference
    _get_lc_time                              - Undefined Weak Reference
    _getenv_init                              - Undefined Weak Reference
    _handle_redirection                       - Undefined Weak Reference
    _initio                                   - Undefined Weak Reference
    _mutex_free                               - Undefined Weak Reference
    _rand_init                                - Undefined Weak Reference
    _signal_finish                            - Undefined Weak Reference
    _signal_init                              - Undefined Weak Reference
    _terminateio                              - Undefined Weak Reference
    __Vectors_Size                           0x00000130   Number         0  startup_stm32f10x_hd.o ABSOLUTE
    __RL_RTX_VER                             0x00000482   Number         0  rt_system.o ABSOLUTE
    __Vectors                                0x08000000   Data           4  startup_stm32f10x_hd.o(RESET)
    __Vectors_End                            0x08000130   Data           0  startup_stm32f10x_hd.o(RESET)
    __main                                   0x08000131   Thumb Code     8  __main.o(!!!main)
    __scatterload                            0x08000139   Thumb Code     0  __scatter.o(!!!scatter)
    __scatterload_rt2                        0x08000139   Thumb Code    44  __scatter.o(!!!scatter)
    __scatterload_rt2_thumb_only             0x08000139   Thumb Code     0  __scatter.o(!!!scatter)
    __scatterload_null                       0x08000147   Thumb Code     0  __scatter.o(!!!scatter)
    __decompress                             0x0800016d   Thumb Code    90  __dczerorl2.o(!!dczerorl2)
    __decompress1                            0x0800016d   Thumb Code     0  __dczerorl2.o(!!dczerorl2)
    __scatterload_zeroinit                   0x080001c9   Thumb Code    28  __scatter_zi.o(!!handler_zi)
    __rt_lib_init                            0x080001e5   Thumb Code     0  libinit.o(.ARM.Collect$$libinit$$00000000)
    __rt_lib_init_fp_1                       0x080001e7   Thumb Code     0  libinit2.o(.ARM.Collect$$libinit$$00000002)
    __rt_lib_init_heap_2                     0x080001e7   Thumb Code     0  libinit2.o(.ARM.Collect$$libinit$$00000005)
    __rt_lib_init_preinit_1                  0x080001e7   Thumb Code     0  libinit2.o(.ARM.Collect$$libinit$$00000004)
    __rt_lib_init_alloca_1                   0x080001ef   Thumb Code     0  libinit2.o(.ARM.Collect$$libinit$$0000002E)
    __rt_lib_init_argv_1                     0x080001ef   Thumb Code     0  libinit2.o(.ARM.Collect$$libinit$$0000002C)
    __rt_lib_init_atexit_1                   0x080001ef   Thumb Code     0  libinit2.o(.ARM.Collect$$libinit$$0000001B)
    __rt_lib_init_clock_1                    0x080001ef   Thumb Code     0  libinit2.o(.ARM.Collect$$libinit$$00000021)
    __rt_lib_init_cpp_1                      0x080001ef   Thumb Code     0  libinit2.o(.ARM.Collect$$libinit$$00000032)
    __rt_lib_init_exceptions_1               0x080001ef   Thumb Code     0  libinit2.o(.ARM.Collect$$libinit$$00000030)
    __rt_lib_init_fp_trap_1                  0x080001ef   Thumb Code     0  libinit2.o(.ARM.Collect$$libinit$$0000001F)
    __rt_lib_init_getenv_1                   0x080001ef   Thumb Code     0  libinit2.o(.ARM.Collect$$libinit$$00000023)
    __rt_lib_init_heap_1                     0x080001ef   Thumb Code     0  libinit2.o(.ARM.Collect$$libinit$$0000000A)
    __rt_lib_init_lc_collate_1               0x080001ef   Thumb Code     0  libinit2.o(.ARM.Collect$$libinit$$00000011)
    __rt_lib_init_lc_ctype_1                 0x080001ef   Thumb Code     0  libinit2.o(.ARM.Collect$$libinit$$00000013)
    __rt_lib_init_lc_monetary_1              0x080001ef   Thumb Code     0  libinit2.o(.ARM.Collect$$libinit$$00000015)
    __rt_lib_init_lc_numeric_1               0x080001ef   Thumb Code     0  libinit2.o(.ARM.Collect$$libinit$$00000017)
    __rt_lib_init_lc_time_1                  0x080001ef   Thumb Code     0  libinit2.o(.ARM.Collect$$libinit$$00000019)
    __rt_lib_init_rand_1                     0x080001ef   Thumb Code     0  libinit2.o(.ARM.Collect$$libinit$$0000000E)
    __rt_lib_init_return                     0x080001ef   Thumb Code     0  libinit2.o(.ARM.Collect$$libinit$$00000033)
    __rt_lib_init_signal_1                   0x080001ef   Thumb Code     0  libinit2.o(.ARM.Collect$$libinit$$0000001D)
    __rt_lib_init_stdio_1                    0x080001ef   Thumb Code     0  libinit2.o(.ARM.Collect$$libinit$$00000025)
    __rt_lib_init_user_alloc_1               0x080001ef   Thumb Code     0  libinit2.o(.ARM.Collect$$libinit$$0000000C)
    __rt_lib_shutdown                        0x080001f1   Thumb Code     0  libshutdown.o(.ARM.Collect$$libshutdown$$00000000)
    __rt_lib_shutdown_cpp_1                  0x080001f3   Thumb Code     0  libshutdown2.o(.ARM.Collect$$libshutdown$$00000002)
    __rt_lib_shutdown_fp_trap_1              0x080001f3   Thumb Code     0  libshutdown2.o(.ARM.Collect$$libshutdown$$00000007)
    __rt_lib_shutdown_heap_1                 0x080001f3   Thumb Code     0  libshutdown2.o(.ARM.Collect$$libshutdown$$0000000F)
    __rt_lib_shutdown_return                 0x080001f3   Thumb Code     0  libshutdown2.o(.ARM.Collect$$libshutdown$$00000010)
    __rt_lib_shutdown_signal_1               0x080001f3   Thumb Code     0  libshutdown2.o(.ARM.Collect$$libshutdown$$0000000A)
    __rt_lib_shutdown_stdio_1                0x080001f3   Thumb Code     0  libshutdown2.o(.ARM.Collect$$libshutdown$$00000004)
    __rt_lib_shutdown_user_alloc_1           0x080001f3   Thumb Code     0  libshutdown2.o(.ARM.Collect$$libshutdown$$0000000C)
    __rt_entry                               0x080001f5   Thumb Code     0  __rtentry.o(.ARM.Collect$$rtentry$$00000000)
    __rt_entry_presh_1                       0x080001f5   Thumb Code     0  __rtentry2.o(.ARM.Collect$$rtentry$$00000002)
    __rt_entry_sh                            0x080001f5   Thumb Code     0  __rtentry4.o(.ARM.Collect$$rtentry$$00000004)
    __rt_entry_li                            0x080001fb   Thumb Code     0  __rtentry2.o(.ARM.Collect$$rtentry$$0000000A)
    __rt_entry_postsh_1                      0x080001fb   Thumb Code     0  __rtentry2.o(.ARM.Collect$$rtentry$$00000009)
    __rt_entry_postli_1                      0x080001ff   Thumb Code     0  __rtentry2.o(.ARM.Collect$$rtentry$$0000000B)
    __rt_entry_main                          0x08000207   Thumb Code     0  __rtentry2.o(.ARM.Collect$$rtentry$$0000000D)
    __rt_exit                                0x0800020f   Thumb Code     0  rtexit.o(.ARM.Collect$$rtexit$$00000000)
    __rt_exit_ls                             0x08000211   Thumb Code     0  rtexit2.o(.ARM.Collect$$rtexit$$00000003)
    __rt_exit_prels_1                        0x08000211   Thumb Code     0  rtexit2.o(.ARM.Collect$$rtexit$$00000002)
    __rt_exit_exit                           0x08000215   Thumb Code     0  rtexit2.o(.ARM.Collect$$rtexit$$00000004)
    _platform_post_lib_init                  0x0800021d   Thumb Code    24  rtx_conf_cm.o(.emb_text)
    rt_set_PSP                               0x08000239   Thumb Code     6  hal_cm3.o(.emb_text)
    rt_get_PSP                               0x0800023f   Thumb Code     6  hal_cm3.o(.emb_text)
    os_set_env                               0x08000245   Thumb Code    24  hal_cm3.o(.emb_text)
    _alloc_box                               0x08000261   Thumb Code    28  hal_cm3.o(.emb_text)
    _free_box                                0x08000281   Thumb Code    28  hal_cm3.o(.emb_text)
    SVC_Handler                              0x080002a1   Thumb Code   108  hal_cm3.o(.emb_text)
    PendSV_Handler                           0x08000319   Thumb Code    56  hal_cm3.o(.emb_text)
    SysTick_Handler                          0x08000355   Thumb Code     8  hal_cm3.o(.emb_text)
    OS_Tick_Handler                          0x0800035d   Thumb Code    12  hal_cm3.o(.emb_text)
    Reset_Handler                            0x08000369   Thumb Code     8  startup_stm32f10x_hd.o(.text)
    _maybe_terminate_alloc                   0x08000369   Thumb Code     0  maybetermalloc1.o(.emb_text)
    NMI_Handler                              0x08000371   Thumb Code     2  startup_stm32f10x_hd.o(.text)
    HardFault_Handler                        0x08000373   Thumb Code     2  startup_stm32f10x_hd.o(.text)
    MemManage_Handler                        0x08000375   Thumb Code     2  startup_stm32f10x_hd.o(.text)
    BusFault_Handler                         0x08000377   Thumb Code     2  startup_stm32f10x_hd.o(.text)
    UsageFault_Handler                       0x08000379   Thumb Code     2  startup_stm32f10x_hd.o(.text)
    DebugMon_Handler                         0x0800037d   Thumb Code     2  startup_stm32f10x_hd.o(.text)
    ADC1_2_IRQHandler                        0x08000383   Thumb Code     0  startup_stm32f10x_hd.o(.text)
    ADC3_IRQHandler                          0x08000383   Thumb Code     0  startup_stm32f10x_hd.o(.text)
    CAN1_RX1_IRQHandler                      0x08000383   Thumb Code     0  startup_stm32f10x_hd.o(.text)
    CAN1_SCE_IRQHandler                      0x08000383   Thumb Code     0  startup_stm32f10x_hd.o(.text)
    DMA1_Channel1_IRQHandler                 0x08000383   Thumb Code     0  startup_stm32f10x_hd.o(.text)
    DMA1_Channel2_IRQHandler                 0x08000383   Thumb Code     0  startup_stm32f10x_hd.o(.text)
    DMA1_Channel3_IRQHandler                 0x08000383   Thumb Code     0  startup_stm32f10x_hd.o(.text)
    DMA1_Channel4_IRQHandler                 0x08000383   Thumb Code     0  startup_stm32f10x_hd.o(.text)
    DMA1_Channel5_IRQHandler                 0x08000383   Thumb Code     0  startup_stm32f10x_hd.o(.text)
    DMA1_Channel6_IRQHandler                 0x08000383   Thumb Code     0  startup_stm32f10x_hd.o(.text)
    DMA1_Channel7_IRQHandler                 0x08000383   Thumb Code     0  startup_stm32f10x_hd.o(.text)
    DMA2_Channel1_IRQHandler                 0x08000383   Thumb Code     0  startup_stm32f10x_hd.o(.text)
    DMA2_Channel2_IRQHandler                 0x08000383   Thumb Code     0  startup_stm32f10x_hd.o(.text)
    DMA2_Channel3_IRQHandler                 0x08000383   Thumb Code     0  startup_stm32f10x_hd.o(.text)
    DMA2_Channel4_5_IRQHandler               0x08000383   Thumb Code     0  startup_stm32f10x_hd.o(.text)
    EXTI0_IRQHandler                         0x08000383   Thumb Code     0  startup_stm32f10x_hd.o(.text)
    EXTI15_10_IRQHandler                     0x08000383   Thumb Code     0  startup_stm32f10x_hd.o(.text)
    EXTI1_IRQHandler                         0x08000383   Thumb Code     0  startup_stm32f10x_hd.o(.text)
    EXTI2_IRQHandler                         0x08000383   Thumb Code     0  startup_stm32f10x_hd.o(.text)
    EXTI3_IRQHandler                         0x08000383   Thumb Code     0  startup_stm32f10x_hd.o(.text)
    EXTI4_IRQHandler                         0x08000383   Thumb Code     0  startup_stm32f10x_hd.o(.text)
    EXTI9_5_IRQHandler                       0x08000383   Thumb Code     0  startup_stm32f10x_hd.o(.text)
    FLASH_IRQHandler                         0x08000383   Thumb Code     0  startup_stm32f10x_hd.o(.text)
    FSMC_IRQHandler                          0x08000383   Thumb Code     0  startup_stm32f10x_hd.o(.text)
    I2C1_ER_IRQHandler                       0x08000383   Thumb Code     0  startup_stm32f10x_hd.o(.text)
    I2C1_EV_IRQHandler                       0x08000383   Thumb Code     0  startup_stm32f10x_hd.o(.text)
    I2C2_ER_IRQHandler                       0x08000383   Thumb Code     0  startup_stm32f10x_hd.o(.text)
    I2C2_EV_IRQHandler                       0x08000383   Thumb Code     0  startup_stm32f10x_hd.o(.text)
    RCC_IRQHandler                           0x08000383   Thumb Code     0  startup_stm32f10x_hd.o(.text)
    RTCAlarm_IRQHandler                      0x08000383   Thumb Code     0  startup_stm32f10x_hd.o(.text)
    RTC_IRQHandler                           0x08000383   Thumb Code     0  startup_stm32f10x_hd.o(.text)
    SDIO_IRQHandler                          0x08000383   Thumb Code     0  startup_stm32f10x_hd.o(.text)
    SPI1_IRQHandler                          0x08000383   Thumb Code     0  startup_stm32f10x_hd.o(.text)
    SPI2_IRQHandler                          0x08000383   Thumb Code     0  startup_stm32f10x_hd.o(.text)
    SPI3_IRQHandler                          0x08000383   Thumb Code     0  startup_stm32f10x_hd.o(.text)
    TAMPER_IRQHandler                        0x08000383   Thumb Code     0  startup_stm32f10x_hd.o(.text)
    TIM1_BRK_IRQHandler                      0x08000383   Thumb Code     0  startup_stm32f10x_hd.o(.text)
    TIM1_CC_IRQHandler                       0x08000383   Thumb Code     0  startup_stm32f10x_hd.o(.text)
    TIM1_TRG_COM_IRQHandler                  0x08000383   Thumb Code     0  startup_stm32f10x_hd.o(.text)
    TIM1_UP_IRQHandler                       0x08000383   Thumb Code     0  startup_stm32f10x_hd.o(.text)
    TIM2_IRQHandler                          0x08000383   Thumb Code     0  startup_stm32f10x_hd.o(.text)
    TIM3_IRQHandler                          0x08000383   Thumb Code     0  startup_stm32f10x_hd.o(.text)
    TIM4_IRQHandler                          0x08000383   Thumb Code     0  startup_stm32f10x_hd.o(.text)
    TIM5_IRQHandler                          0x08000383   Thumb Code     0  startup_stm32f10x_hd.o(.text)
    TIM6_IRQHandler                          0x08000383   Thumb Code     0  startup_stm32f10x_hd.o(.text)
    TIM7_IRQHandler                          0x08000383   Thumb Code     0  startup_stm32f10x_hd.o(.text)
    TIM8_BRK_IRQHandler                      0x08000383   Thumb Code     0  startup_stm32f10x_hd.o(.text)
    TIM8_CC_IRQHandler                       0x08000383   Thumb Code     0  startup_stm32f10x_hd.o(.text)
    TIM8_TRG_COM_IRQHandler                  0x08000383   Thumb Code     0  startup_stm32f10x_hd.o(.text)
    TIM8_UP_IRQHandler                       0x08000383   Thumb Code     0  startup_stm32f10x_hd.o(.text)
    UART4_IRQHandler                         0x08000383   Thumb Code     0  startup_stm32f10x_hd.o(.text)
    UART5_IRQHandler                         0x08000383   Thumb Code     0  startup_stm32f10x_hd.o(.text)
    USART1_IRQHandler                        0x08000383   Thumb Code     0  startup_stm32f10x_hd.o(.text)
    USART2_IRQHandler                        0x08000383   Thumb Code     0  startup_stm32f10x_hd.o(.text)
    USART3_IRQHandler                        0x08000383   Thumb Code     0  startup_stm32f10x_hd.o(.text)
    USBWakeUp_IRQHandler                     0x08000383   Thumb Code     0  startup_stm32f10x_hd.o(.text)
    USB_HP_CAN1_TX_IRQHandler                0x08000383   Thumb Code     0  startup_stm32f10x_hd.o(.text)
    USB_LP_CAN1_RX0_IRQHandler               0x08000383   Thumb Code     0  startup_stm32f10x_hd.o(.text)
    WWDG_IRQHandler                          0x08000383   Thumb Code     0  startup_stm32f10x_hd.o(.text)
    __user_initial_stackheap                 0x08000385   Thumb Code     0  startup_stm32f10x_hd.o(.text)
    __user_libspace                          0x080003a9   Thumb Code     8  libspace.o(.text)
    __user_perproc_libspace                  0x080003a9   Thumb Code     0  libspace.o(.text)
    _malloc_internal                         0x080003b9   Thumb Code   130  h1_alloc_mt.o(.text)
    malloc                                   0x0800043b   Thumb Code    20  h1_alloc_mt.o(.text)
    exit                                     0x0800044f   Thumb Code    18  exit.o(.text)
    __use_two_region_memory                  0x08000461   Thumb Code     2  heapauxi.o(.text)
    __rt_heap_escrow                         0x08000463   Thumb Code     2  heapauxi.o(.text)
    __rt_heap_expand                         0x08000465   Thumb Code     2  heapauxi.o(.text)
    __rt_heap_descriptor                     0x08000467   Thumb Code    10  rt_heap_descriptor_twolibspace.o(.text)
    __use_no_heap                            0x08000471   Thumb Code     2  hguard.o(.text)
    __heap$guard                             0x08000473   Thumb Code     2  hguard.o(.text)
    _terminate_user_alloc                    0x08000475   Thumb Code     2  init_alloc.o(.text)
    _init_user_alloc                         0x08000477   Thumb Code     2  init_alloc.o(.text)
    __Heap_Full                              0x08000479   Thumb Code    34  init_alloc.o(.text)
    __Heap_Broken                            0x0800049b   Thumb Code     6  init_alloc.o(.text)
    _init_alloc                              0x080004a1   Thumb Code    94  init_alloc.o(.text)
    __Heap_Initialize                        0x080004ff   Thumb Code    14  h1_init_mt.o(.text)
    __Heap_DescSize                          0x0800050d   Thumb Code     4  h1_init_mt.o(.text)
    _free_internal                           0x08000511   Thumb Code    98  h1_free_mt.o(.text)
    free                                     0x08000573   Thumb Code    20  h1_free_mt.o(.text)
    __Heap_ProvideMemory                     0x08000587   Thumb Code    62  h1_extend_mt.o(.text)
    __rt_SIGRTMEM                            0x080005c5   Thumb Code    14  defsig_rtmem_outer.o(.text)
    _sys_exit                                0x080005d5   Thumb Code     8  sys_exit.o(.text)
    __I$use$semihosting                      0x080005e1   Thumb Code     0  use_no_semi.o(.text)
    __use_no_semihosting_swi                 0x080005e1   Thumb Code     2  use_no_semi.o(.text)
    __semihosting_library_function           0x080005e3   Thumb Code     0  indicate_semi.o(.text)
    __user_setup_stackheap                   0x080005e3   Thumb Code    74  sys_stackheap_outer.o(.text)
    __sig_exit                               0x0800062d   Thumb Code    10  defsig_exit.o(.text)
    __rt_SIGRTMEM_inner                      0x08000639   Thumb Code    22  defsig_rtmem_inner.o(.text)
    __default_signal_display                 0x08000689   Thumb Code    50  defsig_general.o(.text)
    _ttywrch                                 0x080006bb   Thumb Code    14  sys_wrch.o(.text)
    SVC_Count                                0x080006c8   Data           4  svc_table.o(SVC_TABLE)
    Dev_MAJORID                              0x080006cd   Thumb Code    10  device.o(i.Dev_MAJORID)
    SVC_Table                                0x080006cc   Data           0  svc_table.o(SVC_TABLE)
    Dev_MINORID                              0x080006d7   Thumb Code     8  device.o(i.Dev_MINORID)
    Dev_TYPE                                 0x080006df   Thumb Code    10  device.o(i.Dev_TYPE)
    Dev_open                                 0x080006e9   Thumb Code    88  device.o(i.Dev_open)
    EXTI_ClearITPendingBit                   0x08000741   Thumb Code     6  stm32f10x_exti.o(i.EXTI_ClearITPendingBit)
    EXTI_DeInit                              0x0800074d   Thumb Code    28  stm32f10x_exti.o(i.EXTI_DeInit)
    EXTI_Init                                0x08000771   Thumb Code   142  stm32f10x_exti.o(i.EXTI_Init)
    EXTI_StructInit                          0x08000805   Thumb Code    16  stm32f10x_exti.o(i.EXTI_StructInit)
    GPIO_Init                                0x08000815   Thumb Code   278  stm32f10x_gpio.o(i.GPIO_Init)
    NVIC_Configuration                       0x0800094d   Thumb Code   404  intrinit.o(i.NVIC_Configuration)
    NVIC_Init                                0x08000af1   Thumb Code   100  misc.o(i.NVIC_Init)
    NVIC_PriorityGroupConfig                 0x08000b61   Thumb Code    10  misc.o(i.NVIC_PriorityGroupConfig)
    NVIC_SetVectorTable                      0x08000b75   Thumb Code    12  misc.o(i.NVIC_SetVectorTable)
    OpenPrpClock                             0x08000b89   Thumb Code   102  mysystemclock.o(i.OpenPrpClock)
    Open_dev_char                            0x08000bef   Thumb Code     8  dev_char.o(i.Open_dev_char)
    Open_dev_lcd                             0x08000bf9   Thumb Code    66  dev_lcd.o(i.Open_dev_lcd)
    PVD_IRQHandler                           0x08000c41   Thumb Code    12  power.o(i.PVD_IRQHandler)
    PVD_Init                                 0x08000c4d   Thumb Code    64  power.o(i.PVD_Init)
    PWR_PVDCmd                               0x08000c8d   Thumb Code     6  stm32f10x_pwr.o(i.PWR_PVDCmd)
    PWR_PVDLevelConfig                       0x08000c99   Thumb Code    18  stm32f10x_pwr.o(i.PWR_PVDLevelConfig)
    Pin_init                                 0x08000cb1   Thumb Code   442  pinmux.o(i.Pin_init)
    RCC_AHBPeriphClockCmd                    0x08000e81   Thumb Code    26  stm32f10x_rcc.o(i.RCC_AHBPeriphClockCmd)
    RCC_APB1PeriphClockCmd                   0x08000ea1   Thumb Code    26  stm32f10x_rcc.o(i.RCC_APB1PeriphClockCmd)
    RCC_APB2PeriphClockCmd                   0x08000ec1   Thumb Code    26  stm32f10x_rcc.o(i.RCC_APB2PeriphClockCmd)
    SystemInit                               0x08000fc9   Thumb Code    78  system_stm32f10x.o(i.SystemInit)
    Test_lcd                                 0x08001029   Thumb Code   232  test_lcd.o(i.Test_lcd)
    _init_box                                0x08001169   Thumb Code    70  rt_membox.o(i._init_box)
    _mutex_acquire                           0x080011b1   Thumb Code    22  rtx_conf_cm.o(i._mutex_acquire)
    _mutex_initialize                        0x080011d1   Thumb Code    34  rtx_conf_cm.o(i._mutex_initialize)
    _mutex_release                           0x080011fd   Thumb Code    18  rtx_conf_cm.o(i._mutex_release)
    dbg_init                                 0x08001219   Thumb Code    34  hal_cm.o(i.dbg_init)
    dbg_task_notify                          0x08001249   Thumb Code    32  hal_cm.o(i.dbg_task_notify)
    dbg_task_switch                          0x08001269   Thumb Code    16  hal_cm.o(i.dbg_task_switch)
    dev_lcd_ctor                             0x08001279   Thumb Code     2  dev_lcd.o(i.dev_lcd_ctor)
    isrMessageGet                            0x0800127b   Thumb Code    42  rt_cmsis.o(i.isrMessageGet)
    isrMessagePut                            0x080012a5   Thumb Code    44  rt_cmsis.o(i.isrMessagePut)
    isr_mbx_receive                          0x080012d1   Thumb Code    86  rt_mailbox.o(i.isr_mbx_receive)
    isr_mbx_send                             0x08001327   Thumb Code    14  rt_mailbox.o(i.isr_mbx_send)
    lcd_fm12864_ctor                         0x08001335   Thumb Code    12  dev_lcd_fm12864.o(i.lcd_fm12864_ctor)
    lcd_fm12864_new                          0x08001341   Thumb Code    26  dev_lcd_fm12864.o(i.lcd_fm12864_new)
    main                                     0x0800135b   Thumb Code    36  main.o(i.main)
    osKernelInitialize                       0x08001381   Thumb Code    30  rt_cmsis.o(i.osKernelInitialize)
    osKernelStart                            0x080013a5   Thumb Code    98  rt_cmsis.o(i.osKernelStart)
    osMessageGet                             0x08001411   Thumb Code    18  rt_cmsis.o(i.osMessageGet)
    osThreadCreate                           0x08001429   Thumb Code    36  rt_cmsis.o(i.osThreadCreate)
    osThreadExit                             0x08001455   Thumb Code    14  rt_cmsis.o(i.osThreadExit)
    osTimerCall                              0x0800146d   Thumb Code     8  rt_cmsis.o(i.osTimerCall)
    osTimerThread                            0x08001479   Thumb Code    38  rt_cmsis.o(i.osTimerThread)
    os_error                                 0x080014a5   Thumb Code    34  rtx_conf_cm.o(i.os_error)
    os_idle_demon                            0x080014c7   Thumb Code     4  rtx_conf_cm.o(i.os_idle_demon)
    os_tick_init                             0x080014cd   Thumb Code    32  rt_system.o(i.os_tick_init)
    os_tick_irqack                           0x080014f5   Thumb Code     2  rt_system.o(i.os_tick_irqack)
    rt_alloc_box                             0x080014f7   Thumb Code    26  rt_membox.o(i.rt_alloc_box)
    rt_alloc_mem                             0x08001511   Thumb Code    62  rt_memory.o(i.rt_alloc_mem)
    rt_block                                 0x08001551   Thumb Code    48  rt_task.o(i.rt_block)
    rt_chk_robin                             0x08001589   Thumb Code    60  rt_robin.o(i.rt_chk_robin)
    rt_dec_dly                               0x080015d1   Thumb Code   102  rt_list.o(i.rt_dec_dly)
    rt_dispatch                              0x08001641   Thumb Code    60  rt_task.o(i.rt_dispatch)
    rt_evt_psh                               0x08001685   Thumb Code    76  rt_event.o(i.rt_evt_psh)
    rt_free_box                              0x080016d5   Thumb Code    44  rt_membox.o(i.rt_free_box)
    rt_free_mem                              0x08001701   Thumb Code    40  rt_memory.o(i.rt_free_mem)
    rt_get_first                             0x08001729   Thumb Code    40  rt_list.o(i.rt_get_first)
    rt_init_mem                              0x080017a1   Thumb Code    26  rt_memory.o(i.rt_init_mem)
    rt_init_robin                            0x080017bd   Thumb Code    14  rt_robin.o(i.rt_init_robin)
    rt_init_stack                            0x080017d5   Thumb Code   118  hal_cm.o(i.rt_init_stack)
    rt_mbx_check                             0x08001855   Thumb Code     8  rt_mailbox.o(i.rt_mbx_check)
    rt_mbx_init                              0x0800185d   Thumb Code    26  rt_mailbox.o(i.rt_mbx_init)
    rt_mbx_psh                               0x08001879   Thumb Code   236  rt_mailbox.o(i.rt_mbx_psh)
    rt_mbx_wait                              0x08001969   Thumb Code   174  rt_mailbox.o(i.rt_mbx_wait)
    rt_mut_init                              0x08001a61   Thumb Code    16  rt_mutex.o(i.rt_mut_init)
    rt_mut_release                           0x08001a71   Thumb Code   208  rt_mutex.o(i.rt_mut_release)
    rt_mut_wait                              0x08001b49   Thumb Code   114  rt_mutex.o(i.rt_mut_wait)
    rt_pop_req                               0x08001bc1   Thumb Code   112  rt_system.o(i.rt_pop_req)
    rt_psh_req                               0x08001c3d   Thumb Code    22  rt_system.o(i.rt_psh_req)
    rt_psq_enq                               0x08001c5d   Thumb Code    88  rt_list.o(i.rt_psq_enq)
    rt_put_dly                               0x08001cb9   Thumb Code    68  rt_list.o(i.rt_put_dly)
    rt_put_prio                              0x08001d01   Thumb Code    54  rt_list.o(i.rt_put_prio)
    rt_put_rdy_first                         0x08001d39   Thumb Code    14  rt_list.o(i.rt_put_rdy_first)
    rt_resort_prio                           0x08001d4d   Thumb Code    46  rt_list.o(i.rt_resort_prio)
    rt_ret_val                               0x08001d81   Thumb Code     6  hal_cm.o(i.rt_ret_val)
    rt_ret_val2                              0x08001d87   Thumb Code     8  hal_cm.o(i.rt_ret_val2)
    rt_rmv_dly                               0x08001d8f   Thumb Code    40  rt_list.o(i.rt_rmv_dly)
    rt_rmv_list                              0x08001db9   Thumb Code    44  rt_list.o(i.rt_rmv_list)
    rt_sem_psh                               0x08001de9   Thumb Code    48  rt_semaphore.o(i.rt_sem_psh)
    rt_stk_check                             0x08001e1d   Thumb Code    28  rt_system.o(i.rt_stk_check)
    rt_switch_req                            0x08001e41   Thumb Code    30  rt_task.o(i.rt_switch_req)
    rt_sys_init                              0x08001e69   Thumb Code   138  rt_task.o(i.rt_sys_init)
    rt_sys_start                             0x08001f35   Thumb Code   110  rt_task.o(i.rt_sys_start)
    rt_systick                               0x08001fad   Thumb Code    50  rt_system.o(i.rt_systick)
    rt_tsk_create                            0x08002035   Thumb Code   118  rt_task.o(i.rt_tsk_create)
    rt_tsk_delete                            0x080020bd   Thumb Code   352  rt_task.o(i.rt_tsk_delete)
    rt_tsk_prio                              0x08002239   Thumb Code   108  rt_task.o(i.rt_tsk_prio)
    rt_tsk_self                              0x080022b5   Thumb Code    12  rt_task.o(i.rt_tsk_self)
    svcKernelInitialize                      0x080022c5   Thumb Code    80  rt_cmsis.o(i.svcKernelInitialize)
    svcKernelStart                           0x08002335   Thumb Code    62  rt_cmsis.o(i.svcKernelStart)
    svcMessageCreate                         0x0800237d   Thumb Code    36  rt_cmsis.o(i.svcMessageCreate)
    svcMessageGet                            0x080023a1   Thumb Code    58  rt_cmsis.o(i.svcMessageGet)
    svcThreadCreate                          0x080023dd   Thumb Code    96  rt_cmsis.o(i.svcThreadCreate)
    svcThreadGetId                           0x08002449   Thumb Code    22  rt_cmsis.o(i.svcThreadGetId)
    svcThreadTerminate                       0x08002465   Thumb Code    50  rt_cmsis.o(i.svcThreadTerminate)
    svcTimerCall                             0x0800249d   Thumb Code    24  rt_cmsis.o(i.svcTimerCall)
    sysTimerTick                             0x080024b5   Thumb Code    84  rt_cmsis.o(i.sysTimerTick)
    unit_test                                0x08002511   Thumb Code     8  unit_test.o(i.unit_test)
    os_maxtaskrun                            0x08002518   Data           2  rtx_conf_cm.o(.constdata)
    os_stackinfo                             0x0800251c   Data           4  rtx_conf_cm.o(.constdata)
    os_rrobin                                0x08002520   Data           4  rtx_conf_cm.o(.constdata)
    os_tickfreq                              0x08002524   Data           4  rtx_conf_cm.o(.constdata)
    os_tickus_i                              0x08002528   Data           2  rtx_conf_cm.o(.constdata)
    os_tickus_f                              0x0800252a   Data           2  rtx_conf_cm.o(.constdata)
    os_trv                                   0x0800252c   Data           4  rtx_conf_cm.o(.constdata)
    os_flags                                 0x08002530   Data           1  rtx_conf_cm.o(.constdata)
    CMSIS_RTOS_API_Version                   0x08002534   Data           4  rtx_conf_cm.o(.constdata)
    CMSIS_RTOS_RTX_Version                   0x08002538   Data           4  rtx_conf_cm.o(.constdata)
    os_clockrate                             0x0800253c   Data           4  rtx_conf_cm.o(.constdata)
    os_timernum                              0x08002540   Data           4  rtx_conf_cm.o(.constdata)
    mp_tcb_size                              0x08002544   Data           2  rtx_conf_cm.o(.constdata)
    mp_stk_size                              0x08002548   Data           4  rtx_conf_cm.o(.constdata)
    os_stack_sz                              0x0800254c   Data           4  rtx_conf_cm.o(.constdata)
    os_fifo_size                             0x08002550   Data           1  rtx_conf_cm.o(.constdata)
    os_thread_def_osTimerThread              0x08002554   Data          16  rtx_conf_cm.o(.constdata)
    os_messageQ_def_osTimerMessageQ          0x08002564   Data           8  rtx_conf_cm.o(.constdata)
    mp_tmr_size                              0x0800256c   Data           2  rtx_conf_cm.o(.constdata)
    os_thread_def_main                       0x08002570   Data          16  rtx_conf_cm.o(.constdata)
    Region$$Table$$Base                      0x08002580   Number         0  anon$$obj.o(Region$$Table)
    Region$$Table$$Limit                     0x080025a0   Number         0  anon$$obj.o(Region$$Table)
    g_DmaUart1                               0x20000004   Data          24  hardware_conf.o(.data)
    g_DmaUart2                               0x2000001c   Data          24  hardware_conf.o(.data)
    g_DmaUart3                               0x20000034   Data          24  hardware_conf.o(.data)
    g_DmaUart4                               0x2000004c   Data          24  hardware_conf.o(.data)
    g_Cfg_Uart1                              0x20000064   Data          16  hardware_conf.o(.data)
    g_Cfg_Uart2                              0x20000074   Data          16  hardware_conf.o(.data)
    g_Cfg_Uart3                              0x20000084   Data          16  hardware_conf.o(.data)
    g_Cfg_Uart4                              0x20000094   Data          16  hardware_conf.o(.data)
    g_confUart1                              0x200000a4   Data          12  hardware_conf.o(.data)
    g_confUart2                              0x200000b0   Data          12  hardware_conf.o(.data)
    g_confUart3                              0x200000bc   Data          12  hardware_conf.o(.data)
    g_confUart4                              0x200000c8   Data          12  hardware_conf.o(.data)
    arr_conf_IIC                             0x200000d4   Data          16  hardware_conf.o(.data)
    arr_conf_spi                             0x200000e4   Data          24  hardware_conf.o(.data)
    pin_keyRight                             0x200000fc   Data          12  hardware_conf.o(.data)
    pin_keyLeft                              0x20000108   Data          12  hardware_conf.o(.data)
    pin_keyUp                                0x20000114   Data          12  hardware_conf.o(.data)
    pin_keyDown                              0x20000120   Data          12  hardware_conf.o(.data)
    pin_keyEnter                             0x2000012c   Data          12  hardware_conf.o(.data)
    pin_keyEsc                               0x20000138   Data          12  hardware_conf.o(.data)
    pin_UsbInt                               0x20000144   Data          12  hardware_conf.o(.data)
    pin_pwr                                  0x20000150   Data          12  hardware_conf.o(.data)
    osThreadId_osTimerThread                 0x2000015c   Data           4  rtx_conf_cm.o(.data)
    osMessageQId_osTimerMessageQ             0x20000160   Data           4  rtx_conf_cm.o(.data)
    os_tmr                                   0x20000164   Data           4  rtx_conf_cm.o(.data)
    m_tmr                                    0x20000168   Data           4  rtx_conf_cm.o(.data)
    os_initialized                           0x20000170   Data           1  rt_cmsis.o(.data)
    os_running                               0x20000171   Data           1  rt_cmsis.o(.data)
    os_timer_head                            0x20000174   Data           4  rt_cmsis.o(.data)
    os_tsk                                   0x20000178   Data           8  rt_task.o(.data)
    os_tick_irqn                             0x20000184   Data           4  rt_system.o(.data)
    os_time                                  0x20000188   Data           4  rt_time.o(.data)
    os_robin                                 0x2000018c   Data           8  rt_robin.o(.data)
    dbg_msg                                  0x20000194   Data           1  hal_cm.o(.data)
    mp_tcb                                   0x20000198   Data         376  rtx_conf_cm.o(.bss)
    mp_stk                                   0x20000310   Data        1216  rtx_conf_cm.o(.bss)
    os_stack_mem                             0x200007d0   Data         432  rtx_conf_cm.o(.bss)
    os_fifo                                  0x20000980   Data         132  rtx_conf_cm.o(.bss)
    os_active_TCB                            0x20000a04   Data          28  rtx_conf_cm.o(.bss)
    os_messageQ_q_osTimerMessageQ            0x20000a20   Data          32  rtx_conf_cm.o(.bss)
    os_idle_TCB                              0x20000d60   Data          52  rt_task.o(.bss)
    os_rdy                                   0x20000d94   Data          24  rt_list.o(.bss)
    os_dly                                   0x20000dac   Data          24  rt_list.o(.bss)
    __libspace_start                         0x20000dc4   Data          96  libspace.o(.bss)
    __temporary_stack_top$libspace           0x20000e24   Data           0  libspace.o(.bss)



==============================================================================

Memory Map of the image

  Image Entry point : 0x08000131

  Load Region LR_IROM1 (Base: 0x08000000, Size: 0x00002738, Max: 0x00040000, ABSOLUTE, COMPRESSED[0x00002668])

    Execution Region ER_IROM1 (Base: 0x08000000, Size: 0x000025a0, Max: 0x00040000, ABSOLUTE)

    Base Addr    Size         Type   Attr      Idx    E Section Name        Object

    0x08000000   0x00000130   Data   RO         2083    RESET               startup_stm32f10x_hd.o
    0x08000130   0x00000008   Code   RO         3409  * !!!main             c_w.l(__main.o)
    0x08000138   0x00000034   Code   RO         3624    !!!scatter          c_w.l(__scatter.o)
    0x0800016c   0x0000005a   Code   RO         3622    !!dczerorl2         c_w.l(__dczerorl2.o)
    0x080001c6   0x00000002   PAD
    0x080001c8   0x0000001c   Code   RO         3626    !!handler_zi        c_w.l(__scatter_zi.o)
    0x080001e4   0x00000002   Code   RO         3574    .ARM.Collect$$libinit$$00000000  c_w.l(libinit.o)
    0x080001e6   0x00000000   Code   RO         3456    .ARM.Collect$$libinit$$00000002  c_w.l(libinit2.o)
    0x080001e6   0x00000000   Code   RO         3458    .ARM.Collect$$libinit$$00000004  c_w.l(libinit2.o)
    0x080001e6   0x00000008   Code   RO         3459    .ARM.Collect$$libinit$$00000005  c_w.l(libinit2.o)
    0x080001ee   0x00000000   Code   RO         3461    .ARM.Collect$$libinit$$0000000A  c_w.l(libinit2.o)
    0x080001ee   0x00000000   Code   RO         3463    .ARM.Collect$$libinit$$0000000C  c_w.l(libinit2.o)
    0x080001ee   0x00000000   Code   RO         3465    .ARM.Collect$$libinit$$0000000E  c_w.l(libinit2.o)
    0x080001ee   0x00000000   Code   RO         3468    .ARM.Collect$$libinit$$00000011  c_w.l(libinit2.o)
    0x080001ee   0x00000000   Code   RO         3470    .ARM.Collect$$libinit$$00000013  c_w.l(libinit2.o)
    0x080001ee   0x00000000   Code   RO         3472    .ARM.Collect$$libinit$$00000015  c_w.l(libinit2.o)
    0x080001ee   0x00000000   Code   RO         3474    .ARM.Collect$$libinit$$00000017  c_w.l(libinit2.o)
    0x080001ee   0x00000000   Code   RO         3476    .ARM.Collect$$libinit$$00000019  c_w.l(libinit2.o)
    0x080001ee   0x00000000   Code   RO         3478    .ARM.Collect$$libinit$$0000001B  c_w.l(libinit2.o)
    0x080001ee   0x00000000   Code   RO         3480    .ARM.Collect$$libinit$$0000001D  c_w.l(libinit2.o)
    0x080001ee   0x00000000   Code   RO         3482    .ARM.Collect$$libinit$$0000001F  c_w.l(libinit2.o)
    0x080001ee   0x00000000   Code   RO         3484    .ARM.Collect$$libinit$$00000021  c_w.l(libinit2.o)
    0x080001ee   0x00000000   Code   RO         3486    .ARM.Collect$$libinit$$00000023  c_w.l(libinit2.o)
    0x080001ee   0x00000000   Code   RO         3488    .ARM.Collect$$libinit$$00000025  c_w.l(libinit2.o)
    0x080001ee   0x00000000   Code   RO         3492    .ARM.Collect$$libinit$$0000002C  c_w.l(libinit2.o)
    0x080001ee   0x00000000   Code   RO         3494    .ARM.Collect$$libinit$$0000002E  c_w.l(libinit2.o)
    0x080001ee   0x00000000   Code   RO         3496    .ARM.Collect$$libinit$$00000030  c_w.l(libinit2.o)
    0x080001ee   0x00000000   Code   RO         3498    .ARM.Collect$$libinit$$00000032  c_w.l(libinit2.o)
    0x080001ee   0x00000002   Code   RO         3499    .ARM.Collect$$libinit$$00000033  c_w.l(libinit2.o)
    0x080001f0   0x00000002   Code   RO         3575    .ARM.Collect$$libshutdown$$00000000  c_w.l(libshutdown.o)
    0x080001f2   0x00000000   Code   RO         3587    .ARM.Collect$$libshutdown$$00000002  c_w.l(libshutdown2.o)
    0x080001f2   0x00000000   Code   RO         3589    .ARM.Collect$$libshutdown$$00000004  c_w.l(libshutdown2.o)
    0x080001f2   0x00000000   Code   RO         3592    .ARM.Collect$$libshutdown$$00000007  c_w.l(libshutdown2.o)
    0x080001f2   0x00000000   Code   RO         3595    .ARM.Collect$$libshutdown$$0000000A  c_w.l(libshutdown2.o)
    0x080001f2   0x00000000   Code   RO         3597    .ARM.Collect$$libshutdown$$0000000C  c_w.l(libshutdown2.o)
    0x080001f2   0x00000000   Code   RO         3600    .ARM.Collect$$libshutdown$$0000000F  c_w.l(libshutdown2.o)
    0x080001f2   0x00000002   Code   RO         3601    .ARM.Collect$$libshutdown$$00000010  c_w.l(libshutdown2.o)
    0x080001f4   0x00000000   Code   RO         3411    .ARM.Collect$$rtentry$$00000000  c_w.l(__rtentry.o)
    0x080001f4   0x00000000   Code   RO         3503    .ARM.Collect$$rtentry$$00000002  c_w.l(__rtentry2.o)
    0x080001f4   0x00000006   Code   RO         3515    .ARM.Collect$$rtentry$$00000004  c_w.l(__rtentry4.o)
    0x080001fa   0x00000000   Code   RO         3505    .ARM.Collect$$rtentry$$00000009  c_w.l(__rtentry2.o)
    0x080001fa   0x00000004   Code   RO         3506    .ARM.Collect$$rtentry$$0000000A  c_w.l(__rtentry2.o)
    0x080001fe   0x00000008   Code   RO         3507    .ARM.Collect$$rtentry$$0000000B  c_w.l(__rtentry2.o)
    0x08000206   0x00000008   Code   RO         3509    .ARM.Collect$$rtentry$$0000000D  c_w.l(__rtentry2.o)
    0x0800020e   0x00000002   Code   RO         3412    .ARM.Collect$$rtexit$$00000000  c_w.l(rtexit.o)
    0x08000210   0x00000000   Code   RO         3518    .ARM.Collect$$rtexit$$00000002  c_w.l(rtexit2.o)
    0x08000210   0x00000004   Code   RO         3519    .ARM.Collect$$rtexit$$00000003  c_w.l(rtexit2.o)
    0x08000214   0x00000006   Code   RO         3520    .ARM.Collect$$rtexit$$00000004  c_w.l(rtexit2.o)
    0x0800021a   0x00000002   PAD
    0x0800021c   0x0000001c   Code   RO          533    .emb_text           rtx_conf_cm.o
    0x08000238   0x00000130   Code   RO         3329    .emb_text           RTX_CM3.lib(hal_cm3.o)
    0x08000368   0x00000000   Code   RO         3528    .emb_text           c_w.l(maybetermalloc1.o)
    0x08000368   0x00000040   Code   RO         2084    .text               startup_stm32f10x_hd.o
    0x080003a8   0x00000008   Code   RO         3344    .text               c_w.l(libspace.o)
    0x080003b0   0x0000009e   Code   RO         3351    .text               c_w.l(h1_alloc_mt.o)
    0x0800044e   0x00000012   Code   RO         3405    .text               c_w.l(exit.o)
    0x08000460   0x00000006   Code   RO         3407    .text               c_w.l(heapauxi.o)
    0x08000466   0x0000000a   Code   RO         3423    .text               c_w.l(rt_heap_descriptor_twolibspace.o)
    0x08000470   0x00000004   Code   RO         3425    .text               c_w.l(hguard.o)
    0x08000474   0x0000008a   Code   RO         3427    .text               c_w.l(init_alloc.o)
    0x080004fe   0x00000012   Code   RO         3437    .text               c_w.l(h1_init_mt.o)
    0x08000510   0x00000076   Code   RO         3439    .text               c_w.l(h1_free_mt.o)
    0x08000586   0x0000003e   Code   RO         3532    .text               c_w.l(h1_extend_mt.o)
    0x080005c4   0x0000000e   Code   RO         3534    .text               c_w.l(defsig_rtmem_outer.o)
    0x080005d2   0x00000002   PAD
    0x080005d4   0x0000000c   Code   RO         3545    .text               c_w.l(sys_exit.o)
    0x080005e0   0x00000002   Code   RO         3547    .text               c_w.l(use_no_semi.o)
    0x080005e2   0x00000000   Code   RO         3549    .text               c_w.l(indicate_semi.o)
    0x080005e2   0x0000004a   Code   RO         3550    .text               c_w.l(sys_stackheap_outer.o)
    0x0800062c   0x0000000a   Code   RO         3556    .text               c_w.l(defsig_exit.o)
    0x08000636   0x00000002   PAD
    0x08000638   0x00000050   Code   RO         3562    .text               c_w.l(defsig_rtmem_inner.o)
    0x08000688   0x00000032   Code   RO         3582    .text               c_w.l(defsig_general.o)
    0x080006ba   0x0000000e   Code   RO         3602    .text               c_w.l(sys_wrch.o)
    0x080006c8   0x00000004   Code   RO         3339    SVC_TABLE           RTX_CM3.lib(svc_table.o)
    0x080006cc   0x0000000a   Code   RO          153    i.Dev_MAJORID       device.o
    0x080006d6   0x00000008   Code   RO          154    i.Dev_MINORID       device.o
    0x080006de   0x0000000a   Code   RO          155    i.Dev_TYPE          device.o
    0x080006e8   0x00000058   Code   RO          156    i.Dev_open          device.o
    0x08000740   0x0000000c   Code   RO          727    i.EXTI_ClearITPendingBit  stm32f10x_exti.o
    0x0800074c   0x00000024   Code   RO          728    i.EXTI_DeInit       stm32f10x_exti.o
    0x08000770   0x00000094   Code   RO          732    i.EXTI_Init         stm32f10x_exti.o
    0x08000804   0x00000010   Code   RO          733    i.EXTI_StructInit   stm32f10x_exti.o
    0x08000814   0x00000116   Code   RO         1116    i.GPIO_Init         stm32f10x_gpio.o
    0x0800092a   0x00000002   PAD
    0x0800092c   0x00000018   Code   RO            4    i.Init_LCD          main.o
    0x08000944   0x00000008   Code   RO            5    i.Init_device       main.o
    0x0800094c   0x000001a4   Code   RO          416    i.NVIC_Configuration  intrinit.o
    0x08000af0   0x00000070   Code   RO          594    i.NVIC_Init         misc.o
    0x08000b60   0x00000014   Code   RO          595    i.NVIC_PriorityGroupConfig  misc.o
    0x08000b74   0x00000014   Code   RO          596    i.NVIC_SetVectorTable  misc.o
    0x08000b88   0x00000066   Code   RO          449    i.OpenPrpClock      mysystemclock.o
    0x08000bee   0x00000008   Code   RO          245    i.Open_dev_char     dev_char.o
    0x08000bf6   0x00000002   PAD
    0x08000bf8   0x00000048   Code   RO          208    i.Open_dev_lcd      dev_lcd.o
    0x08000c40   0x0000000c   Code   RO          503    i.PVD_IRQHandler    power.o
    0x08000c4c   0x00000040   Code   RO          504    i.PVD_Init          power.o
    0x08000c8c   0x0000000c   Code   RO         1458    i.PWR_PVDCmd        stm32f10x_pwr.o
    0x08000c98   0x00000018   Code   RO         1459    i.PWR_PVDLevelConfig  stm32f10x_pwr.o
    0x08000cb0   0x000001d0   Code   RO          476    i.Pin_init          pinmux.o
    0x08000e80   0x00000020   Code   RO         1525    i.RCC_AHBPeriphClockCmd  stm32f10x_rcc.o
    0x08000ea0   0x00000020   Code   RO         1526    i.RCC_APB1PeriphClockCmd  stm32f10x_rcc.o
    0x08000ec0   0x00000020   Code   RO         1528    i.RCC_APB2PeriphClockCmd  stm32f10x_rcc.o
    0x08000ee0   0x00000008   Code   RO         2091    i.SetSysClock       system_stm32f10x.o
    0x08000ee8   0x000000e0   Code   RO         2092    i.SetSysClockTo72   system_stm32f10x.o
    0x08000fc8   0x00000060   Code   RO         2094    i.SystemInit        system_stm32f10x.o
    0x08001028   0x00000140   Code   RO          401    i.Test_lcd          test_lcd.o
    0x08001168   0x00000046   Code   RO         3228    i._init_box         RTX_CM3.lib(rt_membox.o)
    0x080011ae   0x00000002   PAD
    0x080011b0   0x00000020   Code   RO          535    i._mutex_acquire    rtx_conf_cm.o
    0x080011d0   0x0000002c   Code   RO          536    i._mutex_initialize  rtx_conf_cm.o
    0x080011fc   0x0000001c   Code   RO          537    i._mutex_release    rtx_conf_cm.o
    0x08001218   0x00000030   Code   RO         3281    i.dbg_init          RTX_CM3.lib(hal_cm.o)
    0x08001248   0x00000020   Code   RO         3282    i.dbg_task_notify   RTX_CM3.lib(hal_cm.o)
    0x08001268   0x00000010   Code   RO         3283    i.dbg_task_switch   RTX_CM3.lib(hal_cm.o)
    0x08001278   0x00000002   Code   RO          209    i.dev_lcd_ctor      dev_lcd.o
    0x0800127a   0x0000002a   Code   RO         2137    i.isrMessageGet     RTX_CM3.lib(rt_cmsis.o)
    0x080012a4   0x0000002c   Code   RO         2138    i.isrMessagePut     RTX_CM3.lib(rt_cmsis.o)
    0x080012d0   0x00000056   Code   RO         3083    i.isr_mbx_receive   RTX_CM3.lib(rt_mailbox.o)
    0x08001326   0x0000000e   Code   RO         3084    i.isr_mbx_send      RTX_CM3.lib(rt_mailbox.o)
    0x08001334   0x0000000c   Code   RO          307    i.lcd_fm12864_ctor  dev_lcd_fm12864.o
    0x08001340   0x0000001a   Code   RO          308    i.lcd_fm12864_new   dev_lcd_fm12864.o
    0x0800135a   0x00000024   Code   RO            6    i.main              main.o
    0x0800137e   0x00000002   PAD
    0x08001380   0x00000024   Code   RO         2142    i.osKernelInitialize  RTX_CM3.lib(rt_cmsis.o)
    0x080013a4   0x0000006c   Code   RO         2144    i.osKernelStart     RTX_CM3.lib(rt_cmsis.o)
    0x08001410   0x00000018   Code   RO         2153    i.osMessageGet      RTX_CM3.lib(rt_cmsis.o)
    0x08001428   0x0000002c   Code   RO         2170    i.osThreadCreate    RTX_CM3.lib(rt_cmsis.o)
    0x08001454   0x00000018   Code   RO         2171    i.osThreadExit      RTX_CM3.lib(rt_cmsis.o)
    0x0800146c   0x0000000c   Code   RO         2177    i.osTimerCall       RTX_CM3.lib(rt_cmsis.o)
    0x08001478   0x0000002c   Code   RO         2182    i.osTimerThread     RTX_CM3.lib(rt_cmsis.o)
    0x080014a4   0x00000022   Code   RO          538    i.os_error          rtx_conf_cm.o
    0x080014c6   0x00000004   Code   RO          539    i.os_idle_demon     rtx_conf_cm.o
    0x080014ca   0x00000002   PAD
    0x080014cc   0x00000028   Code   RO         2875    i.os_tick_init      RTX_CM3.lib(rt_system.o)
    0x080014f4   0x00000002   Code   RO         2876    i.os_tick_irqack    RTX_CM3.lib(rt_system.o)
    0x080014f6   0x0000001a   Code   RO         3229    i.rt_alloc_box      RTX_CM3.lib(rt_membox.o)
    0x08001510   0x0000003e   Code   RO         3257    i.rt_alloc_mem      RTX_CM3.lib(rt_memory.o)
    0x0800154e   0x00000002   PAD
    0x08001550   0x00000038   Code   RO         2756    i.rt_block          RTX_CM3.lib(rt_task.o)
    0x08001588   0x00000048   Code   RO         3206    i.rt_chk_robin      RTX_CM3.lib(rt_robin.o)
    0x080015d0   0x00000070   Code   RO         3007    i.rt_dec_dly        RTX_CM3.lib(rt_list.o)
    0x08001640   0x00000044   Code   RO         2757    i.rt_dispatch       RTX_CM3.lib(rt_task.o)
    0x08001684   0x00000050   Code   RO         2968    i.rt_evt_psh        RTX_CM3.lib(rt_event.o)
    0x080016d4   0x0000002c   Code   RO         3230    i.rt_free_box       RTX_CM3.lib(rt_membox.o)
    0x08001700   0x00000028   Code   RO         3258    i.rt_free_mem       RTX_CM3.lib(rt_memory.o)
    0x08001728   0x00000028   Code   RO         3008    i.rt_get_first      RTX_CM3.lib(rt_list.o)
    0x08001750   0x00000008   Code   RO         2187    i.rt_id2obj         RTX_CM3.lib(rt_cmsis.o)
    0x08001758   0x00000048   Code   RO         2758    i.rt_init_context   RTX_CM3.lib(rt_task.o)
    0x080017a0   0x0000001a   Code   RO         3259    i.rt_init_mem       RTX_CM3.lib(rt_memory.o)
    0x080017ba   0x00000002   PAD
    0x080017bc   0x00000018   Code   RO         3207    i.rt_init_robin     RTX_CM3.lib(rt_robin.o)
    0x080017d4   0x00000080   Code   RO         3284    i.rt_init_stack     RTX_CM3.lib(hal_cm.o)
    0x08001854   0x00000008   Code   RO         3085    i.rt_mbx_check      RTX_CM3.lib(rt_mailbox.o)
    0x0800185c   0x0000001a   Code   RO         3086    i.rt_mbx_init       RTX_CM3.lib(rt_mailbox.o)
    0x08001876   0x00000002   PAD
    0x08001878   0x000000f0   Code   RO         3087    i.rt_mbx_psh        RTX_CM3.lib(rt_mailbox.o)
    0x08001968   0x000000b4   Code   RO         3089    i.rt_mbx_wait       RTX_CM3.lib(rt_mailbox.o)
    0x08001a1c   0x00000044   Code   RO         2188    i.rt_ms2tick        RTX_CM3.lib(rt_cmsis.o)
    0x08001a60   0x00000010   Code   RO         2841    i.rt_mut_init       RTX_CM3.lib(rt_mutex.o)
    0x08001a70   0x000000d8   Code   RO         2842    i.rt_mut_release    RTX_CM3.lib(rt_mutex.o)
    0x08001b48   0x00000078   Code   RO         2843    i.rt_mut_wait       RTX_CM3.lib(rt_mutex.o)
    0x08001bc0   0x0000007c   Code   RO         2879    i.rt_pop_req        RTX_CM3.lib(rt_system.o)
    0x08001c3c   0x00000020   Code   RO         2880    i.rt_psh_req        RTX_CM3.lib(rt_system.o)
    0x08001c5c   0x0000005c   Code   RO         3010    i.rt_psq_enq        RTX_CM3.lib(rt_list.o)
    0x08001cb8   0x00000048   Code   RO         3011    i.rt_put_dly        RTX_CM3.lib(rt_list.o)
    0x08001d00   0x00000036   Code   RO         3012    i.rt_put_prio       RTX_CM3.lib(rt_list.o)
    0x08001d36   0x00000002   PAD
    0x08001d38   0x00000014   Code   RO         3013    i.rt_put_rdy_first  RTX_CM3.lib(rt_list.o)
    0x08001d4c   0x00000034   Code   RO         3014    i.rt_resort_prio    RTX_CM3.lib(rt_list.o)
    0x08001d80   0x00000006   Code   RO         3285    i.rt_ret_val        RTX_CM3.lib(hal_cm.o)
    0x08001d86   0x00000008   Code   RO         3286    i.rt_ret_val2       RTX_CM3.lib(hal_cm.o)
    0x08001d8e   0x00000028   Code   RO         3015    i.rt_rmv_dly        RTX_CM3.lib(rt_list.o)
    0x08001db6   0x00000002   PAD
    0x08001db8   0x00000030   Code   RO         3016    i.rt_rmv_list       RTX_CM3.lib(rt_list.o)
    0x08001de8   0x00000034   Code   RO         3134    i.rt_sem_psh        RTX_CM3.lib(rt_semaphore.o)
    0x08001e1c   0x00000024   Code   RO         2882    i.rt_stk_check      RTX_CM3.lib(rt_system.o)
    0x08001e40   0x00000028   Code   RO         2759    i.rt_switch_req     RTX_CM3.lib(rt_task.o)
    0x08001e68   0x000000cc   Code   RO         2760    i.rt_sys_init       RTX_CM3.lib(rt_task.o)
    0x08001f34   0x00000078   Code   RO         2761    i.rt_sys_start      RTX_CM3.lib(rt_task.o)
    0x08001fac   0x00000040   Code   RO         2884    i.rt_systick        RTX_CM3.lib(rt_system.o)
    0x08001fec   0x00000012   Code   RO         2189    i.rt_tid2ptcb       RTX_CM3.lib(rt_cmsis.o)
    0x08001ffe   0x00000002   PAD
    0x08002000   0x00000034   Code   RO         2190    i.rt_timer_insert   RTX_CM3.lib(rt_cmsis.o)
    0x08002034   0x00000088   Code   RO         2762    i.rt_tsk_create     RTX_CM3.lib(rt_task.o)
    0x080020bc   0x0000017c   Code   RO         2763    i.rt_tsk_delete     RTX_CM3.lib(rt_task.o)
    0x08002238   0x0000007c   Code   RO         2765    i.rt_tsk_prio       RTX_CM3.lib(rt_task.o)
    0x080022b4   0x00000010   Code   RO         2766    i.rt_tsk_self       RTX_CM3.lib(rt_task.o)
    0x080022c4   0x00000070   Code   RO         2193    i.svcKernelInitialize  RTX_CM3.lib(rt_cmsis.o)
    0x08002334   0x00000048   Code   RO         2195    i.svcKernelStart    RTX_CM3.lib(rt_cmsis.o)
    0x0800237c   0x00000024   Code   RO         2198    i.svcMessageCreate  RTX_CM3.lib(rt_cmsis.o)
    0x080023a0   0x0000003a   Code   RO         2199    i.svcMessageGet     RTX_CM3.lib(rt_cmsis.o)
    0x080023da   0x00000002   PAD
    0x080023dc   0x0000006c   Code   RO         2213    i.svcThreadCreate   RTX_CM3.lib(rt_cmsis.o)
    0x08002448   0x0000001c   Code   RO         2214    i.svcThreadGetId    RTX_CM3.lib(rt_cmsis.o)
    0x08002464   0x00000038   Code   RO         2217    i.svcThreadTerminate  RTX_CM3.lib(rt_cmsis.o)
    0x0800249c   0x00000018   Code   RO         2219    i.svcTimerCall      RTX_CM3.lib(rt_cmsis.o)
    0x080024b4   0x0000005c   Code   RO         2228    i.sysTimerTick      RTX_CM3.lib(rt_cmsis.o)
    0x08002510   0x00000008   Code   RO          383    i.unit_test         unit_test.o
    0x08002518   0x00000068   Data   RO          541    .constdata          rtx_conf_cm.o
    0x08002580   0x00000020   Data   RO         3620    Region$$Table       anon$$obj.o


    Execution Region RW_IRAM1 (Base: 0x20000000, Size: 0x00001428, Max: 0x0000c000, ABSOLUTE, COMPRESSED[0x000000c8])

    Base Addr    Size         Type   Attr      Idx    E Section Name        Object

    0x20000000   0x00000004   Data   RW          210    .data               dev_lcd.o
    0x20000004   0x00000158   Data   RW          362    .data               hardware_conf.o
    0x2000015c   0x00000014   Data   RW          542    .data               rtx_conf_cm.o
    0x20000170   0x00000008   Data   RW         2231    .data               RTX_CM3.lib(rt_cmsis.o)
    0x20000178   0x00000008   Data   RW         2768    .data               RTX_CM3.lib(rt_task.o)
    0x20000180   0x00000008   Data   RW         2887    .data               RTX_CM3.lib(rt_system.o)
    0x20000188   0x00000004   Data   RW         3177    .data               RTX_CM3.lib(rt_time.o)
    0x2000018c   0x00000008   Data   RW         3208    .data               RTX_CM3.lib(rt_robin.o)
    0x20000194   0x00000001   Data   RW         3287    .data               RTX_CM3.lib(hal_cm.o)
    0x20000195   0x00000003   PAD
    0x20000198   0x00000bc8   Zero   RW          540    .bss                rtx_conf_cm.o
    0x20000d60   0x00000034   Zero   RW         2767    .bss                RTX_CM3.lib(rt_task.o)
    0x20000d94   0x00000030   Zero   RW         3017    .bss                RTX_CM3.lib(rt_list.o)
    0x20000dc4   0x00000060   Zero   RW         3345    .bss                c_w.l(libspace.o)
    0x20000e24   0x00000004   PAD
    0x20000e28   0x00000200   Zero   RW         2082    HEAP                startup_stm32f10x_hd.o
    0x20001028   0x00000400   Zero   RW         2081    STACK               startup_stm32f10x_hd.o


==============================================================================

Image component sizes


      Code (inc. data)   RO Data    RW Data    ZI Data      Debug   Object Name

         8          0          0          0          0        620   dev_char.o
        74          6          0          4          0       1814   dev_lcd.o
        38          0          0          0          0       2333   dev_lcd_fm12864.o
       116          0          0          0          0       2246   device.o
         0          0          0        344          0       6230   hardware_conf.o
       420         16          0          0          0        793   intrinit.o
        68          6          0          0          0     229995   main.o
       152         30          0          0          0       2253   misc.o
       102          0          0          0          0        503   mysystemclock.o
       464         22          0          0          0        719   pinmux.o
        76          0          0          0          0        976   power.o
       170         36        104         20       3016       9835   rtx_conf_cm.o
        64         26        304          0       1536        836   startup_stm32f10x_hd.o
       212         20          0          0          0       2705   stm32f10x_exti.o
       278          0          0          0          0       2076   stm32f10x_gpio.o
        36         12          0          0          0       1118   stm32f10x_pwr.o
        96         18          0          0          0       1814   stm32f10x_rcc.o
       328         28          0          0          0       2053   system_stm32f10x.o
       320         88          0          0          0        931   test_lcd.o
         8          0          0          0          0        460   unit_test.o

    ----------------------------------------------------------------------
      3038        308        440        368       4552     270310   Object Totals
         0          0         32          0          0          0   (incl. Generated)
         8          0          0          0          0          0   (incl. Padding)

    ----------------------------------------------------------------------

      Code (inc. data)   RO Data    RW Data    ZI Data      Debug   Library Member Name

       238         24          0          1          0       3312   hal_cm.o
       304         36          0          0          0        768   hal_cm3.o
      1110        138          0          8          0      31753   rt_cmsis.o
        80          4          0          0          0        661   rt_event.o
       530         34          0          0         48       8253   rt_list.o
       554         10          0          0          0       3949   rt_mailbox.o
       140          0          0          0          0       1925   rt_membox.o
       128          0          0          0          0       2307   rt_memory.o
       352         14          0          0          0       2105   rt_mutex.o
        96         22          0          8          0       1158   rt_robin.o
        52          4          0          0          0        573   rt_semaphore.o
       298         52          0          8          0       6223   rt_system.o
      1216        174          0          8         52       9649   rt_task.o
         0          0          0          4          0        214   rt_time.o
         4          4          0          0          0        208   svc_table.o
        90          0          0          0          0          0   __dczerorl2.o
         8          0          0          0          0         68   __main.o
         0          0          0          0          0          0   __rtentry.o
        20          0          0          0          0          0   __rtentry2.o
         6          0          0          0          0          0   __rtentry4.o
        52          8          0          0          0          0   __scatter.o
        28          0          0          0          0          0   __scatter_zi.o
        10          0          0          0          0         68   defsig_exit.o
        50          0          0          0          0         88   defsig_general.o
        80         58          0          0          0         76   defsig_rtmem_inner.o
        14          0          0          0          0         80   defsig_rtmem_outer.o
        18          0          0          0          0         80   exit.o
       158          0          0          0          0        128   h1_alloc_mt.o
        62          0          0          0          0         80   h1_extend_mt.o
       118          0          0          0          0        108   h1_free_mt.o
        18          0          0          0          0         84   h1_init_mt.o
         6          0          0          0          0        152   heapauxi.o
         4          0          0          0          0        136   hguard.o
         0          0          0          0          0          0   indicate_semi.o
       138          0          0          0          0        168   init_alloc.o
         2          0          0          0          0          0   libinit.o
        10          0          0          0          0          0   libinit2.o
         2          0          0          0          0          0   libshutdown.o
         2          0          0          0          0          0   libshutdown2.o
         8          4          0          0         96         68   libspace.o
         0          0          0          0          0          0   maybetermalloc1.o
        10          0          0          0          0         76   rt_heap_descriptor_twolibspace.o
         2          0          0          0          0          0   rtexit.o
        10          0          0          0          0          0   rtexit2.o
        12          4          0          0          0         68   sys_exit.o
        74          0          0          0          0         80   sys_stackheap_outer.o
        14          0          0          0          0         76   sys_wrch.o
         2          0          0          0          0         68   use_no_semi.o

    ----------------------------------------------------------------------
      6154        590          0         40        200      74810   Library Totals
        24          0          0          3          4          0   (incl. Padding)

    ----------------------------------------------------------------------

      Code (inc. data)   RO Data    RW Data    ZI Data      Debug   Library Name

      5102        516          0         37        100      73058   RTX_CM3.lib
      1028         74          0          0         96       1752   c_w.l

    ----------------------------------------------------------------------
      6154        590          0         40        200      74810   Library Totals

    ----------------------------------------------------------------------

==============================================================================


      Code (inc. data)   RO Data    RW Data    ZI Data      Debug   

      9192        898        440        408       4752     338824   Grand Totals
      9192        898        440        200       4752     338824   ELF Image Totals (compressed)
      9192        898        440        200          0          0   ROM Totals

==============================================================================

    Total RO  Size (Code + RO Data)                 9632 (   9.41kB)
    Total RW  Size (RW Data + ZI Data)              5160 (   5.04kB)
    Total ROM Size (Code + RO Data + RW Data)       9832 (   9.60kB)

==============================================================================

