<!doctype html public "-//w3c//dtd html 4.0 transitional//en">
<html><head>
<title>Static Call Graph - [.\Objects\PplRcd.axf]</title></head>
<body><HR>
<H1>Static Call Graph for image .\Objects\PplRcd.axf</H1><HR>
<BR><P>#&#060CALLGRAPH&#062# ARM Linker, 5050106: Last Updated: Mon Mar 26 22:58:06 2018
<BR><P>
<H3>Maximum Stack Usage =        320 bytes + Unknown(Cycles, Untraceable Function Pointers)</H3><H3>
Call chain for Maximum Stack Depth:</H3>
MdlChn_run &rArr; Signal_Alarm &rArr; MdlChn_Check_new_alarm &rArr; STG_Set_file_position &rArr; STG_Open_file &rArr; Strg_Updata_rcd_mgr &rArr;  STG_Open_file (Cycle)
<P>
<H3>
Mutually Recursive functions
</H3> <LI><a href="#[b6]">rt_alloc_box</a>&nbsp;&nbsp;&nbsp;&rArr;&nbsp;&nbsp;&nbsp;<a href="#[b6]">rt_alloc_box</a><BR>
 <LI><a href="#[71]">NMI_Handler</a>&nbsp;&nbsp;&nbsp;&rArr;&nbsp;&nbsp;&nbsp;<a href="#[71]">NMI_Handler</a><BR>
 <LI><a href="#[73]">MemManage_Handler</a>&nbsp;&nbsp;&nbsp;&rArr;&nbsp;&nbsp;&nbsp;<a href="#[73]">MemManage_Handler</a><BR>
 <LI><a href="#[74]">BusFault_Handler</a>&nbsp;&nbsp;&nbsp;&rArr;&nbsp;&nbsp;&nbsp;<a href="#[74]">BusFault_Handler</a><BR>
 <LI><a href="#[75]">UsageFault_Handler</a>&nbsp;&nbsp;&nbsp;&rArr;&nbsp;&nbsp;&nbsp;<a href="#[75]">UsageFault_Handler</a><BR>
 <LI><a href="#[77]">DebugMon_Handler</a>&nbsp;&nbsp;&nbsp;&rArr;&nbsp;&nbsp;&nbsp;<a href="#[77]">DebugMon_Handler</a><BR>
 <LI><a href="#[8c]">ADC1_2_IRQHandler</a>&nbsp;&nbsp;&nbsp;&rArr;&nbsp;&nbsp;&nbsp;<a href="#[8c]">ADC1_2_IRQHandler</a><BR>
 <LI><a href="#[1e8]">Except_raise</a>&nbsp;&nbsp;&nbsp;&rArr;&nbsp;&nbsp;&nbsp;<a href="#[1e8]">Except_raise</a><BR>
 <LI><a href="#[2c1]">Strg_Updata_rcd_mgr</a>&nbsp;&nbsp;&nbsp;&rArr;&nbsp;&nbsp;&nbsp;<a href="#[12a]">STG_Open_file</a><BR>
</UL>
<P>
<H3>
Function Pointers
</H3><UL>
 <LI><a href="#[4]">ACQ_Init</a> from component_option.o(i.ACQ_Init) referenced 2 times from component_option.o(.data)
 <LI><a href="#[5]">ACQ_Select</a> from component_option.o(i.ACQ_Select) referenced 2 times from component_option.o(.data)
 <LI><a href="#[8c]">ADC1_2_IRQHandler</a> from startup_stm32f10x_hd.o(.text) referenced from startup_stm32f10x_hd.o(RESET)
 <LI><a href="#[a9]">ADC3_IRQHandler</a> from startup_stm32f10x_hd.o(.text) referenced from startup_stm32f10x_hd.o(RESET)
 <LI><a href="#[38]">ATP_Exit</a> from cst_set_atmosphere_pressure.o(i.ATP_Exit) referenced 2 times from cst_set_atmosphere_pressure.o(.data)
 <LI><a href="#[35]">ATP_Reset_focus</a> from cst_set_atmosphere_pressure.o(i.ATP_Reset_focus) referenced 2 times from cst_set_atmosphere_pressure.o(.data)
 <LI><a href="#[37]">ATP_commit</a> from cst_set_atmosphere_pressure.o(i.ATP_commit) referenced 2 times from cst_set_atmosphere_pressure.o(.data)
 <LI><a href="#[2e]">ATP_entry</a> from cst_set_atmosphere_pressure.o(i.ATP_entry) referenced 2 times from cst_set_atmosphere_pressure.o(.data)
 <LI><a href="#[36]">ATP_get_focusdata</a> from cst_set_atmosphere_pressure.o(i.ATP_get_focusdata) referenced 2 times from cst_set_atmosphere_pressure.o(.data)
 <LI><a href="#[2f]">ATP_init</a> from cst_set_atmosphere_pressure.o(i.ATP_init) referenced 2 times from cst_set_atmosphere_pressure.o(.data)
 <LI><a href="#[31]">ATP_key_dn</a> from cst_set_atmosphere_pressure.o(i.ATP_key_dn) referenced 2 times from cst_set_atmosphere_pressure.o(.data)
 <LI><a href="#[34]">ATP_key_er</a> from cst_set_atmosphere_pressure.o(i.ATP_key_er) referenced 2 times from cst_set_atmosphere_pressure.o(.data)
 <LI><a href="#[32]">ATP_key_lt</a> from cst_set_atmosphere_pressure.o(i.ATP_key_lt) referenced 2 times from cst_set_atmosphere_pressure.o(.data)
 <LI><a href="#[33]">ATP_key_rt</a> from cst_set_atmosphere_pressure.o(i.ATP_key_rt) referenced 2 times from cst_set_atmosphere_pressure.o(.data)
 <LI><a href="#[30]">ATP_key_up</a> from cst_set_atmosphere_pressure.o(i.ATP_key_up) referenced 2 times from cst_set_atmosphere_pressure.o(.data)
 <LI><a href="#[bb]">BTN_Build_each_btn</a> from component_button.o(i.BTN_Build_each_btn) referenced from component_button.o(i.Button_ctor)
 <LI><a href="#[bc]">BTN_Clean_btn</a> from component_button.o(i.BTN_Clean_btn) referenced from component_button.o(i.Button_ctor)
 <LI><a href="#[bf]">BTN_Deal_hit</a> from component_button.o(i.BTN_Deal_hit) referenced from component_button.o(i.Button_ctor)
 <LI><a href="#[ba]">BTN_Init</a> from component_button.o(i.BTN_Init) referenced from component_button.o(i.Button_ctor)
 <LI><a href="#[be]">BTN_Move_focus</a> from component_button.o(i.BTN_Move_focus) referenced from component_button.o(i.Button_ctor)
 <LI><a href="#[bd]">BTN_Show_vaild_btn</a> from component_button.o(i.BTN_Show_vaild_btn) referenced from component_button.o(i.Button_ctor)
 <LI><a href="#[123]">BuInptSht</a> from ntbutton.o(i.BuInptSht) referenced from ntbutton.o(i.NtButton_ctor)
 <LI><a href="#[74]">BusFault_Handler</a> from startup_stm32f10x_hd.o(.text) referenced from startup_stm32f10x_hd.o(RESET)
 <LI><a href="#[8f]">CAN1_RX1_IRQHandler</a> from startup_stm32f10x_hd.o(.text) referenced from startup_stm32f10x_hd.o(RESET)
 <LI><a href="#[90]">CAN1_SCE_IRQHandler</a> from startup_stm32f10x_hd.o(.text) referenced from startup_stm32f10x_hd.o(RESET)
 <LI><a href="#[ed]">CNF_Clear_focus</a> from hmi_configuring .o(i.CNF_Clear_focus) referenced from hmi_configuring .o(i.HMI_configuring_ctor)
 <LI><a href="#[c0]">CNF_Exec_Sy_cmd</a> from hmi_configuring .o(i.CNF_Exec_Sy_cmd) referenced from hmi_configuring .o(i.CNF_Init_sheet)
 <LI><a href="#[e7]">CNF_Hide</a> from hmi_configuring .o(i.CNF_Hide) referenced from hmi_configuring .o(i.HMI_configuring_ctor)
 <LI><a href="#[ea]">CNF_Hit</a> from hmi_configuring .o(i.CNF_Hit) referenced from hmi_configuring .o(i.HMI_configuring_ctor)
 <LI><a href="#[e6]">CNF_Init</a> from hmi_configuring .o(i.CNF_Init) referenced from hmi_configuring .o(i.HMI_configuring_ctor)
 <LI><a href="#[ec]">CNF_Init_focus</a> from hmi_configuring .o(i.CNF_Init_focus) referenced from hmi_configuring .o(i.HMI_configuring_ctor)
 <LI><a href="#[e8]">CNF_Init_sheet</a> from hmi_configuring .o(i.CNF_Init_sheet) referenced from hmi_configuring .o(i.HMI_configuring_ctor)
 <LI><a href="#[eb]">CNF_Long_hit</a> from hmi_configuring .o(i.CNF_Long_hit) referenced from hmi_configuring .o(i.HMI_configuring_ctor)
 <LI><a href="#[e9]">CNF_Show</a> from hmi_configuring .o(i.CNF_Show) referenced from hmi_configuring .o(i.HMI_configuring_ctor)
 <LI><a href="#[ee]">CNF_Show_focus</a> from hmi_configuring .o(i.CNF_Show_focus) referenced from hmi_configuring .o(i.HMI_configuring_ctor)
 <LI><a href="#[6f]">CSM_Exit</a> from cst_set_case_temperature.o(i.CSM_Exit) referenced 2 times from cst_set_case_temperature.o(.data)
 <LI><a href="#[6c]">CSM_Reset_focus</a> from cst_set_case_temperature.o(i.CSM_Reset_focus) referenced 2 times from cst_set_case_temperature.o(.data)
 <LI><a href="#[6e]">CSM_commit</a> from cst_set_case_temperature.o(i.CSM_commit) referenced 2 times from cst_set_case_temperature.o(.data)
 <LI><a href="#[65]">CSM_entry</a> from cst_set_case_temperature.o(i.CSM_entry) referenced 2 times from cst_set_case_temperature.o(.data)
 <LI><a href="#[6d]">CSM_get_focusdata</a> from cst_set_case_temperature.o(i.CSM_get_focusdata) referenced 2 times from cst_set_case_temperature.o(.data)
 <LI><a href="#[66]">CSM_init</a> from cst_set_case_temperature.o(i.CSM_init) referenced 2 times from cst_set_case_temperature.o(.data)
 <LI><a href="#[68]">CSM_key_dn</a> from cst_set_case_temperature.o(i.CSM_key_dn) referenced 2 times from cst_set_case_temperature.o(.data)
 <LI><a href="#[6b]">CSM_key_er</a> from cst_set_case_temperature.o(i.CSM_key_er) referenced 2 times from cst_set_case_temperature.o(.data)
 <LI><a href="#[69]">CSM_key_lt</a> from cst_set_case_temperature.o(i.CSM_key_lt) referenced 2 times from cst_set_case_temperature.o(.data)
 <LI><a href="#[6a]">CSM_key_rt</a> from cst_set_case_temperature.o(i.CSM_key_rt) referenced 2 times from cst_set_case_temperature.o(.data)
 <LI><a href="#[67]">CSM_key_up</a> from cst_set_case_temperature.o(i.CSM_key_up) referenced 2 times from cst_set_case_temperature.o(.data)
 <LI><a href="#[f8]">Clear_focus</a> from hmi.o(i.Clear_focus) referenced from hmi.o(i.HMI_ctor)
 <LI><a href="#[d6]">Close_devSpi</a> from dev_spi.o(i.Close_devSpi) referenced from dev_spi.o(i.Dev_spi_ctor)
 <LI><a href="#[c4]">Close_dev_IIC</a> from dev_iic.o(i.Close_dev_IIC) referenced from dev_iic.o(i.Dev_IIC_ctor)
 <LI><a href="#[f6]">ConposeKeyHandle</a> from hmi.o(i.ConposeKeyHandle) referenced from hmi.o(i.HMI_ctor)
 <LI><a href="#[c1]">CtlKey_init</a> from ctlkey.o(i.CtlKey_init) referenced from ctlkey.o(i.CtlKey_ctor)
 <LI><a href="#[f5]">DHitHandle</a> from hmi.o(i.DHitHandle) referenced from hmi.o(i.HMI_ctor)
 <LI><a href="#[85]">DMA1_Channel1_IRQHandler</a> from startup_stm32f10x_hd.o(.text) referenced from startup_stm32f10x_hd.o(RESET)
 <LI><a href="#[86]">DMA1_Channel2_IRQHandler</a> from drive_uart.o(i.DMA1_Channel2_IRQHandler) referenced from startup_stm32f10x_hd.o(RESET)
 <LI><a href="#[87]">DMA1_Channel3_IRQHandler</a> from startup_stm32f10x_hd.o(.text) referenced from startup_stm32f10x_hd.o(RESET)
 <LI><a href="#[88]">DMA1_Channel4_IRQHandler</a> from drive_uart.o(i.DMA1_Channel4_IRQHandler) referenced from startup_stm32f10x_hd.o(RESET)
 <LI><a href="#[89]">DMA1_Channel5_IRQHandler</a> from startup_stm32f10x_hd.o(.text) referenced from startup_stm32f10x_hd.o(RESET)
 <LI><a href="#[8a]">DMA1_Channel6_IRQHandler</a> from startup_stm32f10x_hd.o(.text) referenced from startup_stm32f10x_hd.o(RESET)
 <LI><a href="#[8b]">DMA1_Channel7_IRQHandler</a> from drive_uart.o(i.DMA1_Channel7_IRQHandler) referenced from startup_stm32f10x_hd.o(RESET)
 <LI><a href="#[b2]">DMA2_Channel1_IRQHandler</a> from startup_stm32f10x_hd.o(.text) referenced from startup_stm32f10x_hd.o(RESET)
 <LI><a href="#[b3]">DMA2_Channel2_IRQHandler</a> from startup_stm32f10x_hd.o(.text) referenced from startup_stm32f10x_hd.o(RESET)
 <LI><a href="#[b4]">DMA2_Channel3_IRQHandler</a> from startup_stm32f10x_hd.o(.text) referenced from startup_stm32f10x_hd.o(RESET)
 <LI><a href="#[b5]">DMA2_Channel4_5_IRQHandler</a> from drive_uart.o(i.DMA2_Channel4_5_IRQHandler) referenced from startup_stm32f10x_hd.o(RESET)
 <LI><a href="#[59]">DSF_Exit</a> from cst_set_dust_flow.o(i.DSF_Exit) referenced 2 times from cst_set_dust_flow.o(.data)
 <LI><a href="#[56]">DSF_Reset_focus</a> from cst_set_dust_flow.o(i.DSF_Reset_focus) referenced 2 times from cst_set_dust_flow.o(.data)
 <LI><a href="#[58]">DSF_commit</a> from cst_set_dust_flow.o(i.DSF_commit) referenced 2 times from cst_set_dust_flow.o(.data)
 <LI><a href="#[4f]">DSF_entry</a> from cst_set_dust_flow.o(i.DSF_entry) referenced 2 times from cst_set_dust_flow.o(.data)
 <LI><a href="#[57]">DSF_get_focusdata</a> from cst_set_dust_flow.o(i.DSF_get_focusdata) referenced 2 times from cst_set_dust_flow.o(.data)
 <LI><a href="#[50]">DSF_init</a> from cst_set_dust_flow.o(i.DSF_init) referenced 2 times from cst_set_dust_flow.o(.data)
 <LI><a href="#[52]">DSF_key_dn</a> from cst_set_dust_flow.o(i.DSF_key_dn) referenced 2 times from cst_set_dust_flow.o(.data)
 <LI><a href="#[55]">DSF_key_er</a> from cst_set_dust_flow.o(i.DSF_key_er) referenced 2 times from cst_set_dust_flow.o(.data)
 <LI><a href="#[53]">DSF_key_lt</a> from cst_set_dust_flow.o(i.DSF_key_lt) referenced 2 times from cst_set_dust_flow.o(.data)
 <LI><a href="#[54]">DSF_key_rt</a> from cst_set_dust_flow.o(i.DSF_key_rt) referenced 2 times from cst_set_dust_flow.o(.data)
 <LI><a href="#[51]">DSF_key_up</a> from cst_set_dust_flow.o(i.DSF_key_up) referenced 2 times from cst_set_dust_flow.o(.data)
 <LI><a href="#[22]">DSP_Exit</a> from cst_set_display.o(i.DSP_Exit) referenced 2 times from cst_set_display.o(.data)
 <LI><a href="#[1f]">DSP_Reset_focus</a> from cst_set_display.o(i.DSP_Reset_focus) referenced 2 times from cst_set_display.o(.data)
 <LI><a href="#[21]">DSP_commit</a> from cst_set_display.o(i.DSP_commit) referenced 2 times from cst_set_display.o(.data)
 <LI><a href="#[18]">DSP_entry</a> from cst_set_display.o(i.DSP_entry) referenced 2 times from cst_set_display.o(.data)
 <LI><a href="#[20]">DSP_get_focusdata</a> from cst_set_display.o(i.DSP_get_focusdata) referenced 2 times from cst_set_display.o(.data)
 <LI><a href="#[19]">DSP_init</a> from cst_set_display.o(i.DSP_init) referenced 2 times from cst_set_display.o(.data)
 <LI><a href="#[1b]">DSP_key_dn</a> from cst_set_display.o(i.DSP_key_dn) referenced 2 times from cst_set_display.o(.data)
 <LI><a href="#[1e]">DSP_key_er</a> from cst_set_display.o(i.DSP_key_er) referenced 2 times from cst_set_display.o(.data)
 <LI><a href="#[1c]">DSP_key_lt</a> from cst_set_display.o(i.DSP_key_lt) referenced 2 times from cst_set_display.o(.data)
 <LI><a href="#[1d]">DSP_key_rt</a> from cst_set_display.o(i.DSP_key_rt) referenced 2 times from cst_set_display.o(.data)
 <LI><a href="#[1a]">DSP_key_up</a> from cst_set_display.o(i.DSP_key_up) referenced 2 times from cst_set_display.o(.data)
 <LI><a href="#[77]">DebugMon_Handler</a> from startup_stm32f10x_hd.o(.text) referenced from startup_stm32f10x_hd.o(RESET)
 <LI><a href="#[131]">DevGpioClose</a> from device_gpio.o(i.DevGpioClose) referenced from device_gpio.o(i.devGpio_ctor)
 <LI><a href="#[134]">DevGpioIoctol</a> from device_gpio.o(i.DevGpioIoctol) referenced from device_gpio.o(i.devGpio_ctor)
 <LI><a href="#[130]">DevGpioOpen</a> from device_gpio.o(i.DevGpioOpen) referenced from device_gpio.o(i.devGpio_ctor)
 <LI><a href="#[132]">DevGpioRead</a> from device_gpio.o(i.DevGpioRead) referenced from device_gpio.o(i.devGpio_ctor)
 <LI><a href="#[135]">DevGpioTest</a> from device_gpio.o(i.DevGpioTest) referenced from device_gpio.o(i.devGpio_ctor)
 <LI><a href="#[133]">DevGpioWrite</a> from device_gpio.o(i.DevGpioWrite) referenced from device_gpio.o(i.devGpio_ctor)
 <LI><a href="#[ca]">Dev_Uart_close</a> from dev_uart.o(i.Dev_Uart_close) referenced from dev_uart.o(i.Dev_Uart_ctor)
 <LI><a href="#[cd]">Dev_Uart_ioctol</a> from dev_uart.o(i.Dev_Uart_ioctol) referenced from dev_uart.o(i.Dev_Uart_ctor)
 <LI><a href="#[c9]">Dev_Uart_open</a> from dev_uart.o(i.Dev_Uart_open) referenced from dev_uart.o(i.Dev_Uart_ctor)
 <LI><a href="#[cb]">Dev_Uart_read</a> from dev_uart.o(i.Dev_Uart_read) referenced from dev_uart.o(i.Dev_Uart_ctor)
 <LI><a href="#[ce]">Dev_Uart_test</a> from dev_uart.o(i.Dev_Uart_test) referenced from dev_uart.o(i.Dev_Uart_ctor)
 <LI><a href="#[cc]">Dev_Uart_write</a> from dev_uart.o(i.Dev_Uart_write) referenced from dev_uart.o(i.Dev_Uart_ctor)
 <LI><a href="#[10d]">DoUpdate</a> from model.o(i.DoUpdate) referenced from model.o(i.Mdl_notify)
 <LI><a href="#[e3]">Draw_self</a> from glyph.o(i.Draw_self) referenced from glyph.o(i.Glyph_ctor)
 <LI><a href="#[80]">EXTI0_IRQHandler</a> from drive_gpio.o(i.EXTI0_IRQHandler) referenced from startup_stm32f10x_hd.o(RESET)
 <LI><a href="#[a2]">EXTI15_10_IRQHandler</a> from drive_gpio.o(i.EXTI15_10_IRQHandler) referenced from startup_stm32f10x_hd.o(RESET)
 <LI><a href="#[81]">EXTI1_IRQHandler</a> from drive_gpio.o(i.EXTI1_IRQHandler) referenced from startup_stm32f10x_hd.o(RESET)
 <LI><a href="#[82]">EXTI2_IRQHandler</a> from drive_gpio.o(i.EXTI2_IRQHandler) referenced from startup_stm32f10x_hd.o(RESET)
 <LI><a href="#[83]">EXTI3_IRQHandler</a> from drive_gpio.o(i.EXTI3_IRQHandler) referenced from startup_stm32f10x_hd.o(RESET)
 <LI><a href="#[84]">EXTI4_IRQHandler</a> from drive_gpio.o(i.EXTI4_IRQHandler) referenced from startup_stm32f10x_hd.o(RESET)
 <LI><a href="#[91]">EXTI9_5_IRQHandler</a> from drive_gpio.o(i.EXTI9_5_IRQHandler) referenced from startup_stm32f10x_hd.o(RESET)
 <LI><a href="#[7e]">FLASH_IRQHandler</a> from startup_stm32f10x_hd.o(.text) referenced from startup_stm32f10x_hd.o(RESET)
 <LI><a href="#[152]">FM_Clear</a> from dev_lcd_fm12864.o(i.FM_Clear) referenced from dev_lcd_fm12864.o(i.lcd_fm12864_ctor)
 <LI><a href="#[dd]">FM_Draw_cycle</a> from dev_lcd_fm12864.o(i.FM_Draw_cycle) referenced from dev_lcd_fm12864.o(i.FM_Init)
 <LI><a href="#[15a]">FM_Draw_geometry</a> from dev_lcd_fm12864.o(i.FM_Draw_geometry) referenced from dev_lcd_fm12864.o(i.lcd_fm12864_ctor)
 <LI><a href="#[db]">FM_Draw_line</a> from dev_lcd_fm12864.o(i.FM_Draw_line) referenced from dev_lcd_fm12864.o(i.FM_Init)
 <LI><a href="#[dc]">FM_Draw_rectangle</a> from dev_lcd_fm12864.o(i.FM_Draw_rectangle) referenced from dev_lcd_fm12864.o(i.FM_Init)
 <LI><a href="#[155]">FM_Flush</a> from dev_lcd_fm12864.o(i.FM_Flush) referenced from dev_lcd_fm12864.o(i.lcd_fm12864_ctor)
 <LI><a href="#[158]">FM_Get_size</a> from dev_lcd_fm12864.o(i.FM_Get_size) referenced from dev_lcd_fm12864.o(i.lcd_fm12864_ctor)
 <LI><a href="#[151]">FM_Init</a> from dev_lcd_fm12864.o(i.FM_Init) referenced from dev_lcd_fm12864.o(i.lcd_fm12864_ctor)
 <LI><a href="#[157]">FM_Lcd_ctl</a> from dev_lcd_fm12864.o(i.FM_Lcd_ctl) referenced from dev_lcd_fm12864.o(i.lcd_fm12864_ctor)
 <LI><a href="#[156]">FM_Lightness</a> from dev_lcd_fm12864.o(i.FM_Lightness) referenced from dev_lcd_fm12864.o(i.lcd_fm12864_ctor)
 <LI><a href="#[159]">FM_Set_backcolor</a> from dev_lcd_fm12864.o(i.FM_Set_backcolor) referenced from dev_lcd_fm12864.o(i.lcd_fm12864_ctor)
 <LI><a href="#[153]">FM_Switch</a> from dev_lcd_fm12864.o(i.FM_Switch) referenced from dev_lcd_fm12864.o(i.lcd_fm12864_ctor)
 <LI><a href="#[154]">FM_Text</a> from dev_lcd_fm12864.o(i.FM_Text) referenced from dev_lcd_fm12864.o(i.lcd_fm12864_ctor)
 <LI><a href="#[aa]">FSMC_IRQHandler</a> from startup_stm32f10x_hd.o(.text) referenced from startup_stm32f10x_hd.o(RESET)
 <LI><a href="#[e5]">GeoInptSht</a> from geometricsexpr.o(i.GeoInptSht) referenced from geometricsexpr.o(i.GmtrExpr_ctor)
 <LI><a href="#[de]">GhPic_vDraw</a> from gh_pic.o(i.GhPic_vDraw) referenced from gh_pic.o(i.GhPic_ctor)
 <LI><a href="#[df]">GhRec_vDraw</a> from gh_rectangle.o(i.GhRec_vDraw) referenced from gh_rectangle.o(i.GhRectangle_ctor)
 <LI><a href="#[e1]">GhTxt_GetSize</a> from gh_txt.o(i.GhTxt_GetSize) referenced from gh_txt.o(i.GhTxt_ctor)
 <LI><a href="#[e0]">GhTxt_vDraw</a> from gh_txt.o(i.GhTxt_vDraw) referenced from gh_txt.o(i.GhTxt_ctor)
 <LI><a href="#[137]">GpioDeInit</a> from drive_gpio.o(i.GpioDeInit) referenced from drive_gpio.o(i.driveGpio_ctor)
 <LI><a href="#[136]">GpioInit</a> from drive_gpio.o(i.GpioInit) referenced from drive_gpio.o(i.driveGpio_ctor)
 <LI><a href="#[138]">GpioRead</a> from drive_gpio.o(i.GpioRead) referenced from drive_gpio.o(i.driveGpio_ctor)
 <LI><a href="#[13b]">GpioSetEncode</a> from drive_gpio.o(i.GpioSetEncode) referenced from drive_gpio.o(i.driveGpio_ctor)
 <LI><a href="#[13a]">GpioSetIrqHdl</a> from drive_gpio.o(i.GpioSetIrqHdl) referenced from drive_gpio.o(i.driveGpio_ctor)
 <LI><a href="#[13d]">GpioTest</a> from drive_gpio.o(i.GpioTest) referenced from drive_gpio.o(i.driveGpio_ctor)
 <LI><a href="#[139]">GpioWrite</a> from drive_gpio.o(i.GpioWrite) referenced from drive_gpio.o(i.driveGpio_ctor)
 <LI><a href="#[13c]">Gpio_control_irq</a> from drive_gpio.o(i.Gpio_control_irq) referenced from drive_gpio.o(i.driveGpio_ctor)
 <LI><a href="#[fe]">HMI_Btn_backward</a> from hmi.o(i.HMI_Btn_backward) referenced from hmi.o(i.HMI_ctor)
 <LI><a href="#[fd]">HMI_Btn_forward</a> from hmi.o(i.HMI_Btn_forward) referenced from hmi.o(i.HMI_ctor)
 <LI><a href="#[ff]">HMI_Btn_jumpout</a> from hmi.o(i.HMI_Btn_jumpout) referenced from hmi.o(i.HMI_ctor)
 <LI><a href="#[fa]">HMI_Build_cmp</a> from hmi.o(i.HMI_Build_cmp) referenced from hmi.o(i.HMI_ctor)
 <LI><a href="#[14b]">HMI_CFG_Hide</a> from hmi_config.o(i.HMI_CFG_Hide) referenced from hmi_config.o(i.hmi_config_ctor)
 <LI><a href="#[14f]">HMI_CFG_Hit</a> from hmi_config.o(i.HMI_CFG_Hit) referenced from hmi_config.o(i.hmi_config_ctor)
 <LI><a href="#[14a]">HMI_CFG_Init</a> from hmi_config.o(i.HMI_CFG_Init) referenced from hmi_config.o(i.hmi_config_ctor)
 <LI><a href="#[150]">HMI_CFG_Init_focus</a> from hmi_config.o(i.HMI_CFG_Init_focus) referenced from hmi_config.o(i.hmi_config_ctor)
 <LI><a href="#[14c]">HMI_CFG_Init_sheet</a> from hmi_config.o(i.HMI_CFG_Init_sheet) referenced from hmi_config.o(i.hmi_config_ctor)
 <LI><a href="#[14d]">HMI_CFG_Run</a> from hmi_config.o(i.HMI_CFG_Run) referenced from hmi_config.o(i.hmi_config_ctor)
 <LI><a href="#[14e]">HMI_CFG_Show</a> from hmi_config.o(i.HMI_CFG_Show) referenced from hmi_config.o(i.hmi_config_ctor)
 <LI><a href="#[fb]">HMI_Clean_cmp</a> from hmi.o(i.HMI_Clean_cmp) referenced from hmi.o(i.HMI_ctor)
 <LI><a href="#[15e]">HMI_MAIN_Run</a> from hmi_main.o(i.HMI_MAIN_Run) referenced from hmi_main.o(i.mainHmi_ctor)
 <LI><a href="#[f0]">HMI_Run</a> from hmi.o(i.HMI_Run) referenced from hmi.o(i.HMI_ctor)
 <LI><a href="#[fc]">HMI_Show_cmp</a> from hmi.o(i.HMI_Show_cmp) referenced from hmi.o(i.HMI_ctor)
 <LI><a href="#[101]">HSS_Hide</a> from hmi_select_setting.o(i.HSS_Hide) referenced from hmi_select_setting.o(i.HMI_select_setting_ctor)
 <LI><a href="#[104]">HSS_Hit</a> from hmi_select_setting.o(i.HSS_Hit) referenced from hmi_select_setting.o(i.HMI_select_setting_ctor)
 <LI><a href="#[100]">HSS_Init</a> from hmi_select_setting.o(i.HSS_Init) referenced from hmi_select_setting.o(i.HMI_select_setting_ctor)
 <LI><a href="#[105]">HSS_Init_focus</a> from hmi_select_setting.o(i.HSS_Init_focus) referenced from hmi_select_setting.o(i.HMI_select_setting_ctor)
 <LI><a href="#[102]">HSS_Init_sheet</a> from hmi_select_setting.o(i.HSS_Init_sheet) referenced from hmi_select_setting.o(i.HMI_select_setting_ctor)
 <LI><a href="#[103]">HSS_Show</a> from hmi_select_setting.o(i.HSS_Show) referenced from hmi_select_setting.o(i.HMI_select_setting_ctor)
 <LI><a href="#[4e]">HTR_Exit</a> from cst_set_heater.o(i.HTR_Exit) referenced 2 times from cst_set_heater.o(.data)
 <LI><a href="#[4b]">HTR_Reset_focus</a> from cst_set_heater.o(i.HTR_Reset_focus) referenced 2 times from cst_set_heater.o(.data)
 <LI><a href="#[4d]">HTR_commit</a> from cst_set_heater.o(i.HTR_commit) referenced 2 times from cst_set_heater.o(.data)
 <LI><a href="#[44]">HTR_entry</a> from cst_set_heater.o(i.HTR_entry) referenced 2 times from cst_set_heater.o(.data)
 <LI><a href="#[4c]">HTR_get_focusdata</a> from cst_set_heater.o(i.HTR_get_focusdata) referenced 2 times from cst_set_heater.o(.data)
 <LI><a href="#[45]">HTR_init</a> from cst_set_heater.o(i.HTR_init) referenced 2 times from cst_set_heater.o(.data)
 <LI><a href="#[47]">HTR_key_dn</a> from cst_set_heater.o(i.HTR_key_dn) referenced 2 times from cst_set_heater.o(.data)
 <LI><a href="#[4a]">HTR_key_er</a> from cst_set_heater.o(i.HTR_key_er) referenced 2 times from cst_set_heater.o(.data)
 <LI><a href="#[48]">HTR_key_lt</a> from cst_set_heater.o(i.HTR_key_lt) referenced 2 times from cst_set_heater.o(.data)
 <LI><a href="#[49]">HTR_key_rt</a> from cst_set_heater.o(i.HTR_key_rt) referenced 2 times from cst_set_heater.o(.data)
 <LI><a href="#[46]">HTR_key_up</a> from cst_set_heater.o(i.HTR_key_up) referenced 2 times from cst_set_heater.o(.data)
 <LI><a href="#[72]">HardFault_Handler</a> from main.o(i.HardFault_Handler) referenced from startup_stm32f10x_hd.o(RESET)
 <LI><a href="#[f3]">HitHandle</a> from hmi.o(i.HitHandle) referenced from hmi.o(i.HMI_ctor)
 <LI><a href="#[ef]">HmiShow</a> from hmi.o(i.HmiShow) referenced from hmi.o(i.HMI_ctor)
 <LI><a href="#[9a]">I2C1_ER_IRQHandler</a> from startup_stm32f10x_hd.o(.text) referenced from startup_stm32f10x_hd.o(RESET)
 <LI><a href="#[99]">I2C1_EV_IRQHandler</a> from startup_stm32f10x_hd.o(.text) referenced from startup_stm32f10x_hd.o(RESET)
 <LI><a href="#[9c]">I2C2_ER_IRQHandler</a> from startup_stm32f10x_hd.o(.text) referenced from startup_stm32f10x_hd.o(RESET)
 <LI><a href="#[9b]">I2C2_EV_IRQHandler</a> from startup_stm32f10x_hd.o(.text) referenced from startup_stm32f10x_hd.o(RESET)
 <LI><a href="#[2]">INS_Init</a> from component_option.o(i.INS_Init) referenced 2 times from component_option.o(.data)
 <LI><a href="#[3]">INS_Select</a> from component_option.o(i.INS_Select) referenced 2 times from component_option.o(.data)
 <LI><a href="#[e2]">Init</a> from glyph.o(i.Init) referenced from glyph.o(i.Glyph_ctor)
 <LI><a href="#[12f]">Init_cmmHmi</a> from hmi_comm.o(i.Init_cmmHmi) referenced from hmi_comm.o(i.cmmHmi_ctor)
 <LI><a href="#[f7]">Init_focus</a> from hmi.o(i.Init_focus) referenced from hmi.o(i.HMI_ctor)
 <LI><a href="#[15b]">Init_mainHmi</a> from hmi_main.o(i.Init_mainHmi) referenced from hmi_main.o(i.mainHmi_ctor)
 <LI><a href="#[124]">InputInptSht</a> from ntinput.o(i.InputInptSht) referenced from ntinput.o(i.NtInput_ctor)
 <LI><a href="#[d9]">Ioctol_devSpi</a> from dev_spi.o(i.Ioctol_devSpi) referenced from dev_spi.o(i.Dev_spi_ctor)
 <LI><a href="#[c7]">Ioctol_dev_IIC</a> from dev_iic.o(i.Ioctol_dev_IIC) referenced from dev_iic.o(i.Dev_IIC_ctor)
 <LI><a href="#[c2]">KeyUpdate</a> from ctlkey.o(i.KeyUpdate) referenced from ctlkey.o(i.CtlKey_ctor)
 <LI><a href="#[108]">Key_DelOb</a> from keyboard.o(i.Key_DelOb) referenced from keyboard.o(i.Keyboard_ctor)
 <LI><a href="#[109]">Key_Run</a> from keyboard.o(i.Key_Run) referenced from keyboard.o(i.Keyboard_ctor)
 <LI><a href="#[107]">Key_addOb</a> from keyboard.o(i.Key_addOb) referenced from keyboard.o(i.Keyboard_ctor)
 <LI><a href="#[10c]">Key_identify_key_msg</a> from keyboard.o(i.Key_identify_key_msg) referenced from keyboard.o(i.Keyboard_ctor)
 <LI><a href="#[10a]">Key_notify</a> from keyboard.o(i.Key_notify) referenced from keyboard.o(i.Keyboard_ctor)
 <LI><a href="#[10b]">Key_scan_pins</a> from keyboard.o(i.Key_scan_pins) referenced from keyboard.o(i.Keyboard_ctor)
 <LI><a href="#[106]">Keyboard_init</a> from keyboard.o(i.Keyboard_init) referenced from keyboard.o(i.Keyboard_ctor)
 <LI><a href="#[f4]">LngpshHandle</a> from hmi.o(i.LngpshHandle) referenced from hmi.o(i.HMI_ctor)
 <LI><a href="#[15c]">MainHmiHide</a> from hmi_main.o(i.MainHmiHide) referenced from hmi_main.o(i.mainHmi_ctor)
 <LI><a href="#[15f]">MainHmiShow</a> from hmi_main.o(i.MainHmiShow) referenced from hmi_main.o(i.mainHmi_ctor)
 <LI><a href="#[160]">Main_Init_focus</a> from hmi_main.o(i.Main_Init_focus) referenced from hmi_main.o(i.mainHmi_ctor)
 <LI><a href="#[15d]">MaininitSheet</a> from hmi_main.o(i.MaininitSheet) referenced from hmi_main.o(i.mainHmi_ctor)
 <LI><a href="#[116]">MdlChn_getData</a> from model_channel.o(i.MdlChn_getData) referenced from model_channel.o(i.Model_chn_ctor)
 <LI><a href="#[113]">MdlChn_init</a> from model_channel.o(i.MdlChn_init) referenced from model_channel.o(i.Model_chn_ctor)
 <LI><a href="#[11a]">MdlChn_modify_sconf</a> from model_channel.o(i.MdlChn_modify_sconf) referenced from model_channel.o(i.Model_chn_ctor)
 <LI><a href="#[114]">MdlChn_run</a> from model_channel.o(i.MdlChn_run) referenced from model_channel.o(i.Model_chn_ctor)
 <LI><a href="#[115]">MdlChn_self_check</a> from model_channel.o(i.MdlChn_self_check) referenced from model_channel.o(i.Model_chn_ctor)
 <LI><a href="#[117]">MdlChn_setData</a> from model_channel.o(i.MdlChn_setData) referenced from model_channel.o(i.Model_chn_ctor)
 <LI><a href="#[11b]">MdlChn_set_by_string</a> from model_channel.o(i.MdlChn_set_by_string) referenced from model_channel.o(i.Model_chn_ctor)
 <LI><a href="#[119]">MdlChn_to_percentage</a> from model_channel.o(i.MdlChn_to_percentage) referenced from model_channel.o(i.Model_chn_ctor)
 <LI><a href="#[118]">MdlChn_to_string</a> from model_channel.o(i.MdlChn_to_string) referenced from model_channel.o(i.Model_chn_ctor)
 <LI><a href="#[110]">MdlTime_getData</a> from modeltime.o(i.MdlTime_getData) referenced from modeltime.o(i.ModelTime_ctor)
 <LI><a href="#[10e]">MdlTime_init</a> from modeltime.o(i.MdlTime_init) referenced from modeltime.o(i.ModelTime_ctor)
 <LI><a href="#[10f]">MdlTime_run</a> from modeltime.o(i.MdlTime_run) referenced from modeltime.o(i.ModelTime_ctor)
 <LI><a href="#[111]">MdlTime_set_by_string</a> from modeltime.o(i.MdlTime_set_by_string) referenced from modeltime.o(i.ModelTime_ctor)
 <LI><a href="#[112]">MdlTime_to_string</a> from modeltime.o(i.MdlTime_to_string) referenced from modeltime.o(i.ModelTime_ctor)
 <LI><a href="#[120]">Mdl_addTmMdl</a> from model.o(i.Mdl_addTmMdl) referenced from model.o(i.Model_ctor)
 <LI><a href="#[11c]">Mdl_attach</a> from model.o(i.Mdl_attach) referenced from model.o(i.Model_ctor)
 <LI><a href="#[121]">Mdl_delTmMdl</a> from model.o(i.Mdl_delTmMdl) referenced from model.o(i.Model_ctor)
 <LI><a href="#[11d]">Mdl_detach</a> from model.o(i.Mdl_detach) referenced from model.o(i.Model_ctor)
 <LI><a href="#[11e]">Mdl_getData</a> from model.o(i.Mdl_getData) referenced from model.o(i.Model_ctor)
 <LI><a href="#[122]">Mdl_notify</a> from model.o(i.Mdl_notify) referenced from model.o(i.Model_ctor)
 <LI><a href="#[11f]">Mdl_setData</a> from model.o(i.Mdl_setData) referenced from model.o(i.Model_ctor)
 <LI><a href="#[73]">MemManage_Handler</a> from startup_stm32f10x_hd.o(.text) referenced from startup_stm32f10x_hd.o(RESET)
 <LI><a href="#[71]">NMI_Handler</a> from startup_stm32f10x_hd.o(.text) referenced from startup_stm32f10x_hd.o(RESET)
 <LI><a href="#[a]">OTH_Init</a> from component_option.o(i.OTH_Init) referenced 2 times from component_option.o(.data)
 <LI><a href="#[b]">OTH_Select</a> from component_option.o(i.OTH_Select) referenced 2 times from component_option.o(.data)
 <LI><a href="#[d5]">Open_devSpi</a> from dev_spi.o(i.Open_devSpi) referenced from dev_spi.o(i.Dev_spi_ctor)
 <LI><a href="#[c3]">Open_dev_IIC</a> from dev_iic.o(i.Open_dev_IIC) referenced from dev_iic.o(i.Dev_IIC_ctor)
 <LI><a href="#[43]">PRP_Exit</a> from cst_set_pressure_protect.o(i.PRP_Exit) referenced 2 times from cst_set_pressure_protect.o(.data)
 <LI><a href="#[40]">PRP_Reset_focus</a> from cst_set_pressure_protect.o(i.PRP_Reset_focus) referenced 2 times from cst_set_pressure_protect.o(.data)
 <LI><a href="#[42]">PRP_commit</a> from cst_set_pressure_protect.o(i.PRP_commit) referenced 2 times from cst_set_pressure_protect.o(.data)
 <LI><a href="#[39]">PRP_entry</a> from cst_set_pressure_protect.o(i.PRP_entry) referenced 2 times from cst_set_pressure_protect.o(.data)
 <LI><a href="#[41]">PRP_get_focusdata</a> from cst_set_pressure_protect.o(i.PRP_get_focusdata) referenced 2 times from cst_set_pressure_protect.o(.data)
 <LI><a href="#[3a]">PRP_init</a> from cst_set_pressure_protect.o(i.PRP_init) referenced 2 times from cst_set_pressure_protect.o(.data)
 <LI><a href="#[3c]">PRP_key_dn</a> from cst_set_pressure_protect.o(i.PRP_key_dn) referenced 2 times from cst_set_pressure_protect.o(.data)
 <LI><a href="#[3f]">PRP_key_er</a> from cst_set_pressure_protect.o(i.PRP_key_er) referenced 2 times from cst_set_pressure_protect.o(.data)
 <LI><a href="#[3d]">PRP_key_lt</a> from cst_set_pressure_protect.o(i.PRP_key_lt) referenced 2 times from cst_set_pressure_protect.o(.data)
 <LI><a href="#[3e]">PRP_key_rt</a> from cst_set_pressure_protect.o(i.PRP_key_rt) referenced 2 times from cst_set_pressure_protect.o(.data)
 <LI><a href="#[3b]">PRP_key_up</a> from cst_set_pressure_protect.o(i.PRP_key_up) referenced 2 times from cst_set_pressure_protect.o(.data)
 <LI><a href="#[6]">PRS_Init</a> from component_option.o(i.PRS_Init) referenced 2 times from component_option.o(.data)
 <LI><a href="#[7]">PRS_Select</a> from component_option.o(i.PRS_Select) referenced 2 times from component_option.o(.data)
 <LI><a href="#[2d]">PSD_Exit</a> from cst_set_password.o(i.PSD_Exit) referenced 2 times from cst_set_password.o(.data)
 <LI><a href="#[2a]">PSD_Reset_focus</a> from cst_set_password.o(i.PSD_Reset_focus) referenced 2 times from cst_set_password.o(.data)
 <LI><a href="#[2c]">PSD_commit</a> from cst_set_password.o(i.PSD_commit) referenced 2 times from cst_set_password.o(.data)
 <LI><a href="#[23]">PSD_entry</a> from cst_set_password.o(i.PSD_entry) referenced 2 times from cst_set_password.o(.data)
 <LI><a href="#[2b]">PSD_get_focusdata</a> from cst_set_password.o(i.PSD_get_focusdata) referenced 2 times from cst_set_password.o(.data)
 <LI><a href="#[24]">PSD_init</a> from cst_set_password.o(i.PSD_init) referenced 2 times from cst_set_password.o(.data)
 <LI><a href="#[26]">PSD_key_dn</a> from cst_set_password.o(i.PSD_key_dn) referenced 2 times from cst_set_password.o(.data)
 <LI><a href="#[29]">PSD_key_er</a> from cst_set_password.o(i.PSD_key_er) referenced 2 times from cst_set_password.o(.data)
 <LI><a href="#[27]">PSD_key_lt</a> from cst_set_password.o(i.PSD_key_lt) referenced 2 times from cst_set_password.o(.data)
 <LI><a href="#[28]">PSD_key_rt</a> from cst_set_password.o(i.PSD_key_rt) referenced 2 times from cst_set_password.o(.data)
 <LI><a href="#[25]">PSD_key_up</a> from cst_set_password.o(i.PSD_key_up) referenced 2 times from cst_set_password.o(.data)
 <LI><a href="#[7b]">PVD_IRQHandler</a> from power.o(i.PVD_IRQHandler) referenced from startup_stm32f10x_hd.o(RESET)
 <LI><a href="#[78]">PendSV_Handler</a> from hal_cm3.o(.emb_text) referenced from startup_stm32f10x_hd.o(RESET)
 <LI><a href="#[125]">PicInptSht</a> from picexpr.o(i.PicInptSht) referenced from picexpr.o(i.PicExpr_ctor)
 <LI><a href="#[7f]">RCC_IRQHandler</a> from startup_stm32f10x_hd.o(.text) referenced from startup_stm32f10x_hd.o(RESET)
 <LI><a href="#[a3]">RTCAlarm_IRQHandler</a> from startup_stm32f10x_hd.o(.text) referenced from startup_stm32f10x_hd.o(RESET)
 <LI><a href="#[7d]">RTC_IRQHandler</a> from startup_stm32f10x_hd.o(.text) referenced from startup_stm32f10x_hd.o(RESET)
 <LI><a href="#[d7]">Read_devSpi</a> from dev_spi.o(i.Read_devSpi) referenced from dev_spi.o(i.Dev_spi_ctor)
 <LI><a href="#[c5]">Read_dev_IIC</a> from dev_iic.o(i.Read_dev_IIC) referenced from dev_iic.o(i.Dev_IIC_ctor)
 <LI><a href="#[70]">Reset_Handler</a> from startup_stm32f10x_hd.o(.text) referenced from startup_stm32f10x_hd.o(RESET)
 <LI><a href="#[ab]">SDIO_IRQHandler</a> from startup_stm32f10x_hd.o(.text) referenced from startup_stm32f10x_hd.o(RESET)
 <LI><a href="#[9d]">SPI1_IRQHandler</a> from drive_spi.o(i.SPI1_IRQHandler) referenced from startup_stm32f10x_hd.o(RESET)
 <LI><a href="#[9e]">SPI2_IRQHandler</a> from drive_spi.o(i.SPI2_IRQHandler) referenced from startup_stm32f10x_hd.o(RESET)
 <LI><a href="#[ad]">SPI3_IRQHandler</a> from startup_stm32f10x_hd.o(.text) referenced from startup_stm32f10x_hd.o(RESET)
 <LI><a href="#[e]">STG_Duild_button</a> from hmi.o(i.STG_Duild_button) referenced 18 times from cst_set_time.o(.data)
 <LI><a href="#[12a]">STG_Open_file</a> from storage.o(i.STG_Open_file) referenced from storage.o(i.Storage_ctor)
 <LI><a href="#[76]">SVC_Handler</a> from hal_cm3.o(.emb_text) referenced from startup_stm32f10x_hd.o(RESET)
 <LI><a href="#[f9]">Show_focus</a> from hmi.o(i.Show_focus) referenced from hmi.o(i.HMI_ctor)
 <LI><a href="#[126]">ShtUpdate</a> from sheet.o(i.ShtUpdate) referenced from sheet.o(i.Shtctl_init)
 <LI><a href="#[129]">Strg_WR_stored_data</a> from storage.o(i.Strg_WR_stored_data) referenced from storage.o(i.Storage_ctor)
 <LI><a href="#[127]">Strg_init</a> from storage.o(i.Strg_init) referenced from storage.o(i.Storage_ctor)
 <LI><a href="#[128]">Strg_rd_stored_data</a> from storage.o(i.Strg_rd_stored_data) referenced from storage.o(i.Storage_ctor)
 <LI><a href="#[f2]">SwitchBack</a> from hmi.o(i.SwitchBack) referenced from hmi.o(i.HMI_ctor)
 <LI><a href="#[f1]">SwitchHMI</a> from hmi.o(i.SwitchHMI) referenced from hmi.o(i.HMI_ctor)
 <LI><a href="#[79]">SysTick_Handler</a> from hal_cm3.o(.emb_text) referenced from startup_stm32f10x_hd.o(RESET)
 <LI><a href="#[b8]">SystemInit</a> from system_stm32f10x.o(i.SystemInit) referenced from startup_stm32f10x_hd.o(.text)
 <LI><a href="#[7c]">TAMPER_IRQHandler</a> from startup_stm32f10x_hd.o(.text) referenced from startup_stm32f10x_hd.o(RESET)
 <LI><a href="#[92]">TIM1_BRK_IRQHandler</a> from startup_stm32f10x_hd.o(.text) referenced from startup_stm32f10x_hd.o(RESET)
 <LI><a href="#[95]">TIM1_CC_IRQHandler</a> from startup_stm32f10x_hd.o(.text) referenced from startup_stm32f10x_hd.o(RESET)
 <LI><a href="#[94]">TIM1_TRG_COM_IRQHandler</a> from startup_stm32f10x_hd.o(.text) referenced from startup_stm32f10x_hd.o(RESET)
 <LI><a href="#[93]">TIM1_UP_IRQHandler</a> from startup_stm32f10x_hd.o(.text) referenced from startup_stm32f10x_hd.o(RESET)
 <LI><a href="#[96]">TIM2_IRQHandler</a> from times.o(i.TIM2_IRQHandler) referenced from startup_stm32f10x_hd.o(RESET)
 <LI><a href="#[97]">TIM3_IRQHandler</a> from startup_stm32f10x_hd.o(.text) referenced from startup_stm32f10x_hd.o(RESET)
 <LI><a href="#[98]">TIM4_IRQHandler</a> from startup_stm32f10x_hd.o(.text) referenced from startup_stm32f10x_hd.o(RESET)
 <LI><a href="#[ac]">TIM5_IRQHandler</a> from startup_stm32f10x_hd.o(.text) referenced from startup_stm32f10x_hd.o(RESET)
 <LI><a href="#[b0]">TIM6_IRQHandler</a> from startup_stm32f10x_hd.o(.text) referenced from startup_stm32f10x_hd.o(RESET)
 <LI><a href="#[b1]">TIM7_IRQHandler</a> from startup_stm32f10x_hd.o(.text) referenced from startup_stm32f10x_hd.o(RESET)
 <LI><a href="#[a5]">TIM8_BRK_IRQHandler</a> from startup_stm32f10x_hd.o(.text) referenced from startup_stm32f10x_hd.o(RESET)
 <LI><a href="#[a8]">TIM8_CC_IRQHandler</a> from startup_stm32f10x_hd.o(.text) referenced from startup_stm32f10x_hd.o(RESET)
 <LI><a href="#[a7]">TIM8_TRG_COM_IRQHandler</a> from startup_stm32f10x_hd.o(.text) referenced from startup_stm32f10x_hd.o(RESET)
 <LI><a href="#[a6]">TIM8_UP_IRQHandler</a> from startup_stm32f10x_hd.o(.text) referenced from startup_stm32f10x_hd.o(RESET)
 <LI><a href="#[17]">TIM_Exit</a> from cst_set_time.o(i.TIM_Exit) referenced 2 times from cst_set_time.o(.data)
 <LI><a href="#[8]">TIM_Init</a> from component_option.o(i.TIM_Init) referenced 2 times from component_option.o(.data)
 <LI><a href="#[14]">TIM_Reset_focus</a> from cst_set_time.o(i.TIM_Reset_focus) referenced 2 times from cst_set_time.o(.data)
 <LI><a href="#[9]">TIM_Select</a> from component_option.o(i.TIM_Select) referenced 2 times from component_option.o(.data)
 <LI><a href="#[16]">TIM_commit</a> from cst_set_time.o(i.TIM_commit) referenced 2 times from cst_set_time.o(.data)
 <LI><a href="#[c]">TIM_entry</a> from cst_set_time.o(i.TIM_entry) referenced 2 times from cst_set_time.o(.data)
 <LI><a href="#[15]">TIM_get_focusdata</a> from cst_set_time.o(i.TIM_get_focusdata) referenced 2 times from cst_set_time.o(.data)
 <LI><a href="#[d]">TIM_init</a> from cst_set_time.o(i.TIM_init) referenced 2 times from cst_set_time.o(.data)
 <LI><a href="#[10]">TIM_key_dn</a> from cst_set_time.o(i.TIM_key_dn) referenced 2 times from cst_set_time.o(.data)
 <LI><a href="#[13]">TIM_key_er</a> from cst_set_time.o(i.TIM_key_er) referenced 2 times from cst_set_time.o(.data)
 <LI><a href="#[11]">TIM_key_lt</a> from cst_set_time.o(i.TIM_key_lt) referenced 2 times from cst_set_time.o(.data)
 <LI><a href="#[12]">TIM_key_rt</a> from cst_set_time.o(i.TIM_key_rt) referenced 2 times from cst_set_time.o(.data)
 <LI><a href="#[f]">TIM_key_up</a> from cst_set_time.o(i.TIM_key_up) referenced 2 times from cst_set_time.o(.data)
 <LI><a href="#[da]">Test_devSpi</a> from dev_spi.o(i.Test_devSpi) referenced from dev_spi.o(i.Dev_spi_ctor)
 <LI><a href="#[c8]">Test_dev_IIC</a> from dev_iic.o(i.Test_dev_IIC) referenced from dev_iic.o(i.Dev_IIC_ctor)
 <LI><a href="#[16f]">ThrdKeyRun</a> from main.o(i.ThrdKeyRun) referenced from main.o(.constdata)
 <LI><a href="#[12b]">TxtInptSht</a> from txtexpr.o(i.TxtInptSht) referenced from txtexpr.o(i.TxtExpr_ctor)
 <LI><a href="#[ae]">UART4_IRQHandler</a> from drive_uart.o(i.UART4_IRQHandler) referenced from startup_stm32f10x_hd.o(RESET)
 <LI><a href="#[af]">UART5_IRQHandler</a> from startup_stm32f10x_hd.o(.text) referenced from startup_stm32f10x_hd.o(RESET)
 <LI><a href="#[9f]">USART1_IRQHandler</a> from drive_uart.o(i.USART1_IRQHandler) referenced from startup_stm32f10x_hd.o(RESET)
 <LI><a href="#[a0]">USART2_IRQHandler</a> from drive_uart.o(i.USART2_IRQHandler) referenced from startup_stm32f10x_hd.o(RESET)
 <LI><a href="#[a1]">USART3_IRQHandler</a> from drive_uart.o(i.USART3_IRQHandler) referenced from startup_stm32f10x_hd.o(RESET)
 <LI><a href="#[a4]">USBWakeUp_IRQHandler</a> from startup_stm32f10x_hd.o(.text) referenced from startup_stm32f10x_hd.o(RESET)
 <LI><a href="#[8d]">USB_HP_CAN1_TX_IRQHandler</a> from startup_stm32f10x_hd.o(.text) referenced from startup_stm32f10x_hd.o(RESET)
 <LI><a href="#[8e]">USB_LP_CAN1_RX0_IRQHandler</a> from startup_stm32f10x_hd.o(.text) referenced from startup_stm32f10x_hd.o(RESET)
 <LI><a href="#[13f]">UartDeInit</a> from drive_uart.o(i.UartDeInit) referenced from drive_uart.o(i.driveUart_ctor)
 <LI><a href="#[142]">UartGiveBackPlayloadBuf</a> from drive_uart.o(i.UartGiveBackPlayloadBuf) referenced from drive_uart.o(i.driveUart_ctor)
 <LI><a href="#[13e]">UartInit</a> from drive_uart.o(i.UartInit) referenced from drive_uart.o(i.driveUart_ctor)
 <LI><a href="#[144]">UartIoctol</a> from drive_uart.o(i.UartIoctol) referenced from drive_uart.o(i.driveUart_ctor)
 <LI><a href="#[d3]">UartLedRxHdl</a> from dev_uart.o(i.UartLedRxHdl) referenced from dev_uart.o(i.Dev_Uart_open)
 <LI><a href="#[d4]">UartLedTxHdl</a> from dev_uart.o(i.UartLedTxHdl) referenced from dev_uart.o(i.Dev_Uart_open)
 <LI><a href="#[d1]">UartPostRxSem</a> from dev_uart.o(i.UartPostRxSem) referenced from dev_uart.o(i.Dev_Uart_open)
 <LI><a href="#[d2]">UartPostTxSem</a> from dev_uart.o(i.UartPostTxSem) referenced from dev_uart.o(i.Dev_Uart_open)
 <LI><a href="#[140]">UartRead</a> from drive_uart.o(i.UartRead) referenced from drive_uart.o(i.driveUart_ctor)
 <LI><a href="#[146]">UartSetIdp</a> from drive_uart.o(i.UartSetIdp) referenced from drive_uart.o(i.driveUart_ctor)
 <LI><a href="#[145]">UartSetLedHdl</a> from drive_uart.o(i.UartSetLedHdl) referenced from drive_uart.o(i.driveUart_ctor)
 <LI><a href="#[148]">UartSetPostSem</a> from drive_uart.o(i.UartSetPostSem) referenced from drive_uart.o(i.driveUart_ctor)
 <LI><a href="#[147]">UartSetWaitSem</a> from drive_uart.o(i.UartSetWaitSem) referenced from drive_uart.o(i.driveUart_ctor)
 <LI><a href="#[141]">UartTakeUpPlayloadBuf</a> from drive_uart.o(i.UartTakeUpPlayloadBuf) referenced from drive_uart.o(i.driveUart_ctor)
 <LI><a href="#[149]">UartTest</a> from drive_uart.o(i.UartTest) referenced from drive_uart.o(i.driveUart_ctor)
 <LI><a href="#[cf]">UartWaitRxSem</a> from dev_uart.o(i.UartWaitRxSem) referenced from dev_uart.o(i.Dev_Uart_open)
 <LI><a href="#[d0]">UartWaitTxSem</a> from dev_uart.o(i.UartWaitTxSem) referenced from dev_uart.o(i.Dev_Uart_open)
 <LI><a href="#[143]">UartWrite</a> from drive_uart.o(i.UartWrite) referenced from drive_uart.o(i.driveUart_ctor)
 <LI><a href="#[75]">UsageFault_Handler</a> from startup_stm32f10x_hd.o(.text) referenced from startup_stm32f10x_hd.o(RESET)
 <LI><a href="#[64]">VPP_Exit</a> from cst_set_vapor_pressure .o(i.VPP_Exit) referenced 2 times from cst_set_vapor_pressure .o(.data)
 <LI><a href="#[61]">VPP_Reset_focus</a> from cst_set_vapor_pressure .o(i.VPP_Reset_focus) referenced 2 times from cst_set_vapor_pressure .o(.data)
 <LI><a href="#[63]">VPP_commit</a> from cst_set_vapor_pressure .o(i.VPP_commit) referenced 2 times from cst_set_vapor_pressure .o(.data)
 <LI><a href="#[5a]">VPP_entry</a> from cst_set_vapor_pressure .o(i.VPP_entry) referenced 2 times from cst_set_vapor_pressure .o(.data)
 <LI><a href="#[62]">VPP_get_focusdata</a> from cst_set_vapor_pressure .o(i.VPP_get_focusdata) referenced 2 times from cst_set_vapor_pressure .o(.data)
 <LI><a href="#[5b]">VPP_init</a> from cst_set_vapor_pressure .o(i.VPP_init) referenced 2 times from cst_set_vapor_pressure .o(.data)
 <LI><a href="#[5d]">VPP_key_dn</a> from cst_set_vapor_pressure .o(i.VPP_key_dn) referenced 2 times from cst_set_vapor_pressure .o(.data)
 <LI><a href="#[60]">VPP_key_er</a> from cst_set_vapor_pressure .o(i.VPP_key_er) referenced 2 times from cst_set_vapor_pressure .o(.data)
 <LI><a href="#[5e]">VPP_key_lt</a> from cst_set_vapor_pressure .o(i.VPP_key_lt) referenced 2 times from cst_set_vapor_pressure .o(.data)
 <LI><a href="#[5f]">VPP_key_rt</a> from cst_set_vapor_pressure .o(i.VPP_key_rt) referenced 2 times from cst_set_vapor_pressure .o(.data)
 <LI><a href="#[5c]">VPP_key_up</a> from cst_set_vapor_pressure .o(i.VPP_key_up) referenced 2 times from cst_set_vapor_pressure .o(.data)
 <LI><a href="#[7a]">WWDG_IRQHandler</a> from startup_stm32f10x_hd.o(.text) referenced from startup_stm32f10x_hd.o(RESET)
 <LI><a href="#[d8]">Write_devSpi</a> from dev_spi.o(i.Write_devSpi) referenced from dev_spi.o(i.Dev_spi_ctor)
 <LI><a href="#[c6]">Write_dev_IIC</a> from dev_iic.o(i.Write_dev_IIC) referenced from dev_iic.o(i.Dev_IIC_ctor)
 <LI><a href="#[b9]">__main</a> from entry.o(.ARM.Collect$$$$00000000) referenced from startup_stm32f10x_hd.o(.text)
 <LI><a href="#[12d]">_snputc</a> from printf8.o(i._snputc) referenced from printf8.o(i.__0snprintf$8)
 <LI><a href="#[12e]">_sputc</a> from printf8.o(i._sputc) referenced from printf8.o(i.__0sprintf$8)
 <LI><a href="#[12c]">fputc</a> from main.o(i.fputc) referenced from printf8.o(i.__0fprintf$8)
 <LI><a href="#[171]">main</a> from main.o(i.main) referenced from rtx_conf_cm.o(.constdata)
 <LI><a href="#[16e]">osThreadExit</a> from rt_cmsis.o(i.osThreadExit) referenced from rt_cmsis.o(i.svcThreadCreate)
 <LI><a href="#[170]">osTimerThread</a> from rt_cmsis.o(i.osTimerThread) referenced from rtx_conf_cm.o(.constdata)
 <LI><a href="#[16d]">os_idle_demon</a> from rtx_conf_cm.o(i.os_idle_demon) referenced from rt_task.o(i.rt_sys_init)
 <LI><a href="#[b6]">rt_alloc_box</a> from rt_membox.o(i.rt_alloc_box) referenced from hal_cm3.o(.emb_text)
 <LI><a href="#[b7]">rt_free_box</a> from rt_membox.o(i.rt_free_box) referenced from hal_cm3.o(.emb_text)
 <LI><a href="#[161]">svcDelay</a> from rt_cmsis.o(i.svcDelay) referenced from rt_cmsis.o(i.osDelay)
 <LI><a href="#[162]">svcKernelInitialize</a> from rt_cmsis.o(i.svcKernelInitialize) referenced from rt_cmsis.o(i.osKernelInitialize)
 <LI><a href="#[163]">svcKernelStart</a> from rt_cmsis.o(i.svcKernelStart) referenced from rt_cmsis.o(i.osKernelStart)
 <LI><a href="#[164]">svcMessageGet</a> from rt_cmsis.o(i.svcMessageGet) referenced from rt_cmsis.o(i.osMessageGet)
 <LI><a href="#[165]">svcSemaphoreCreate</a> from rt_cmsis.o(i.svcSemaphoreCreate) referenced from rt_cmsis.o(i.osSemaphoreCreate)
 <LI><a href="#[166]">svcSemaphoreRelease</a> from rt_cmsis.o(i.svcSemaphoreRelease) referenced from rt_cmsis.o(i.osSemaphoreRelease)
 <LI><a href="#[167]">svcSemaphoreWait</a> from rt_cmsis.o(i.svcSemaphoreWait) referenced from rt_cmsis.o(i.osSemaphoreWait)
 <LI><a href="#[168]">svcThreadCreate</a> from rt_cmsis.o(i.svcThreadCreate) referenced from rt_cmsis.o(i.osThreadCreate)
 <LI><a href="#[169]">svcThreadGetId</a> from rt_cmsis.o(i.svcThreadGetId) referenced from rt_cmsis.o(i.osThreadExit)
 <LI><a href="#[16a]">svcThreadTerminate</a> from rt_cmsis.o(i.svcThreadTerminate) referenced from rt_cmsis.o(i.osThreadExit)
 <LI><a href="#[16b]">svcThreadYield</a> from rt_cmsis.o(i.svcThreadYield) referenced from rt_cmsis.o(i.osThreadYield)
 <LI><a href="#[16c]">svcTimerCall</a> from rt_cmsis.o(i.svcTimerCall) referenced from rt_cmsis.o(i.osTimerCall)
 <LI><a href="#[e4]">vDraw</a> from glyph.o(i.vDraw) referenced from glyph.o(i.Glyph_ctor)
</UL>
<P>
<H3>
Global Symbols
</H3>
<P><STRONG><a name="[b9]"></a>__main</STRONG> (Thumb, 0 bytes, Stack size unknown bytes, entry.o(.ARM.Collect$$$$00000000))
<BR>[Address Reference Count : 1]<UL><LI> startup_stm32f10x_hd.o(.text)
</UL>
<P><STRONG><a name="[350]"></a>_main_stk</STRONG> (Thumb, 0 bytes, Stack size unknown bytes, entry2.o(.ARM.Collect$$$$00000001))

<P><STRONG><a name="[172]"></a>_main_scatterload</STRONG> (Thumb, 0 bytes, Stack size unknown bytes, entry5.o(.ARM.Collect$$$$00000004))
<BR><BR>[Calls]<UL><LI><a href="#[173]">&gt;&gt;</a>&nbsp;&nbsp;&nbsp;__scatterload
</UL>

<P><STRONG><a name="[18c]"></a>__main_after_scatterload</STRONG> (Thumb, 0 bytes, Stack size 0 bytes, entry5.o(.ARM.Collect$$$$00000004))
<BR><BR>[Called By]<UL><LI><a href="#[173]">&gt;&gt;</a>&nbsp;&nbsp;&nbsp;__scatterload
</UL>

<P><STRONG><a name="[351]"></a>__rt_final_cpp</STRONG> (Thumb, 0 bytes, Stack size 0 bytes, entry10a.o(.ARM.Collect$$$$0000000D))

<P><STRONG><a name="[352]"></a>__rt_final_exit</STRONG> (Thumb, 0 bytes, Stack size 0 bytes, entry11a.o(.ARM.Collect$$$$0000000F))

<P><STRONG><a name="[353]"></a>_main_clock</STRONG> (Thumb, 0 bytes, Stack size 0 bytes, entry7b.o(.ARM.Collect$$$$00000008))

<P><STRONG><a name="[354]"></a>_main_cpp_init</STRONG> (Thumb, 0 bytes, Stack size 0 bytes, entry8b.o(.ARM.Collect$$$$0000000A))

<P><STRONG><a name="[174]"></a>_main_init</STRONG> (Thumb, 18 bytes, Stack size 0 bytes, rtx_conf_cm.o(.ARM.Collect$$$$000000FF))
<BR><BR>[Stack]<UL><LI>Max Depth = 80<LI>Call Chain = _main_init &rArr; osKernelInitialize &rArr; svcKernelInitialize &rArr; svcThreadCreate &rArr; rt_tsk_create &rArr; rt_init_context &rArr; rt_init_stack
</UL>
<BR>[Calls]<UL><LI><a href="#[176]">&gt;&gt;</a>&nbsp;&nbsp;&nbsp;osThreadCreate
<LI><a href="#[177]">&gt;&gt;</a>&nbsp;&nbsp;&nbsp;osKernelStart
<LI><a href="#[175]">&gt;&gt;</a>&nbsp;&nbsp;&nbsp;osKernelInitialize
</UL>

<P><STRONG><a name="[355]"></a>rt_set_PSP</STRONG> (Thumb, 6 bytes, Stack size 0 bytes, hal_cm3.o(.emb_text), UNUSED)

<P><STRONG><a name="[341]"></a>rt_get_PSP</STRONG> (Thumb, 6 bytes, Stack size 0 bytes, hal_cm3.o(.emb_text))
<BR><BR>[Called By]<UL><LI><a href="#[340]">&gt;&gt;</a>&nbsp;&nbsp;&nbsp;rt_tsk_delete
</UL>

<P><STRONG><a name="[356]"></a>os_set_env</STRONG> (Thumb, 24 bytes, Stack size 0 bytes, hal_cm3.o(.emb_text), UNUSED)

<P><STRONG><a name="[357]"></a>_alloc_box</STRONG> (Thumb, 28 bytes, Stack size 0 bytes, hal_cm3.o(.emb_text), UNUSED)

<P><STRONG><a name="[358]"></a>_free_box</STRONG> (Thumb, 28 bytes, Stack size 0 bytes, hal_cm3.o(.emb_text), UNUSED)

<P><STRONG><a name="[76]"></a>SVC_Handler</STRONG> (Thumb, 108 bytes, Stack size 0 bytes, hal_cm3.o(.emb_text))
<BR><BR>[Calls]<UL><LI><a href="#[178]">&gt;&gt;</a>&nbsp;&nbsp;&nbsp;rt_stk_check
</UL>
<BR>[Address Reference Count : 1]<UL><LI> startup_stm32f10x_hd.o(RESET)
</UL>
<P><STRONG><a name="[78]"></a>PendSV_Handler</STRONG> (Thumb, 56 bytes, Stack size 0 bytes, hal_cm3.o(.emb_text))
<BR><BR>[Stack]<UL><LI>Max Depth = 52<LI>Call Chain = PendSV_Handler &rArr; rt_pop_req &rArr; rt_mbx_psh &rArr; rt_put_prio
</UL>
<BR>[Calls]<UL><LI><a href="#[179]">&gt;&gt;</a>&nbsp;&nbsp;&nbsp;rt_pop_req
<LI><a href="#[178]">&gt;&gt;</a>&nbsp;&nbsp;&nbsp;rt_stk_check
</UL>
<BR>[Address Reference Count : 1]<UL><LI> startup_stm32f10x_hd.o(RESET)
</UL>
<P><STRONG><a name="[79]"></a>SysTick_Handler</STRONG> (Thumb, 8 bytes, Stack size 0 bytes, hal_cm3.o(.emb_text))
<BR><BR>[Stack]<UL><LI>Max Depth = 72<LI>Call Chain = SysTick_Handler &rArr; rt_systick &rArr; sysTimerTick &rArr; isrMessagePut &rArr; isr_mbx_send &rArr; rt_psq_enq
</UL>
<BR>[Calls]<UL><LI><a href="#[17a]">&gt;&gt;</a>&nbsp;&nbsp;&nbsp;rt_systick
</UL>
<BR>[Address Reference Count : 1]<UL><LI> startup_stm32f10x_hd.o(RESET)
</UL>
<P><STRONG><a name="[17b]"></a>OS_Tick_Handler</STRONG> (Thumb, 12 bytes, Stack size 0 bytes, hal_cm3.o(.emb_text), UNUSED)
<BR><BR>[Calls]<UL><LI><a href="#[17c]">&gt;&gt;</a>&nbsp;&nbsp;&nbsp;os_tick_irqack
<LI><a href="#[17a]">&gt;&gt;</a>&nbsp;&nbsp;&nbsp;rt_systick
</UL>

<P><STRONG><a name="[70]"></a>Reset_Handler</STRONG> (Thumb, 8 bytes, Stack size 0 bytes, startup_stm32f10x_hd.o(.text))
<BR>[Address Reference Count : 1]<UL><LI> startup_stm32f10x_hd.o(RESET)
</UL>
<P><STRONG><a name="[71]"></a>NMI_Handler</STRONG> (Thumb, 2 bytes, Stack size 0 bytes, startup_stm32f10x_hd.o(.text))
<BR><BR>[Calls]<UL><LI><a href="#[71]">&gt;&gt;</a>&nbsp;&nbsp;&nbsp;NMI_Handler
</UL>
<BR>[Called By]<UL><LI><a href="#[71]">&gt;&gt;</a>&nbsp;&nbsp;&nbsp;NMI_Handler
</UL>
<BR>[Address Reference Count : 1]<UL><LI> startup_stm32f10x_hd.o(RESET)
</UL>
<P><STRONG><a name="[73]"></a>MemManage_Handler</STRONG> (Thumb, 2 bytes, Stack size 0 bytes, startup_stm32f10x_hd.o(.text))
<BR><BR>[Calls]<UL><LI><a href="#[73]">&gt;&gt;</a>&nbsp;&nbsp;&nbsp;MemManage_Handler
</UL>
<BR>[Called By]<UL><LI><a href="#[73]">&gt;&gt;</a>&nbsp;&nbsp;&nbsp;MemManage_Handler
</UL>
<BR>[Address Reference Count : 1]<UL><LI> startup_stm32f10x_hd.o(RESET)
</UL>
<P><STRONG><a name="[74]"></a>BusFault_Handler</STRONG> (Thumb, 2 bytes, Stack size 0 bytes, startup_stm32f10x_hd.o(.text))
<BR><BR>[Calls]<UL><LI><a href="#[74]">&gt;&gt;</a>&nbsp;&nbsp;&nbsp;BusFault_Handler
</UL>
<BR>[Called By]<UL><LI><a href="#[74]">&gt;&gt;</a>&nbsp;&nbsp;&nbsp;BusFault_Handler
</UL>
<BR>[Address Reference Count : 1]<UL><LI> startup_stm32f10x_hd.o(RESET)
</UL>
<P><STRONG><a name="[75]"></a>UsageFault_Handler</STRONG> (Thumb, 2 bytes, Stack size 0 bytes, startup_stm32f10x_hd.o(.text))
<BR><BR>[Calls]<UL><LI><a href="#[75]">&gt;&gt;</a>&nbsp;&nbsp;&nbsp;UsageFault_Handler
</UL>
<BR>[Called By]<UL><LI><a href="#[75]">&gt;&gt;</a>&nbsp;&nbsp;&nbsp;UsageFault_Handler
</UL>
<BR>[Address Reference Count : 1]<UL><LI> startup_stm32f10x_hd.o(RESET)
</UL>
<P><STRONG><a name="[77]"></a>DebugMon_Handler</STRONG> (Thumb, 2 bytes, Stack size 0 bytes, startup_stm32f10x_hd.o(.text))
<BR><BR>[Calls]<UL><LI><a href="#[77]">&gt;&gt;</a>&nbsp;&nbsp;&nbsp;DebugMon_Handler
</UL>
<BR>[Called By]<UL><LI><a href="#[77]">&gt;&gt;</a>&nbsp;&nbsp;&nbsp;DebugMon_Handler
</UL>
<BR>[Address Reference Count : 1]<UL><LI> startup_stm32f10x_hd.o(RESET)
</UL>
<P><STRONG><a name="[8c]"></a>ADC1_2_IRQHandler</STRONG> (Thumb, 0 bytes, Stack size 0 bytes, startup_stm32f10x_hd.o(.text))
<BR><BR>[Calls]<UL><LI><a href="#[8c]">&gt;&gt;</a>&nbsp;&nbsp;&nbsp;ADC1_2_IRQHandler
</UL>
<BR>[Called By]<UL><LI><a href="#[8c]">&gt;&gt;</a>&nbsp;&nbsp;&nbsp;ADC1_2_IRQHandler
</UL>
<BR>[Address Reference Count : 1]<UL><LI> startup_stm32f10x_hd.o(RESET)
</UL>
<P><STRONG><a name="[a9]"></a>ADC3_IRQHandler</STRONG> (Thumb, 0 bytes, Stack size 0 bytes, startup_stm32f10x_hd.o(.text))
<BR>[Address Reference Count : 1]<UL><LI> startup_stm32f10x_hd.o(RESET)
</UL>
<P><STRONG><a name="[8f]"></a>CAN1_RX1_IRQHandler</STRONG> (Thumb, 0 bytes, Stack size 0 bytes, startup_stm32f10x_hd.o(.text))
<BR>[Address Reference Count : 1]<UL><LI> startup_stm32f10x_hd.o(RESET)
</UL>
<P><STRONG><a name="[90]"></a>CAN1_SCE_IRQHandler</STRONG> (Thumb, 0 bytes, Stack size 0 bytes, startup_stm32f10x_hd.o(.text))
<BR>[Address Reference Count : 1]<UL><LI> startup_stm32f10x_hd.o(RESET)
</UL>
<P><STRONG><a name="[85]"></a>DMA1_Channel1_IRQHandler</STRONG> (Thumb, 0 bytes, Stack size 0 bytes, startup_stm32f10x_hd.o(.text))
<BR>[Address Reference Count : 1]<UL><LI> startup_stm32f10x_hd.o(RESET)
</UL>
<P><STRONG><a name="[87]"></a>DMA1_Channel3_IRQHandler</STRONG> (Thumb, 0 bytes, Stack size 0 bytes, startup_stm32f10x_hd.o(.text))
<BR>[Address Reference Count : 1]<UL><LI> startup_stm32f10x_hd.o(RESET)
</UL>
<P><STRONG><a name="[89]"></a>DMA1_Channel5_IRQHandler</STRONG> (Thumb, 0 bytes, Stack size 0 bytes, startup_stm32f10x_hd.o(.text))
<BR>[Address Reference Count : 1]<UL><LI> startup_stm32f10x_hd.o(RESET)
</UL>
<P><STRONG><a name="[8a]"></a>DMA1_Channel6_IRQHandler</STRONG> (Thumb, 0 bytes, Stack size 0 bytes, startup_stm32f10x_hd.o(.text))
<BR>[Address Reference Count : 1]<UL><LI> startup_stm32f10x_hd.o(RESET)
</UL>
<P><STRONG><a name="[b2]"></a>DMA2_Channel1_IRQHandler</STRONG> (Thumb, 0 bytes, Stack size 0 bytes, startup_stm32f10x_hd.o(.text))
<BR>[Address Reference Count : 1]<UL><LI> startup_stm32f10x_hd.o(RESET)
</UL>
<P><STRONG><a name="[b3]"></a>DMA2_Channel2_IRQHandler</STRONG> (Thumb, 0 bytes, Stack size 0 bytes, startup_stm32f10x_hd.o(.text))
<BR>[Address Reference Count : 1]<UL><LI> startup_stm32f10x_hd.o(RESET)
</UL>
<P><STRONG><a name="[b4]"></a>DMA2_Channel3_IRQHandler</STRONG> (Thumb, 0 bytes, Stack size 0 bytes, startup_stm32f10x_hd.o(.text))
<BR>[Address Reference Count : 1]<UL><LI> startup_stm32f10x_hd.o(RESET)
</UL>
<P><STRONG><a name="[7e]"></a>FLASH_IRQHandler</STRONG> (Thumb, 0 bytes, Stack size 0 bytes, startup_stm32f10x_hd.o(.text))
<BR>[Address Reference Count : 1]<UL><LI> startup_stm32f10x_hd.o(RESET)
</UL>
<P><STRONG><a name="[aa]"></a>FSMC_IRQHandler</STRONG> (Thumb, 0 bytes, Stack size 0 bytes, startup_stm32f10x_hd.o(.text))
<BR>[Address Reference Count : 1]<UL><LI> startup_stm32f10x_hd.o(RESET)
</UL>
<P><STRONG><a name="[9a]"></a>I2C1_ER_IRQHandler</STRONG> (Thumb, 0 bytes, Stack size 0 bytes, startup_stm32f10x_hd.o(.text))
<BR>[Address Reference Count : 1]<UL><LI> startup_stm32f10x_hd.o(RESET)
</UL>
<P><STRONG><a name="[99]"></a>I2C1_EV_IRQHandler</STRONG> (Thumb, 0 bytes, Stack size 0 bytes, startup_stm32f10x_hd.o(.text))
<BR>[Address Reference Count : 1]<UL><LI> startup_stm32f10x_hd.o(RESET)
</UL>
<P><STRONG><a name="[9c]"></a>I2C2_ER_IRQHandler</STRONG> (Thumb, 0 bytes, Stack size 0 bytes, startup_stm32f10x_hd.o(.text))
<BR>[Address Reference Count : 1]<UL><LI> startup_stm32f10x_hd.o(RESET)
</UL>
<P><STRONG><a name="[9b]"></a>I2C2_EV_IRQHandler</STRONG> (Thumb, 0 bytes, Stack size 0 bytes, startup_stm32f10x_hd.o(.text))
<BR>[Address Reference Count : 1]<UL><LI> startup_stm32f10x_hd.o(RESET)
</UL>
<P><STRONG><a name="[7f]"></a>RCC_IRQHandler</STRONG> (Thumb, 0 bytes, Stack size 0 bytes, startup_stm32f10x_hd.o(.text))
<BR>[Address Reference Count : 1]<UL><LI> startup_stm32f10x_hd.o(RESET)
</UL>
<P><STRONG><a name="[a3]"></a>RTCAlarm_IRQHandler</STRONG> (Thumb, 0 bytes, Stack size 0 bytes, startup_stm32f10x_hd.o(.text))
<BR>[Address Reference Count : 1]<UL><LI> startup_stm32f10x_hd.o(RESET)
</UL>
<P><STRONG><a name="[7d]"></a>RTC_IRQHandler</STRONG> (Thumb, 0 bytes, Stack size 0 bytes, startup_stm32f10x_hd.o(.text))
<BR>[Address Reference Count : 1]<UL><LI> startup_stm32f10x_hd.o(RESET)
</UL>
<P><STRONG><a name="[ab]"></a>SDIO_IRQHandler</STRONG> (Thumb, 0 bytes, Stack size 0 bytes, startup_stm32f10x_hd.o(.text))
<BR>[Address Reference Count : 1]<UL><LI> startup_stm32f10x_hd.o(RESET)
</UL>
<P><STRONG><a name="[ad]"></a>SPI3_IRQHandler</STRONG> (Thumb, 0 bytes, Stack size 0 bytes, startup_stm32f10x_hd.o(.text))
<BR>[Address Reference Count : 1]<UL><LI> startup_stm32f10x_hd.o(RESET)
</UL>
<P><STRONG><a name="[7c]"></a>TAMPER_IRQHandler</STRONG> (Thumb, 0 bytes, Stack size 0 bytes, startup_stm32f10x_hd.o(.text))
<BR>[Address Reference Count : 1]<UL><LI> startup_stm32f10x_hd.o(RESET)
</UL>
<P><STRONG><a name="[92]"></a>TIM1_BRK_IRQHandler</STRONG> (Thumb, 0 bytes, Stack size 0 bytes, startup_stm32f10x_hd.o(.text))
<BR>[Address Reference Count : 1]<UL><LI> startup_stm32f10x_hd.o(RESET)
</UL>
<P><STRONG><a name="[95]"></a>TIM1_CC_IRQHandler</STRONG> (Thumb, 0 bytes, Stack size 0 bytes, startup_stm32f10x_hd.o(.text))
<BR>[Address Reference Count : 1]<UL><LI> startup_stm32f10x_hd.o(RESET)
</UL>
<P><STRONG><a name="[94]"></a>TIM1_TRG_COM_IRQHandler</STRONG> (Thumb, 0 bytes, Stack size 0 bytes, startup_stm32f10x_hd.o(.text))
<BR>[Address Reference Count : 1]<UL><LI> startup_stm32f10x_hd.o(RESET)
</UL>
<P><STRONG><a name="[93]"></a>TIM1_UP_IRQHandler</STRONG> (Thumb, 0 bytes, Stack size 0 bytes, startup_stm32f10x_hd.o(.text))
<BR>[Address Reference Count : 1]<UL><LI> startup_stm32f10x_hd.o(RESET)
</UL>
<P><STRONG><a name="[97]"></a>TIM3_IRQHandler</STRONG> (Thumb, 0 bytes, Stack size 0 bytes, startup_stm32f10x_hd.o(.text))
<BR>[Address Reference Count : 1]<UL><LI> startup_stm32f10x_hd.o(RESET)
</UL>
<P><STRONG><a name="[98]"></a>TIM4_IRQHandler</STRONG> (Thumb, 0 bytes, Stack size 0 bytes, startup_stm32f10x_hd.o(.text))
<BR>[Address Reference Count : 1]<UL><LI> startup_stm32f10x_hd.o(RESET)
</UL>
<P><STRONG><a name="[ac]"></a>TIM5_IRQHandler</STRONG> (Thumb, 0 bytes, Stack size 0 bytes, startup_stm32f10x_hd.o(.text))
<BR>[Address Reference Count : 1]<UL><LI> startup_stm32f10x_hd.o(RESET)
</UL>
<P><STRONG><a name="[b0]"></a>TIM6_IRQHandler</STRONG> (Thumb, 0 bytes, Stack size 0 bytes, startup_stm32f10x_hd.o(.text))
<BR>[Address Reference Count : 1]<UL><LI> startup_stm32f10x_hd.o(RESET)
</UL>
<P><STRONG><a name="[b1]"></a>TIM7_IRQHandler</STRONG> (Thumb, 0 bytes, Stack size 0 bytes, startup_stm32f10x_hd.o(.text))
<BR>[Address Reference Count : 1]<UL><LI> startup_stm32f10x_hd.o(RESET)
</UL>
<P><STRONG><a name="[a5]"></a>TIM8_BRK_IRQHandler</STRONG> (Thumb, 0 bytes, Stack size 0 bytes, startup_stm32f10x_hd.o(.text))
<BR>[Address Reference Count : 1]<UL><LI> startup_stm32f10x_hd.o(RESET)
</UL>
<P><STRONG><a name="[a8]"></a>TIM8_CC_IRQHandler</STRONG> (Thumb, 0 bytes, Stack size 0 bytes, startup_stm32f10x_hd.o(.text))
<BR>[Address Reference Count : 1]<UL><LI> startup_stm32f10x_hd.o(RESET)
</UL>
<P><STRONG><a name="[a7]"></a>TIM8_TRG_COM_IRQHandler</STRONG> (Thumb, 0 bytes, Stack size 0 bytes, startup_stm32f10x_hd.o(.text))
<BR>[Address Reference Count : 1]<UL><LI> startup_stm32f10x_hd.o(RESET)
</UL>
<P><STRONG><a name="[a6]"></a>TIM8_UP_IRQHandler</STRONG> (Thumb, 0 bytes, Stack size 0 bytes, startup_stm32f10x_hd.o(.text))
<BR>[Address Reference Count : 1]<UL><LI> startup_stm32f10x_hd.o(RESET)
</UL>
<P><STRONG><a name="[af]"></a>UART5_IRQHandler</STRONG> (Thumb, 0 bytes, Stack size 0 bytes, startup_stm32f10x_hd.o(.text))
<BR>[Address Reference Count : 1]<UL><LI> startup_stm32f10x_hd.o(RESET)
</UL>
<P><STRONG><a name="[a4]"></a>USBWakeUp_IRQHandler</STRONG> (Thumb, 0 bytes, Stack size 0 bytes, startup_stm32f10x_hd.o(.text))
<BR>[Address Reference Count : 1]<UL><LI> startup_stm32f10x_hd.o(RESET)
</UL>
<P><STRONG><a name="[8d]"></a>USB_HP_CAN1_TX_IRQHandler</STRONG> (Thumb, 0 bytes, Stack size 0 bytes, startup_stm32f10x_hd.o(.text))
<BR>[Address Reference Count : 1]<UL><LI> startup_stm32f10x_hd.o(RESET)
</UL>
<P><STRONG><a name="[8e]"></a>USB_LP_CAN1_RX0_IRQHandler</STRONG> (Thumb, 0 bytes, Stack size 0 bytes, startup_stm32f10x_hd.o(.text))
<BR>[Address Reference Count : 1]<UL><LI> startup_stm32f10x_hd.o(RESET)
</UL>
<P><STRONG><a name="[7a]"></a>WWDG_IRQHandler</STRONG> (Thumb, 0 bytes, Stack size 0 bytes, startup_stm32f10x_hd.o(.text))
<BR>[Address Reference Count : 1]<UL><LI> startup_stm32f10x_hd.o(RESET)
</UL>
<P><STRONG><a name="[17d]"></a>__aeabi_uldivmod</STRONG> (Thumb, 98 bytes, Stack size 40 bytes, uldiv.o(.text), UNUSED)
<BR><BR>[Calls]<UL><LI><a href="#[17e]">&gt;&gt;</a>&nbsp;&nbsp;&nbsp;__aeabi_llsr
<LI><a href="#[17f]">&gt;&gt;</a>&nbsp;&nbsp;&nbsp;__aeabi_llsl
</UL>
<BR>[Called By]<UL><LI><a href="#[302]">&gt;&gt;</a>&nbsp;&nbsp;&nbsp;_printf_core
</UL>

<P><STRONG><a name="[1ab]"></a>__aeabi_memcpy</STRONG> (Thumb, 36 bytes, Stack size 0 bytes, memcpya.o(.text))
<BR><BR>[Called By]<UL><LI><a href="#[143]">&gt;&gt;</a>&nbsp;&nbsp;&nbsp;UartWrite
<LI><a href="#[140]">&gt;&gt;</a>&nbsp;&nbsp;&nbsp;UartRead
<LI><a href="#[1aa]">&gt;&gt;</a>&nbsp;&nbsp;&nbsp;CHD_Get_code
<LI><a href="#[11f]">&gt;&gt;</a>&nbsp;&nbsp;&nbsp;Mdl_setData
<LI><a href="#[11e]">&gt;&gt;</a>&nbsp;&nbsp;&nbsp;Mdl_getData
<LI><a href="#[305]">&gt;&gt;</a>&nbsp;&nbsp;&nbsp;internal_alloc
</UL>

<P><STRONG><a name="[359]"></a>__aeabi_memcpy4</STRONG> (Thumb, 0 bytes, Stack size 0 bytes, memcpya.o(.text), UNUSED)

<P><STRONG><a name="[35a]"></a>__aeabi_memcpy8</STRONG> (Thumb, 0 bytes, Stack size 0 bytes, memcpya.o(.text), UNUSED)

<P><STRONG><a name="[181]"></a>__aeabi_memset</STRONG> (Thumb, 14 bytes, Stack size 0 bytes, memseta.o(.text))
<BR><BR>[Called By]<UL><LI><a href="#[152]">&gt;&gt;</a>&nbsp;&nbsp;&nbsp;FM_Clear
<LI><a href="#[1b1]">&gt;&gt;</a>&nbsp;&nbsp;&nbsp;CNF_Show_strategy_focus
<LI><a href="#[182]">&gt;&gt;</a>&nbsp;&nbsp;&nbsp;_memset$wrapper
<LI><a href="#[180]">&gt;&gt;</a>&nbsp;&nbsp;&nbsp;__aeabi_memclr
</UL>

<P><STRONG><a name="[35b]"></a>__aeabi_memset4</STRONG> (Thumb, 0 bytes, Stack size 0 bytes, memseta.o(.text), UNUSED)

<P><STRONG><a name="[35c]"></a>__aeabi_memset8</STRONG> (Thumb, 0 bytes, Stack size 0 bytes, memseta.o(.text), UNUSED)

<P><STRONG><a name="[180]"></a>__aeabi_memclr</STRONG> (Thumb, 4 bytes, Stack size 0 bytes, memseta.o(.text))
<BR><BR>[Calls]<UL><LI><a href="#[181]">&gt;&gt;</a>&nbsp;&nbsp;&nbsp;__aeabi_memset
</UL>
<BR>[Called By]<UL><LI><a href="#[2f3]">&gt;&gt;</a>&nbsp;&nbsp;&nbsp;free_playloadbuf
<LI><a href="#[140]">&gt;&gt;</a>&nbsp;&nbsp;&nbsp;UartRead
<LI><a href="#[1cf]">&gt;&gt;</a>&nbsp;&nbsp;&nbsp;Print_float
<LI><a href="#[3a]">&gt;&gt;</a>&nbsp;&nbsp;&nbsp;PRP_init
<LI><a href="#[2f]">&gt;&gt;</a>&nbsp;&nbsp;&nbsp;ATP_init
<LI><a href="#[24]">&gt;&gt;</a>&nbsp;&nbsp;&nbsp;PSD_init
<LI><a href="#[19]">&gt;&gt;</a>&nbsp;&nbsp;&nbsp;DSP_init
<LI><a href="#[d]">&gt;&gt;</a>&nbsp;&nbsp;&nbsp;TIM_init
<LI><a href="#[278]">&gt;&gt;</a>&nbsp;&nbsp;&nbsp;MdlChn_default_conf
<LI><a href="#[277]">&gt;&gt;</a>&nbsp;&nbsp;&nbsp;MdlChn_default_alarm
<LI><a href="#[66]">&gt;&gt;</a>&nbsp;&nbsp;&nbsp;CSM_init
<LI><a href="#[5b]">&gt;&gt;</a>&nbsp;&nbsp;&nbsp;VPP_init
<LI><a href="#[50]">&gt;&gt;</a>&nbsp;&nbsp;&nbsp;DSF_init
<LI><a href="#[45]">&gt;&gt;</a>&nbsp;&nbsp;&nbsp;HTR_init
<LI><a href="#[209]">&gt;&gt;</a>&nbsp;&nbsp;&nbsp;GetKeyVal
<LI><a href="#[125]">&gt;&gt;</a>&nbsp;&nbsp;&nbsp;PicInptSht
<LI><a href="#[e5]">&gt;&gt;</a>&nbsp;&nbsp;&nbsp;GeoInptSht
<LI><a href="#[124]">&gt;&gt;</a>&nbsp;&nbsp;&nbsp;InputInptSht
<LI><a href="#[123]">&gt;&gt;</a>&nbsp;&nbsp;&nbsp;BuInptSht
<LI><a href="#[1a3]">&gt;&gt;</a>&nbsp;&nbsp;&nbsp;GetAttribute
<LI><a href="#[12b]">&gt;&gt;</a>&nbsp;&nbsp;&nbsp;TxtInptSht
</UL>

<P><STRONG><a name="[1f1]"></a>__aeabi_memclr4</STRONG> (Thumb, 0 bytes, Stack size 0 bytes, memseta.o(.text))
<BR><BR>[Called By]<UL><LI><a href="#[152]">&gt;&gt;</a>&nbsp;&nbsp;&nbsp;FM_Clear
<LI><a href="#[111]">&gt;&gt;</a>&nbsp;&nbsp;&nbsp;MdlTime_set_by_string
<LI><a href="#[117]">&gt;&gt;</a>&nbsp;&nbsp;&nbsp;MdlChn_setData
<LI><a href="#[115]">&gt;&gt;</a>&nbsp;&nbsp;&nbsp;MdlChn_self_check
</UL>

<P><STRONG><a name="[35d]"></a>__aeabi_memclr8</STRONG> (Thumb, 0 bytes, Stack size 0 bytes, memseta.o(.text), UNUSED)

<P><STRONG><a name="[182]"></a>_memset$wrapper</STRONG> (Thumb, 18 bytes, Stack size 8 bytes, memseta.o(.text), UNUSED)
<BR><BR>[Calls]<UL><LI><a href="#[181]">&gt;&gt;</a>&nbsp;&nbsp;&nbsp;__aeabi_memset
</UL>

<P><STRONG><a name="[1d0]"></a>strcat</STRONG> (Thumb, 24 bytes, Stack size 0 bytes, strcat.o(.text))
<BR><BR>[Called By]<UL><LI><a href="#[192]">&gt;&gt;</a>&nbsp;&nbsp;&nbsp;Print_atmosphere_param
<LI><a href="#[118]">&gt;&gt;</a>&nbsp;&nbsp;&nbsp;MdlChn_to_string
<LI><a href="#[1d1]">&gt;&gt;</a>&nbsp;&nbsp;&nbsp;DSF_modify
<LI><a href="#[4f]">&gt;&gt;</a>&nbsp;&nbsp;&nbsp;DSF_entry
<LI><a href="#[248]">&gt;&gt;</a>&nbsp;&nbsp;&nbsp;HTR_modify
<LI><a href="#[44]">&gt;&gt;</a>&nbsp;&nbsp;&nbsp;HTR_entry
</UL>

<P><STRONG><a name="[1eb]"></a>strstr</STRONG> (Thumb, 36 bytes, Stack size 12 bytes, strstr.o(.text))
<BR><BR>[Stack]<UL><LI>Max Depth = 12<LI>Call Chain = strstr
</UL>
<BR>[Called By]<UL><LI><a href="#[295]">&gt;&gt;</a>&nbsp;&nbsp;&nbsp;ModelCreate
<LI><a href="#[149]">&gt;&gt;</a>&nbsp;&nbsp;&nbsp;UartTest
<LI><a href="#[18e]">&gt;&gt;</a>&nbsp;&nbsp;&nbsp;ExpCreate
<LI><a href="#[2d0]">&gt;&gt;</a>&nbsp;&nbsp;&nbsp;String2Font
<LI><a href="#[2e2]">&gt;&gt;</a>&nbsp;&nbsp;&nbsp;String2Colour
<LI><a href="#[2cd]">&gt;&gt;</a>&nbsp;&nbsp;&nbsp;String2Clr
<LI><a href="#[2cc]">&gt;&gt;</a>&nbsp;&nbsp;&nbsp;String2Align
<LI><a href="#[209]">&gt;&gt;</a>&nbsp;&nbsp;&nbsp;GetKeyVal
<LI><a href="#[125]">&gt;&gt;</a>&nbsp;&nbsp;&nbsp;PicInptSht
<LI><a href="#[20a]">&gt;&gt;</a>&nbsp;&nbsp;&nbsp;GetNameVale
</UL>

<P><STRONG><a name="[2b2]"></a>strncpy</STRONG> (Thumb, 24 bytes, Stack size 8 bytes, strncpy.o(.text))
<BR><BR>[Stack]<UL><LI>Max Depth = 8<LI>Call Chain = strncpy
</UL>
<BR>[Called By]<UL><LI><a href="#[28f]">&gt;&gt;</a>&nbsp;&nbsp;&nbsp;Print_unit
</UL>

<P><STRONG><a name="[203]"></a>strchr</STRONG> (Thumb, 20 bytes, Stack size 0 bytes, strchr.o(.text))
<BR><BR>[Called By]<UL><LI><a href="#[1a6]">&gt;&gt;</a>&nbsp;&nbsp;&nbsp;RemoveHead
<LI><a href="#[1a8]">&gt;&gt;</a>&nbsp;&nbsp;&nbsp;RemoveTail
<LI><a href="#[1a7]">&gt;&gt;</a>&nbsp;&nbsp;&nbsp;GetName
<LI><a href="#[1a3]">&gt;&gt;</a>&nbsp;&nbsp;&nbsp;GetAttribute
</UL>

<P><STRONG><a name="[190]"></a>strlen</STRONG> (Thumb, 14 bytes, Stack size 0 bytes, strlen.o(.text))
<BR><BR>[Called By]<UL><LI><a href="#[149]">&gt;&gt;</a>&nbsp;&nbsp;&nbsp;UartTest
<LI><a href="#[154]">&gt;&gt;</a>&nbsp;&nbsp;&nbsp;FM_Text
<LI><a href="#[bb]">&gt;&gt;</a>&nbsp;&nbsp;&nbsp;BTN_Build_each_btn
<LI><a href="#[1cf]">&gt;&gt;</a>&nbsp;&nbsp;&nbsp;Print_float
<LI><a href="#[41]">&gt;&gt;</a>&nbsp;&nbsp;&nbsp;PRP_get_focusdata
<LI><a href="#[39]">&gt;&gt;</a>&nbsp;&nbsp;&nbsp;PRP_entry
<LI><a href="#[2a5]">&gt;&gt;</a>&nbsp;&nbsp;&nbsp;PRP_Col_1
<LI><a href="#[36]">&gt;&gt;</a>&nbsp;&nbsp;&nbsp;ATP_get_focusdata
<LI><a href="#[2e]">&gt;&gt;</a>&nbsp;&nbsp;&nbsp;ATP_entry
<LI><a href="#[18f]">&gt;&gt;</a>&nbsp;&nbsp;&nbsp;ATP_Col_1
<LI><a href="#[2b]">&gt;&gt;</a>&nbsp;&nbsp;&nbsp;PSD_get_focusdata
<LI><a href="#[23]">&gt;&gt;</a>&nbsp;&nbsp;&nbsp;PSD_entry
<LI><a href="#[20]">&gt;&gt;</a>&nbsp;&nbsp;&nbsp;DSP_get_focusdata
<LI><a href="#[18]">&gt;&gt;</a>&nbsp;&nbsp;&nbsp;DSP_entry
<LI><a href="#[1d2]">&gt;&gt;</a>&nbsp;&nbsp;&nbsp;DSP_Col_1
<LI><a href="#[15]">&gt;&gt;</a>&nbsp;&nbsp;&nbsp;TIM_get_focusdata
<LI><a href="#[c]">&gt;&gt;</a>&nbsp;&nbsp;&nbsp;TIM_entry
<LI><a href="#[e8]">&gt;&gt;</a>&nbsp;&nbsp;&nbsp;CNF_Init_sheet
<LI><a href="#[6d]">&gt;&gt;</a>&nbsp;&nbsp;&nbsp;CSM_get_focusdata
<LI><a href="#[65]">&gt;&gt;</a>&nbsp;&nbsp;&nbsp;CSM_entry
<LI><a href="#[62]">&gt;&gt;</a>&nbsp;&nbsp;&nbsp;VPP_get_focusdata
<LI><a href="#[5a]">&gt;&gt;</a>&nbsp;&nbsp;&nbsp;VPP_entry
<LI><a href="#[57]">&gt;&gt;</a>&nbsp;&nbsp;&nbsp;DSF_get_focusdata
<LI><a href="#[4f]">&gt;&gt;</a>&nbsp;&nbsp;&nbsp;DSF_entry
<LI><a href="#[1ce]">&gt;&gt;</a>&nbsp;&nbsp;&nbsp;DSF_Col_1
<LI><a href="#[4c]">&gt;&gt;</a>&nbsp;&nbsp;&nbsp;HTR_get_focusdata
<LI><a href="#[44]">&gt;&gt;</a>&nbsp;&nbsp;&nbsp;HTR_entry
<LI><a href="#[246]">&gt;&gt;</a>&nbsp;&nbsp;&nbsp;HTR_Col_1
<LI><a href="#[209]">&gt;&gt;</a>&nbsp;&nbsp;&nbsp;GetKeyVal
<LI><a href="#[126]">&gt;&gt;</a>&nbsp;&nbsp;&nbsp;ShtUpdate
</UL>

<P><STRONG><a name="[191]"></a>strcpy</STRONG> (Thumb, 18 bytes, Stack size 0 bytes, strcpy.o(.text))
<BR><BR>[Called By]<UL><LI><a href="#[149]">&gt;&gt;</a>&nbsp;&nbsp;&nbsp;UartTest
<LI><a href="#[39]">&gt;&gt;</a>&nbsp;&nbsp;&nbsp;PRP_entry
<LI><a href="#[2e]">&gt;&gt;</a>&nbsp;&nbsp;&nbsp;ATP_entry
<LI><a href="#[23]">&gt;&gt;</a>&nbsp;&nbsp;&nbsp;PSD_entry
<LI><a href="#[18]">&gt;&gt;</a>&nbsp;&nbsp;&nbsp;DSP_entry
<LI><a href="#[c]">&gt;&gt;</a>&nbsp;&nbsp;&nbsp;TIM_entry
<LI><a href="#[44]">&gt;&gt;</a>&nbsp;&nbsp;&nbsp;HTR_entry
</UL>

<P><STRONG><a name="[225]"></a>strcspn</STRONG> (Thumb, 34 bytes, Stack size 12 bytes, strcspn.o(.text))
<BR><BR>[Stack]<UL><LI>Max Depth = 12<LI>Call Chain = strcspn
</UL>
<BR>[Called By]<UL><LI><a href="#[224]">&gt;&gt;</a>&nbsp;&nbsp;&nbsp;Get_str_data
<LI><a href="#[111]">&gt;&gt;</a>&nbsp;&nbsp;&nbsp;MdlTime_set_by_string
</UL>

<P><STRONG><a name="[183]"></a>strcasecmp</STRONG> (Thumb, 42 bytes, Stack size 24 bytes, strcasecmp.o(.text))
<BR><BR>[Stack]<UL><LI>Max Depth = 24<LI>Call Chain = strcasecmp
</UL>
<BR>[Calls]<UL><LI><a href="#[184]">&gt;&gt;</a>&nbsp;&nbsp;&nbsp;tolower
</UL>
<BR>[Called By]<UL><LI><a href="#[18e]">&gt;&gt;</a>&nbsp;&nbsp;&nbsp;ExpCreate
<LI><a href="#[e5]">&gt;&gt;</a>&nbsp;&nbsp;&nbsp;GeoInptSht
<LI><a href="#[12b]">&gt;&gt;</a>&nbsp;&nbsp;&nbsp;TxtInptSht
</UL>

<P><STRONG><a name="[185]"></a>calloc</STRONG> (Thumb, 28 bytes, Stack size 8 bytes, calloc.o(.text))
<BR><BR>[Stack]<UL><LI>Max Depth = 64<LI>Call Chain = calloc &rArr; malloc &rArr; internal_alloc
</UL>
<BR>[Calls]<UL><LI><a href="#[186]">&gt;&gt;</a>&nbsp;&nbsp;&nbsp;malloc
</UL>
<BR>[Called By]<UL><LI><a href="#[280]">&gt;&gt;</a>&nbsp;&nbsp;&nbsp;Mem_calloc
<LI><a href="#[13e]">&gt;&gt;</a>&nbsp;&nbsp;&nbsp;UartInit
</UL>

<P><STRONG><a name="[187]"></a>atoi</STRONG> (Thumb, 26 bytes, Stack size 16 bytes, atoi.o(.text))
<BR><BR>[Stack]<UL><LI>Max Depth = 88<LI>Call Chain = atoi &rArr; strtol &rArr; _strtoul
</UL>
<BR>[Calls]<UL><LI><a href="#[189]">&gt;&gt;</a>&nbsp;&nbsp;&nbsp;strtol
<LI><a href="#[188]">&gt;&gt;</a>&nbsp;&nbsp;&nbsp;__aeabi_errno_addr
</UL>
<BR>[Called By]<UL><LI><a href="#[224]">&gt;&gt;</a>&nbsp;&nbsp;&nbsp;Get_str_data
<LI><a href="#[2a7]">&gt;&gt;</a>&nbsp;&nbsp;&nbsp;Str_set_password
<LI><a href="#[2aa]">&gt;&gt;</a>&nbsp;&nbsp;&nbsp;Str_Calculations
<LI><a href="#[2ce]">&gt;&gt;</a>&nbsp;&nbsp;&nbsp;String2CntEff
<LI><a href="#[1a4]">&gt;&gt;</a>&nbsp;&nbsp;&nbsp;Set_shtContextAtt
<LI><a href="#[1a5]">&gt;&gt;</a>&nbsp;&nbsp;&nbsp;Set_shtAreaAtt
</UL>

<P><STRONG><a name="[35e]"></a>setjmp</STRONG> (Thumb, 26 bytes, Stack size 8 bytes, setjmp.o(.text), UNUSED)

<P><STRONG><a name="[1ea]"></a>longjmp</STRONG> (Thumb, 36 bytes, Stack size 0 bytes, setjmp.o(.text))
<BR><BR>[Called By]<UL><LI><a href="#[1e8]">&gt;&gt;</a>&nbsp;&nbsp;&nbsp;Except_raise
</UL>

<P><STRONG><a name="[17f]"></a>__aeabi_llsl</STRONG> (Thumb, 30 bytes, Stack size 0 bytes, llshl.o(.text), UNUSED)
<BR><BR>[Called By]<UL><LI><a href="#[17d]">&gt;&gt;</a>&nbsp;&nbsp;&nbsp;__aeabi_uldivmod
</UL>

<P><STRONG><a name="[35f]"></a>_ll_shift_l</STRONG> (Thumb, 0 bytes, Stack size 0 bytes, llshl.o(.text), UNUSED)

<P><STRONG><a name="[17e]"></a>__aeabi_llsr</STRONG> (Thumb, 32 bytes, Stack size 0 bytes, llushr.o(.text), UNUSED)
<BR><BR>[Called By]<UL><LI><a href="#[17d]">&gt;&gt;</a>&nbsp;&nbsp;&nbsp;__aeabi_uldivmod
</UL>

<P><STRONG><a name="[360]"></a>_ll_ushift_r</STRONG> (Thumb, 0 bytes, Stack size 0 bytes, llushr.o(.text), UNUSED)

<P><STRONG><a name="[184]"></a>tolower</STRONG> (Thumb, 12 bytes, Stack size 0 bytes, tolower.o(.text))
<BR><BR>[Called By]<UL><LI><a href="#[183]">&gt;&gt;</a>&nbsp;&nbsp;&nbsp;strcasecmp
</UL>

<P><STRONG><a name="[189]"></a>strtol</STRONG> (Thumb, 112 bytes, Stack size 32 bytes, strtol.o(.text))
<BR><BR>[Stack]<UL><LI>Max Depth = 72<LI>Call Chain = strtol &rArr; _strtoul
</UL>
<BR>[Calls]<UL><LI><a href="#[18b]">&gt;&gt;</a>&nbsp;&nbsp;&nbsp;_strtoul
<LI><a href="#[18a]">&gt;&gt;</a>&nbsp;&nbsp;&nbsp;__rt_ctype_table
<LI><a href="#[188]">&gt;&gt;</a>&nbsp;&nbsp;&nbsp;__aeabi_errno_addr
</UL>
<BR>[Called By]<UL><LI><a href="#[187]">&gt;&gt;</a>&nbsp;&nbsp;&nbsp;atoi
</UL>

<P><STRONG><a name="[173]"></a>__scatterload</STRONG> (Thumb, 28 bytes, Stack size 0 bytes, init.o(.text))
<BR><BR>[Calls]<UL><LI><a href="#[18c]">&gt;&gt;</a>&nbsp;&nbsp;&nbsp;__main_after_scatterload
</UL>
<BR>[Called By]<UL><LI><a href="#[172]">&gt;&gt;</a>&nbsp;&nbsp;&nbsp;_main_scatterload
</UL>

<P><STRONG><a name="[361]"></a>__scatterload_rt2</STRONG> (Thumb, 0 bytes, Stack size 0 bytes, init.o(.text), UNUSED)

<P><STRONG><a name="[18a]"></a>__rt_ctype_table</STRONG> (Thumb, 4 bytes, Stack size 0 bytes, ctype_o.o(.text))
<BR><BR>[Called By]<UL><LI><a href="#[189]">&gt;&gt;</a>&nbsp;&nbsp;&nbsp;strtol
</UL>

<P><STRONG><a name="[18b]"></a>_strtoul</STRONG> (Thumb, 158 bytes, Stack size 40 bytes, _strtoul.o(.text))
<BR><BR>[Stack]<UL><LI>Max Depth = 40<LI>Call Chain = _strtoul
</UL>
<BR>[Calls]<UL><LI><a href="#[18d]">&gt;&gt;</a>&nbsp;&nbsp;&nbsp;_chval
<LI><a href="#[188]">&gt;&gt;</a>&nbsp;&nbsp;&nbsp;__aeabi_errno_addr
</UL>
<BR>[Called By]<UL><LI><a href="#[189]">&gt;&gt;</a>&nbsp;&nbsp;&nbsp;strtol
</UL>

<P><STRONG><a name="[18d]"></a>_chval</STRONG> (Thumb, 28 bytes, Stack size 0 bytes, _chval.o(.text))
<BR><BR>[Called By]<UL><LI><a href="#[18b]">&gt;&gt;</a>&nbsp;&nbsp;&nbsp;_strtoul
</UL>

<P><STRONG><a name="[362]"></a>__decompress</STRONG> (Thumb, 0 bytes, Stack size unknown bytes, __dczerorl2.o(.text), UNUSED)

<P><STRONG><a name="[363]"></a>__decompress1</STRONG> (Thumb, 86 bytes, Stack size unknown bytes, __dczerorl2.o(.text), UNUSED)

<P><STRONG><a name="[197]"></a>Alloc_sem</STRONG> (Thumb, 42 bytes, Stack size 8 bytes, rtx_depend.o(i.Alloc_sem))
<BR><BR>[Stack]<UL><LI>Max Depth = 20<LI>Call Chain = Alloc_sem &rArr; Set_bit
</UL>
<BR>[Calls]<UL><LI><a href="#[199]">&gt;&gt;</a>&nbsp;&nbsp;&nbsp;Set_bit
<LI><a href="#[198]">&gt;&gt;</a>&nbsp;&nbsp;&nbsp;Check_bit
</UL>
<BR>[Called By]<UL><LI><a href="#[238]">&gt;&gt;</a>&nbsp;&nbsp;&nbsp;HMI_Init
<LI><a href="#[1d6]">&gt;&gt;</a>&nbsp;&nbsp;&nbsp;Get_DevUart
</UL>

<P><STRONG><a name="[19d]"></a>BTN_Get_Sington</STRONG> (Thumb, 32 bytes, Stack size 8 bytes, component_button.o(i.BTN_Get_Sington))
<BR><BR>[Stack]<UL><LI>Max Depth = 72<LI>Call Chain = BTN_Get_Sington &rArr; Button_new &rArr; malloc &rArr; internal_alloc
</UL>
<BR>[Calls]<UL><LI><a href="#[19e]">&gt;&gt;</a>&nbsp;&nbsp;&nbsp;Button_new
</UL>
<BR>[Called By]<UL><LI><a href="#[ff]">&gt;&gt;</a>&nbsp;&nbsp;&nbsp;HMI_Btn_jumpout
</UL>

<P><STRONG><a name="[19a]"></a>Button_Get_subcnt</STRONG> (Thumb, 10 bytes, Stack size 0 bytes, ntbutton.o(i.Button_Get_subcnt))
<BR><BR>[Called By]<UL><LI><a href="#[bb]">&gt;&gt;</a>&nbsp;&nbsp;&nbsp;BTN_Build_each_btn
</UL>

<P><STRONG><a name="[1a9]"></a>Button_ctor</STRONG> (Thumb, 26 bytes, Stack size 0 bytes, component_button.o(i.Button_ctor))
<BR><BR>[Called By]<UL><LI><a href="#[19e]">&gt;&gt;</a>&nbsp;&nbsp;&nbsp;Button_new
</UL>

<P><STRONG><a name="[19e]"></a>Button_new</STRONG> (Thumb, 26 bytes, Stack size 8 bytes, component_button.o(i.Button_new))
<BR><BR>[Stack]<UL><LI>Max Depth = 64<LI>Call Chain = Button_new &rArr; malloc &rArr; internal_alloc
</UL>
<BR>[Calls]<UL><LI><a href="#[1a9]">&gt;&gt;</a>&nbsp;&nbsp;&nbsp;Button_ctor
<LI><a href="#[186]">&gt;&gt;</a>&nbsp;&nbsp;&nbsp;malloc
</UL>
<BR>[Called By]<UL><LI><a href="#[19d]">&gt;&gt;</a>&nbsp;&nbsp;&nbsp;BTN_Get_Sington
</UL>

<P><STRONG><a name="[1aa]"></a>CHD_Get_code</STRONG> (Thumb, 152 bytes, Stack size 40 bytes, character_database.o(i.CHD_Get_code))
<BR><BR>[Stack]<UL><LI>Max Depth = 40<LI>Call Chain = CHD_Get_code
</UL>
<BR>[Calls]<UL><LI><a href="#[1ab]">&gt;&gt;</a>&nbsp;&nbsp;&nbsp;__aeabi_memcpy
</UL>
<BR>[Called By]<UL><LI><a href="#[154]">&gt;&gt;</a>&nbsp;&nbsp;&nbsp;FM_Text
</UL>

<P><STRONG><a name="[1ac]"></a>CLR_LCD</STRONG> (Thumb, 20 bytes, Stack size 8 bytes, glyph.o(i.CLR_LCD))
<BR><BR>[Stack]<UL><LI>Max Depth = 144<LI>Call Chain = CLR_LCD &rArr; Dev_open &rArr; DevChar_open &rArr; Get_Dev_IIC &rArr; Dev_IIC_new &rArr; malloc &rArr; internal_alloc
</UL>
<BR>[Calls]<UL><LI><a href="#[1ad]">&gt;&gt;</a>&nbsp;&nbsp;&nbsp;Dev_open
</UL>
<BR>[Called By]<UL><LI><a href="#[f1]">&gt;&gt;</a>&nbsp;&nbsp;&nbsp;SwitchHMI
<LI><a href="#[f2]">&gt;&gt;</a>&nbsp;&nbsp;&nbsp;SwitchBack
<LI><a href="#[1b0]">&gt;&gt;</a>&nbsp;&nbsp;&nbsp;CNF_Turn_page
</UL>

<P><STRONG><a name="[23f]"></a>CMP_Get_option</STRONG> (Thumb, 26 bytes, Stack size 0 bytes, component_option.o(i.CMP_Get_option))
<BR><BR>[Called By]<UL><LI><a href="#[103]">&gt;&gt;</a>&nbsp;&nbsp;&nbsp;HSS_Show
<LI><a href="#[102]">&gt;&gt;</a>&nbsp;&nbsp;&nbsp;HSS_Init_sheet
<LI><a href="#[105]">&gt;&gt;</a>&nbsp;&nbsp;&nbsp;HSS_Init_focus
<LI><a href="#[104]">&gt;&gt;</a>&nbsp;&nbsp;&nbsp;HSS_Hit
<LI><a href="#[101]">&gt;&gt;</a>&nbsp;&nbsp;&nbsp;HSS_Hide
</UL>

<P><STRONG><a name="[245]"></a>CMP_OPT_Init</STRONG> (Thumb, 24 bytes, Stack size 8 bytes, component_option.o(i.CMP_OPT_Init))
<BR><BR>[Stack]<UL><LI>Max Depth = 8<LI>Call Chain = CMP_OPT_Init
</UL>
<BR>[Called By]<UL><LI><a href="#[102]">&gt;&gt;</a>&nbsp;&nbsp;&nbsp;HSS_Init_sheet
</UL>

<P><STRONG><a name="[241]"></a>CMP_OPT_Select</STRONG> (Thumb, 30 bytes, Stack size 16 bytes, component_option.o(i.CMP_OPT_Select))
<BR><BR>[Stack]<UL><LI>Max Depth = 16<LI>Call Chain = CMP_OPT_Select
</UL>
<BR>[Called By]<UL><LI><a href="#[104]">&gt;&gt;</a>&nbsp;&nbsp;&nbsp;HSS_Hit
</UL>

<P><STRONG><a name="[198]"></a>Check_bit</STRONG> (Thumb, 36 bytes, Stack size 12 bytes, bit.o(i.Check_bit))
<BR><BR>[Stack]<UL><LI>Max Depth = 12<LI>Call Chain = Check_bit
</UL>
<BR>[Called By]<UL><LI><a href="#[197]">&gt;&gt;</a>&nbsp;&nbsp;&nbsp;Alloc_sem
<LI><a href="#[bd]">&gt;&gt;</a>&nbsp;&nbsp;&nbsp;BTN_Show_vaild_btn
<LI><a href="#[be]">&gt;&gt;</a>&nbsp;&nbsp;&nbsp;BTN_Move_focus
</UL>

<P><STRONG><a name="[19b]"></a>Clear_bit</STRONG> (Thumb, 36 bytes, Stack size 12 bytes, bit.o(i.Clear_bit))
<BR><BR>[Stack]<UL><LI>Max Depth = 12<LI>Call Chain = Clear_bit
</UL>
[...]
<LI><a href="#[274]">&gt;&gt;</a>&nbsp;&nbsp;&nbsp;MdlChn_Commit_conf
<LI><a href="#[281]">&gt;&gt;</a>&nbsp;&nbsp;&nbsp;MdlChn_Save_2_conf
<LI><a href="#[282]">&gt;&gt;</a>&nbsp;&nbsp;&nbsp;MdlChn_Save_2_alarm
<LI><a href="#[276]">&gt;&gt;</a>&nbsp;&nbsp;&nbsp;MdlChn_Init_alm_mgr_by_STG_alm
</UL>
<BR>[Address Reference Count : 1]<UL><LI> model_channel.o(i.Model_chn_ctor)
</UL>
<P><STRONG><a name="[11a]"></a>MdlChn_modify_sconf</STRONG> (Thumb, 862 bytes, Stack size 40 bytes, model_channel.o(i.MdlChn_modify_sconf))
<BR><BR>[Stack]<UL><LI>Max Depth = 104<LI>Call Chain = MdlChn_modify_sconf &rArr; Print_float &rArr; __2sprintf
</UL>
<BR>[Calls]<UL><LI><a href="#[196]">&gt;&gt;</a>&nbsp;&nbsp;&nbsp;Operate_in_tange
<LI><a href="#[283]">&gt;&gt;</a>&nbsp;&nbsp;&nbsp;Print_touch_spot
<LI><a href="#[1cf]">&gt;&gt;</a>&nbsp;&nbsp;&nbsp;Print_float
<LI><a href="#[1b6]">&gt;&gt;</a>&nbsp;&nbsp;&nbsp;__2sprintf
</UL>
<BR>[Address Reference Count : 1]<UL><LI> model_channel.o(i.Model_chn_ctor)
</UL>
<P><STRONG><a name="[114]"></a>MdlChn_run</STRONG> (Thumb, 372 bytes, Stack size 48 bytes, model_channel.o(i.MdlChn_run))
<BR><BR>[Stack]<UL><LI>Max Depth = 320<LI>Call Chain = MdlChn_run &rArr; Signal_Alarm &rArr; MdlChn_Check_new_alarm &rArr; STG_Set_file_position &rArr; STG_Open_file &rArr; Strg_Updata_rcd_mgr &rArr;  STG_Open_file (Cycle)
</UL>
<BR>[Calls]<UL><LI><a href="#[27c]">&gt;&gt;</a>&nbsp;&nbsp;&nbsp;SmBus_decode
<LI><a href="#[284]">&gt;&gt;</a>&nbsp;&nbsp;&nbsp;SmBus_AI_Read
<LI><a href="#[222]">&gt;&gt;</a>&nbsp;&nbsp;&nbsp;Get_storage
<LI><a href="#[268]">&gt;&gt;</a>&nbsp;&nbsp;&nbsp;delay_ms
<LI><a href="#[1ad]">&gt;&gt;</a>&nbsp;&nbsp;&nbsp;Dev_open
<LI><a href="#[285]">&gt;&gt;</a>&nbsp;&nbsp;&nbsp;Zero_shift_K_B
<LI><a href="#[287]">&gt;&gt;</a>&nbsp;&nbsp;&nbsp;Signal_Alarm
<LI><a href="#[286]">&gt;&gt;</a>&nbsp;&nbsp;&nbsp;Cut_small_signal
</UL>
<BR>[Address Reference Count : 1]<UL><LI> model_channel.o(i.Model_chn_ctor)
</UL>
<P><STRONG><a name="[115]"></a>MdlChn_self_check</STRONG> (Thumb, 212 bytes, Stack size 64 bytes, model_channel.o(i.MdlChn_self_check))
<BR><BR>[Stack]<UL><LI>Max Depth = 200<LI>Call Chain = MdlChn_self_check &rArr; Dev_open &rArr; DevChar_open &rArr; Get_Dev_IIC &rArr; Dev_IIC_new &rArr; malloc &rArr; internal_alloc
</UL>
<BR>[Calls]<UL><LI><a href="#[27c]">&gt;&gt;</a>&nbsp;&nbsp;&nbsp;SmBus_decode
<LI><a href="#[289]">&gt;&gt;</a>&nbsp;&nbsp;&nbsp;SmBus_Query
<LI><a href="#[268]">&gt;&gt;</a>&nbsp;&nbsp;&nbsp;delay_ms
<LI><a href="#[1ad]">&gt;&gt;</a>&nbsp;&nbsp;&nbsp;Dev_open
<LI><a href="#[1f1]">&gt;&gt;</a>&nbsp;&nbsp;&nbsp;__aeabi_memclr4
</UL>
<BR>[Address Reference Count : 1]<UL><LI> model_channel.o(i.Model_chn_ctor)
</UL>
<P><STRONG><a name="[117]"></a>MdlChn_setData</STRONG> (Thumb, 722 bytes, Stack size 88 bytes, model_channel.o(i.MdlChn_setData))
<BR><BR>[Stack]<UL><LI>Max Depth = 224<LI>Call Chain = MdlChn_setData &rArr; Dev_open &rArr; DevChar_open &rArr; Get_Dev_IIC &rArr; Dev_IIC_new &rArr; malloc &rArr; internal_alloc
</UL>
<BR>[Calls]<UL><LI><a href="#[27c]">&gt;&gt;</a>&nbsp;&nbsp;&nbsp;SmBus_decode
<LI><a href="#[28c]">&gt;&gt;</a>&nbsp;&nbsp;&nbsp;SmBus_WR_low_limit
<LI><a href="#[28b]">&gt;&gt;</a>&nbsp;&nbsp;&nbsp;SmBus_WR_hig_limit
<LI><a href="#[28d]">&gt;&gt;</a>&nbsp;&nbsp;&nbsp;SmBus_DO_output
<LI><a href="#[28a]">&gt;&gt;</a>&nbsp;&nbsp;&nbsp;SmBus_AI_config
<LI><a href="#[1ad]">&gt;&gt;</a>&nbsp;&nbsp;&nbsp;Dev_open
<LI><a href="#[27a]">&gt;&gt;</a>&nbsp;&nbsp;&nbsp;MdlChn_Get_def_up_limit
<LI><a href="#[279]">&gt;&gt;</a>&nbsp;&nbsp;&nbsp;MdlChn_Get_def_lower_limit
<LI><a href="#[1f1]">&gt;&gt;</a>&nbsp;&nbsp;&nbsp;__aeabi_memclr4
</UL>
<BR>[Address Reference Count : 1]<UL><LI> model_channel.o(i.Model_chn_ctor)
</UL>
<P><STRONG><a name="[11b]"></a>MdlChn_set_by_string</STRONG> (Thumb, 6 bytes, Stack size 0 bytes, model_channel.o(i.MdlChn_set_by_string))
<BR>[Address Reference Count : 1]<UL><LI> model_channel.o(i.Model_chn_ctor)
</UL>
<P><STRONG><a name="[119]"></a>MdlChn_to_percentage</STRONG> (Thumb, 26 bytes, Stack size 20 bytes, model_channel.o(i.MdlChn_to_percentage))
<BR><BR>[Stack]<UL><LI>Max Depth = 36<LI>Call Chain = MdlChn_to_percentage &rArr; MdlChn_Cal_prc
</UL>
<BR>[Calls]<UL><LI><a href="#[28e]">&gt;&gt;</a>&nbsp;&nbsp;&nbsp;MdlChn_Cal_prc
</UL>
<BR>[Address Reference Count : 1]<UL><LI> model_channel.o(i.Model_chn_ctor)
</UL>
<P><STRONG><a name="[118]"></a>MdlChn_to_string</STRONG> (Thumb, 478 bytes, Stack size 24 bytes, model_channel.o(i.MdlChn_to_string))
<BR><BR>[Stack]<UL><LI>Max Depth = 88<LI>Call Chain = MdlChn_to_string &rArr; Print_float &rArr; __2sprintf
</UL>
<BR>[Calls]<UL><LI><a href="#[28f]">&gt;&gt;</a>&nbsp;&nbsp;&nbsp;Print_unit
<LI><a href="#[283]">&gt;&gt;</a>&nbsp;&nbsp;&nbsp;Print_touch_spot
<LI><a href="#[290]">&gt;&gt;</a>&nbsp;&nbsp;&nbsp;Print_singnaltype
<LI><a href="#[1cf]">&gt;&gt;</a>&nbsp;&nbsp;&nbsp;Print_float
<LI><a href="#[1d0]">&gt;&gt;</a>&nbsp;&nbsp;&nbsp;strcat
<LI><a href="#[1b6]">&gt;&gt;</a>&nbsp;&nbsp;&nbsp;__2sprintf
</UL>
<BR>[Address Reference Count : 1]<UL><LI> model_channel.o(i.Model_chn_ctor)
</UL>
<P><STRONG><a name="[2d3]"></a>Percent_to_data</STRONG> (Thumb, 44 bytes, Stack size 16 bytes, model_channel.o(i.Percent_to_data))
<BR><BR>[Stack]<UL><LI>Max Depth = 16<LI>Call Chain = Percent_to_data
</UL>
<BR>[Called By]<UL><LI><a href="#[287]">&gt;&gt;</a>&nbsp;&nbsp;&nbsp;Signal_Alarm
</UL>

<P><STRONG><a name="[287]"></a>Signal_Alarm</STRONG> (Thumb, 364 bytes, Stack size 48 bytes, model_channel.o(i.Signal_Alarm))
<BR><BR>[Stack]<UL><LI>Max Depth = 272<LI>Call Chain = Signal_Alarm &rArr; MdlChn_Check_new_alarm &rArr; STG_Set_file_position &rArr; STG_Open_file &rArr; Strg_Updata_rcd_mgr &rArr;  STG_Open_file (Cycle)
</UL>
<BR>[Calls]<UL><LI><a href="#[2d3]">&gt;&gt;</a>&nbsp;&nbsp;&nbsp;Percent_to_data
<LI><a href="#[273]">&gt;&gt;</a>&nbsp;&nbsp;&nbsp;MdlChn_Check_new_alarm
<LI><a href="#[270]">&gt;&gt;</a>&nbsp;&nbsp;&nbsp;MdlChn_Cancle_alarm
</UL>
<BR>[Called By]<UL><LI><a href="#[114]">&gt;&gt;</a>&nbsp;&nbsp;&nbsp;MdlChn_run
</UL>

<P><STRONG><a name="[285]"></a>Zero_shift_K_B</STRONG> (Thumb, 52 bytes, Stack size 12 bytes, model_channel.o(i.Zero_shift_K_B))
<BR><BR>[Stack]<UL><LI>Max Depth = 12<LI>Call Chain = Zero_shift_K_B
</UL>
<BR>[Called By]<UL><LI><a href="#[114]">&gt;&gt;</a>&nbsp;&nbsp;&nbsp;MdlChn_run
</UL>

<P><STRONG><a name="[111]"></a>MdlTime_set_by_string</STRONG> (Thumb, 260 bytes, Stack size 64 bytes, modeltime.o(i.MdlTime_set_by_string))
<BR><BR>[Stack]<UL><LI>Max Depth = 192<LI>Call Chain = MdlTime_set_by_string &rArr; Get_str_data &rArr; atoi &rArr; strtol &rArr; _strtoul
</UL>
<BR>[Calls]<UL><LI><a href="#[224]">&gt;&gt;</a>&nbsp;&nbsp;&nbsp;Get_str_data
<LI><a href="#[293]">&gt;&gt;</a>&nbsp;&nbsp;&nbsp;System_set_time
<LI><a href="#[225]">&gt;&gt;</a>&nbsp;&nbsp;&nbsp;strcspn
<LI><a href="#[1f1]">&gt;&gt;</a>&nbsp;&nbsp;&nbsp;__aeabi_memclr4
</UL>
<BR>[Address Reference Count : 1]<UL><LI> modeltime.o(i.ModelTime_ctor)
</UL>
<P><STRONG><a name="[112]"></a>MdlTime_to_string</STRONG> (Thumb, 90 bytes, Stack size 40 bytes, modeltime.o(i.MdlTime_to_string))
<BR><BR>[Stack]<UL><LI>Max Depth = 72<LI>Call Chain = MdlTime_to_string &rArr; __2snprintf
</UL>
<BR>[Calls]<UL><LI><a href="#[1b6]">&gt;&gt;</a>&nbsp;&nbsp;&nbsp;__2sprintf
<LI><a href="#[294]">&gt;&gt;</a>&nbsp;&nbsp;&nbsp;__2snprintf
</UL>
<BR>[Address Reference Count : 1]<UL><LI> modeltime.o(i.ModelTime_ctor)
</UL>
<P><STRONG><a name="[c1]"></a>CtlKey_init</STRONG> (Thumb, 30 bytes, Stack size 24 bytes, ctlkey.o(i.CtlKey_init))
<BR><BR>[Stack]<UL><LI>Max Depth = 24<LI>Call Chain = CtlKey_init
</UL>
<BR>[Address Reference Count : 1]<UL><LI> ctlkey.o(i.CtlKey_ctor)
</UL>
<P><STRONG><a name="[c2]"></a>KeyUpdate</STRONG> (Thumb, 186 bytes, Stack size 32 bytes, ctlkey.o(i.KeyUpdate))
<BR><BR>[Stack]<UL><LI>Max Depth = 32<LI>Call Chain = KeyUpdate
</UL>
<BR>[Address Reference Count : 1]<UL><LI> ctlkey.o(i.CtlKey_ctor)
</UL>
<P><STRONG><a name="[e3]"></a>Draw_self</STRONG> (Thumb, 2 bytes, Stack size 0 bytes, glyph.o(i.Draw_self))
<BR>[Address Reference Count : 1]<UL><LI> glyph.o(i.Glyph_ctor)
</UL>
<P><STRONG><a name="[e2]"></a>Init</STRONG> (Thumb, 6 bytes, Stack size 0 bytes, glyph.o(i.Init))
<BR>[Address Reference Count : 1]<UL><LI> glyph.o(i.Glyph_ctor)
</UL>
<P><STRONG><a name="[e4]"></a>vDraw</STRONG> (Thumb, 2 bytes, Stack size 0 bytes, glyph.o(i.vDraw))
<BR>[Address Reference Count : 1]<UL><LI> glyph.o(i.Glyph_ctor)
</UL>
<P><STRONG><a name="[de]"></a>GhPic_vDraw</STRONG> (Thumb, 2 bytes, Stack size 0 bytes, gh_pic.o(i.GhPic_vDraw))
<BR>[Address Reference Count : 1]<UL><LI> gh_pic.o(i.GhPic_ctor)
</UL>
<P><STRONG><a name="[e1]"></a>GhTxt_GetSize</STRONG> (Thumb, 32 bytes, Stack size 24 bytes, gh_txt.o(i.GhTxt_GetSize))
<BR><BR>[Stack]<UL><LI>Max Depth = 160<LI>Call Chain = GhTxt_GetSize &rArr; Dev_open &rArr; DevChar_open &rArr; Get_Dev_IIC &rArr; Dev_IIC_new &rArr; malloc &rArr; internal_alloc
</UL>
<BR>[Calls]<UL><LI><a href="#[1ad]">&gt;&gt;</a>&nbsp;&nbsp;&nbsp;Dev_open
</UL>
<BR>[Address Reference Count : 1]<UL><LI> gh_txt.o(i.GhTxt_ctor)
</UL>
<P><STRONG><a name="[e0]"></a>GhTxt_vDraw</STRONG> (Thumb, 116 bytes, Stack size 48 bytes, gh_txt.o(i.GhTxt_vDraw))
<BR><BR>[Stack]<UL><LI>Max Depth = 184<LI>Call Chain = GhTxt_vDraw &rArr; Dev_open &rArr; DevChar_open &rArr; Get_Dev_IIC &rArr; Dev_IIC_new &rArr; malloc &rArr; internal_alloc
</UL>
<BR>[Calls]<UL><LI><a href="#[1ad]">&gt;&gt;</a>&nbsp;&nbsp;&nbsp;Dev_open
<LI><a href="#[22b]">&gt;&gt;</a>&nbsp;&nbsp;&nbsp;ColorInvert
</UL>
<BR>[Address Reference Count : 1]<UL><LI> gh_txt.o(i.GhTxt_ctor)
</UL>
<P><STRONG><a name="[df]"></a>GhRec_vDraw</STRONG> (Thumb, 2 bytes, Stack size 0 bytes, gh_rectangle.o(i.GhRec_vDraw))
<BR>[Address Reference Count : 1]<UL><LI> gh_rectangle.o(i.GhRectangle_ctor)
</UL>
<P><STRONG><a name="[12b]"></a>TxtInptSht</STRONG> (Thumb, 202 bytes, Stack size 56 bytes, txtexpr.o(i.TxtInptSht))
<BR><BR>[Stack]<UL><LI>Max Depth = 192<LI>Call Chain = TxtInptSht &rArr; Set_shtContextAtt &rArr; String2CntEff &rArr; atoi &rArr; strtol &rArr; _strtoul
</UL>
<BR>[Calls]<UL><LI><a href="#[1a4]">&gt;&gt;</a>&nbsp;&nbsp;&nbsp;Set_shtContextAtt
<LI><a href="#[1a5]">&gt;&gt;</a>&nbsp;&nbsp;&nbsp;Set_shtAreaAtt
<LI><a href="#[1a8]">&gt;&gt;</a>&nbsp;&nbsp;&nbsp;RemoveTail
<LI><a href="#[20a]">&gt;&gt;</a>&nbsp;&nbsp;&nbsp;GetNameVale
<LI><a href="#[1a7]">&gt;&gt;</a>&nbsp;&nbsp;&nbsp;GetName
<LI><a href="#[1a3]">&gt;&gt;</a>&nbsp;&nbsp;&nbsp;GetAttribute
<LI><a href="#[21a]">&gt;&gt;</a>&nbsp;&nbsp;&nbsp;Get_GhTxt
<LI><a href="#[183]">&gt;&gt;</a>&nbsp;&nbsp;&nbsp;strcasecmp
<LI><a href="#[180]">&gt;&gt;</a>&nbsp;&nbsp;&nbsp;__aeabi_memclr
</UL>
<BR>[Address Reference Count : 1]<UL><LI> txtexpr.o(i.TxtExpr_ctor)
</UL>
<P><STRONG><a name="[204]"></a>Eliminate_char</STRONG> (Thumb, 18 bytes, Stack size 0 bytes, reader.o(i.Eliminate_char))
<BR><BR>[Called By]<UL><LI><a href="#[1a8]">&gt;&gt;</a>&nbsp;&nbsp;&nbsp;RemoveTail
<LI><a href="#[1a7]">&gt;&gt;</a>&nbsp;&nbsp;&nbsp;GetName
<LI><a href="#[1a3]">&gt;&gt;</a>&nbsp;&nbsp;&nbsp;GetAttribute
</UL>

<P><STRONG><a name="[123]"></a>BuInptSht</STRONG> (Thumb, 260 bytes, Stack size 40 bytes, ntbutton.o(i.BuInptSht))
<BR><BR>[Stack]<UL><LI>Max Depth = 184<LI>Call Chain = BuInptSht &rArr; GetShtctl &rArr; Dev_open &rArr; DevChar_open &rArr; Get_Dev_IIC &rArr; Dev_IIC_new &rArr; malloc &rArr; internal_alloc
</UL>
<BR>[Calls]<UL><LI><a href="#[1a0]">&gt;&gt;</a>&nbsp;&nbsp;&nbsp;Sheet_alloc
<LI><a href="#[19f]">&gt;&gt;</a>&nbsp;&nbsp;&nbsp;GetShtctl
<LI><a href="#[18e]">&gt;&gt;</a>&nbsp;&nbsp;&nbsp;ExpCreate
<LI><a href="#[1a6]">&gt;&gt;</a>&nbsp;&nbsp;&nbsp;RemoveHead
<LI><a href="#[1a4]">&gt;&gt;</a>&nbsp;&nbsp;&nbsp;Set_shtContextAtt
<LI><a href="#[1a5]">&gt;&gt;</a>&nbsp;&nbsp;&nbsp;Set_shtAreaAtt
<LI><a href="#[1a8]">&gt;&gt;</a>&nbsp;&nbsp;&nbsp;RemoveTail
<LI><a href="#[1a7]">&gt;&gt;</a>&nbsp;&nbsp;&nbsp;GetName
<LI><a href="#[1a3]">&gt;&gt;</a>&nbsp;&nbsp;&nbsp;GetAttribute
<LI><a href="#[1a2]">&gt;&gt;</a>&nbsp;&nbsp;&nbsp;Get_GhRectangle
<LI><a href="#[180]">&gt;&gt;</a>&nbsp;&nbsp;&nbsp;__aeabi_memclr
<LI><a href="#[186]">&gt;&gt;</a>&nbsp;&nbsp;&nbsp;malloc
</UL>
<BR>[Address Reference Count : 1]<UL><LI> ntbutton.o(i.NtButton_ctor)
</UL>
<P><STRONG><a name="[124]"></a>InputInptSht</STRONG> (Thumb, 222 bytes, Stack size 40 bytes, ntinput.o(i.InputInptSht))
<BR><BR>[Stack]<UL><LI>Max Depth = 184<LI>Call Chain = InputInptSht &rArr; GetShtctl &rArr; Dev_open &rArr; DevChar_open &rArr; Get_Dev_IIC &rArr; Dev_IIC_new &rArr; malloc &rArr; internal_alloc
</UL>
<BR>[Calls]<UL><LI><a href="#[1a0]">&gt;&gt;</a>&nbsp;&nbsp;&nbsp;Sheet_alloc
<LI><a href="#[19f]">&gt;&gt;</a>&nbsp;&nbsp;&nbsp;GetShtctl
<LI><a href="#[18e]">&gt;&gt;</a>&nbsp;&nbsp;&nbsp;ExpCreate
<LI><a href="#[215]">&gt;&gt;</a>&nbsp;&nbsp;&nbsp;Get_GhNone
<LI><a href="#[1a6]">&gt;&gt;</a>&nbsp;&nbsp;&nbsp;RemoveHead
<LI><a href="#[1a4]">&gt;&gt;</a>&nbsp;&nbsp;&nbsp;Set_shtContextAtt
<LI><a href="#[1a5]">&gt;&gt;</a>&nbsp;&nbsp;&nbsp;Set_shtAreaAtt
<LI><a href="#[1a8]">&gt;&gt;</a>&nbsp;&nbsp;&nbsp;RemoveTail
<LI><a href="#[1a3]">&gt;&gt;</a>&nbsp;&nbsp;&nbsp;GetAttribute
<LI><a href="#[180]">&gt;&gt;</a>&nbsp;&nbsp;&nbsp;__aeabi_memclr
<LI><a href="#[186]">&gt;&gt;</a>&nbsp;&nbsp;&nbsp;malloc
</UL>
<BR>[Address Reference Count : 1]<UL><LI> ntinput.o(i.NtInput_ctor)
</UL>
<P><STRONG><a name="[e5]"></a>GeoInptSht</STRONG> (Thumb, 112 bytes, Stack size 48 bytes, geometricsexpr.o(i.GeoInptSht))
<BR><BR>[Stack]<UL><LI>Max Depth = 184<LI>Call Chain = GeoInptSht &rArr; Set_shtContextAtt &rArr; String2CntEff &rArr; atoi &rArr; strtol &rArr; _strtoul
</UL>
<BR>[Calls]<UL><LI><a href="#[1a4]">&gt;&gt;</a>&nbsp;&nbsp;&nbsp;Set_shtContextAtt
<LI><a href="#[1a5]">&gt;&gt;</a>&nbsp;&nbsp;&nbsp;Set_shtAreaAtt
<LI><a href="#[1a7]">&gt;&gt;</a>&nbsp;&nbsp;&nbsp;GetName
<LI><a href="#[1a3]">&gt;&gt;</a>&nbsp;&nbsp;&nbsp;GetAttribute
<LI><a href="#[1a2]">&gt;&gt;</a>&nbsp;&nbsp;&nbsp;Get_GhRectangle
<LI><a href="#[183]">&gt;&gt;</a>&nbsp;&nbsp;&nbsp;strcasecmp
<LI><a href="#[180]">&gt;&gt;</a>&nbsp;&nbsp;&nbsp;__aeabi_memclr
</UL>
<BR>[Address Reference Count : 1]<UL><LI> geometricsexpr.o(i.GmtrExpr_ctor)
</UL>
<P><STRONG><a name="[125]"></a>PicInptSht</STRONG> (Thumb, 196 bytes, Stack size 48 bytes, picexpr.o(i.PicInptSht))
<BR><BR>[Stack]<UL><LI>Max Depth = 184<LI>Call Chain = PicInptSht &rArr; Set_shtContextAtt &rArr; String2CntEff &rArr; atoi &rArr; strtol &rArr; _strtoul
</UL>
<BR>[Calls]<UL><LI><a href="#[217]">&gt;&gt;</a>&nbsp;&nbsp;&nbsp;Get_GhPic
<LI><a href="#[1a4]">&gt;&gt;</a>&nbsp;&nbsp;&nbsp;Set_shtContextAtt
<LI><a href="#[1a5]">&gt;&gt;</a>&nbsp;&nbsp;&nbsp;Set_shtAreaAtt
<LI><a href="#[1a8]">&gt;&gt;</a>&nbsp;&nbsp;&nbsp;RemoveTail
<LI><a href="#[20a]">&gt;&gt;</a>&nbsp;&nbsp;&nbsp;GetNameVale
<LI><a href="#[1a7]">&gt;&gt;</a>&nbsp;&nbsp;&nbsp;GetName
<LI><a href="#[1a3]">&gt;&gt;</a>&nbsp;&nbsp;&nbsp;GetAttribute
<LI><a href="#[1eb]">&gt;&gt;</a>&nbsp;&nbsp;&nbsp;strstr
<LI><a href="#[180]">&gt;&gt;</a>&nbsp;&nbsp;&nbsp;__aeabi_memclr
</UL>
<BR>[Address Reference Count : 1]<UL><LI> picexpr.o(i.PicExpr_ctor)
</UL>
<P><STRONG><a name="[2d1]"></a>Sheet_refreshsub</STRONG> (Thumb, 120 bytes, Stack size 24 bytes, sheet.o(i.Sheet_refreshsub))
<BR><BR>[Stack]<UL><LI>Max Depth = 24<LI>Call Chain = Sheet_refreshsub
</UL>
<BR>[Called By]<UL><LI><a href="#[19c]">&gt;&gt;</a>&nbsp;&nbsp;&nbsp;Sheet_slide
<LI><a href="#[1b4]">&gt;&gt;</a>&nbsp;&nbsp;&nbsp;Sheet_refresh
</UL>

<P><STRONG><a name="[2ca]"></a>SetSysClock</STRONG> (Thumb, 8 bytes, Stack size 8 bytes, system_stm32f10x.o(i.SetSysClock))
<BR><BR>[Stack]<UL><LI>Max Depth = 20<LI>Call Chain = SetSysClock &rArr; SetSysClockTo72
</UL>
<BR>[Calls]<UL><LI><a href="#[2cb]">&gt;&gt;</a>&nbsp;&nbsp;&nbsp;SetSysClockTo72
</UL>
<BR>[Called By]<UL><LI><a href="#[b8]">&gt;&gt;</a>&nbsp;&nbsp;&nbsp;SystemInit
</UL>

<P><STRONG><a name="[2cb]"></a>SetSysClockTo72</STRONG> (Thumb, 214 bytes, Stack size 12 bytes, system_stm32f10x.o(i.SetSysClockTo72))
<BR><BR>[Stack]<UL><LI>Max Depth = 12<LI>Call Chain = SetSysClockTo72
</UL>
<BR>[Called By]<UL><LI><a href="#[2ca]">&gt;&gt;</a>&nbsp;&nbsp;&nbsp;SetSysClock
</UL>

<P><STRONG><a name="[314]"></a>rt_id2obj</STRONG> (Thumb, 8 bytes, Stack size 0 bytes, rt_cmsis.o(i.rt_id2obj))
<BR><BR>[Called By]<UL><LI><a href="#[16c]">&gt;&gt;</a>&nbsp;&nbsp;&nbsp;svcTimerCall
<LI><a href="#[167]">&gt;&gt;</a>&nbsp;&nbsp;&nbsp;svcSemaphoreWait
<LI><a href="#[166]">&gt;&gt;</a>&nbsp;&nbsp;&nbsp;svcSemaphoreRelease
<LI><a href="#[313]">&gt;&gt;</a>&nbsp;&nbsp;&nbsp;isrSemaphoreRelease
</UL>

<P><STRONG><a name="[346]"></a>rt_ms2tick</STRONG> (Thumb, 58 bytes, Stack size 0 bytes, rt_cmsis.o(i.rt_ms2tick))
<BR><BR>[Called By]<UL><LI><a href="#[167]">&gt;&gt;</a>&nbsp;&nbsp;&nbsp;svcSemaphoreWait
<LI><a href="#[164]">&gt;&gt;</a>&nbsp;&nbsp;&nbsp;svcMessageGet
<LI><a href="#[161]">&gt;&gt;</a>&nbsp;&nbsp;&nbsp;svcDelay
</UL>

<P><STRONG><a name="[34e]"></a>rt_tid2ptcb</STRONG> (Thumb, 18 bytes, Stack size 0 bytes, rt_cmsis.o(i.rt_tid2ptcb))
<BR><BR>[Called By]<UL><LI><a href="#[16a]">&gt;&gt;</a>&nbsp;&nbsp;&nbsp;svcThreadTerminate
</UL>

<P><STRONG><a name="[34f]"></a>rt_timer_insert</STRONG> (Thumb, 48 bytes, Stack size 12 bytes, rt_cmsis.o(i.rt_timer_insert))
<BR><BR>[Stack]<UL><LI>Max Depth = 12<LI>Call Chain = rt_timer_insert
</UL>
<BR>[Called By]<UL><LI><a href="#[33d]">&gt;&gt;</a>&nbsp;&nbsp;&nbsp;sysTimerTick
</UL>

<P><STRONG><a name="[32b]"></a>rt_init_context</STRONG> (Thumb, 66 bytes, Stack size 16 bytes, rt_task.o(i.rt_init_context))
<BR><BR>[Stack]<UL><LI>Max Depth = 32<LI>Call Chain = rt_init_context &rArr; rt_init_stack
</UL>
<BR>[Calls]<UL><LI><a href="#[b6]">&gt;&gt;</a>&nbsp;&nbsp;&nbsp;rt_alloc_box
<LI><a href="#[32c]">&gt;&gt;</a>&nbsp;&nbsp;&nbsp;rt_init_stack
</UL>
<BR>[Called By]<UL><LI><a href="#[33e]">&gt;&gt;</a>&nbsp;&nbsp;&nbsp;rt_tsk_create
<LI><a href="#[337]">&gt;&gt;</a>&nbsp;&nbsp;&nbsp;rt_sys_init
</UL>

<P><STRONG><a name="[302]"></a>_printf_core</STRONG> (Thumb, 996 bytes, Stack size 104 bytes, printf8.o(i._printf_core), UNUSED)
<BR><BR>[Calls]<UL><LI><a href="#[17d]">&gt;&gt;</a>&nbsp;&nbsp;&nbsp;__aeabi_uldivmod
<LI><a href="#[306]">&gt;&gt;</a>&nbsp;&nbsp;&nbsp;_printf_pre_padding
<LI><a href="#[307]">&gt;&gt;</a>&nbsp;&nbsp;&nbsp;_printf_post_padding
</UL>
<BR>[Called By]<UL><LI><a href="#[304]">&gt;&gt;</a>&nbsp;&nbsp;&nbsp;__0sprintf$8
<LI><a href="#[303]">&gt;&gt;</a>&nbsp;&nbsp;&nbsp;__0snprintf$8
<LI><a href="#[301]">&gt;&gt;</a>&nbsp;&nbsp;&nbsp;__0fprintf$8
</UL>

<P><STRONG><a name="[307]"></a>_printf_post_padding</STRONG> (Thumb, 36 bytes, Stack size 24 bytes, printf8.o(i._printf_post_padding), UNUSED)
<BR><BR>[Called By]<UL><LI><a href="#[302]">&gt;&gt;</a>&nbsp;&nbsp;&nbsp;_printf_core
</UL>

<P><STRONG><a name="[306]"></a>_printf_pre_padding</STRONG> (Thumb, 46 bytes, Stack size 24 bytes, printf8.o(i._printf_pre_padding), UNUSED)
<BR><BR>[Called By]<UL><LI><a href="#[302]">&gt;&gt;</a>&nbsp;&nbsp;&nbsp;_printf_core
</UL>

<P><STRONG><a name="[12d]"></a>_snputc</STRONG> (Thumb, 22 bytes, Stack size 0 bytes, printf8.o(i._snputc))
<BR>[Address Reference Count : 1]<UL><LI> printf8.o(i.__0snprintf$8)
</UL>
<P><STRONG><a name="[12e]"></a>_sputc</STRONG> (Thumb, 10 bytes, Stack size 0 bytes, printf8.o(i._sputc))
<BR><BR>[Called By]<UL><LI><a href="#[304]">&gt;&gt;</a>&nbsp;&nbsp;&nbsp;__0sprintf$8
</UL>
<BR>[Address Reference Count : 1]<UL><LI> printf8.o(i.__0sprintf$8)
</UL>
<P><STRONG><a name="[305]"></a>internal_alloc</STRONG> (Thumb, 76 bytes, Stack size 24 bytes, mallocr.o(i.internal_alloc))
<BR><BR>[Stack]<UL><LI>Max Depth = 24<LI>Call Chain = internal_alloc
</UL>
<BR>[Calls]<UL><LI><a href="#[1ab]">&gt;&gt;</a>&nbsp;&nbsp;&nbsp;__aeabi_memcpy
</UL>
<BR>[Called By]<UL><LI><a href="#[186]">&gt;&gt;</a>&nbsp;&nbsp;&nbsp;malloc
</UL>
<P>
<H3>
Undefined Global Symbols
</H3><HR></body></html>
