<!doctype html public "-//w3c//dtd html 4.0 transitional//en">
<html><head>
<title>Static Call Graph - [.\Objects\PplRcd.axf]</title></head>
<body><HR>
<H1>Static Call Graph for image .\Objects\PplRcd.axf</H1><HR>
<BR><P>#&#060CALLGRAPH&#062# ARM Linker, 5050106: Last Updated: Wed Apr 11 22:21:46 2018
<BR><P>
<H3>Maximum Stack Usage =        360 bytes + Unknown(Cycles, Untraceable Function Pointers)</H3><H3>
Call chain for Maximum Stack Depth:</H3>
main &rArr; unit_test &rArr; Test_usb &rArr; TUSB_Write_file &rArr; USB_Create_file &rArr; USB_Colse_file &rArr; CH376_Set_Data_Time &rArr; CH376SendCmdDatWaitInt &rArr; Wait376Interrupt &rArr; CH376GetIntStatus &rArr; delay_ms
<P>
<H3>
Mutually Recursive functions
</H3> <LI><a href="#[d1]">rt_alloc_box</a>&nbsp;&nbsp;&nbsp;&rArr;&nbsp;&nbsp;&nbsp;<a href="#[d1]">rt_alloc_box</a><BR>
 <LI><a href="#[8c]">NMI_Handler</a>&nbsp;&nbsp;&nbsp;&rArr;&nbsp;&nbsp;&nbsp;<a href="#[8c]">NMI_Handler</a><BR>
 <LI><a href="#[8e]">MemManage_Handler</a>&nbsp;&nbsp;&nbsp;&rArr;&nbsp;&nbsp;&nbsp;<a href="#[8e]">MemManage_Handler</a><BR>
 <LI><a href="#[8f]">BusFault_Handler</a>&nbsp;&nbsp;&nbsp;&rArr;&nbsp;&nbsp;&nbsp;<a href="#[8f]">BusFault_Handler</a><BR>
 <LI><a href="#[90]">UsageFault_Handler</a>&nbsp;&nbsp;&nbsp;&rArr;&nbsp;&nbsp;&nbsp;<a href="#[90]">UsageFault_Handler</a><BR>
 <LI><a href="#[92]">DebugMon_Handler</a>&nbsp;&nbsp;&nbsp;&rArr;&nbsp;&nbsp;&nbsp;<a href="#[92]">DebugMon_Handler</a><BR>
 <LI><a href="#[a7]">ADC1_2_IRQHandler</a>&nbsp;&nbsp;&nbsp;&rArr;&nbsp;&nbsp;&nbsp;<a href="#[a7]">ADC1_2_IRQHandler</a><BR>
 <LI><a href="#[37b]">Strg_Updata_rcd_mgr</a>&nbsp;&nbsp;&nbsp;&rArr;&nbsp;&nbsp;&nbsp;<a href="#[172]">STG_Open_file</a><BR>
 <LI><a href="#[283]">Except_raise</a>&nbsp;&nbsp;&nbsp;&rArr;&nbsp;&nbsp;&nbsp;<a href="#[283]">Except_raise</a><BR>
</UL>
<P>
<H3>
Function Pointers
</H3><UL>
 <LI><a href="#[1cb]">ACQ_Init</a> from component_option.o(i.ACQ_Init) referenced from component_option.o(.constdata)
 <LI><a href="#[1cc]">ACQ_Select</a> from component_option.o(i.ACQ_Select) referenced from component_option.o(.constdata)
 <LI><a href="#[a7]">ADC1_2_IRQHandler</a> from startup_stm32f10x_hd.o(.text) referenced from startup_stm32f10x_hd.o(RESET)
 <LI><a href="#[c4]">ADC3_IRQHandler</a> from startup_stm32f10x_hd.o(.text) referenced from startup_stm32f10x_hd.o(RESET)
 <LI><a href="#[2e]">ATP_Exit</a> from cst_set_atmosphere_pressure.o(i.ATP_Exit) referenced 2 times from cst_set_atmosphere_pressure.o(.data)
 <LI><a href="#[2b]">ATP_Reset_focus</a> from cst_set_atmosphere_pressure.o(i.ATP_Reset_focus) referenced 2 times from cst_set_atmosphere_pressure.o(.data)
 <LI><a href="#[2d]">ATP_commit</a> from cst_set_atmosphere_pressure.o(i.ATP_commit) referenced 2 times from cst_set_atmosphere_pressure.o(.data)
 <LI><a href="#[24]">ATP_entry</a> from cst_set_atmosphere_pressure.o(i.ATP_entry) referenced 2 times from cst_set_atmosphere_pressure.o(.data)
 <LI><a href="#[2c]">ATP_get_focusdata</a> from cst_set_atmosphere_pressure.o(i.ATP_get_focusdata) referenced 2 times from cst_set_atmosphere_pressure.o(.data)
 <LI><a href="#[25]">ATP_init</a> from cst_set_atmosphere_pressure.o(i.ATP_init) referenced 2 times from cst_set_atmosphere_pressure.o(.data)
 <LI><a href="#[27]">ATP_key_dn</a> from cst_set_atmosphere_pressure.o(i.ATP_key_dn) referenced 2 times from cst_set_atmosphere_pressure.o(.data)
 <LI><a href="#[2a]">ATP_key_er</a> from cst_set_atmosphere_pressure.o(i.ATP_key_er) referenced 2 times from cst_set_atmosphere_pressure.o(.data)
 <LI><a href="#[28]">ATP_key_lt</a> from cst_set_atmosphere_pressure.o(i.ATP_key_lt) referenced 2 times from cst_set_atmosphere_pressure.o(.data)
 <LI><a href="#[29]">ATP_key_rt</a> from cst_set_atmosphere_pressure.o(i.ATP_key_rt) referenced 2 times from cst_set_atmosphere_pressure.o(.data)
 <LI><a href="#[26]">ATP_key_up</a> from cst_set_atmosphere_pressure.o(i.ATP_key_up) referenced 2 times from cst_set_atmosphere_pressure.o(.data)
 <LI><a href="#[d6]">BTN_Build_each_btn</a> from component_button.o(i.BTN_Build_each_btn) referenced from component_button.o(i.Button_ctor)
 <LI><a href="#[d7]">BTN_Clean_btn</a> from component_button.o(i.BTN_Clean_btn) referenced from component_button.o(i.Button_ctor)
 <LI><a href="#[da]">BTN_Deal_hit</a> from component_button.o(i.BTN_Deal_hit) referenced from component_button.o(i.Button_ctor)
 <LI><a href="#[d5]">BTN_Init</a> from component_button.o(i.BTN_Init) referenced from component_button.o(i.Button_ctor)
 <LI><a href="#[d9]">BTN_Move_focus</a> from component_button.o(i.BTN_Move_focus) referenced from component_button.o(i.Button_ctor)
 <LI><a href="#[d8]">BTN_Show_vaild_btn</a> from component_button.o(i.BTN_Show_vaild_btn) referenced from component_button.o(i.Button_ctor)
 <LI><a href="#[167]">BuInptSht</a> from ntbutton.o(i.BuInptSht) referenced from ntbutton.o(i.NtButton_ctor)
 <LI><a href="#[8f]">BusFault_Handler</a> from startup_stm32f10x_hd.o(.text) referenced from startup_stm32f10x_hd.o(RESET)
 <LI><a href="#[aa]">CAN1_RX1_IRQHandler</a> from startup_stm32f10x_hd.o(.text) referenced from startup_stm32f10x_hd.o(RESET)
 <LI><a href="#[ab]">CAN1_SCE_IRQHandler</a> from startup_stm32f10x_hd.o(.text) referenced from startup_stm32f10x_hd.o(RESET)
 <LI><a href="#[17b]">CMM_Update_time</a> from hmi_comm.o(i.CMM_Update_time) referenced from hmi_comm.o(i.cmmHmi_ctor)
 <LI><a href="#[108]">CNF_Clear_focus</a> from hmi_configuring .o(i.CNF_Clear_focus) referenced from hmi_configuring .o(i.HMI_configuring_ctor)
 <LI><a href="#[db]">CNF_Exec_Sy_cmd</a> from hmi_configuring .o(i.CNF_Exec_Sy_cmd) referenced from hmi_configuring .o(i.CNF_Init_sheet)
 <LI><a href="#[102]">CNF_Hide</a> from hmi_configuring .o(i.CNF_Hide) referenced from hmi_configuring .o(i.HMI_configuring_ctor)
 <LI><a href="#[105]">CNF_Hit</a> from hmi_configuring .o(i.CNF_Hit) referenced from hmi_configuring .o(i.HMI_configuring_ctor)
 <LI><a href="#[101]">CNF_Init</a> from hmi_configuring .o(i.CNF_Init) referenced from hmi_configuring .o(i.HMI_configuring_ctor)
 <LI><a href="#[107]">CNF_Init_focus</a> from hmi_configuring .o(i.CNF_Init_focus) referenced from hmi_configuring .o(i.HMI_configuring_ctor)
 <LI><a href="#[103]">CNF_Init_sheet</a> from hmi_configuring .o(i.CNF_Init_sheet) referenced from hmi_configuring .o(i.HMI_configuring_ctor)
 <LI><a href="#[106]">CNF_Long_hit</a> from hmi_configuring .o(i.CNF_Long_hit) referenced from hmi_configuring .o(i.HMI_configuring_ctor)
 <LI><a href="#[104]">CNF_Show</a> from hmi_configuring .o(i.CNF_Show) referenced from hmi_configuring .o(i.HMI_configuring_ctor)
 <LI><a href="#[109]">CNF_Show_focus</a> from hmi_configuring .o(i.CNF_Show_focus) referenced from hmi_configuring .o(i.HMI_configuring_ctor)
 <LI><a href="#[65]">CSM_Exit</a> from cst_set_case_temperature.o(i.CSM_Exit) referenced 2 times from cst_set_case_temperature.o(.data)
 <LI><a href="#[62]">CSM_Reset_focus</a> from cst_set_case_temperature.o(i.CSM_Reset_focus) referenced 2 times from cst_set_case_temperature.o(.data)
 <LI><a href="#[64]">CSM_commit</a> from cst_set_case_temperature.o(i.CSM_commit) referenced 2 times from cst_set_case_temperature.o(.data)
 <LI><a href="#[5b]">CSM_entry</a> from cst_set_case_temperature.o(i.CSM_entry) referenced 2 times from cst_set_case_temperature.o(.data)
 <LI><a href="#[63]">CSM_get_focusdata</a> from cst_set_case_temperature.o(i.CSM_get_focusdata) referenced 2 times from cst_set_case_temperature.o(.data)
 <LI><a href="#[5c]">CSM_init</a> from cst_set_case_temperature.o(i.CSM_init) referenced 2 times from cst_set_case_temperature.o(.data)
 <LI><a href="#[5e]">CSM_key_dn</a> from cst_set_case_temperature.o(i.CSM_key_dn) referenced 2 times from cst_set_case_temperature.o(.data)
 <LI><a href="#[61]">CSM_key_er</a> from cst_set_case_temperature.o(i.CSM_key_er) referenced 2 times from cst_set_case_temperature.o(.data)
 <LI><a href="#[5f]">CSM_key_lt</a> from cst_set_case_temperature.o(i.CSM_key_lt) referenced 2 times from cst_set_case_temperature.o(.data)
 <LI><a href="#[60]">CSM_key_rt</a> from cst_set_case_temperature.o(i.CSM_key_rt) referenced 2 times from cst_set_case_temperature.o(.data)
 <LI><a href="#[5d]">CSM_key_up</a> from cst_set_case_temperature.o(i.CSM_key_up) referenced 2 times from cst_set_case_temperature.o(.data)
 <LI><a href="#[14a]">Ch376_intr</a> from ch376.o(i.Ch376_intr) referenced from ch376.o(i.Init_Ch376)
 <LI><a href="#[113]">Clear_focus</a> from hmi.o(i.Clear_focus) referenced from hmi.o(i.HMI_ctor)
 <LI><a href="#[f1]">Close_devSpi</a> from dev_spi.o(i.Close_devSpi) referenced from dev_spi.o(i.Dev_spi_ctor)
 <LI><a href="#[df]">Close_dev_IIC</a> from dev_iic.o(i.Close_dev_IIC) referenced from dev_iic.o(i.Dev_IIC_ctor)
 <LI><a href="#[1bc]">Cmd_Thread</a> from cmd_thread.o(i.Cmd_Thread) referenced from cmd_thread.o(.constdata)
 <LI><a href="#[111]">ConposeKeyHandle</a> from hmi.o(i.ConposeKeyHandle) referenced from hmi.o(i.HMI_ctor)
 <LI><a href="#[dc]">CtlKey_init</a> from ctlkey.o(i.CtlKey_init) referenced from ctlkey.o(i.CtlKey_ctor)
 <LI><a href="#[110]">DHitHandle</a> from hmi.o(i.DHitHandle) referenced from hmi.o(i.HMI_ctor)
 <LI><a href="#[a0]">DMA1_Channel1_IRQHandler</a> from startup_stm32f10x_hd.o(.text) referenced from startup_stm32f10x_hd.o(RESET)
 <LI><a href="#[a1]">DMA1_Channel2_IRQHandler</a> from drive_uart.o(i.DMA1_Channel2_IRQHandler) referenced from startup_stm32f10x_hd.o(RESET)
 <LI><a href="#[a2]">DMA1_Channel3_IRQHandler</a> from startup_stm32f10x_hd.o(.text) referenced from startup_stm32f10x_hd.o(RESET)
 <LI><a href="#[a3]">DMA1_Channel4_IRQHandler</a> from drive_uart.o(i.DMA1_Channel4_IRQHandler) referenced from startup_stm32f10x_hd.o(RESET)
 <LI><a href="#[a4]">DMA1_Channel5_IRQHandler</a> from startup_stm32f10x_hd.o(.text) referenced from startup_stm32f10x_hd.o(RESET)
 <LI><a href="#[a5]">DMA1_Channel6_IRQHandler</a> from startup_stm32f10x_hd.o(.text) referenced from startup_stm32f10x_hd.o(RESET)
 <LI><a href="#[a6]">DMA1_Channel7_IRQHandler</a> from drive_uart.o(i.DMA1_Channel7_IRQHandler) referenced from startup_stm32f10x_hd.o(RESET)
 <LI><a href="#[cd]">DMA2_Channel1_IRQHandler</a> from startup_stm32f10x_hd.o(.text) referenced from startup_stm32f10x_hd.o(RESET)
 <LI><a href="#[ce]">DMA2_Channel2_IRQHandler</a> from startup_stm32f10x_hd.o(.text) referenced from startup_stm32f10x_hd.o(RESET)
 <LI><a href="#[cf]">DMA2_Channel3_IRQHandler</a> from startup_stm32f10x_hd.o(.text) referenced from startup_stm32f10x_hd.o(RESET)
 <LI><a href="#[d0]">DMA2_Channel4_5_IRQHandler</a> from drive_uart.o(i.DMA2_Channel4_5_IRQHandler) referenced from startup_stm32f10x_hd.o(RESET)
 <LI><a href="#[4f]">DSF_Exit</a> from cst_set_dust_flow.o(i.DSF_Exit) referenced 2 times from cst_set_dust_flow.o(.data)
 <LI><a href="#[4c]">DSF_Reset_focus</a> from cst_set_dust_flow.o(i.DSF_Reset_focus) referenced 2 times from cst_set_dust_flow.o(.data)
 <LI><a href="#[4e]">DSF_commit</a> from cst_set_dust_flow.o(i.DSF_commit) referenced 2 times from cst_set_dust_flow.o(.data)
 <LI><a href="#[45]">DSF_entry</a> from cst_set_dust_flow.o(i.DSF_entry) referenced 2 times from cst_set_dust_flow.o(.data)
 <LI><a href="#[4d]">DSF_get_focusdata</a> from cst_set_dust_flow.o(i.DSF_get_focusdata) referenced 2 times from cst_set_dust_flow.o(.data)
 <LI><a href="#[46]">DSF_init</a> from cst_set_dust_flow.o(i.DSF_init) referenced 2 times from cst_set_dust_flow.o(.data)
 <LI><a href="#[48]">DSF_key_dn</a> from cst_set_dust_flow.o(i.DSF_key_dn) referenced 2 times from cst_set_dust_flow.o(.data)
 <LI><a href="#[4b]">DSF_key_er</a> from cst_set_dust_flow.o(i.DSF_key_er) referenced 2 times from cst_set_dust_flow.o(.data)
 <LI><a href="#[49]">DSF_key_lt</a> from cst_set_dust_flow.o(i.DSF_key_lt) referenced 2 times from cst_set_dust_flow.o(.data)
 <LI><a href="#[4a]">DSF_key_rt</a> from cst_set_dust_flow.o(i.DSF_key_rt) referenced 2 times from cst_set_dust_flow.o(.data)
 <LI><a href="#[47]">DSF_key_up</a> from cst_set_dust_flow.o(i.DSF_key_up) referenced 2 times from cst_set_dust_flow.o(.data)
 <LI><a href="#[18]">DSP_Exit</a> from cst_set_display.o(i.DSP_Exit) referenced 2 times from cst_set_display.o(.data)
 <LI><a href="#[15]">DSP_Reset_focus</a> from cst_set_display.o(i.DSP_Reset_focus) referenced 2 times from cst_set_display.o(.data)
 <LI><a href="#[17]">DSP_commit</a> from cst_set_display.o(i.DSP_commit) referenced 2 times from cst_set_display.o(.data)
 <LI><a href="#[e]">DSP_entry</a> from cst_set_display.o(i.DSP_entry) referenced 2 times from cst_set_display.o(.data)
 <LI><a href="#[16]">DSP_get_focusdata</a> from cst_set_display.o(i.DSP_get_focusdata) referenced 2 times from cst_set_display.o(.data)
 <LI><a href="#[f]">DSP_init</a> from cst_set_display.o(i.DSP_init) referenced 2 times from cst_set_display.o(.data)
 <LI><a href="#[11]">DSP_key_dn</a> from cst_set_display.o(i.DSP_key_dn) referenced 2 times from cst_set_display.o(.data)
 <LI><a href="#[14]">DSP_key_er</a> from cst_set_display.o(i.DSP_key_er) referenced 2 times from cst_set_display.o(.data)
 <LI><a href="#[12]">DSP_key_lt</a> from cst_set_display.o(i.DSP_key_lt) referenced 2 times from cst_set_display.o(.data)
 <LI><a href="#[13]">DSP_key_rt</a> from cst_set_display.o(i.DSP_key_rt) referenced 2 times from cst_set_display.o(.data)
 <LI><a href="#[10]">DSP_key_up</a> from cst_set_display.o(i.DSP_key_up) referenced 2 times from cst_set_display.o(.data)
 <LI><a href="#[176]">Deal_status</a> from usb.o(i.Deal_status) referenced from usb.o(i.USB_Init)
 <LI><a href="#[92]">DebugMon_Handler</a> from startup_stm32f10x_hd.o(.text) referenced from startup_stm32f10x_hd.o(RESET)
 <LI><a href="#[17d]">DevGpioClose</a> from device_gpio.o(i.DevGpioClose) referenced from device_gpio.o(i.devGpio_ctor)
 <LI><a href="#[180]">DevGpioIoctol</a> from device_gpio.o(i.DevGpioIoctol) referenced from device_gpio.o(i.devGpio_ctor)
 <LI><a href="#[17c]">DevGpioOpen</a> from device_gpio.o(i.DevGpioOpen) referenced from device_gpio.o(i.devGpio_ctor)
 <LI><a href="#[17e]">DevGpioRead</a> from device_gpio.o(i.DevGpioRead) referenced from device_gpio.o(i.devGpio_ctor)
 <LI><a href="#[181]">DevGpioTest</a> from device_gpio.o(i.DevGpioTest) referenced from device_gpio.o(i.devGpio_ctor)
 <LI><a href="#[17f]">DevGpioWrite</a> from device_gpio.o(i.DevGpioWrite) referenced from device_gpio.o(i.devGpio_ctor)
 <LI><a href="#[e5]">Dev_Uart_close</a> from dev_uart.o(i.Dev_Uart_close) referenced from dev_uart.o(i.Dev_Uart_ctor)
 <LI><a href="#[e8]">Dev_Uart_ioctol</a> from dev_uart.o(i.Dev_Uart_ioctol) referenced from dev_uart.o(i.Dev_Uart_ctor)
 <LI><a href="#[e4]">Dev_Uart_open</a> from dev_uart.o(i.Dev_Uart_open) referenced from dev_uart.o(i.Dev_Uart_ctor)
 <LI><a href="#[e6]">Dev_Uart_read</a> from dev_uart.o(i.Dev_Uart_read) referenced from dev_uart.o(i.Dev_Uart_ctor)
 <LI><a href="#[e9]">Dev_Uart_test</a> from dev_uart.o(i.Dev_Uart_test) referenced from dev_uart.o(i.Dev_Uart_ctor)
 <LI><a href="#[e7]">Dev_Uart_write</a> from dev_uart.o(i.Dev_Uart_write) referenced from dev_uart.o(i.Dev_Uart_ctor)
 <LI><a href="#[fe]">Draw_self</a> from glyph.o(i.Draw_self) referenced from glyph.o(i.Glyph_ctor)
 <LI><a href="#[9b]">EXTI0_IRQHandler</a> from drive_gpio.o(i.EXTI0_IRQHandler) referenced from startup_stm32f10x_hd.o(RESET)
 <LI><a href="#[bd]">EXTI15_10_IRQHandler</a> from drive_gpio.o(i.EXTI15_10_IRQHandler) referenced from startup_stm32f10x_hd.o(RESET)
 <LI><a href="#[9c]">EXTI1_IRQHandler</a> from drive_gpio.o(i.EXTI1_IRQHandler) referenced from startup_stm32f10x_hd.o(RESET)
 <LI><a href="#[9d]">EXTI2_IRQHandler</a> from drive_gpio.o(i.EXTI2_IRQHandler) referenced from startup_stm32f10x_hd.o(RESET)
 <LI><a href="#[9e]">EXTI3_IRQHandler</a> from drive_gpio.o(i.EXTI3_IRQHandler) referenced from startup_stm32f10x_hd.o(RESET)
 <LI><a href="#[9f]">EXTI4_IRQHandler</a> from drive_gpio.o(i.EXTI4_IRQHandler) referenced from startup_stm32f10x_hd.o(RESET)
 <LI><a href="#[ac]">EXTI9_5_IRQHandler</a> from drive_gpio.o(i.EXTI9_5_IRQHandler) referenced from startup_stm32f10x_hd.o(RESET)
 <LI><a href="#[99]">FLASH_IRQHandler</a> from startup_stm32f10x_hd.o(.text) referenced from startup_stm32f10x_hd.o(RESET)
 <LI><a href="#[19e]">FM_Clear</a> from dev_lcd_fm12864.o(i.FM_Clear) referenced from dev_lcd_fm12864.o(i.lcd_fm12864_ctor)
 <LI><a href="#[1a3]">FM_Contrast</a> from dev_lcd_fm12864.o(i.FM_Contrast) referenced from dev_lcd_fm12864.o(i.lcd_fm12864_ctor)
 <LI><a href="#[f8]">FM_Draw_cycle</a> from dev_lcd_fm12864.o(i.FM_Draw_cycle) referenced from dev_lcd_fm12864.o(i.FM_Init)
 <LI><a href="#[1a7]">FM_Draw_geometry</a> from dev_lcd_fm12864.o(i.FM_Draw_geometry) referenced from dev_lcd_fm12864.o(i.lcd_fm12864_ctor)
 <LI><a href="#[f6]">FM_Draw_line</a> from dev_lcd_fm12864.o(i.FM_Draw_line) referenced from dev_lcd_fm12864.o(i.FM_Init)
 <LI><a href="#[f7]">FM_Draw_rectangle</a> from dev_lcd_fm12864.o(i.FM_Draw_rectangle) referenced from dev_lcd_fm12864.o(i.FM_Init)
 <LI><a href="#[1a1]">FM_Flush</a> from dev_lcd_fm12864.o(i.FM_Flush) referenced from dev_lcd_fm12864.o(i.lcd_fm12864_ctor)
 <LI><a href="#[1a5]">FM_Get_size</a> from dev_lcd_fm12864.o(i.FM_Get_size) referenced from dev_lcd_fm12864.o(i.lcd_fm12864_ctor)
 <LI><a href="#[19d]">FM_Init</a> from dev_lcd_fm12864.o(i.FM_Init) referenced from dev_lcd_fm12864.o(i.lcd_fm12864_ctor)
 <LI><a href="#[1a4]">FM_Lcd_ctl</a> from dev_lcd_fm12864.o(i.FM_Lcd_ctl) referenced from dev_lcd_fm12864.o(i.lcd_fm12864_ctor)
 <LI><a href="#[1a2]">FM_Lightness</a> from dev_lcd_fm12864.o(i.FM_Lightness) referenced from dev_lcd_fm12864.o(i.lcd_fm12864_ctor)
 <LI><a href="#[1a6]">FM_Set_backcolor</a> from dev_lcd_fm12864.o(i.FM_Set_backcolor) referenced from dev_lcd_fm12864.o(i.lcd_fm12864_ctor)
 <LI><a href="#[19f]">FM_Switch</a> from dev_lcd_fm12864.o(i.FM_Switch) referenced from dev_lcd_fm12864.o(i.lcd_fm12864_ctor)
 <LI><a href="#[1a0]">FM_Text</a> from dev_lcd_fm12864.o(i.FM_Text) referenced from dev_lcd_fm12864.o(i.lcd_fm12864_ctor)
 <LI><a href="#[c5]">FSMC_IRQHandler</a> from startup_stm32f10x_hd.o(.text) referenced from startup_stm32f10x_hd.o(RESET)
 <LI><a href="#[100]">GeoInptSht</a> from geometricsexpr.o(i.GeoInptSht) referenced from geometricsexpr.o(i.GmtrExpr_ctor)
 <LI><a href="#[f9]">GhPic_vDraw</a> from gh_pic.o(i.GhPic_vDraw) referenced from gh_pic.o(i.GhPic_ctor)
 <LI><a href="#[fa]">GhRec_vDraw</a> from gh_rectangle.o(i.GhRec_vDraw) referenced from gh_rectangle.o(i.GhRectangle_ctor)
 <LI><a href="#[fc]">GhTxt_GetSize</a> from gh_txt.o(i.GhTxt_GetSize) referenced from gh_txt.o(i.GhTxt_ctor)
 <LI><a href="#[fb]">GhTxt_vDraw</a> from gh_txt.o(i.GhTxt_vDraw) referenced from gh_txt.o(i.GhTxt_ctor)
 <LI><a href="#[183]">GpioDeInit</a> from drive_gpio.o(i.GpioDeInit) referenced from drive_gpio.o(i.driveGpio_ctor)
 <LI><a href="#[182]">GpioInit</a> from drive_gpio.o(i.GpioInit) referenced from drive_gpio.o(i.driveGpio_ctor)
 <LI><a href="#[184]">GpioRead</a> from drive_gpio.o(i.GpioRead) referenced from drive_gpio.o(i.driveGpio_ctor)
 <LI><a href="#[187]">GpioSetEncode</a> from drive_gpio.o(i.GpioSetEncode) referenced from drive_gpio.o(i.driveGpio_ctor)
 <LI><a href="#[186]">GpioSetIrqHdl</a> from drive_gpio.o(i.GpioSetIrqHdl) referenced from drive_gpio.o(i.driveGpio_ctor)
 <LI><a href="#[189]">GpioTest</a> from drive_gpio.o(i.GpioTest) referenced from drive_gpio.o(i.driveGpio_ctor)
 <LI><a href="#[185]">GpioWrite</a> from drive_gpio.o(i.GpioWrite) referenced from drive_gpio.o(i.driveGpio_ctor)
 <LI><a href="#[188]">Gpio_control_irq</a> from drive_gpio.o(i.Gpio_control_irq) referenced from drive_gpio.o(i.driveGpio_ctor)
 <LI><a href="#[119]">HMI_Btn_backward</a> from hmi.o(i.HMI_Btn_backward) referenced from hmi.o(i.HMI_ctor)
 <LI><a href="#[118]">HMI_Btn_forward</a> from hmi.o(i.HMI_Btn_forward) referenced from hmi.o(i.HMI_ctor)
 <LI><a href="#[11a]">HMI_Btn_jumpout</a> from hmi.o(i.HMI_Btn_jumpout) referenced from hmi.o(i.HMI_ctor)
 <LI><a href="#[115]">HMI_Build_cmp</a> from hmi.o(i.HMI_Build_cmp) referenced from hmi.o(i.HMI_ctor)
 <LI><a href="#[197]">HMI_CFG_Hide</a> from hmi_config.o(i.HMI_CFG_Hide) referenced from hmi_config.o(i.hmi_config_ctor)
 <LI><a href="#[19b]">HMI_CFG_Hit</a> from hmi_config.o(i.HMI_CFG_Hit) referenced from hmi_config.o(i.hmi_config_ctor)
 <LI><a href="#[196]">HMI_CFG_Init</a> from hmi_config.o(i.HMI_CFG_Init) referenced from hmi_config.o(i.hmi_config_ctor)
 <LI><a href="#[19c]">HMI_CFG_Init_focus</a> from hmi_config.o(i.HMI_CFG_Init_focus) referenced from hmi_config.o(i.hmi_config_ctor)
 <LI><a href="#[198]">HMI_CFG_Init_sheet</a> from hmi_config.o(i.HMI_CFG_Init_sheet) referenced from hmi_config.o(i.hmi_config_ctor)
 <LI><a href="#[199]">HMI_CFG_Run</a> from hmi_config.o(i.HMI_CFG_Run) referenced from hmi_config.o(i.hmi_config_ctor)
 <LI><a href="#[19a]">HMI_CFG_Show</a> from hmi_config.o(i.HMI_CFG_Show) referenced from hmi_config.o(i.hmi_config_ctor)
 <LI><a href="#[116]">HMI_Clean_cmp</a> from hmi.o(i.HMI_Clean_cmp) referenced from hmi.o(i.HMI_ctor)
 <LI><a href="#[10b]">HMI_Run</a> from hmi.o(i.HMI_Run) referenced from hmi.o(i.HMI_ctor)
 <LI><a href="#[117]">HMI_Show_cmp</a> from hmi.o(i.HMI_Show_cmp) referenced from hmi.o(i.HMI_ctor)
 <LI><a href="#[123]">HMN_Hide</a> from hmi_main.o(i.HMN_Hide) referenced from hmi_main.o(i.HMI_main_ctor)
 <LI><a href="#[122]">HMN_Init</a> from hmi_main.o(i.HMN_Init) referenced from hmi_main.o(i.HMI_main_ctor)
 <LI><a href="#[127]">HMN_Init_focus</a> from hmi_main.o(i.HMN_Init_focus) referenced from hmi_main.o(i.HMI_main_ctor)
 <LI><a href="#[124]">HMN_Init_sheet</a> from hmi_main.o(i.HMN_Init_sheet) referenced from hmi_main.o(i.HMI_main_ctor)
 <LI><a href="#[125]">HMN_Run</a> from hmi_main.o(i.HMN_Run) referenced from hmi_main.o(i.HMI_main_ctor)
 <LI><a href="#[126]">HMN_Show</a> from hmi_main.o(i.HMN_Show) referenced from hmi_main.o(i.HMI_main_ctor)
 <LI><a href="#[129]">HMT_Hide</a> from hmi_maintain.o(i.HMT_Hide) referenced from hmi_maintain.o(i.HMI_maintain_ctor)
 <LI><a href="#[128]">HMT_Init</a> from hmi_maintain.o(i.HMT_Init) referenced from hmi_maintain.o(i.HMI_maintain_ctor)
 <LI><a href="#[12d]">HMT_Init_focus</a> from hmi_maintain.o(i.HMT_Init_focus) referenced from hmi_maintain.o(i.HMI_maintain_ctor)
 <LI><a href="#[12a]">HMT_Init_sheet</a> from hmi_maintain.o(i.HMT_Init_sheet) referenced from hmi_maintain.o(i.HMI_maintain_ctor)
 <LI><a href="#[12b]">HMT_Run</a> from hmi_maintain.o(i.HMT_Run) referenced from hmi_maintain.o(i.HMI_maintain_ctor)
 <LI><a href="#[12c]">HMT_Show</a> from hmi_maintain.o(i.HMT_Show) referenced from hmi_maintain.o(i.HMI_maintain_ctor)
 <LI><a href="#[137]">HSS_Hide</a> from hmi_select_setting.o(i.HSS_Hide) referenced from hmi_select_setting.o(i.HMI_select_setting_ctor)
 <LI><a href="#[13a]">HSS_Hit</a> from hmi_select_setting.o(i.HSS_Hit) referenced from hmi_select_setting.o(i.HMI_select_setting_ctor)
 <LI><a href="#[136]">HSS_Init</a> from hmi_select_setting.o(i.HSS_Init) referenced from hmi_select_setting.o(i.HMI_select_setting_ctor)
 <LI><a href="#[13b]">HSS_Init_focus</a> from hmi_select_setting.o(i.HSS_Init_focus) referenced from hmi_select_setting.o(i.HMI_select_setting_ctor)
 <LI><a href="#[138]">HSS_Init_sheet</a> from hmi_select_setting.o(i.HSS_Init_sheet) referenced from hmi_select_setting.o(i.HMI_select_setting_ctor)
 <LI><a href="#[139]">HSS_Show</a> from hmi_select_setting.o(i.HSS_Show) referenced from hmi_select_setting.o(i.HMI_select_setting_ctor)
 <LI><a href="#[44]">HTR_Exit</a> from cst_set_heater.o(i.HTR_Exit) referenced 2 times from cst_set_heater.o(.data)
 <LI><a href="#[41]">HTR_Reset_focus</a> from cst_set_heater.o(i.HTR_Reset_focus) referenced 2 times from cst_set_heater.o(.data)
 <LI><a href="#[43]">HTR_commit</a> from cst_set_heater.o(i.HTR_commit) referenced 2 times from cst_set_heater.o(.data)
 <LI><a href="#[3a]">HTR_entry</a> from cst_set_heater.o(i.HTR_entry) referenced 2 times from cst_set_heater.o(.data)
 <LI><a href="#[42]">HTR_get_focusdata</a> from cst_set_heater.o(i.HTR_get_focusdata) referenced 2 times from cst_set_heater.o(.data)
 <LI><a href="#[3b]">HTR_init</a> from cst_set_heater.o(i.HTR_init) referenced 2 times from cst_set_heater.o(.data)
 <LI><a href="#[3d]">HTR_key_dn</a> from cst_set_heater.o(i.HTR_key_dn) referenced 2 times from cst_set_heater.o(.data)
 <LI><a href="#[40]">HTR_key_er</a> from cst_set_heater.o(i.HTR_key_er) referenced 2 times from cst_set_heater.o(.data)
 <LI><a href="#[3e]">HTR_key_lt</a> from cst_set_heater.o(i.HTR_key_lt) referenced 2 times from cst_set_heater.o(.data)
 <LI><a href="#[3f]">HTR_key_rt</a> from cst_set_heater.o(i.HTR_key_rt) referenced 2 times from cst_set_heater.o(.data)
 <LI><a href="#[3c]">HTR_key_up</a> from cst_set_heater.o(i.HTR_key_up) referenced 2 times from cst_set_heater.o(.data)
 <LI><a href="#[145]">HWS_Hide</a> from hmi_wait_sample.o(i.HWS_Hide) referenced from hmi_wait_sample.o(i.HMI_wait_sample_ctor)
 <LI><a href="#[144]">HWS_Init</a> from hmi_wait_sample.o(i.HWS_Init) referenced from hmi_wait_sample.o(i.HMI_wait_sample_ctor)
 <LI><a href="#[149]">HWS_Init_focus</a> from hmi_wait_sample.o(i.HWS_Init_focus) referenced from hmi_wait_sample.o(i.HMI_wait_sample_ctor)
 <LI><a href="#[146]">HWS_Init_sheet</a> from hmi_wait_sample.o(i.HWS_Init_sheet) referenced from hmi_wait_sample.o(i.HMI_wait_sample_ctor)
 <LI><a href="#[147]">HWS_Run</a> from hmi_wait_sample.o(i.HWS_Run) referenced from hmi_wait_sample.o(i.HMI_wait_sample_ctor)
 <LI><a href="#[148]">HWS_Show</a> from hmi_wait_sample.o(i.HWS_Show) referenced from hmi_wait_sample.o(i.HMI_wait_sample_ctor)
 <LI><a href="#[8d]">HardFault_Handler</a> from main.o(i.HardFault_Handler) referenced from startup_stm32f10x_hd.o(RESET)
 <LI><a href="#[10e]">HitHandle</a> from hmi.o(i.HitHandle) referenced from hmi.o(i.HMI_ctor)
 <LI><a href="#[10a]">HmiShow</a> from hmi.o(i.HmiShow) referenced from hmi.o(i.HMI_ctor)
 <LI><a href="#[b5]">I2C1_ER_IRQHandler</a> from startup_stm32f10x_hd.o(.text) referenced from startup_stm32f10x_hd.o(RESET)
 <LI><a href="#[b4]">I2C1_EV_IRQHandler</a> from startup_stm32f10x_hd.o(.text) referenced from startup_stm32f10x_hd.o(RESET)
 <LI><a href="#[b7]">I2C2_ER_IRQHandler</a> from startup_stm32f10x_hd.o(.text) referenced from startup_stm32f10x_hd.o(RESET)
 <LI><a href="#[b6]">I2C2_EV_IRQHandler</a> from startup_stm32f10x_hd.o(.text) referenced from startup_stm32f10x_hd.o(RESET)
 <LI><a href="#[1c9]">INS_Init</a> from component_option.o(i.INS_Init) referenced from component_option.o(.constdata)
 <LI><a href="#[1ca]">INS_Select</a> from component_option.o(i.INS_Select) referenced from component_option.o(.constdata)
 <LI><a href="#[fd]">Init</a> from glyph.o(i.Init) referenced from glyph.o(i.Glyph_ctor)
 <LI><a href="#[17a]">Init_cmmHmi</a> from hmi_comm.o(i.Init_cmmHmi) referenced from hmi_comm.o(i.cmmHmi_ctor)
 <LI><a href="#[112]">Init_focus</a> from hmi.o(i.Init_focus) referenced from hmi.o(i.HMI_ctor)
 <LI><a href="#[168]">InputInptSht</a> from ntinput.o(i.InputInptSht) referenced from ntinput.o(i.NtInput_ctor)
 <LI><a href="#[f4]">Ioctol_devSpi</a> from dev_spi.o(i.Ioctol_devSpi) referenced from dev_spi.o(i.Dev_spi_ctor)
 <LI><a href="#[e2]">Ioctol_dev_IIC</a> from dev_iic.o(i.Ioctol_dev_IIC) referenced from dev_iic.o(i.Dev_IIC_ctor)
 <LI><a href="#[173]">KeyEvent</a> from test_usb.o(i.KeyEvent) referenced from test_usb.o(i.Test_usb)
 <LI><a href="#[14c]">KeyTest_setKeyHdl</a> from keyboard.o(i.KeyTest_setKeyHdl) referenced from keyboard.o(i.KbTestOb_ctor)
 <LI><a href="#[dd]">KeyUpdate</a> from ctlkey.o(i.KeyUpdate) referenced from ctlkey.o(i.CtlKey_ctor)
 <LI><a href="#[14f]">Key_DelOb</a> from keyboard.o(i.Key_DelOb) referenced from keyboard.o(i.Keyboard_ctor)
 <LI><a href="#[150]">Key_Run</a> from keyboard.o(i.Key_Run) referenced from keyboard.o(i.Keyboard_ctor)
 <LI><a href="#[14b]">Key_TestUpdate</a> from keyboard.o(i.Key_TestUpdate) referenced from keyboard.o(i.KbTestOb_ctor)
 <LI><a href="#[14e]">Key_addOb</a> from keyboard.o(i.Key_addOb) referenced from keyboard.o(i.Keyboard_ctor)
 <LI><a href="#[153]">Key_identify_key_msg</a> from keyboard.o(i.Key_identify_key_msg) referenced from keyboard.o(i.Keyboard_ctor)
 <LI><a href="#[151]">Key_notify</a> from keyboard.o(i.Key_notify) referenced from keyboard.o(i.Keyboard_ctor)
 <LI><a href="#[152]">Key_scan_pins</a> from keyboard.o(i.Key_scan_pins) referenced from keyboard.o(i.Keyboard_ctor)
 <LI><a href="#[14d]">Keyboard_init</a> from keyboard.o(i.Keyboard_init) referenced from keyboard.o(i.Keyboard_ctor)
 <LI><a href="#[10f]">LngpshHandle</a> from hmi.o(i.LngpshHandle) referenced from hmi.o(i.HMI_ctor)
 <LI><a href="#[15c]">MdlChn_getData</a> from model_channel.o(i.MdlChn_getData) referenced from model_channel.o(i.Model_chn_ctor)
 <LI><a href="#[159]">MdlChn_init</a> from model_channel.o(i.MdlChn_init) referenced from model_channel.o(i.Model_chn_ctor)
 <LI><a href="#[160]">MdlChn_modify_sconf</a> from model_channel.o(i.MdlChn_modify_sconf) referenced from model_channel.o(i.Model_chn_ctor)
 <LI><a href="#[15a]">MdlChn_run</a> from model_channel.o(i.MdlChn_run) referenced from model_channel.o(i.Model_chn_ctor)
 <LI><a href="#[15b]">MdlChn_self_check</a> from model_channel.o(i.MdlChn_self_check) referenced from model_channel.o(i.Model_chn_ctor)
 <LI><a href="#[15d]">MdlChn_setData</a> from model_channel.o(i.MdlChn_setData) referenced from model_channel.o(i.Model_chn_ctor)
 <LI><a href="#[161]">MdlChn_set_by_string</a> from model_channel.o(i.MdlChn_set_by_string) referenced from model_channel.o(i.Model_chn_ctor)
 <LI><a href="#[15f]">MdlChn_to_percentage</a> from model_channel.o(i.MdlChn_to_percentage) referenced from model_channel.o(i.Model_chn_ctor)
 <LI><a href="#[15e]">MdlChn_to_string</a> from model_channel.o(i.MdlChn_to_string) referenced from model_channel.o(i.Model_chn_ctor)
 <LI><a href="#[156]">MdlTime_getData</a> from modeltime.o(i.MdlTime_getData) referenced from modeltime.o(i.ModelTime_ctor)
 <LI><a href="#[154]">MdlTime_init</a> from modeltime.o(i.MdlTime_init) referenced from modeltime.o(i.ModelTime_ctor)
 <LI><a href="#[155]">MdlTime_run</a> from modeltime.o(i.MdlTime_run) referenced from modeltime.o(i.ModelTime_ctor)
 <LI><a href="#[157]">MdlTime_set_by_string</a> from modeltime.o(i.MdlTime_set_by_string) referenced from modeltime.o(i.ModelTime_ctor)
 <LI><a href="#[158]">MdlTime_to_string</a> from modeltime.o(i.MdlTime_to_string) referenced from modeltime.o(i.ModelTime_ctor)
 <LI><a href="#[162]">Mdl_attach</a> from model.o(i.Mdl_attach) referenced from model.o(i.Model_ctor)
 <LI><a href="#[163]">Mdl_detach</a> from model.o(i.Mdl_detach) referenced from model.o(i.Model_ctor)
 <LI><a href="#[164]">Mdl_getData</a> from model.o(i.Mdl_getData) referenced from model.o(i.Model_ctor)
 <LI><a href="#[166]">Mdl_notify</a> from model.o(i.Mdl_notify) referenced from model.o(i.Model_ctor)
 <LI><a href="#[165]">Mdl_setData</a> from model.o(i.Mdl_setData) referenced from model.o(i.Model_ctor)
 <LI><a href="#[8e]">MemManage_Handler</a> from startup_stm32f10x_hd.o(.text) referenced from startup_stm32f10x_hd.o(RESET)
 <LI><a href="#[8c]">NMI_Handler</a> from startup_stm32f10x_hd.o(.text) referenced from startup_stm32f10x_hd.o(RESET)
 <LI><a href="#[1d1]">OTH_Init</a> from component_option.o(i.OTH_Init) referenced from component_option.o(.constdata)
 <LI><a href="#[1d2]">OTH_Select</a> from component_option.o(i.OTH_Select) referenced from component_option.o(.constdata)
 <LI><a href="#[f0]">Open_devSpi</a> from dev_spi.o(i.Open_devSpi) referenced from dev_spi.o(i.Dev_spi_ctor)
 <LI><a href="#[de]">Open_dev_IIC</a> from dev_iic.o(i.Open_dev_IIC) referenced from dev_iic.o(i.Dev_IIC_ctor)
 <LI><a href="#[39]">PRP_Exit</a> from cst_set_pressure_protect.o(i.PRP_Exit) referenced 2 times from cst_set_pressure_protect.o(.data)
 <LI><a href="#[36]">PRP_Reset_focus</a> from cst_set_pressure_protect.o(i.PRP_Reset_focus) referenced 2 times from cst_set_pressure_protect.o(.data)
 <LI><a href="#[38]">PRP_commit</a> from cst_set_pressure_protect.o(i.PRP_commit) referenced 2 times from cst_set_pressure_protect.o(.data)
 <LI><a href="#[2f]">PRP_entry</a> from cst_set_pressure_protect.o(i.PRP_entry) referenced 2 times from cst_set_pressure_protect.o(.data)
 <LI><a href="#[37]">PRP_get_focusdata</a> from cst_set_pressure_protect.o(i.PRP_get_focusdata) referenced 2 times from cst_set_pressure_protect.o(.data)
 <LI><a href="#[30]">PRP_init</a> from cst_set_pressure_protect.o(i.PRP_init) referenced 2 times from cst_set_pressure_protect.o(.data)
 <LI><a href="#[32]">PRP_key_dn</a> from cst_set_pressure_protect.o(i.PRP_key_dn) referenced 2 times from cst_set_pressure_protect.o(.data)
 <LI><a href="#[35]">PRP_key_er</a> from cst_set_pressure_protect.o(i.PRP_key_er) referenced 2 times from cst_set_pressure_protect.o(.data)
 <LI><a href="#[33]">PRP_key_lt</a> from cst_set_pressure_protect.o(i.PRP_key_lt) referenced 2 times from cst_set_pressure_protect.o(.data)
 <LI><a href="#[34]">PRP_key_rt</a> from cst_set_pressure_protect.o(i.PRP_key_rt) referenced 2 times from cst_set_pressure_protect.o(.data)
 <LI><a href="#[31]">PRP_key_up</a> from cst_set_pressure_protect.o(i.PRP_key_up) referenced 2 times from cst_set_pressure_protect.o(.data)
 <LI><a href="#[1cd]">PRS_Init</a> from component_option.o(i.PRS_Init) referenced from component_option.o(.constdata)
 <LI><a href="#[1ce]">PRS_Select</a> from component_option.o(i.PRS_Select) referenced from component_option.o(.constdata)
 <LI><a href="#[23]">PSD_Exit</a> from cst_set_password.o(i.PSD_Exit) referenced 2 times from cst_set_password.o(.data)
 <LI><a href="#[11c]">PSD_Hide</a> from hmi_input_psd.o(i.PSD_Hide) referenced from hmi_input_psd.o(i.HMI_input_psd_ctor)
 <LI><a href="#[120]">PSD_Hit</a> from hmi_input_psd.o(i.PSD_Hit) referenced from hmi_input_psd.o(i.HMI_input_psd_ctor)
 <LI><a href="#[11b]">PSD_Init</a> from hmi_input_psd.o(i.PSD_Init) referenced from hmi_input_psd.o(i.HMI_input_psd_ctor)
 <LI><a href="#[121]">PSD_Init_focus</a> from hmi_input_psd.o(i.PSD_Init_focus) referenced from hmi_input_psd.o(i.HMI_input_psd_ctor)
 <LI><a href="#[20]">PSD_Reset_focus</a> from cst_set_password.o(i.PSD_Reset_focus) referenced 2 times from cst_set_password.o(.data)
 <LI><a href="#[11e]">PSD_Run</a> from hmi_input_psd.o(i.PSD_Run) referenced from hmi_input_psd.o(i.HMI_input_psd_ctor)
 <LI><a href="#[11f]">PSD_Show</a> from hmi_input_psd.o(i.PSD_Show) referenced from hmi_input_psd.o(i.HMI_input_psd_ctor)
 <LI><a href="#[22]">PSD_commit</a> from cst_set_password.o(i.PSD_commit) referenced 2 times from cst_set_password.o(.data)
 <LI><a href="#[19]">PSD_entry</a> from cst_set_password.o(i.PSD_entry) referenced 2 times from cst_set_password.o(.data)
 <LI><a href="#[21]">PSD_get_focusdata</a> from cst_set_password.o(i.PSD_get_focusdata) referenced 2 times from cst_set_password.o(.data)
 <LI><a href="#[1a]">PSD_init</a> from cst_set_password.o(i.PSD_init) referenced 2 times from cst_set_password.o(.data)
 <LI><a href="#[11d]">PSD_initSheet</a> from hmi_input_psd.o(i.PSD_initSheet) referenced from hmi_input_psd.o(i.HMI_input_psd_ctor)
 <LI><a href="#[1c]">PSD_key_dn</a> from cst_set_password.o(i.PSD_key_dn) referenced 2 times from cst_set_password.o(.data)
 <LI><a href="#[1f]">PSD_key_er</a> from cst_set_password.o(i.PSD_key_er) referenced 2 times from cst_set_password.o(.data)
 <LI><a href="#[1d]">PSD_key_lt</a> from cst_set_password.o(i.PSD_key_lt) referenced 2 times from cst_set_password.o(.data)
 <LI><a href="#[1e]">PSD_key_rt</a> from cst_set_password.o(i.PSD_key_rt) referenced 2 times from cst_set_password.o(.data)
 <LI><a href="#[1b]">PSD_key_up</a> from cst_set_password.o(i.PSD_key_up) referenced 2 times from cst_set_password.o(.data)
 <LI><a href="#[96]">PVD_IRQHandler</a> from power.o(i.PVD_IRQHandler) referenced from startup_stm32f10x_hd.o(RESET)
 <LI><a href="#[16a]">Pcf8563_readReg</a> from rtc_pcf8563.o(i.Pcf8563_readReg) referenced from rtc_pcf8563.o(i.Pcf8563_ctor)
 <LI><a href="#[169]">Pcf8563_set</a> from rtc_pcf8563.o(i.Pcf8563_set) referenced from rtc_pcf8563.o(i.Pcf8563_ctor)
 <LI><a href="#[16b]">Pcf8563_writeReg</a> from rtc_pcf8563.o(i.Pcf8563_writeReg) referenced from rtc_pcf8563.o(i.Pcf8563_ctor)
 <LI><a href="#[93]">PendSV_Handler</a> from hal_cm3.o(.emb_text) referenced from startup_stm32f10x_hd.o(RESET)
 <LI><a href="#[16c]">PicInptSht</a> from picexpr.o(i.PicInptSht) referenced from picexpr.o(i.PicExpr_ctor)
 <LI><a href="#[70]">QAT_Exit</a> from cst_query_atmosphere.o(i.QAT_Exit) referenced 2 times from cst_query_atmosphere.o(.data)
 <LI><a href="#[6d]">QAT_Reset_focus</a> from cst_query_atmosphere.o(i.QAT_Reset_focus) referenced 2 times from cst_query_atmosphere.o(.data)
 <LI><a href="#[6f]">QAT_commit</a> from cst_query_atmosphere.o(i.QAT_commit) referenced 2 times from cst_query_atmosphere.o(.data)
 <LI><a href="#[66]">QAT_entry</a> from cst_query_atmosphere.o(i.QAT_entry) referenced 2 times from cst_query_atmosphere.o(.data)
 <LI><a href="#[6e]">QAT_get_focusdata</a> from cst_query_atmosphere.o(i.QAT_get_focusdata) referenced 2 times from cst_query_atmosphere.o(.data)
 <LI><a href="#[67]">QAT_init</a> from cst_query_atmosphere.o(i.QAT_init) referenced 2 times from cst_query_atmosphere.o(.data)
 <LI><a href="#[69]">QAT_key_dn</a> from cst_query_atmosphere.o(i.QAT_key_dn) referenced 2 times from cst_query_atmosphere.o(.data)
 <LI><a href="#[6c]">QAT_key_er</a> from cst_query_atmosphere.o(i.QAT_key_er) referenced 2 times from cst_query_atmosphere.o(.data)
 <LI><a href="#[6a]">QAT_key_lt</a> from cst_query_atmosphere.o(i.QAT_key_lt) referenced 2 times from cst_query_atmosphere.o(.data)
 <LI><a href="#[6b]">QAT_key_rt</a> from cst_query_atmosphere.o(i.QAT_key_rt) referenced 2 times from cst_query_atmosphere.o(.data)
 <LI><a href="#[68]">QAT_key_up</a> from cst_query_atmosphere.o(i.QAT_key_up) referenced 2 times from cst_query_atmosphere.o(.data)
 <LI><a href="#[86]">QDS_Exit</a> from cst_query_dust.o(i.QDS_Exit) referenced 2 times from cst_query_dust.o(.data)
 <LI><a href="#[83]">QDS_Reset_focus</a> from cst_query_dust.o(i.QDS_Reset_focus) referenced 2 times from cst_query_dust.o(.data)
 <LI><a href="#[85]">QDS_commit</a> from cst_query_dust.o(i.QDS_commit) referenced 2 times from cst_query_dust.o(.data)
 <LI><a href="#[7c]">QDS_entry</a> from cst_query_dust.o(i.QDS_entry) referenced 2 times from cst_query_dust.o(.data)
 <LI><a href="#[84]">QDS_get_focusdata</a> from cst_query_dust.o(i.QDS_get_focusdata) referenced 2 times from cst_query_dust.o(.data)
 <LI><a href="#[7d]">QDS_init</a> from cst_query_dust.o(i.QDS_init) referenced 2 times from cst_query_dust.o(.data)
 <LI><a href="#[7f]">QDS_key_dn</a> from cst_query_dust.o(i.QDS_key_dn) referenced 2 times from cst_query_dust.o(.data)
 <LI><a href="#[82]">QDS_key_er</a> from cst_query_dust.o(i.QDS_key_er) referenced 2 times from cst_query_dust.o(.data)
 <LI><a href="#[80]">QDS_key_lt</a> from cst_query_dust.o(i.QDS_key_lt) referenced 2 times from cst_query_dust.o(.data)
 <LI><a href="#[81]">QDS_key_rt</a> from cst_query_dust.o(i.QDS_key_rt) referenced 2 times from cst_query_dust.o(.data)
 <LI><a href="#[7e]">QDS_key_up</a> from cst_query_dust.o(i.QDS_key_up) referenced 2 times from cst_query_dust.o(.data)
 <LI><a href="#[134]">QRY_Clear_focus</a> from hmi_query.o(i.QRY_Clear_focus) referenced from hmi_query.o(i.HMI_query_ctor)
 <LI><a href="#[16d]">QRY_Exec_Sy_cmd</a> from hmi_query.o(i.QRY_Exec_Sy_cmd) referenced from hmi_query.o(i.QRY_Init_sheet)
 <LI><a href="#[12f]">QRY_Hide</a> from hmi_query.o(i.QRY_Hide) referenced from hmi_query.o(i.HMI_query_ctor)
 <LI><a href="#[132]">QRY_Hit</a> from hmi_query.o(i.QRY_Hit) referenced from hmi_query.o(i.HMI_query_ctor)
 <LI><a href="#[12e]">QRY_Init</a> from hmi_query.o(i.QRY_Init) referenced from hmi_query.o(i.HMI_query_ctor)
 <LI><a href="#[133]">QRY_Init_focus</a> from hmi_query.o(i.QRY_Init_focus) referenced from hmi_query.o(i.HMI_query_ctor)
 <LI><a href="#[130]">QRY_Init_sheet</a> from hmi_query.o(i.QRY_Init_sheet) referenced from hmi_query.o(i.HMI_query_ctor)
 <LI><a href="#[131]">QRY_Show</a> from hmi_query.o(i.QRY_Show) referenced from hmi_query.o(i.HMI_query_ctor)
 <LI><a href="#[135]">QRY_Show_focus</a> from hmi_query.o(i.QRY_Show_focus) referenced from hmi_query.o(i.HMI_query_ctor)
 <LI><a href="#[9a]">RCC_IRQHandler</a> from startup_stm32f10x_hd.o(.text) referenced from startup_stm32f10x_hd.o(RESET)
 <LI><a href="#[be]">RTCAlarm_IRQHandler</a> from startup_stm32f10x_hd.o(.text) referenced from startup_stm32f10x_hd.o(RESET)
 <LI><a href="#[98]">RTC_IRQHandler</a> from startup_stm32f10x_hd.o(.text) referenced from startup_stm32f10x_hd.o(RESET)
 <LI><a href="#[f2]">Read_devSpi</a> from dev_spi.o(i.Read_devSpi) referenced from dev_spi.o(i.Dev_spi_ctor)
 <LI><a href="#[e0]">Read_dev_IIC</a> from dev_iic.o(i.Read_dev_IIC) referenced from dev_iic.o(i.Dev_IIC_ctor)
 <LI><a href="#[8b]">Reset_Handler</a> from startup_stm32f10x_hd.o(.text) referenced from startup_stm32f10x_hd.o(RESET)
 <LI><a href="#[c6]">SDIO_IRQHandler</a> from startup_stm32f10x_hd.o(.text) referenced from startup_stm32f10x_hd.o(RESET)
 <LI><a href="#[b8]">SPI1_IRQHandler</a> from drive_spi.o(i.SPI1_IRQHandler) referenced from startup_stm32f10x_hd.o(RESET)
 <LI><a href="#[b9]">SPI2_IRQHandler</a> from drive_spi.o(i.SPI2_IRQHandler) referenced from startup_stm32f10x_hd.o(RESET)
 <LI><a href="#[c8]">SPI3_IRQHandler</a> from startup_stm32f10x_hd.o(.text) referenced from startup_stm32f10x_hd.o(RESET)
 <LI><a href="#[7b]">SSM_Exit</a> from cst_set_sample.o(i.SSM_Exit) referenced 2 times from cst_set_sample.o(.data)
 <LI><a href="#[78]">SSM_Reset_focus</a> from cst_set_sample.o(i.SSM_Reset_focus) referenced 2 times from cst_set_sample.o(.data)
 <LI><a href="#[7a]">SSM_commit</a> from cst_set_sample.o(i.SSM_commit) referenced 2 times from cst_set_sample.o(.data)
 <LI><a href="#[71]">SSM_entry</a> from cst_set_sample.o(i.SSM_entry) referenced 2 times from cst_set_sample.o(.data)
 <LI><a href="#[79]">SSM_get_focusdata</a> from cst_set_sample.o(i.SSM_get_focusdata) referenced 2 times from cst_set_sample.o(.data)
 <LI><a href="#[72]">SSM_init</a> from cst_set_sample.o(i.SSM_init) referenced 2 times from cst_set_sample.o(.data)
 <LI><a href="#[74]">SSM_key_dn</a> from cst_set_sample.o(i.SSM_key_dn) referenced 2 times from cst_set_sample.o(.data)
 <LI><a href="#[77]">SSM_key_er</a> from cst_set_sample.o(i.SSM_key_er) referenced 2 times from cst_set_sample.o(.data)
 <LI><a href="#[75]">SSM_key_lt</a> from cst_set_sample.o(i.SSM_key_lt) referenced 2 times from cst_set_sample.o(.data)
 <LI><a href="#[76]">SSM_key_rt</a> from cst_set_sample.o(i.SSM_key_rt) referenced 2 times from cst_set_sample.o(.data)
 <LI><a href="#[73]">SSM_key_up</a> from cst_set_sample.o(i.SSM_key_up) referenced 2 times from cst_set_sample.o(.data)
 <LI><a href="#[4]">STG_Duild_button</a> from hmi.o(i.STG_Duild_button) referenced 24 times from cst_set_time.o(.data)
 <LI><a href="#[172]">STG_Open_file</a> from storage.o(i.STG_Open_file) referenced from storage.o(i.Storage_ctor)
 <LI><a href="#[13d]">STS_Hide</a> from hmi_start_sample.o(i.STS_Hide) referenced from hmi_start_sample.o(i.HMI_start_sample_ctor)
 <LI><a href="#[13c]">STS_Init</a> from hmi_start_sample.o(i.STS_Init) referenced from hmi_start_sample.o(i.HMI_start_sample_ctor)
 <LI><a href="#[142]">STS_Init_focus</a> from hmi_start_sample.o(i.STS_Init_focus) referenced from hmi_start_sample.o(i.HMI_start_sample_ctor)
 <LI><a href="#[13f]">STS_Run</a> from hmi_start_sample.o(i.STS_Run) referenced from hmi_start_sample.o(i.HMI_start_sample_ctor)
 <LI><a href="#[140]">STS_Show</a> from hmi_start_sample.o(i.STS_Show) referenced from hmi_start_sample.o(i.HMI_start_sample_ctor)
 <LI><a href="#[143]">STS_Tim_update</a> from hmi_start_sample.o(i.STS_Tim_update) referenced from hmi_start_sample.o(i.HMI_start_sample_ctor)
 <LI><a href="#[141]">STS_hit</a> from hmi_start_sample.o(i.STS_hit) referenced from hmi_start_sample.o(i.HMI_start_sample_ctor)
 <LI><a href="#[13e]">STS_initSheet</a> from hmi_start_sample.o(i.STS_initSheet) referenced from hmi_start_sample.o(i.HMI_start_sample_ctor)
 <LI><a href="#[91]">SVC_Handler</a> from hal_cm3.o(.emb_text) referenced from startup_stm32f10x_hd.o(RESET)
 <LI><a href="#[16e]">SYS_Lcd_off</a> from system.o(i.SYS_Lcd_off) referenced from system.o(i.SYS_Tim_lcd_off)
 <LI><a href="#[114]">Show_focus</a> from hmi.o(i.Show_focus) referenced from hmi.o(i.HMI_ctor)
 <LI><a href="#[171]">Strg_WR_stored_data</a> from storage.o(i.Strg_WR_stored_data) referenced from storage.o(i.Storage_ctor)
 <LI><a href="#[16f]">Strg_init</a> from storage.o(i.Strg_init) referenced from storage.o(i.Storage_ctor)
 <LI><a href="#[170]">Strg_rd_stored_data</a> from storage.o(i.Strg_rd_stored_data) referenced from storage.o(i.Storage_ctor)
 <LI><a href="#[10d]">SwitchBack</a> from hmi.o(i.SwitchBack) referenced from hmi.o(i.HMI_ctor)
 <LI><a href="#[10c]">SwitchHMI</a> from hmi.o(i.SwitchHMI) referenced from hmi.o(i.HMI_ctor)
 <LI><a href="#[94]">SysTick_Handler</a> from hal_cm3.o(.emb_text) referenced from startup_stm32f10x_hd.o(RESET)
 <LI><a href="#[d3]">SystemInit</a> from system_stm32f10x.o(i.SystemInit) referenced from startup_stm32f10x_hd.o(.text)
 <LI><a href="#[97]">TAMPER_IRQHandler</a> from startup_stm32f10x_hd.o(.text) referenced from startup_stm32f10x_hd.o(RESET)
 <LI><a href="#[ad]">TIM1_BRK_IRQHandler</a> from startup_stm32f10x_hd.o(.text) referenced from startup_stm32f10x_hd.o(RESET)
 <LI><a href="#[b0]">TIM1_CC_IRQHandler</a> from startup_stm32f10x_hd.o(.text) referenced from startup_stm32f10x_hd.o(RESET)
 <LI><a href="#[af]">TIM1_TRG_COM_IRQHandler</a> from startup_stm32f10x_hd.o(.text) referenced from startup_stm32f10x_hd.o(RESET)
 <LI><a href="#[ae]">TIM1_UP_IRQHandler</a> from startup_stm32f10x_hd.o(.text) referenced from startup_stm32f10x_hd.o(RESET)
 <LI><a href="#[b1]">TIM2_IRQHandler</a> from times.o(i.TIM2_IRQHandler) referenced from startup_stm32f10x_hd.o(RESET)
 <LI><a href="#[b2]">TIM3_IRQHandler</a> from startup_stm32f10x_hd.o(.text) referenced from startup_stm32f10x_hd.o(RESET)
 <LI><a href="#[b3]">TIM4_IRQHandler</a> from startup_stm32f10x_hd.o(.text) referenced from startup_stm32f10x_hd.o(RESET)
 <LI><a href="#[c7]">TIM5_IRQHandler</a> from startup_stm32f10x_hd.o(.text) referenced from startup_stm32f10x_hd.o(RESET)
 <LI><a href="#[cb]">TIM6_IRQHandler</a> from startup_stm32f10x_hd.o(.text) referenced from startup_stm32f10x_hd.o(RESET)
 <LI><a href="#[cc]">TIM7_IRQHandler</a> from startup_stm32f10x_hd.o(.text) referenced from startup_stm32f10x_hd.o(RESET)
 <LI><a href="#[c0]">TIM8_BRK_IRQHandler</a> from startup_stm32f10x_hd.o(.text) referenced from startup_stm32f10x_hd.o(RESET)
 <LI><a href="#[c3]">TIM8_CC_IRQHandler</a> from startup_stm32f10x_hd.o(.text) referenced from startup_stm32f10x_hd.o(RESET)
 <LI><a href="#[c2]">TIM8_TRG_COM_IRQHandler</a> from startup_stm32f10x_hd.o(.text) referenced from startup_stm32f10x_hd.o(RESET)
 <LI><a href="#[c1]">TIM8_UP_IRQHandler</a> from startup_stm32f10x_hd.o(.text) referenced from startup_stm32f10x_hd.o(RESET)
 <LI><a href="#[d]">TIM_Exit</a> from cst_set_time.o(i.TIM_Exit) referenced 2 times from cst_set_time.o(.data)
 <LI><a href="#[1cf]">TIM_Init</a> from component_option.o(i.TIM_Init) referenced from component_option.o(.constdata)
 <LI><a href="#[1bd]">TIM_OC1Init</a> from stm32f10x_tim.o(i.TIM_OC1Init) referenced from lcd_hardware_interfaces.o(.constdata)
 <LI><a href="#[1be]">TIM_OC1PreloadConfig</a> from stm32f10x_tim.o(i.TIM_OC1PreloadConfig) referenced from lcd_hardware_interfaces.o(.constdata)
 <LI><a href="#[1c0]">TIM_OC2Init</a> from stm32f10x_tim.o(i.TIM_OC2Init) referenced from lcd_hardware_interfaces.o(.constdata)
 <LI><a href="#[1c1]">TIM_OC2PreloadConfig</a> from stm32f10x_tim.o(i.TIM_OC2PreloadConfig) referenced from lcd_hardware_interfaces.o(.constdata)
 <LI><a href="#[1c3]">TIM_OC3Init</a> from stm32f10x_tim.o(i.TIM_OC3Init) referenced from lcd_hardware_interfaces.o(.constdata)
 <LI><a href="#[1c4]">TIM_OC3PreloadConfig</a> from stm32f10x_tim.o(i.TIM_OC3PreloadConfig) referenced from lcd_hardware_interfaces.o(.constdata)
 <LI><a href="#[1c6]">TIM_OC4Init</a> from stm32f10x_tim.o(i.TIM_OC4Init) referenced from lcd_hardware_interfaces.o(.constdata)
 <LI><a href="#[1c7]">TIM_OC4PreloadConfig</a> from stm32f10x_tim.o(i.TIM_OC4PreloadConfig) referenced from lcd_hardware_interfaces.o(.constdata)
 <LI><a href="#[a]">TIM_Reset_focus</a> from cst_set_time.o(i.TIM_Reset_focus) referenced 2 times from cst_set_time.o(.data)
 <LI><a href="#[1d0]">TIM_Select</a> from component_option.o(i.TIM_Select) referenced from component_option.o(.constdata)
 <LI><a href="#[1bf]">TIM_SetCompare1</a> from stm32f10x_tim.o(i.TIM_SetCompare1) referenced from lcd_hardware_interfaces.o(.constdata)
 <LI><a href="#[1c2]">TIM_SetCompare2</a> from stm32f10x_tim.o(i.TIM_SetCompare2) referenced from lcd_hardware_interfaces.o(.constdata)
 <LI><a href="#[1c5]">TIM_SetCompare3</a> from stm32f10x_tim.o(i.TIM_SetCompare3) referenced from lcd_hardware_interfaces.o(.constdata)
 <LI><a href="#[1c8]">TIM_SetCompare4</a> from stm32f10x_tim.o(i.TIM_SetCompare4) referenced from lcd_hardware_interfaces.o(.constdata)
 <LI><a href="#[c]">TIM_commit</a> from cst_set_time.o(i.TIM_commit) referenced 2 times from cst_set_time.o(.data)
 <LI><a href="#[2]">TIM_entry</a> from cst_set_time.o(i.TIM_entry) referenced 2 times from cst_set_time.o(.data)
 <LI><a href="#[b]">TIM_get_focusdata</a> from cst_set_time.o(i.TIM_get_focusdata) referenced 2 times from cst_set_time.o(.data)
 <LI><a href="#[3]">TIM_init</a> from cst_set_time.o(i.TIM_init) referenced 2 times from cst_set_time.o(.data)
 <LI><a href="#[6]">TIM_key_dn</a> from cst_set_time.o(i.TIM_key_dn) referenced 2 times from cst_set_time.o(.data)
 <LI><a href="#[9]">TIM_key_er</a> from cst_set_time.o(i.TIM_key_er) referenced 2 times from cst_set_time.o(.data)
 <LI><a href="#[7]">TIM_key_lt</a> from cst_set_time.o(i.TIM_key_lt) referenced 2 times from cst_set_time.o(.data)
 <LI><a href="#[8]">TIM_key_rt</a> from cst_set_time.o(i.TIM_key_rt) referenced 2 times from cst_set_time.o(.data)
 <LI><a href="#[5]">TIM_key_up</a> from cst_set_time.o(i.TIM_key_up) referenced 2 times from cst_set_time.o(.data)
 <LI><a href="#[f5]">Test_devSpi</a> from dev_spi.o(i.Test_devSpi) referenced from dev_spi.o(i.Dev_spi_ctor)
 <LI><a href="#[e3]">Test_dev_IIC</a> from dev_iic.o(i.Test_dev_IIC) referenced from dev_iic.o(i.Dev_IIC_ctor)
 <LI><a href="#[1bb]">ThrdKeyRun</a> from main.o(i.ThrdKeyRun) referenced from main.o(.constdata)
 <LI><a href="#[175]">TxtInptSht</a> from txtexpr.o(i.TxtInptSht) referenced from txtexpr.o(i.TxtExpr_ctor)
 <LI><a href="#[c9]">UART4_IRQHandler</a> from drive_uart.o(i.UART4_IRQHandler) referenced from startup_stm32f10x_hd.o(RESET)
 <LI><a href="#[ca]">UART5_IRQHandler</a> from startup_stm32f10x_hd.o(.text) referenced from startup_stm32f10x_hd.o(RESET)
 <LI><a href="#[ba]">USART1_IRQHandler</a> from drive_uart.o(i.USART1_IRQHandler) referenced from startup_stm32f10x_hd.o(RESET)
 <LI><a href="#[bb]">USART2_IRQHandler</a> from drive_uart.o(i.USART2_IRQHandler) referenced from startup_stm32f10x_hd.o(RESET)
 <LI><a href="#[bc]">USART3_IRQHandler</a> from drive_uart.o(i.USART3_IRQHandler) referenced from startup_stm32f10x_hd.o(RESET)
 <LI><a href="#[bf]">USBWakeUp_IRQHandler</a> from startup_stm32f10x_hd.o(.text) referenced from startup_stm32f10x_hd.o(RESET)
 <LI><a href="#[a8]">USB_HP_CAN1_TX_IRQHandler</a> from startup_stm32f10x_hd.o(.text) referenced from startup_stm32f10x_hd.o(RESET)
 <LI><a href="#[a9]">USB_LP_CAN1_RX0_IRQHandler</a> from startup_stm32f10x_hd.o(.text) referenced from startup_stm32f10x_hd.o(RESET)
 <LI><a href="#[18b]">UartDeInit</a> from drive_uart.o(i.UartDeInit) referenced from drive_uart.o(i.driveUart_ctor)
 <LI><a href="#[18e]">UartGiveBackPlayloadBuf</a> from drive_uart.o(i.UartGiveBackPlayloadBuf) referenced from drive_uart.o(i.driveUart_ctor)
 <LI><a href="#[18a]">UartInit</a> from drive_uart.o(i.UartInit) referenced from drive_uart.o(i.driveUart_ctor)
 <LI><a href="#[190]">UartIoctol</a> from drive_uart.o(i.UartIoctol) referenced from drive_uart.o(i.driveUart_ctor)
 <LI><a href="#[ee]">UartLedRxHdl</a> from dev_uart.o(i.UartLedRxHdl) referenced from dev_uart.o(i.Dev_Uart_open)
 <LI><a href="#[ef]">UartLedTxHdl</a> from dev_uart.o(i.UartLedTxHdl) referenced from dev_uart.o(i.Dev_Uart_open)
 <LI><a href="#[ec]">UartPostRxSem</a> from dev_uart.o(i.UartPostRxSem) referenced from dev_uart.o(i.Dev_Uart_open)
 <LI><a href="#[ed]">UartPostTxSem</a> from dev_uart.o(i.UartPostTxSem) referenced from dev_uart.o(i.Dev_Uart_open)
 <LI><a href="#[18c]">UartRead</a> from drive_uart.o(i.UartRead) referenced from drive_uart.o(i.driveUart_ctor)
 <LI><a href="#[192]">UartSetIdp</a> from drive_uart.o(i.UartSetIdp) referenced from drive_uart.o(i.driveUart_ctor)
 <LI><a href="#[191]">UartSetLedHdl</a> from drive_uart.o(i.UartSetLedHdl) referenced from drive_uart.o(i.driveUart_ctor)
 <LI><a href="#[194]">UartSetPostSem</a> from drive_uart.o(i.UartSetPostSem) referenced from drive_uart.o(i.driveUart_ctor)
 <LI><a href="#[193]">UartSetWaitSem</a> from drive_uart.o(i.UartSetWaitSem) referenced from drive_uart.o(i.driveUart_ctor)
 <LI><a href="#[18d]">UartTakeUpPlayloadBuf</a> from drive_uart.o(i.UartTakeUpPlayloadBuf) referenced from drive_uart.o(i.driveUart_ctor)
 <LI><a href="#[195]">UartTest</a> from drive_uart.o(i.UartTest) referenced from drive_uart.o(i.driveUart_ctor)
 <LI><a href="#[ea]">UartWaitRxSem</a> from dev_uart.o(i.UartWaitRxSem) referenced from dev_uart.o(i.Dev_Uart_open)
 <LI><a href="#[eb]">UartWaitTxSem</a> from dev_uart.o(i.UartWaitTxSem) referenced from dev_uart.o(i.Dev_Uart_open)
 <LI><a href="#[18f]">UartWrite</a> from drive_uart.o(i.UartWrite) referenced from drive_uart.o(i.driveUart_ctor)
 <LI><a href="#[90]">UsageFault_Handler</a> from startup_stm32f10x_hd.o(.text) referenced from startup_stm32f10x_hd.o(RESET)
 <LI><a href="#[89]">Usb_deal_fail</a> from usb.o(i.Usb_deal_fail) referenced 2 times from usb.o(.data)
 <LI><a href="#[8a]">Usb_deal_identify</a> from usb.o(i.Usb_deal_identify) referenced 2 times from usb.o(.data)
 <LI><a href="#[87]">Usb_deal_insert</a> from usb.o(i.Usb_deal_insert) referenced 2 times from usb.o(.data)
 <LI><a href="#[88]">Usb_deal_remove</a> from usb.o(i.Usb_deal_remove) referenced 2 times from usb.o(.data)
 <LI><a href="#[174]">Usb_event</a> from test_usb.o(i.Usb_event) referenced from test_usb.o(i.Test_usb)
 <LI><a href="#[1b7]">UtlRtc_get</a> from rtc.o(i.UtlRtc_get) referenced from rtc.o(i.util_rtc_ctor)
 <LI><a href="#[1b6]">UtlRtc_init</a> from rtc.o(i.UtlRtc_init) referenced from rtc.o(i.util_rtc_ctor)
 <LI><a href="#[1b9]">UtlRtc_readReg</a> from rtc.o(i.UtlRtc_readReg) referenced from rtc.o(i.util_rtc_ctor)
 <LI><a href="#[1b8]">UtlRtc_set</a> from rtc.o(i.UtlRtc_set) referenced from rtc.o(i.util_rtc_ctor)
 <LI><a href="#[1ba]">UtlRtc_writeReg</a> from rtc.o(i.UtlRtc_writeReg) referenced from rtc.o(i.util_rtc_ctor)
 <LI><a href="#[5a]">VPP_Exit</a> from cst_set_vapor_pressure .o(i.VPP_Exit) referenced 2 times from cst_set_vapor_pressure .o(.data)
 <LI><a href="#[57]">VPP_Reset_focus</a> from cst_set_vapor_pressure .o(i.VPP_Reset_focus) referenced 2 times from cst_set_vapor_pressure .o(.data)
 <LI><a href="#[59]">VPP_commit</a> from cst_set_vapor_pressure .o(i.VPP_commit) referenced 2 times from cst_set_vapor_pressure .o(.data)
 <LI><a href="#[50]">VPP_entry</a> from cst_set_vapor_pressure .o(i.VPP_entry) referenced 2 times from cst_set_vapor_pressure .o(.data)
 <LI><a href="#[58]">VPP_get_focusdata</a> from cst_set_vapor_pressure .o(i.VPP_get_focusdata) referenced 2 times from cst_set_vapor_pressure .o(.data)
 <LI><a href="#[51]">VPP_init</a> from cst_set_vapor_pressure .o(i.VPP_init) referenced 2 times from cst_set_vapor_pressure .o(.data)
 <LI><a href="#[53]">VPP_key_dn</a> from cst_set_vapor_pressure .o(i.VPP_key_dn) referenced 2 times from cst_set_vapor_pressure .o(.data)
 <LI><a href="#[56]">VPP_key_er</a> from cst_set_vapor_pressure .o(i.VPP_key_er) referenced 2 times from cst_set_vapor_pressure .o(.data)
 <LI><a href="#[54]">VPP_key_lt</a> from cst_set_vapor_pressure .o(i.VPP_key_lt) referenced 2 times from cst_set_vapor_pressure .o(.data)
 <LI><a href="#[55]">VPP_key_rt</a> from cst_set_vapor_pressure .o(i.VPP_key_rt) referenced 2 times from cst_set_vapor_pressure .o(.data)
 <LI><a href="#[52]">VPP_key_up</a> from cst_set_vapor_pressure .o(i.VPP_key_up) referenced 2 times from cst_set_vapor_pressure .o(.data)
 <LI><a href="#[95]">WWDG_IRQHandler</a> from startup_stm32f10x_hd.o(.text) referenced from startup_stm32f10x_hd.o(RESET)
 <LI><a href="#[f3]">Write_devSpi</a> from dev_spi.o(i.Write_devSpi) referenced from dev_spi.o(i.Dev_spi_ctor)
 <LI><a href="#[e1]">Write_dev_IIC</a> from dev_iic.o(i.Write_dev_IIC) referenced from dev_iic.o(i.Dev_IIC_ctor)
 <LI><a href="#[d4]">__main</a> from entry.o(.ARM.Collect$$$$00000000) referenced from startup_stm32f10x_hd.o(.text)
 <LI><a href="#[178]">_snputc</a> from printfa.o(i._snputc) referenced from printfa.o(i.__0snprintf)
 <LI><a href="#[179]">_sputc</a> from printfa.o(i._sputc) referenced from printfa.o(i.__0sprintf)
 <LI><a href="#[177]">fputc</a> from main.o(i.fputc) referenced from printfa.o(i.__0fprintf)
 <LI><a href="#[1d4]">main</a> from main.o(i.main) referenced from rtx_conf_cm.o(.constdata)
 <LI><a href="#[1b5]">osThreadExit</a> from rt_cmsis.o(i.osThreadExit) referenced from rt_cmsis.o(i.svcThreadCreate)
 <LI><a href="#[1d3]">osTimerThread</a> from rt_cmsis.o(i.osTimerThread) referenced from rtx_conf_cm.o(.constdata)
 <LI><a href="#[1b4]">os_idle_demon</a> from rtx_conf_cm.o(i.os_idle_demon) referenced from rt_task.o(i.rt_sys_init)
 <LI><a href="#[d1]">rt_alloc_box</a> from rt_membox.o(i.rt_alloc_box) referenced from hal_cm3.o(.emb_text)
 <LI><a href="#[d2]">rt_free_box</a> from rt_membox.o(i.rt_free_box) referenced from hal_cm3.o(.emb_text)
 <LI><a href="#[1a8]">svcDelay</a> from rt_cmsis.o(i.svcDelay) referenced from rt_cmsis.o(i.osDelay)
 <LI><a href="#[1a9]">svcKernelInitialize</a> from rt_cmsis.o(i.svcKernelInitialize) referenced from rt_cmsis.o(i.osKernelInitialize)
 <LI><a href="#[1aa]">svcKernelStart</a> from rt_cmsis.o(i.svcKernelStart) referenced from rt_cmsis.o(i.osKernelStart)
 <LI><a href="#[1ab]">svcMessageGet</a> from rt_cmsis.o(i.svcMessageGet) referenced from rt_cmsis.o(i.osMessageGet)
 <LI><a href="#[1ac]">svcSemaphoreCreate</a> from rt_cmsis.o(i.svcSemaphoreCreate) referenced from rt_cmsis.o(i.osSemaphoreCreate)
 <LI><a href="#[1ad]">svcSemaphoreRelease</a> from rt_cmsis.o(i.svcSemaphoreRelease) referenced from rt_cmsis.o(i.osSemaphoreRelease)
 <LI><a href="#[1ae]">svcSemaphoreWait</a> from rt_cmsis.o(i.svcSemaphoreWait) referenced from rt_cmsis.o(i.osSemaphoreWait)
 <LI><a href="#[1af]">svcThreadCreate</a> from rt_cmsis.o(i.svcThreadCreate) referenced from rt_cmsis.o(i.osThreadCreate)
 <LI><a href="#[1b0]">svcThreadGetId</a> from rt_cmsis.o(i.svcThreadGetId) referenced from rt_cmsis.o(i.osThreadExit)
 <LI><a href="#[1b1]">svcThreadTerminate</a> from rt_cmsis.o(i.svcThreadTerminate) referenced from rt_cmsis.o(i.osThreadExit)
 <LI><a href="#[1b2]">svcThreadYield</a> from rt_cmsis.o(i.svcThreadYield) referenced from rt_cmsis.o(i.osThreadYield)
 <LI><a href="#[1b3]">svcTimerCall</a> from rt_cmsis.o(i.svcTimerCall) referenced from rt_cmsis.o(i.osTimerCall)
 <LI><a href="#[ff]">vDraw</a> from glyph.o(i.vDraw) referenced from glyph.o(i.Glyph_ctor)
</UL>
<P>
<H3>
Global Symbols
</H3>
<P><STRONG><a name="[d4]"></a>__main</STRONG> (Thumb, 0 bytes, Stack size unknown bytes, entry.o(.ARM.Collect$$$$00000000))
<BR>[Address Reference Count : 1]<UL><LI> startup_stm32f10x_hd.o(.text)
</UL>
<P><STRONG><a name="[41f]"></a>_main_stk</STRONG> (Thumb, 0 bytes, Stack size unknown bytes, entry2.o(.ARM.Collect$$$$00000001))

<P><STRONG><a name="[1d5]"></a>_main_scatterload</STRONG> (Thumb, 0 bytes, Stack size unknown bytes, entry5.o(.ARM.Collect$$$$00000004))
<BR><BR>[Calls]<UL><LI><a href="#[1d6]">&gt;&gt;</a>&nbsp;&nbsp;&nbsp;__scatterload
</UL>

<P><STRONG><a name="[1fc]"></a>__main_after_scatterload</STRONG> (Thumb, 0 bytes, Stack size 0 bytes, entry5.o(.ARM.Collect$$$$00000004))
<BR><BR>[Called By]<UL><LI><a href="#[1d6]">&gt;&gt;</a>&nbsp;&nbsp;&nbsp;__scatterload
</UL>

<P><STRONG><a name="[420]"></a>__rt_final_cpp</STRONG> (Thumb, 0 bytes, Stack size 0 bytes, entry10a.o(.ARM.Collect$$$$0000000D))

<P><STRONG><a name="[421]"></a>__rt_final_exit</STRONG> (Thumb, 0 bytes, Stack size 0 bytes, entry11a.o(.ARM.Collect$$$$0000000F))

<P><STRONG><a name="[422]"></a>_main_clock</STRONG> (Thumb, 0 bytes, Stack size 0 bytes, entry7b.o(.ARM.Collect$$$$00000008))

<P><STRONG><a name="[423]"></a>_main_cpp_init</STRONG> (Thumb, 0 bytes, Stack size 0 bytes, entry8b.o(.ARM.Collect$$$$0000000A))

<P><STRONG><a name="[1d7]"></a>_main_init</STRONG> (Thumb, 18 bytes, Stack size 0 bytes, rtx_conf_cm.o(.ARM.Collect$$$$000000FF))
<BR><BR>[Stack]<UL><LI>Max Depth = 80<LI>Call Chain = _main_init &rArr; osKernelInitialize &rArr; svcKernelInitialize &rArr; svcThreadCreate &rArr; rt_tsk_create &rArr; rt_init_context &rArr; rt_init_stack
</UL>
<BR>[Calls]<UL><LI><a href="#[1d9]">&gt;&gt;</a>&nbsp;&nbsp;&nbsp;osThreadCreate
<LI><a href="#[1da]">&gt;&gt;</a>&nbsp;&nbsp;&nbsp;osKernelStart
<LI><a href="#[1d8]">&gt;&gt;</a>&nbsp;&nbsp;&nbsp;osKernelInitialize
</UL>

<P><STRONG><a name="[424]"></a>rt_set_PSP</STRONG> (Thumb, 6 bytes, Stack size 0 bytes, hal_cm3.o(.emb_text), UNUSED)

<P><STRONG><a name="[410]"></a>rt_get_PSP</STRONG> (Thumb, 6 bytes, Stack size 0 bytes, hal_cm3.o(.emb_text))
<BR><BR>[Called By]<UL><LI><a href="#[40f]">&gt;&gt;</a>&nbsp;&nbsp;&nbsp;rt_tsk_delete
</UL>

<P><STRONG><a name="[425]"></a>os_set_env</STRONG> (Thumb, 24 bytes, Stack size 0 bytes, hal_cm3.o(.emb_text), UNUSED)

<P><STRONG><a name="[426]"></a>_alloc_box</STRONG> (Thumb, 28 bytes, Stack size 0 bytes, hal_cm3.o(.emb_text), UNUSED)

<P><STRONG><a name="[427]"></a>_free_box</STRONG> (Thumb, 28 bytes, Stack size 0 bytes, hal_cm3.o(.emb_text), UNUSED)

<P><STRONG><a name="[91]"></a>SVC_Handler</STRONG> (Thumb, 108 bytes, Stack size 0 bytes, hal_cm3.o(.emb_text))
<BR><BR>[Calls]<UL><LI><a href="#[1db]">&gt;&gt;</a>&nbsp;&nbsp;&nbsp;rt_stk_check
</UL>
<BR>[Address Reference Count : 1]<UL><LI> startup_stm32f10x_hd.o(RESET)
</UL>
<P><STRONG><a name="[93]"></a>PendSV_Handler</STRONG> (Thumb, 56 bytes, Stack size 0 bytes, hal_cm3.o(.emb_text))
<BR><BR>[Stack]<UL><LI>Max Depth = 52<LI>Call Chain = PendSV_Handler &rArr; rt_pop_req &rArr; rt_mbx_psh &rArr; rt_put_prio
</UL>
<BR>[Calls]<UL><LI><a href="#[1dc]">&gt;&gt;</a>&nbsp;&nbsp;&nbsp;rt_pop_req
<LI><a href="#[1db]">&gt;&gt;</a>&nbsp;&nbsp;&nbsp;rt_stk_check
</UL>
<BR>[Address Reference Count : 1]<UL><LI> startup_stm32f10x_hd.o(RESET)
</UL>
<P><STRONG><a name="[94]"></a>SysTick_Handler</STRONG> (Thumb, 8 bytes, Stack size 0 bytes, hal_cm3.o(.emb_text))
<BR><BR>[Stack]<UL><LI>Max Depth = 72<LI>Call Chain = SysTick_Handler &rArr; rt_systick &rArr; sysTimerTick &rArr; isrMessagePut &rArr; isr_mbx_send &rArr; rt_psq_enq
</UL>
<BR>[Calls]<UL><LI><a href="#[1dd]">&gt;&gt;</a>&nbsp;&nbsp;&nbsp;rt_systick
</UL>
<BR>[Address Reference Count : 1]<UL><LI> startup_stm32f10x_hd.o(RESET)
</UL>
<P><STRONG><a name="[1de]"></a>OS_Tick_Handler</STRONG> (Thumb, 12 bytes, Stack size 0 bytes, hal_cm3.o(.emb_text), UNUSED)
<BR><BR>[Calls]<UL><LI><a href="#[1df]">&gt;&gt;</a>&nbsp;&nbsp;&nbsp;os_tick_irqack
<LI><a href="#[1dd]">&gt;&gt;</a>&nbsp;&nbsp;&nbsp;rt_systick
</UL>

<P><STRONG><a name="[8b]"></a>Reset_Handler</STRONG> (Thumb, 8 bytes, Stack size 0 bytes, startup_stm32f10x_hd.o(.text))
<BR>[Address Reference Count : 1]<UL><LI> startup_stm32f10x_hd.o(RESET)
</UL>
<P><STRONG><a name="[8c]"></a>NMI_Handler</STRONG> (Thumb, 2 bytes, Stack size 0 bytes, startup_stm32f10x_hd.o(.text))
<BR><BR>[Calls]<UL><LI><a href="#[8c]">&gt;&gt;</a>&nbsp;&nbsp;&nbsp;NMI_Handler
</UL>
<BR>[Called By]<UL><LI><a href="#[8c]">&gt;&gt;</a>&nbsp;&nbsp;&nbsp;NMI_Handler
</UL>
<BR>[Address Reference Count : 1]<UL><LI> startup_stm32f10x_hd.o(RESET)
</UL>
<P><STRONG><a name="[8e]"></a>MemManage_Handler</STRONG> (Thumb, 2 bytes, Stack size 0 bytes, startup_stm32f10x_hd.o(.text))
<BR><BR>[Calls]<UL><LI><a href="#[8e]">&gt;&gt;</a>&nbsp;&nbsp;&nbsp;MemManage_Handler
</UL>
<BR>[Called By]<UL><LI><a href="#[8e]">&gt;&gt;</a>&nbsp;&nbsp;&nbsp;MemManage_Handler
</UL>
<BR>[Address Reference Count : 1]<UL><LI> startup_stm32f10x_hd.o(RESET)
</UL>
<P><STRONG><a name="[8f]"></a>BusFault_Handler</STRONG> (Thumb, 2 bytes, Stack size 0 bytes, startup_stm32f10x_hd.o(.text))
<BR><BR>[Calls]<UL><LI><a href="#[8f]">&gt;&gt;</a>&nbsp;&nbsp;&nbsp;BusFault_Handler
</UL>
<BR>[Called By]<UL><LI><a href="#[8f]">&gt;&gt;</a>&nbsp;&nbsp;&nbsp;BusFault_Handler
</UL>
<BR>[Address Reference Count : 1]<UL><LI> startup_stm32f10x_hd.o(RESET)
</UL>
<P><STRONG><a name="[90]"></a>UsageFault_Handler</STRONG> (Thumb, 2 bytes, Stack size 0 bytes, startup_stm32f10x_hd.o(.text))
<BR><BR>[Calls]<UL><LI><a href="#[90]">&gt;&gt;</a>&nbsp;&nbsp;&nbsp;UsageFault_Handler
</UL>
<BR>[Called By]<UL><LI><a href="#[90]">&gt;&gt;</a>&nbsp;&nbsp;&nbsp;UsageFault_Handler
</UL>
<BR>[Address Reference Count : 1]<UL><LI> startup_stm32f10x_hd.o(RESET)
</UL>
<P><STRONG><a name="[92]"></a>DebugMon_Handler</STRONG> (Thumb, 2 bytes, Stack size 0 bytes, startup_stm32f10x_hd.o(.text))
<BR><BR>[Calls]<UL><LI><a href="#[92]">&gt;&gt;</a>&nbsp;&nbsp;&nbsp;DebugMon_Handler
</UL>
<BR>[Called By]<UL><LI><a href="#[92]">&gt;&gt;</a>&nbsp;&nbsp;&nbsp;DebugMon_Handler
</UL>
<BR>[Address Reference Count : 1]<UL><LI> startup_stm32f10x_hd.o(RESET)
</UL>
<P><STRONG><a name="[a7]"></a>ADC1_2_IRQHandler</STRONG> (Thumb, 0 bytes, Stack size 0 bytes, startup_stm32f10x_hd.o(.text))
<BR><BR>[Calls]<UL><LI><a href="#[a7]">&gt;&gt;</a>&nbsp;&nbsp;&nbsp;ADC1_2_IRQHandler
</UL>
<BR>[Called By]<UL><LI><a href="#[a7]">&gt;&gt;</a>&nbsp;&nbsp;&nbsp;ADC1_2_IRQHandler
</UL>
<BR>[Address Reference Count : 1]<UL><LI> startup_stm32f10x_hd.o(RESET)
</UL>
<P><STRONG><a name="[c4]"></a>ADC3_IRQHandler</STRONG> (Thumb, 0 bytes, Stack size 0 bytes, startup_stm32f10x_hd.o(.text))
<BR>[Address Reference Count : 1]<UL><LI> startup_stm32f10x_hd.o(RESET)
</UL>
<P><STRONG><a name="[aa]"></a>CAN1_RX1_IRQHandler</STRONG> (Thumb, 0 bytes, Stack size 0 bytes, startup_stm32f10x_hd.o(.text))
<BR>[Address Reference Count : 1]<UL><LI> startup_stm32f10x_hd.o(RESET)
</UL>
<P><STRONG><a name="[ab]"></a>CAN1_SCE_IRQHandler</STRONG> (Thumb, 0 bytes, Stack size 0 bytes, startup_stm32f10x_hd.o(.text))
<BR>[Address Reference Count : 1]<UL><LI> startup_stm32f10x_hd.o(RESET)
</UL>
<P><STRONG><a name="[a0]"></a>DMA1_Channel1_IRQHandler</STRONG> (Thumb, 0 bytes, Stack size 0 bytes, startup_stm32f10x_hd.o(.text))
<BR>[Address Reference Count : 1]<UL><LI> startup_stm32f10x_hd.o(RESET)
</UL>
<P><STRONG><a name="[a2]"></a>DMA1_Channel3_IRQHandler</STRONG> (Thumb, 0 bytes, Stack size 0 bytes, startup_stm32f10x_hd.o(.text))
<BR>[Address Reference Count : 1]<UL><LI> startup_stm32f10x_hd.o(RESET)
</UL>
<P><STRONG><a name="[a4]"></a>DMA1_Channel5_IRQHandler</STRONG> (Thumb, 0 bytes, Stack size 0 bytes, startup_stm32f10x_hd.o(.text))
<BR>[Address Reference Count : 1]<UL><LI> startup_stm32f10x_hd.o(RESET)
</UL>
<P><STRONG><a name="[a5]"></a>DMA1_Channel6_IRQHandler</STRONG> (Thumb, 0 bytes, Stack size 0 bytes, startup_stm32f10x_hd.o(.text))
<BR>[Address Reference Count : 1]<UL><LI> startup_stm32f10x_hd.o(RESET)
</UL>
<P><STRONG><a name="[cd]"></a>DMA2_Channel1_IRQHandler</STRONG> (Thumb, 0 bytes, Stack size 0 bytes, startup_stm32f10x_hd.o(.text))
<BR>[Address Reference Count : 1]<UL><LI> startup_stm32f10x_hd.o(RESET)
</UL>
<P><STRONG><a name="[ce]"></a>DMA2_Channel2_IRQHandler</STRONG> (Thumb, 0 bytes, Stack size 0 bytes, startup_stm32f10x_hd.o(.text))
<BR>[Address Reference Count : 1]<UL><LI> startup_stm32f10x_hd.o(RESET)
</UL>
<P><STRONG><a name="[cf]"></a>DMA2_Channel3_IRQHandler</STRONG> (Thumb, 0 bytes, Stack size 0 bytes, startup_stm32f10x_hd.o(.text))
<BR>[Address Reference Count : 1]<UL><LI> startup_stm32f10x_hd.o(RESET)
</UL>
<P><STRONG><a name="[99]"></a>FLASH_IRQHandler</STRONG> (Thumb, 0 bytes, Stack size 0 bytes, startup_stm32f10x_hd.o(.text))
<BR>[Address Reference Count : 1]<UL><LI> startup_stm32f10x_hd.o(RESET)
</UL>
<P><STRONG><a name="[c5]"></a>FSMC_IRQHandler</STRONG> (Thumb, 0 bytes, Stack size 0 bytes, startup_stm32f10x_hd.o(.text))
<BR>[Address Reference Count : 1]<UL><LI> startup_stm32f10x_hd.o(RESET)
</UL>
<P><STRONG><a name="[b5]"></a>I2C1_ER_IRQHandler</STRONG> (Thumb, 0 bytes, Stack size 0 bytes, startup_stm32f10x_hd.o(.text))
<BR>[Address Reference Count : 1]<UL><LI> startup_stm32f10x_hd.o(RESET)
</UL>
<P><STRONG><a name="[b4]"></a>I2C1_EV_IRQHandler</STRONG> (Thumb, 0 bytes, Stack size 0 bytes, startup_stm32f10x_hd.o(.text))
<BR>[Address Reference Count : 1]<UL><LI> startup_stm32f10x_hd.o(RESET)
</UL>
<P><STRONG><a name="[b7]"></a>I2C2_ER_IRQHandler</STRONG> (Thumb, 0 bytes, Stack size 0 bytes, startup_stm32f10x_hd.o(.text))
<BR>[Address Reference Count : 1]<UL><LI> startup_stm32f10x_hd.o(RESET)
</UL>
<P><STRONG><a name="[b6]"></a>I2C2_EV_IRQHandler</STRONG> (Thumb, 0 bytes, Stack size 0 bytes, startup_stm32f10x_hd.o(.text))
<BR>[Address Reference Count : 1]<UL><LI> startup_stm32f10x_hd.o(RESET)
</UL>
<P><STRONG><a name="[9a]"></a>RCC_IRQHandler</STRONG> (Thumb, 0 bytes, Stack size 0 bytes, startup_stm32f10x_hd.o(.text))
<BR>[Address Reference Count : 1]<UL><LI> startup_stm32f10x_hd.o(RESET)
</UL>
<P><STRONG><a name="[be]"></a>RTCAlarm_IRQHandler</STRONG> (Thumb, 0 bytes, Stack size 0 bytes, startup_stm32f10x_hd.o(.text))
<BR>[Address Reference Count : 1]<UL><LI> startup_stm32f10x_hd.o(RESET)
</UL>
<P><STRONG><a name="[98]"></a>RTC_IRQHandler</STRONG> (Thumb, 0 bytes, Stack size 0 bytes, startup_stm32f10x_hd.o(.text))
<BR>[Address Reference Count : 1]<UL><LI> startup_stm32f10x_hd.o(RESET)
</UL>
<P><STRONG><a name="[c6]"></a>SDIO_IRQHandler</STRONG> (Thumb, 0 bytes, Stack size 0 bytes, startup_stm32f10x_hd.o(.text))
<BR>[Address Reference Count : 1]<UL><LI> startup_stm32f10x_hd.o(RESET)
</UL>
<P><STRONG><a name="[c8]"></a>SPI3_IRQHandler</STRONG> (Thumb, 0 bytes, Stack size 0 bytes, startup_stm32f10x_hd.o(.text))
<BR>[Address Reference Count : 1]<UL><LI> startup_stm32f10x_hd.o(RESET)
</UL>
<P><STRONG><a name="[97]"></a>TAMPER_IRQHandler</STRONG> (Thumb, 0 bytes, Stack size 0 bytes, startup_stm32f10x_hd.o(.text))
<BR>[Address Reference Count : 1]<UL><LI> startup_stm32f10x_hd.o(RESET)
</UL>
<P><STRONG><a name="[ad]"></a>TIM1_BRK_IRQHandler</STRONG> (Thumb, 0 bytes, Stack size 0 bytes, startup_stm32f10x_hd.o(.text))
<BR>[Address Reference Count : 1]<UL><LI> startup_stm32f10x_hd.o(RESET)
</UL>
<P><STRONG><a name="[b0]"></a>TIM1_CC_IRQHandler</STRONG> (Thumb, 0 bytes, Stack size 0 bytes, startup_stm32f10x_hd.o(.text))
<BR>[Address Reference Count : 1]<UL><LI> startup_stm32f10x_hd.o(RESET)
</UL>
<P><STRONG><a name="[af]"></a>TIM1_TRG_COM_IRQHandler</STRONG> (Thumb, 0 bytes, Stack size 0 bytes, startup_stm32f10x_hd.o(.text))
<BR>[Address Reference Count : 1]<UL><LI> startup_stm32f10x_hd.o(RESET)
</UL>
<P><STRONG><a name="[ae]"></a>TIM1_UP_IRQHandler</STRONG> (Thumb, 0 bytes, Stack size 0 bytes, startup_stm32f10x_hd.o(.text))
<BR>[Address Reference Count : 1]<UL><LI> startup_stm32f10x_hd.o(RESET)
</UL>
<P><STRONG><a name="[b2]"></a>TIM3_IRQHandler</STRONG> (Thumb, 0 bytes, Stack size 0 bytes, startup_stm32f10x_hd.o(.text))
<BR>[Address Reference Count : 1]<UL><LI> startup_stm32f10x_hd.o(RESET)
</UL>
<P><STRONG><a name="[b3]"></a>TIM4_IRQHandler</STRONG> (Thumb, 0 bytes, Stack size 0 bytes, startup_stm32f10x_hd.o(.text))
<BR>[Address Reference Count : 1]<UL><LI> startup_stm32f10x_hd.o(RESET)
</UL>
<P><STRONG><a name="[c7]"></a>TIM5_IRQHandler</STRONG> (Thumb, 0 bytes, Stack size 0 bytes, startup_stm32f10x_hd.o(.text))
<BR>[Address Reference Count : 1]<UL><LI> startup_stm32f10x_hd.o(RESET)
</UL>
<P><STRONG><a name="[cb]"></a>TIM6_IRQHandler</STRONG> (Thumb, 0 bytes, Stack size 0 bytes, startup_stm32f10x_hd.o(.text))
<BR>[Address Reference Count : 1]<UL><LI> startup_stm32f10x_hd.o(RESET)
</UL>
<P><STRONG><a name="[cc]"></a>TIM7_IRQHandler</STRONG> (Thumb, 0 bytes, Stack size 0 bytes, startup_stm32f10x_hd.o(.text))
<BR>[Address Reference Count : 1]<UL><LI> startup_stm32f10x_hd.o(RESET)
</UL>
<P><STRONG><a name="[c0]"></a>TIM8_BRK_IRQHandler</STRONG> (Thumb, 0 bytes, Stack size 0 bytes, startup_stm32f10x_hd.o(.text))
<BR>[Address Reference Count : 1]<UL><LI> startup_stm32f10x_hd.o(RESET)
</UL>
<P><STRONG><a name="[c3]"></a>TIM8_CC_IRQHandler</STRONG> (Thumb, 0 bytes, Stack size 0 bytes, startup_stm32f10x_hd.o(.text))
<BR>[Address Reference Count : 1]<UL><LI> startup_stm32f10x_hd.o(RESET)
</UL>
<P><STRONG><a name="[c2]"></a>TIM8_TRG_COM_IRQHandler</STRONG> (Thumb, 0 bytes, Stack size 0 bytes, startup_stm32f10x_hd.o(.text))
<BR>[Address Reference Count : 1]<UL><LI> startup_stm32f10x_hd.o(RESET)
</UL>
<P><STRONG><a name="[c1]"></a>TIM8_UP_IRQHandler</STRONG> (Thumb, 0 bytes, Stack size 0 bytes, startup_stm32f10x_hd.o(.text))
<BR>[Address Reference Count : 1]<UL><LI> startup_stm32f10x_hd.o(RESET)
</UL>
<P><STRONG><a name="[ca]"></a>UART5_IRQHandler</STRONG> (Thumb, 0 bytes, Stack size 0 bytes, startup_stm32f10x_hd.o(.text))
<BR>[Address Reference Count : 1]<UL><LI> startup_stm32f10x_hd.o(RESET)
</UL>
<P><STRONG><a name="[bf]"></a>USBWakeUp_IRQHandler</STRONG> (Thumb, 0 bytes, Stack size 0 bytes, startup_stm32f10x_hd.o(.text))
<BR>[Address Reference Count : 1]<UL><LI> startup_stm32f10x_hd.o(RESET)
</UL>
<P><STRONG><a name="[a8]"></a>USB_HP_CAN1_TX_IRQHandler</STRONG> (Thumb, 0 bytes, Stack size 0 bytes, startup_stm32f10x_hd.o(.text))
<BR>[Address Reference Count : 1]<UL><LI> startup_stm32f10x_hd.o(RESET)
</UL>
<P><STRONG><a name="[a9]"></a>USB_LP_CAN1_RX0_IRQHandler</STRONG> (Thumb, 0 bytes, Stack size 0 bytes, startup_stm32f10x_hd.o(.text))
<BR>[Address Reference Count : 1]<UL><LI> startup_stm32f10x_hd.o(RESET)
</UL>
<P><STRONG><a name="[95]"></a>WWDG_IRQHandler</STRONG> (Thumb, 0 bytes, Stack size 0 bytes, startup_stm32f10x_hd.o(.text))
<BR>[Address Reference Count : 1]<UL><LI> startup_stm32f10x_hd.o(RESET)
</UL>
<P><STRONG><a name="[1e0]"></a>__aeabi_uldivmod</STRONG> (Thumb, 98 bytes, Stack size 40 bytes, uldiv.o(.text), UNUSED)
<BR><BR>[Calls]<UL><LI><a href="#[1e1]">&gt;&gt;</a>&nbsp;&nbsp;&nbsp;__aeabi_llsr
<LI><a href="#[1e2]">&gt;&gt;</a>&nbsp;&nbsp;&nbsp;__aeabi_llsl
</UL>
<BR>[Called By]<UL><LI><a href="#[3cf]">&gt;&gt;</a>&nbsp;&nbsp;&nbsp;_printf_core
<LI><a href="#[3d3]">&gt;&gt;</a>&nbsp;&nbsp;&nbsp;_fp_digits
</UL>

<P><STRONG><a name="[236]"></a>__aeabi_memcpy</STRONG> (Thumb, 36 bytes, Stack size 0 bytes, memcpya.o(.text))
<BR><BR>[Called By]<UL><LI><a href="#[18f]">&gt;&gt;</a>&nbsp;&nbsp;&nbsp;UartWrite
<LI><a href="#[18c]">&gt;&gt;</a>&nbsp;&nbsp;&nbsp;UartRead
<LI><a href="#[235]">&gt;&gt;</a>&nbsp;&nbsp;&nbsp;CHD_Get_code
<LI><a href="#[165]">&gt;&gt;</a>&nbsp;&nbsp;&nbsp;Mdl_setData
<LI><a href="#[164]">&gt;&gt;</a>&nbsp;&nbsp;&nbsp;Mdl_getData
<LI><a href="#[3d2]">&gt;&gt;</a>&nbsp;&nbsp;&nbsp;internal_alloc
</UL>

<P><STRONG><a name="[428]"></a>__aeabi_memcpy4</STRONG> (Thumb, 0 bytes, Stack size 0 bytes, memcpya.o(.text), UNUSED)

<P><STRONG><a name="[429]"></a>__aeabi_memcpy8</STRONG> (Thumb, 0 bytes, Stack size 0 bytes, memcpya.o(.text), UNUSED)

<P><STRONG><a name="[1e4]"></a>__aeabi_memset</STRONG> (Thumb, 14 bytes, Stack size 0 bytes, memseta.o(.text))
<BR><BR>[Called By]<UL><LI><a href="#[19e]">&gt;&gt;</a>&nbsp;&nbsp;&nbsp;FM_Clear
<LI><a href="#[23e]">&gt;&gt;</a>&nbsp;&nbsp;&nbsp;CNF_Show_strategy_focus
<LI><a href="#[1e5]">&gt;&gt;</a>&nbsp;&nbsp;&nbsp;_memset$wrapper
<LI><a href="#[1e3]">&gt;&gt;</a>&nbsp;&nbsp;&nbsp;__aeabi_memclr
</UL>

<P><STRONG><a name="[42a]"></a>__aeabi_memset4</STRONG> (Thumb, 0 bytes, Stack size 0 bytes, memseta.o(.text), UNUSED)

<P><STRONG><a name="[42b]"></a>__aeabi_memset8</STRONG> (Thumb, 0 bytes, Stack size 0 bytes, memseta.o(.text), UNUSED)

<P><STRONG><a name="[1e3]"></a>__aeabi_memclr</STRONG> (Thumb, 4 bytes, Stack size 0 bytes, memseta.o(.text))
<BR><BR>[Calls]<UL><LI><a href="#[1e4]">&gt;&gt;</a>&nbsp;&nbsp;&nbsp;__aeabi_memset
</UL>
<BR>[Called By]<UL><LI><a href="#[3bf]">&gt;&gt;</a>&nbsp;&nbsp;&nbsp;free_playloadbuf
<LI><a href="#[18c]">&gt;&gt;</a>&nbsp;&nbsp;&nbsp;UartRead
<LI><a href="#[268]">&gt;&gt;</a>&nbsp;&nbsp;&nbsp;Print_float
<LI><a href="#[30]">&gt;&gt;</a>&nbsp;&nbsp;&nbsp;PRP_init
<LI><a href="#[25]">&gt;&gt;</a>&nbsp;&nbsp;&nbsp;ATP_init
<LI><a href="#[1a]">&gt;&gt;</a>&nbsp;&nbsp;&nbsp;PSD_init
<LI><a href="#[f]">&gt;&gt;</a>&nbsp;&nbsp;&nbsp;DSP_init
<LI><a href="#[3]">&gt;&gt;</a>&nbsp;&nbsp;&nbsp;TIM_init
<LI><a href="#[7d]">&gt;&gt;</a>&nbsp;&nbsp;&nbsp;QDS_init
<LI><a href="#[72]">&gt;&gt;</a>&nbsp;&nbsp;&nbsp;SSM_init
<LI><a href="#[67]">&gt;&gt;</a>&nbsp;&nbsp;&nbsp;QAT_init
<LI><a href="#[5c]">&gt;&gt;</a>&nbsp;&nbsp;&nbsp;CSM_init
<LI><a href="#[51]">&gt;&gt;</a>&nbsp;&nbsp;&nbsp;VPP_init
<LI><a href="#[46]">&gt;&gt;</a>&nbsp;&nbsp;&nbsp;DSF_init
<LI><a href="#[3b]">&gt;&gt;</a>&nbsp;&nbsp;&nbsp;HTR_init
<LI><a href="#[325]">&gt;&gt;</a>&nbsp;&nbsp;&nbsp;MdlChn_default_conf
<LI><a href="#[324]">&gt;&gt;</a>&nbsp;&nbsp;&nbsp;MdlChn_default_alarm
<LI><a href="#[2a8]">&gt;&gt;</a>&nbsp;&nbsp;&nbsp;GetKeyVal
<LI><a href="#[16c]">&gt;&gt;</a>&nbsp;&nbsp;&nbsp;PicInptSht
<LI><a href="#[100]">&gt;&gt;</a>&nbsp;&nbsp;&nbsp;GeoInptSht
<LI><a href="#[168]">&gt;&gt;</a>&nbsp;&nbsp;&nbsp;InputInptSht
<LI><a href="#[167]">&gt;&gt;</a>&nbsp;&nbsp;&nbsp;BuInptSht
<LI><a href="#[213]">&gt;&gt;</a>&nbsp;&nbsp;&nbsp;GetAttribute
<LI><a href="#[175]">&gt;&gt;</a>&nbsp;&nbsp;&nbsp;TxtInptSht
</UL>

<P><STRONG><a name="[28c]"></a>__aeabi_memclr4</STRONG> (Thumb, 0 bytes, Stack size 0 bytes, memseta.o(.text))
<BR><BR>[Called By]<UL><LI><a href="#[19e]">&gt;&gt;</a>&nbsp;&nbsp;&nbsp;FM_Clear
<LI><a href="#[157]">&gt;&gt;</a>&nbsp;&nbsp;&nbsp;MdlTime_set_by_string
<LI><a href="#[15d]">&gt;&gt;</a>&nbsp;&nbsp;&nbsp;MdlChn_setData
<LI><a href="#[15b]">&gt;&gt;</a>&nbsp;&nbsp;&nbsp;MdlChn_self_check
<LI><a href="#[87]">&gt;&gt;</a>&nbsp;&nbsp;&nbsp;Usb_deal_insert
</UL>

<P><STRONG><a name="[42c]"></a>__aeabi_memclr8</STRONG> (Thumb, 0 bytes, Stack size 0 bytes, memseta.o(.text), UNUSED)

<P><STRONG><a name="[1e5]"></a>_memset$wrapper</STRONG> (Thumb, 18 bytes, Stack size 8 bytes, memseta.o(.text), UNUSED)
<BR><BR>[Calls]<UL><LI><a href="#[1e4]">&gt;&gt;</a>&nbsp;&nbsp;&nbsp;__aeabi_memset
</UL>

<P><STRONG><a name="[269]"></a>strcat</STRONG> (Thumb, 24 bytes, Stack size 0 bytes, strcat.o(.text))
<BR><BR>[Called By]<UL><LI><a href="#[202]">&gt;&gt;</a>&nbsp;&nbsp;&nbsp;Print_atmosphere_param
<LI><a href="#[7c]">&gt;&gt;</a>&nbsp;&nbsp;&nbsp;QDS_entry
<LI><a href="#[66]">&gt;&gt;</a>&nbsp;&nbsp;&nbsp;QAT_entry
<LI><a href="#[26b]">&gt;&gt;</a>&nbsp;&nbsp;&nbsp;DSF_modify
<LI><a href="#[45]">&gt;&gt;</a>&nbsp;&nbsp;&nbsp;DSF_entry
<LI><a href="#[2f4]">&gt;&gt;</a>&nbsp;&nbsp;&nbsp;HTR_modify
<LI><a href="#[3a]">&gt;&gt;</a>&nbsp;&nbsp;&nbsp;HTR_entry
<LI><a href="#[15e]">&gt;&gt;</a>&nbsp;&nbsp;&nbsp;MdlChn_to_string
</UL>

<P><STRONG><a name="[286]"></a>strstr</STRONG> (Thumb, 36 bytes, Stack size 12 bytes, strstr.o(.text))
<BR><BR>[Stack]<UL><LI>Max Depth = 12<LI>Call Chain = strstr
</UL>
<BR>[Called By]<UL><LI><a href="#[21b]">&gt;&gt;</a>&nbsp;&nbsp;&nbsp;ModelCreate
<LI><a href="#[195]">&gt;&gt;</a>&nbsp;&nbsp;&nbsp;UartTest
<LI><a href="#[1fe]">&gt;&gt;</a>&nbsp;&nbsp;&nbsp;ExpCreate
<LI><a href="#[38e]">&gt;&gt;</a>&nbsp;&nbsp;&nbsp;String2Font
<LI><a href="#[39f]">&gt;&gt;</a>&nbsp;&nbsp;&nbsp;String2Colour
<LI><a href="#[38b]">&gt;&gt;</a>&nbsp;&nbsp;&nbsp;String2Clr
<LI><a href="#[38a]">&gt;&gt;</a>&nbsp;&nbsp;&nbsp;String2Align
<LI><a href="#[2a8]">&gt;&gt;</a>&nbsp;&nbsp;&nbsp;GetKeyVal
<LI><a href="#[16c]">&gt;&gt;</a>&nbsp;&nbsp;&nbsp;PicInptSht
<LI><a href="#[2a9]">&gt;&gt;</a>&nbsp;&nbsp;&nbsp;GetNameVale
</UL>

[...]
<LI><a href="#[224]">&gt;&gt;</a>&nbsp;&nbsp;&nbsp;CH376SendCmdWaitInt
<LI><a href="#[229]">&gt;&gt;</a>&nbsp;&nbsp;&nbsp;CH376SendCmdDatWaitInt
</UL>

<P><STRONG><a name="[21f]"></a>xWriteCH376Cmd</STRONG> (Thumb, 28 bytes, Stack size 8 bytes, ch376.o(i.xWriteCH376Cmd))
<BR><BR>[Stack]<UL><LI>Max Depth = 8<LI>Call Chain = xWriteCH376Cmd
</UL>
<BR>[Calls]<UL><LI><a href="#[28d]">&gt;&gt;</a>&nbsp;&nbsp;&nbsp;GPIO_ResetBits
</UL>
<BR>[Called By]<UL><LI><a href="#[2fc]">&gt;&gt;</a>&nbsp;&nbsp;&nbsp;mInitCH376Host
<LI><a href="#[22f]">&gt;&gt;</a>&nbsp;&nbsp;&nbsp;CH376ReadBlock
<LI><a href="#[225]">&gt;&gt;</a>&nbsp;&nbsp;&nbsp;CH376DiskQuery
<LI><a href="#[21d]">&gt;&gt;</a>&nbsp;&nbsp;&nbsp;CH376ByteWrite
<LI><a href="#[22d]">&gt;&gt;</a>&nbsp;&nbsp;&nbsp;CH376WriteVar32
<LI><a href="#[222]">&gt;&gt;</a>&nbsp;&nbsp;&nbsp;CH376WriteReqBlock
<LI><a href="#[232]">&gt;&gt;</a>&nbsp;&nbsp;&nbsp;CH376WriteOfsBlock
<LI><a href="#[231]">&gt;&gt;</a>&nbsp;&nbsp;&nbsp;CH376WriteHostBlock
<LI><a href="#[22b]">&gt;&gt;</a>&nbsp;&nbsp;&nbsp;CH376SetFileName
<LI><a href="#[224]">&gt;&gt;</a>&nbsp;&nbsp;&nbsp;CH376SendCmdWaitInt
<LI><a href="#[229]">&gt;&gt;</a>&nbsp;&nbsp;&nbsp;CH376SendCmdDatWaitInt
<LI><a href="#[230]">&gt;&gt;</a>&nbsp;&nbsp;&nbsp;CH376ReadVar8
<LI><a href="#[22e]">&gt;&gt;</a>&nbsp;&nbsp;&nbsp;CH376GetIntStatus
</UL>

<P><STRONG><a name="[233]"></a>xWriteCH376Data_u32</STRONG> (Thumb, 90 bytes, Stack size 16 bytes, ch376.o(i.xWriteCH376Data_u32))
<BR><BR>[Stack]<UL><LI>Max Depth = 16<LI>Call Chain = xWriteCH376Data_u32
</UL>
<BR>[Called By]<UL><LI><a href="#[22d]">&gt;&gt;</a>&nbsp;&nbsp;&nbsp;CH376WriteVar32
</UL>

<P><STRONG><a name="[176]"></a>Deal_status</STRONG> (Thumb, 56 bytes, Stack size 16 bytes, usb.o(i.Deal_status))
<BR><BR>[Stack]<UL><LI>Max Depth = 32<LI>Call Chain = Deal_status &rArr; CQ_Write
</UL>
<BR>[Calls]<UL><LI><a href="#[246]">&gt;&gt;</a>&nbsp;&nbsp;&nbsp;CQ_Write
</UL>
<BR>[Called By]<UL><LI><a href="#[3b8]">&gt;&gt;</a>&nbsp;&nbsp;&nbsp;USB_Open_file
<LI><a href="#[3b0]">&gt;&gt;</a>&nbsp;&nbsp;&nbsp;USB_Init
<LI><a href="#[3aa]">&gt;&gt;</a>&nbsp;&nbsp;&nbsp;USB_Create_file
<LI><a href="#[3ad]">&gt;&gt;</a>&nbsp;&nbsp;&nbsp;USB_Colse_file
</UL>
<BR>[Address Reference Count : 1]<UL><LI> usb.o(i.USB_Init)
</UL>
<P><STRONG><a name="[3b7]"></a>Last_name_offset</STRONG> (Thumb, 44 bytes, Stack size 0 bytes, usb.o(i.Last_name_offset))
<BR><BR>[Called By]<UL><LI><a href="#[3b8]">&gt;&gt;</a>&nbsp;&nbsp;&nbsp;USB_Open_file
<LI><a href="#[3aa]">&gt;&gt;</a>&nbsp;&nbsp;&nbsp;USB_Create_file
</UL>

<P><STRONG><a name="[373]"></a>Reset_Ch376</STRONG> (Thumb, 12 bytes, Stack size 8 bytes, usb.o(i.Reset_Ch376))
<BR><BR>[Stack]<UL><LI>Max Depth = 32<LI>Call Chain = Reset_Ch376 &rArr; mInitCH376Host &rArr; delay_ms
</UL>
<BR>[Calls]<UL><LI><a href="#[2fc]">&gt;&gt;</a>&nbsp;&nbsp;&nbsp;mInitCH376Host
<LI><a href="#[2ea]">&gt;&gt;</a>&nbsp;&nbsp;&nbsp;HRst_Ch376
</UL>
<BR>[Called By]<UL><LI><a href="#[89]">&gt;&gt;</a>&nbsp;&nbsp;&nbsp;Usb_deal_fail
</UL>

<P><STRONG><a name="[89]"></a>Usb_deal_fail</STRONG> (Thumb, 10 bytes, Stack size 8 bytes, usb.o(i.Usb_deal_fail))
<BR><BR>[Stack]<UL><LI>Max Depth = 40<LI>Call Chain = Usb_deal_fail &rArr; Reset_Ch376 &rArr; mInitCH376Host &rArr; delay_ms
</UL>
<BR>[Calls]<UL><LI><a href="#[373]">&gt;&gt;</a>&nbsp;&nbsp;&nbsp;Reset_Ch376
</UL>
<BR>[Address Reference Count : 1]<UL><LI> usb.o(.data)
</UL>
<P><STRONG><a name="[8a]"></a>Usb_deal_identify</STRONG> (Thumb, 216 bytes, Stack size 32 bytes, usb.o(i.Usb_deal_identify))
<BR><BR>[Stack]<UL><LI>Max Depth = 128<LI>Call Chain = Usb_deal_identify &rArr; CH376DiskQuery &rArr; CH376SendCmdWaitInt &rArr; Wait376Interrupt &rArr; CH376GetIntStatus &rArr; delay_ms
</UL>
<BR>[Calls]<UL><LI><a href="#[246]">&gt;&gt;</a>&nbsp;&nbsp;&nbsp;CQ_Write
<LI><a href="#[30a]">&gt;&gt;</a>&nbsp;&nbsp;&nbsp;IsDiskWriteProtect
<LI><a href="#[21e]">&gt;&gt;</a>&nbsp;&nbsp;&nbsp;Ch376_enbale_Irq
<LI><a href="#[225]">&gt;&gt;</a>&nbsp;&nbsp;&nbsp;CH376DiskQuery
</UL>
<BR>[Address Reference Count : 1]<UL><LI> usb.o(.data)
</UL>
<P><STRONG><a name="[87]"></a>Usb_deal_insert</STRONG> (Thumb, 164 bytes, Stack size 64 bytes, usb.o(i.Usb_deal_insert))
<BR><BR>[Stack]<UL><LI>Max Depth = 128<LI>Call Chain = Usb_deal_insert &rArr; Ch376DiskConnect &rArr; CH376SendCmdWaitInt &rArr; Wait376Interrupt &rArr; CH376GetIntStatus &rArr; delay_ms
</UL>
<BR>[Calls]<UL><LI><a href="#[246]">&gt;&gt;</a>&nbsp;&nbsp;&nbsp;CQ_Write
<LI><a href="#[227]">&gt;&gt;</a>&nbsp;&nbsp;&nbsp;delay_ms
<LI><a href="#[21e]">&gt;&gt;</a>&nbsp;&nbsp;&nbsp;Ch376_enbale_Irq
<LI><a href="#[249]">&gt;&gt;</a>&nbsp;&nbsp;&nbsp;Ch376DiskConnect
<LI><a href="#[22f]">&gt;&gt;</a>&nbsp;&nbsp;&nbsp;CH376ReadBlock
<LI><a href="#[223]">&gt;&gt;</a>&nbsp;&nbsp;&nbsp;CH376DiskMount
<LI><a href="#[28c]">&gt;&gt;</a>&nbsp;&nbsp;&nbsp;__aeabi_memclr4
</UL>
<BR>[Address Reference Count : 1]<UL><LI> usb.o(.data)
</UL>
<P><STRONG><a name="[88]"></a>Usb_deal_remove</STRONG> (Thumb, 36 bytes, Stack size 16 bytes, usb.o(i.Usb_deal_remove))
<BR><BR>[Stack]<UL><LI>Max Depth = 32<LI>Call Chain = Usb_deal_remove &rArr; CQ_Write
</UL>
<BR>[Calls]<UL><LI><a href="#[246]">&gt;&gt;</a>&nbsp;&nbsp;&nbsp;CQ_Write
</UL>
<BR>[Address Reference Count : 1]<UL><LI> usb.o(.data)
</UL>
<P><STRONG><a name="[fe]"></a>Draw_self</STRONG> (Thumb, 2 bytes, Stack size 0 bytes, glyph.o(i.Draw_self))
<BR>[Address Reference Count : 1]<UL><LI> glyph.o(i.Glyph_ctor)
</UL>
<P><STRONG><a name="[fd]"></a>Init</STRONG> (Thumb, 6 bytes, Stack size 0 bytes, glyph.o(i.Init))
<BR>[Address Reference Count : 1]<UL><LI> glyph.o(i.Glyph_ctor)
</UL>
<P><STRONG><a name="[ff]"></a>vDraw</STRONG> (Thumb, 2 bytes, Stack size 0 bytes, glyph.o(i.vDraw))
<BR>[Address Reference Count : 1]<UL><LI> glyph.o(i.Glyph_ctor)
</UL>
<P><STRONG><a name="[f9]"></a>GhPic_vDraw</STRONG> (Thumb, 2 bytes, Stack size 0 bytes, gh_pic.o(i.GhPic_vDraw))
<BR>[Address Reference Count : 1]<UL><LI> gh_pic.o(i.GhPic_ctor)
</UL>
<P><STRONG><a name="[fc]"></a>GhTxt_GetSize</STRONG> (Thumb, 32 bytes, Stack size 24 bytes, gh_txt.o(i.GhTxt_GetSize))
<BR><BR>[Stack]<UL><LI>Max Depth = 160<LI>Call Chain = GhTxt_GetSize &rArr; Dev_open &rArr; DevChar_open &rArr; Get_Dev_IIC &rArr; Dev_IIC_new &rArr; malloc &rArr; internal_alloc
</UL>
<BR>[Calls]<UL><LI><a href="#[238]">&gt;&gt;</a>&nbsp;&nbsp;&nbsp;Dev_open
</UL>
<BR>[Address Reference Count : 1]<UL><LI> gh_txt.o(i.GhTxt_ctor)
</UL>
<P><STRONG><a name="[fb]"></a>GhTxt_vDraw</STRONG> (Thumb, 116 bytes, Stack size 48 bytes, gh_txt.o(i.GhTxt_vDraw))
<BR><BR>[Stack]<UL><LI>Max Depth = 184<LI>Call Chain = GhTxt_vDraw &rArr; Dev_open &rArr; DevChar_open &rArr; Get_Dev_IIC &rArr; Dev_IIC_new &rArr; malloc &rArr; internal_alloc
</UL>
<BR>[Calls]<UL><LI><a href="#[238]">&gt;&gt;</a>&nbsp;&nbsp;&nbsp;Dev_open
<LI><a href="#[2d1]">&gt;&gt;</a>&nbsp;&nbsp;&nbsp;ColorInvert
</UL>
<BR>[Address Reference Count : 1]<UL><LI> gh_txt.o(i.GhTxt_ctor)
</UL>
<P><STRONG><a name="[fa]"></a>GhRec_vDraw</STRONG> (Thumb, 2 bytes, Stack size 0 bytes, gh_rectangle.o(i.GhRec_vDraw))
<BR>[Address Reference Count : 1]<UL><LI> gh_rectangle.o(i.GhRectangle_ctor)
</UL>
<P><STRONG><a name="[175]"></a>TxtInptSht</STRONG> (Thumb, 198 bytes, Stack size 56 bytes, txtexpr.o(i.TxtInptSht))
<BR><BR>[Stack]<UL><LI>Max Depth = 192<LI>Call Chain = TxtInptSht &rArr; Set_shtContextAtt &rArr; String2CntEff &rArr; atoi &rArr; strtol &rArr; _strtoul
</UL>
<BR>[Calls]<UL><LI><a href="#[2b9]">&gt;&gt;</a>&nbsp;&nbsp;&nbsp;Get_GhTxt
<LI><a href="#[214]">&gt;&gt;</a>&nbsp;&nbsp;&nbsp;Set_shtContextAtt
<LI><a href="#[215]">&gt;&gt;</a>&nbsp;&nbsp;&nbsp;Set_shtAreaAtt
<LI><a href="#[218]">&gt;&gt;</a>&nbsp;&nbsp;&nbsp;RemoveTail
<LI><a href="#[2a9]">&gt;&gt;</a>&nbsp;&nbsp;&nbsp;GetNameVale
<LI><a href="#[217]">&gt;&gt;</a>&nbsp;&nbsp;&nbsp;GetName
<LI><a href="#[213]">&gt;&gt;</a>&nbsp;&nbsp;&nbsp;GetAttribute
<LI><a href="#[1e6]">&gt;&gt;</a>&nbsp;&nbsp;&nbsp;strcasecmp
<LI><a href="#[1e3]">&gt;&gt;</a>&nbsp;&nbsp;&nbsp;__aeabi_memclr
</UL>
<BR>[Address Reference Count : 1]<UL><LI> txtexpr.o(i.TxtExpr_ctor)
</UL>
<P><STRONG><a name="[29e]"></a>Eliminate_char</STRONG> (Thumb, 18 bytes, Stack size 0 bytes, reader.o(i.Eliminate_char))
<BR><BR>[Called By]<UL><LI><a href="#[218]">&gt;&gt;</a>&nbsp;&nbsp;&nbsp;RemoveTail
<LI><a href="#[217]">&gt;&gt;</a>&nbsp;&nbsp;&nbsp;GetName
<LI><a href="#[213]">&gt;&gt;</a>&nbsp;&nbsp;&nbsp;GetAttribute
</UL>

<P><STRONG><a name="[167]"></a>BuInptSht</STRONG> (Thumb, 258 bytes, Stack size 40 bytes, ntbutton.o(i.BuInptSht))
<BR><BR>[Stack]<UL><LI>Max Depth = 184<LI>Call Chain = BuInptSht &rArr; GetShtctl &rArr; Dev_open &rArr; DevChar_open &rArr; Get_Dev_IIC &rArr; Dev_IIC_new &rArr; malloc &rArr; internal_alloc
</UL>
<BR>[Calls]<UL><LI><a href="#[210]">&gt;&gt;</a>&nbsp;&nbsp;&nbsp;Sheet_alloc
<LI><a href="#[20f]">&gt;&gt;</a>&nbsp;&nbsp;&nbsp;GetShtctl
<LI><a href="#[1fe]">&gt;&gt;</a>&nbsp;&nbsp;&nbsp;ExpCreate
<LI><a href="#[216]">&gt;&gt;</a>&nbsp;&nbsp;&nbsp;RemoveHead
<LI><a href="#[214]">&gt;&gt;</a>&nbsp;&nbsp;&nbsp;Set_shtContextAtt
<LI><a href="#[215]">&gt;&gt;</a>&nbsp;&nbsp;&nbsp;Set_shtAreaAtt
<LI><a href="#[218]">&gt;&gt;</a>&nbsp;&nbsp;&nbsp;RemoveTail
<LI><a href="#[217]">&gt;&gt;</a>&nbsp;&nbsp;&nbsp;GetName
<LI><a href="#[213]">&gt;&gt;</a>&nbsp;&nbsp;&nbsp;GetAttribute
<LI><a href="#[212]">&gt;&gt;</a>&nbsp;&nbsp;&nbsp;Get_GhRectangle
<LI><a href="#[1e3]">&gt;&gt;</a>&nbsp;&nbsp;&nbsp;__aeabi_memclr
<LI><a href="#[1e9]">&gt;&gt;</a>&nbsp;&nbsp;&nbsp;malloc
</UL>
<BR>[Address Reference Count : 1]<UL><LI> ntbutton.o(i.NtButton_ctor)
</UL>
<P><STRONG><a name="[168]"></a>InputInptSht</STRONG> (Thumb, 222 bytes, Stack size 40 bytes, ntinput.o(i.InputInptSht))
<BR><BR>[Stack]<UL><LI>Max Depth = 184<LI>Call Chain = InputInptSht &rArr; GetShtctl &rArr; Dev_open &rArr; DevChar_open &rArr; Get_Dev_IIC &rArr; Dev_IIC_new &rArr; malloc &rArr; internal_alloc
</UL>
<BR>[Calls]<UL><LI><a href="#[210]">&gt;&gt;</a>&nbsp;&nbsp;&nbsp;Sheet_alloc
<LI><a href="#[20f]">&gt;&gt;</a>&nbsp;&nbsp;&nbsp;GetShtctl
<LI><a href="#[1fe]">&gt;&gt;</a>&nbsp;&nbsp;&nbsp;ExpCreate
<LI><a href="#[2b4]">&gt;&gt;</a>&nbsp;&nbsp;&nbsp;Get_GhNone
<LI><a href="#[216]">&gt;&gt;</a>&nbsp;&nbsp;&nbsp;RemoveHead
<LI><a href="#[214]">&gt;&gt;</a>&nbsp;&nbsp;&nbsp;Set_shtContextAtt
<LI><a href="#[215]">&gt;&gt;</a>&nbsp;&nbsp;&nbsp;Set_shtAreaAtt
<LI><a href="#[218]">&gt;&gt;</a>&nbsp;&nbsp;&nbsp;RemoveTail
<LI><a href="#[213]">&gt;&gt;</a>&nbsp;&nbsp;&nbsp;GetAttribute
<LI><a href="#[1e3]">&gt;&gt;</a>&nbsp;&nbsp;&nbsp;__aeabi_memclr
<LI><a href="#[1e9]">&gt;&gt;</a>&nbsp;&nbsp;&nbsp;malloc
</UL>
<BR>[Address Reference Count : 1]<UL><LI> ntinput.o(i.NtInput_ctor)
</UL>
<P><STRONG><a name="[100]"></a>GeoInptSht</STRONG> (Thumb, 108 bytes, Stack size 48 bytes, geometricsexpr.o(i.GeoInptSht))
<BR><BR>[Stack]<UL><LI>Max Depth = 184<LI>Call Chain = GeoInptSht &rArr; Set_shtContextAtt &rArr; String2CntEff &rArr; atoi &rArr; strtol &rArr; _strtoul
</UL>
<BR>[Calls]<UL><LI><a href="#[214]">&gt;&gt;</a>&nbsp;&nbsp;&nbsp;Set_shtContextAtt
<LI><a href="#[215]">&gt;&gt;</a>&nbsp;&nbsp;&nbsp;Set_shtAreaAtt
<LI><a href="#[217]">&gt;&gt;</a>&nbsp;&nbsp;&nbsp;GetName
<LI><a href="#[213]">&gt;&gt;</a>&nbsp;&nbsp;&nbsp;GetAttribute
<LI><a href="#[212]">&gt;&gt;</a>&nbsp;&nbsp;&nbsp;Get_GhRectangle
<LI><a href="#[1e6]">&gt;&gt;</a>&nbsp;&nbsp;&nbsp;strcasecmp
<LI><a href="#[1e3]">&gt;&gt;</a>&nbsp;&nbsp;&nbsp;__aeabi_memclr
</UL>
<BR>[Address Reference Count : 1]<UL><LI> geometricsexpr.o(i.GmtrExpr_ctor)
</UL>
<P><STRONG><a name="[16c]"></a>PicInptSht</STRONG> (Thumb, 188 bytes, Stack size 48 bytes, picexpr.o(i.PicInptSht))
<BR><BR>[Stack]<UL><LI>Max Depth = 184<LI>Call Chain = PicInptSht &rArr; Set_shtContextAtt &rArr; String2CntEff &rArr; atoi &rArr; strtol &rArr; _strtoul
</UL>
<BR>[Calls]<UL><LI><a href="#[2b6]">&gt;&gt;</a>&nbsp;&nbsp;&nbsp;Get_GhPic
<LI><a href="#[214]">&gt;&gt;</a>&nbsp;&nbsp;&nbsp;Set_shtContextAtt
<LI><a href="#[215]">&gt;&gt;</a>&nbsp;&nbsp;&nbsp;Set_shtAreaAtt
<LI><a href="#[218]">&gt;&gt;</a>&nbsp;&nbsp;&nbsp;RemoveTail
<LI><a href="#[2a9]">&gt;&gt;</a>&nbsp;&nbsp;&nbsp;GetNameVale
<LI><a href="#[217]">&gt;&gt;</a>&nbsp;&nbsp;&nbsp;GetName
<LI><a href="#[213]">&gt;&gt;</a>&nbsp;&nbsp;&nbsp;GetAttribute
<LI><a href="#[286]">&gt;&gt;</a>&nbsp;&nbsp;&nbsp;strstr
<LI><a href="#[1e3]">&gt;&gt;</a>&nbsp;&nbsp;&nbsp;__aeabi_memclr
</UL>
<BR>[Address Reference Count : 1]<UL><LI> picexpr.o(i.PicExpr_ctor)
</UL>
<P><STRONG><a name="[38f]"></a>Sheet_refreshsub</STRONG> (Thumb, 110 bytes, Stack size 24 bytes, sheet.o(i.Sheet_refreshsub))
<BR><BR>[Stack]<UL><LI>Max Depth = 24<LI>Call Chain = Sheet_refreshsub
</UL>
<BR>[Called By]<UL><LI><a href="#[20c]">&gt;&gt;</a>&nbsp;&nbsp;&nbsp;Sheet_slide
<LI><a href="#[242]">&gt;&gt;</a>&nbsp;&nbsp;&nbsp;Sheet_refresh
</UL>

<P><STRONG><a name="[173]"></a>KeyEvent</STRONG> (Thumb, 72 bytes, Stack size 16 bytes, test_usb.o(i.KeyEvent))
<BR><BR>[Stack]<UL><LI>Max Depth = 128<LI>Call Chain = KeyEvent &rArr; TUSB_Display &rArr; __2sprintf
</UL>
<BR>[Calls]<UL><LI><a href="#[30d]">&gt;&gt;</a>&nbsp;&nbsp;&nbsp;TUSB_Display
</UL>
<BR>[Address Reference Count : 1]<UL><LI> test_usb.o(i.Test_usb)
</UL>
<P><STRONG><a name="[30d]"></a>TUSB_Display</STRONG> (Thumb, 54 bytes, Stack size 88 bytes, test_usb.o(i.TUSB_Display))
<BR><BR>[Stack]<UL><LI>Max Depth = 112<LI>Call Chain = TUSB_Display &rArr; __2sprintf
</UL>
<BR>[Calls]<UL><LI><a href="#[26a]">&gt;&gt;</a>&nbsp;&nbsp;&nbsp;__2sprintf
</UL>
<BR>[Called By]<UL><LI><a href="#[173]">&gt;&gt;</a>&nbsp;&nbsp;&nbsp;KeyEvent
</UL>

<P><STRONG><a name="[3a9]"></a>TUSB_Write_file</STRONG> (Thumb, 428 bytes, Stack size 96 bytes, test_usb.o(i.TUSB_Write_file))
<BR><BR>[Stack]<UL><LI>Max Depth = 296<LI>Call Chain = TUSB_Write_file &rArr; USB_Create_file &rArr; USB_Colse_file &rArr; CH376_Set_Data_Time &rArr; CH376SendCmdDatWaitInt &rArr; Wait376Interrupt &rArr; CH376GetIntStatus &rArr; delay_ms
</UL>
<BR>[Calls]<UL><LI><a href="#[3ab]">&gt;&gt;</a>&nbsp;&nbsp;&nbsp;USB_Write_file
<LI><a href="#[3aa]">&gt;&gt;</a>&nbsp;&nbsp;&nbsp;USB_Create_file
<LI><a href="#[3ad]">&gt;&gt;</a>&nbsp;&nbsp;&nbsp;USB_Colse_file
<LI><a href="#[1ef]">&gt;&gt;</a>&nbsp;&nbsp;&nbsp;__aeabi_i2f
<LI><a href="#[1ed]">&gt;&gt;</a>&nbsp;&nbsp;&nbsp;__aeabi_fdiv
<LI><a href="#[3ac]">&gt;&gt;</a>&nbsp;&nbsp;&nbsp;__aeabi_f2d
<LI><a href="#[26a]">&gt;&gt;</a>&nbsp;&nbsp;&nbsp;__2sprintf
</UL>
<BR>[Called By]<UL><LI><a href="#[3ae]">&gt;&gt;</a>&nbsp;&nbsp;&nbsp;Test_usb
</UL>

<P><STRONG><a name="[174]"></a>Usb_event</STRONG> (Thumb, 74 bytes, Stack size 24 bytes, test_usb.o(i.Usb_event))
<BR><BR>[Stack]<UL><LI>Max Depth = 24<LI>Call Chain = Usb_event
</UL>
<BR>[Address Reference Count : 1]<UL><LI> test_usb.o(i.Test_usb)
</UL>
<P><STRONG><a name="[388]"></a>SetSysClock</STRONG> (Thumb, 8 bytes, Stack size 8 bytes, system_stm32f10x.o(i.SetSysClock))
<BR><BR>[Stack]<UL><LI>Max Depth = 20<LI>Call Chain = SetSysClock &rArr; SetSysClockTo72
</UL>
<BR>[Calls]<UL><LI><a href="#[389]">&gt;&gt;</a>&nbsp;&nbsp;&nbsp;SetSysClockTo72
</UL>
<BR>[Called By]<UL><LI><a href="#[d3]">&gt;&gt;</a>&nbsp;&nbsp;&nbsp;SystemInit
</UL>

<P><STRONG><a name="[389]"></a>SetSysClockTo72</STRONG> (Thumb, 214 bytes, Stack size 12 bytes, system_stm32f10x.o(i.SetSysClockTo72))
<BR><BR>[Stack]<UL><LI>Max Depth = 12<LI>Call Chain = SetSysClockTo72
</UL>
<BR>[Called By]<UL><LI><a href="#[388]">&gt;&gt;</a>&nbsp;&nbsp;&nbsp;SetSysClock
</UL>

<P><STRONG><a name="[3e4]"></a>rt_id2obj</STRONG> (Thumb, 8 bytes, Stack size 0 bytes, rt_cmsis.o(i.rt_id2obj))
<BR><BR>[Called By]<UL><LI><a href="#[1b3]">&gt;&gt;</a>&nbsp;&nbsp;&nbsp;svcTimerCall
<LI><a href="#[1ae]">&gt;&gt;</a>&nbsp;&nbsp;&nbsp;svcSemaphoreWait
<LI><a href="#[1ad]">&gt;&gt;</a>&nbsp;&nbsp;&nbsp;svcSemaphoreRelease
<LI><a href="#[3e3]">&gt;&gt;</a>&nbsp;&nbsp;&nbsp;isrSemaphoreRelease
</UL>

<P><STRONG><a name="[415]"></a>rt_ms2tick</STRONG> (Thumb, 58 bytes, Stack size 0 bytes, rt_cmsis.o(i.rt_ms2tick))
<BR><BR>[Called By]<UL><LI><a href="#[1ae]">&gt;&gt;</a>&nbsp;&nbsp;&nbsp;svcSemaphoreWait
<LI><a href="#[1ab]">&gt;&gt;</a>&nbsp;&nbsp;&nbsp;svcMessageGet
<LI><a href="#[1a8]">&gt;&gt;</a>&nbsp;&nbsp;&nbsp;svcDelay
</UL>

<P><STRONG><a name="[41d]"></a>rt_tid2ptcb</STRONG> (Thumb, 18 bytes, Stack size 0 bytes, rt_cmsis.o(i.rt_tid2ptcb))
<BR><BR>[Called By]<UL><LI><a href="#[1b1]">&gt;&gt;</a>&nbsp;&nbsp;&nbsp;svcThreadTerminate
</UL>

<P><STRONG><a name="[41e]"></a>rt_timer_insert</STRONG> (Thumb, 48 bytes, Stack size 12 bytes, rt_cmsis.o(i.rt_timer_insert))
<BR><BR>[Stack]<UL><LI>Max Depth = 12<LI>Call Chain = rt_timer_insert
</UL>
<BR>[Called By]<UL><LI><a href="#[40c]">&gt;&gt;</a>&nbsp;&nbsp;&nbsp;sysTimerTick
</UL>

<P><STRONG><a name="[3fa]"></a>rt_init_context</STRONG> (Thumb, 66 bytes, Stack size 16 bytes, rt_task.o(i.rt_init_context))
<BR><BR>[Stack]<UL><LI>Max Depth = 32<LI>Call Chain = rt_init_context &rArr; rt_init_stack
</UL>
<BR>[Calls]<UL><LI><a href="#[d1]">&gt;&gt;</a>&nbsp;&nbsp;&nbsp;rt_alloc_box
<LI><a href="#[3fb]">&gt;&gt;</a>&nbsp;&nbsp;&nbsp;rt_init_stack
</UL>
<BR>[Called By]<UL><LI><a href="#[40d]">&gt;&gt;</a>&nbsp;&nbsp;&nbsp;rt_tsk_create
<LI><a href="#[406]">&gt;&gt;</a>&nbsp;&nbsp;&nbsp;rt_sys_init
</UL>

<P><STRONG><a name="[3d3]"></a>_fp_digits</STRONG> (Thumb, 334 bytes, Stack size 56 bytes, printfa.o(i._fp_digits), UNUSED)
<BR><BR>[Calls]<UL><LI><a href="#[1e0]">&gt;&gt;</a>&nbsp;&nbsp;&nbsp;__aeabi_uldivmod
<LI><a href="#[1f9]">&gt;&gt;</a>&nbsp;&nbsp;&nbsp;__aeabi_dmul
<LI><a href="#[1fa]">&gt;&gt;</a>&nbsp;&nbsp;&nbsp;__aeabi_ddiv
<LI><a href="#[1f3]">&gt;&gt;</a>&nbsp;&nbsp;&nbsp;__aeabi_dadd
<LI><a href="#[1fb]">&gt;&gt;</a>&nbsp;&nbsp;&nbsp;__aeabi_d2ulz
<LI><a href="#[3d4]">&gt;&gt;</a>&nbsp;&nbsp;&nbsp;__aeabi_cdrcmple
</UL>
<BR>[Called By]<UL><LI><a href="#[3cf]">&gt;&gt;</a>&nbsp;&nbsp;&nbsp;_printf_core
</UL>

<P><STRONG><a name="[3cf]"></a>_printf_core</STRONG> (Thumb, 1744 bytes, Stack size 136 bytes, printfa.o(i._printf_core), UNUSED)
<BR><BR>[Calls]<UL><LI><a href="#[1e0]">&gt;&gt;</a>&nbsp;&nbsp;&nbsp;__aeabi_uldivmod
<LI><a href="#[3d7]">&gt;&gt;</a>&nbsp;&nbsp;&nbsp;__aeabi_uidivmod
<LI><a href="#[3d5]">&gt;&gt;</a>&nbsp;&nbsp;&nbsp;_printf_pre_padding
<LI><a href="#[3d6]">&gt;&gt;</a>&nbsp;&nbsp;&nbsp;_printf_post_padding
<LI><a href="#[3d3]">&gt;&gt;</a>&nbsp;&nbsp;&nbsp;_fp_digits
</UL>
<BR>[Called By]<UL><LI><a href="#[3d1]">&gt;&gt;</a>&nbsp;&nbsp;&nbsp;__0sprintf
<LI><a href="#[3d0]">&gt;&gt;</a>&nbsp;&nbsp;&nbsp;__0snprintf
<LI><a href="#[3ce]">&gt;&gt;</a>&nbsp;&nbsp;&nbsp;__0fprintf
</UL>

<P><STRONG><a name="[3d6]"></a>_printf_post_padding</STRONG> (Thumb, 36 bytes, Stack size 24 bytes, printfa.o(i._printf_post_padding), UNUSED)
<BR><BR>[Called By]<UL><LI><a href="#[3cf]">&gt;&gt;</a>&nbsp;&nbsp;&nbsp;_printf_core
</UL>

<P><STRONG><a name="[3d5]"></a>_printf_pre_padding</STRONG> (Thumb, 46 bytes, Stack size 24 bytes, printfa.o(i._printf_pre_padding), UNUSED)
<BR><BR>[Called By]<UL><LI><a href="#[3cf]">&gt;&gt;</a>&nbsp;&nbsp;&nbsp;_printf_core
</UL>

<P><STRONG><a name="[178]"></a>_snputc</STRONG> (Thumb, 22 bytes, Stack size 0 bytes, printfa.o(i._snputc))
<BR>[Address Reference Count : 1]<UL><LI> printfa.o(i.__0snprintf)
</UL>
<P><STRONG><a name="[179]"></a>_sputc</STRONG> (Thumb, 10 bytes, Stack size 0 bytes, printfa.o(i._sputc))
<BR><BR>[Called By]<UL><LI><a href="#[3d1]">&gt;&gt;</a>&nbsp;&nbsp;&nbsp;__0sprintf
</UL>
<BR>[Address Reference Count : 1]<UL><LI> printfa.o(i.__0sprintf)
</UL>
<P><STRONG><a name="[3d2]"></a>internal_alloc</STRONG> (Thumb, 76 bytes, Stack size 24 bytes, mallocr.o(i.internal_alloc))
<BR><BR>[Stack]<UL><LI>Max Depth = 24<LI>Call Chain = internal_alloc
</UL>
<BR>[Calls]<UL><LI><a href="#[236]">&gt;&gt;</a>&nbsp;&nbsp;&nbsp;__aeabi_memcpy
</UL>
<BR>[Called By]<UL><LI><a href="#[1e9]">&gt;&gt;</a>&nbsp;&nbsp;&nbsp;malloc
</UL>
<P>
<H3>
Undefined Global Symbols
</H3><HR></body></html>
