<!doctype html public "-//w3c//dtd html 4.0 transitional//en">
<html><head>
<title>Static Call Graph - [.\Objects\PplRcd.axf]</title></head>
<body><HR>
<H1>Static Call Graph for image .\Objects\PplRcd.axf</H1><HR>
<BR><P>#&#060CALLGRAPH&#062# ARM Linker, 5050106: Last Updated: Tue Mar 27 23:16:32 2018
<BR><P>
<H3>Maximum Stack Usage =        320 bytes + Unknown(Cycles, Untraceable Function Pointers)</H3><H3>
Call chain for Maximum Stack Depth:</H3>
MdlChn_run &rArr; Signal_Alarm &rArr; MdlChn_Check_new_alarm &rArr; STG_Set_file_position &rArr; STG_Open_file &rArr; Strg_Updata_rcd_mgr &rArr;  STG_Open_file (Cycle)
<P>
<H3>
Mutually Recursive functions
</H3> <LI><a href="#[b7]">rt_alloc_box</a>&nbsp;&nbsp;&nbsp;&rArr;&nbsp;&nbsp;&nbsp;<a href="#[b7]">rt_alloc_box</a><BR>
 <LI><a href="#[72]">NMI_Handler</a>&nbsp;&nbsp;&nbsp;&rArr;&nbsp;&nbsp;&nbsp;<a href="#[72]">NMI_Handler</a><BR>
 <LI><a href="#[74]">MemManage_Handler</a>&nbsp;&nbsp;&nbsp;&rArr;&nbsp;&nbsp;&nbsp;<a href="#[74]">MemManage_Handler</a><BR>
 <LI><a href="#[75]">BusFault_Handler</a>&nbsp;&nbsp;&nbsp;&rArr;&nbsp;&nbsp;&nbsp;<a href="#[75]">BusFault_Handler</a><BR>
 <LI><a href="#[76]">UsageFault_Handler</a>&nbsp;&nbsp;&nbsp;&rArr;&nbsp;&nbsp;&nbsp;<a href="#[76]">UsageFault_Handler</a><BR>
 <LI><a href="#[78]">DebugMon_Handler</a>&nbsp;&nbsp;&nbsp;&rArr;&nbsp;&nbsp;&nbsp;<a href="#[78]">DebugMon_Handler</a><BR>
 <LI><a href="#[8d]">ADC1_2_IRQHandler</a>&nbsp;&nbsp;&nbsp;&rArr;&nbsp;&nbsp;&nbsp;<a href="#[8d]">ADC1_2_IRQHandler</a><BR>
 <LI><a href="#[20a]">Except_raise</a>&nbsp;&nbsp;&nbsp;&rArr;&nbsp;&nbsp;&nbsp;<a href="#[20a]">Except_raise</a><BR>
 <LI><a href="#[2e9]">Strg_Updata_rcd_mgr</a>&nbsp;&nbsp;&nbsp;&rArr;&nbsp;&nbsp;&nbsp;<a href="#[134]">STG_Open_file</a><BR>
</UL>
<P>
<H3>
Function Pointers
</H3><UL>
 <LI><a href="#[189]">ACQ_Init</a> from component_option.o(i.ACQ_Init) referenced from component_option.o(.constdata)
 <LI><a href="#[18a]">ACQ_Select</a> from component_option.o(i.ACQ_Select) referenced from component_option.o(.constdata)
 <LI><a href="#[8d]">ADC1_2_IRQHandler</a> from startup_stm32f10x_hd.o(.text) referenced from startup_stm32f10x_hd.o(RESET)
 <LI><a href="#[aa]">ADC3_IRQHandler</a> from startup_stm32f10x_hd.o(.text) referenced from startup_stm32f10x_hd.o(RESET)
 <LI><a href="#[2e]">ATP_Exit</a> from cst_set_atmosphere_pressure.o(i.ATP_Exit) referenced 2 times from cst_set_atmosphere_pressure.o(.data)
 <LI><a href="#[2b]">ATP_Reset_focus</a> from cst_set_atmosphere_pressure.o(i.ATP_Reset_focus) referenced 2 times from cst_set_atmosphere_pressure.o(.data)
 <LI><a href="#[2d]">ATP_commit</a> from cst_set_atmosphere_pressure.o(i.ATP_commit) referenced 2 times from cst_set_atmosphere_pressure.o(.data)
 <LI><a href="#[24]">ATP_entry</a> from cst_set_atmosphere_pressure.o(i.ATP_entry) referenced 2 times from cst_set_atmosphere_pressure.o(.data)
 <LI><a href="#[2c]">ATP_get_focusdata</a> from cst_set_atmosphere_pressure.o(i.ATP_get_focusdata) referenced 2 times from cst_set_atmosphere_pressure.o(.data)
 <LI><a href="#[25]">ATP_init</a> from cst_set_atmosphere_pressure.o(i.ATP_init) referenced 2 times from cst_set_atmosphere_pressure.o(.data)
 <LI><a href="#[27]">ATP_key_dn</a> from cst_set_atmosphere_pressure.o(i.ATP_key_dn) referenced 2 times from cst_set_atmosphere_pressure.o(.data)
 <LI><a href="#[2a]">ATP_key_er</a> from cst_set_atmosphere_pressure.o(i.ATP_key_er) referenced 2 times from cst_set_atmosphere_pressure.o(.data)
 <LI><a href="#[28]">ATP_key_lt</a> from cst_set_atmosphere_pressure.o(i.ATP_key_lt) referenced 2 times from cst_set_atmosphere_pressure.o(.data)
 <LI><a href="#[29]">ATP_key_rt</a> from cst_set_atmosphere_pressure.o(i.ATP_key_rt) referenced 2 times from cst_set_atmosphere_pressure.o(.data)
 <LI><a href="#[26]">ATP_key_up</a> from cst_set_atmosphere_pressure.o(i.ATP_key_up) referenced 2 times from cst_set_atmosphere_pressure.o(.data)
 <LI><a href="#[bc]">BTN_Build_each_btn</a> from component_button.o(i.BTN_Build_each_btn) referenced from component_button.o(i.Button_ctor)
 <LI><a href="#[bd]">BTN_Clean_btn</a> from component_button.o(i.BTN_Clean_btn) referenced from component_button.o(i.Button_ctor)
 <LI><a href="#[c0]">BTN_Deal_hit</a> from component_button.o(i.BTN_Deal_hit) referenced from component_button.o(i.Button_ctor)
 <LI><a href="#[bb]">BTN_Init</a> from component_button.o(i.BTN_Init) referenced from component_button.o(i.Button_ctor)
 <LI><a href="#[bf]">BTN_Move_focus</a> from component_button.o(i.BTN_Move_focus) referenced from component_button.o(i.Button_ctor)
 <LI><a href="#[be]">BTN_Show_vaild_btn</a> from component_button.o(i.BTN_Show_vaild_btn) referenced from component_button.o(i.Button_ctor)
 <LI><a href="#[12c]">BuInptSht</a> from ntbutton.o(i.BuInptSht) referenced from ntbutton.o(i.NtButton_ctor)
 <LI><a href="#[75]">BusFault_Handler</a> from startup_stm32f10x_hd.o(.text) referenced from startup_stm32f10x_hd.o(RESET)
 <LI><a href="#[90]">CAN1_RX1_IRQHandler</a> from startup_stm32f10x_hd.o(.text) referenced from startup_stm32f10x_hd.o(RESET)
 <LI><a href="#[91]">CAN1_SCE_IRQHandler</a> from startup_stm32f10x_hd.o(.text) referenced from startup_stm32f10x_hd.o(RESET)
 <LI><a href="#[ee]">CNF_Clear_focus</a> from hmi_configuring .o(i.CNF_Clear_focus) referenced from hmi_configuring .o(i.HMI_configuring_ctor)
 <LI><a href="#[c1]">CNF_Exec_Sy_cmd</a> from hmi_configuring .o(i.CNF_Exec_Sy_cmd) referenced from hmi_configuring .o(i.CNF_Init_sheet)
 <LI><a href="#[e8]">CNF_Hide</a> from hmi_configuring .o(i.CNF_Hide) referenced from hmi_configuring .o(i.HMI_configuring_ctor)
 <LI><a href="#[eb]">CNF_Hit</a> from hmi_configuring .o(i.CNF_Hit) referenced from hmi_configuring .o(i.HMI_configuring_ctor)
 <LI><a href="#[e7]">CNF_Init</a> from hmi_configuring .o(i.CNF_Init) referenced from hmi_configuring .o(i.HMI_configuring_ctor)
 <LI><a href="#[ed]">CNF_Init_focus</a> from hmi_configuring .o(i.CNF_Init_focus) referenced from hmi_configuring .o(i.HMI_configuring_ctor)
 <LI><a href="#[e9]">CNF_Init_sheet</a> from hmi_configuring .o(i.CNF_Init_sheet) referenced from hmi_configuring .o(i.HMI_configuring_ctor)
 <LI><a href="#[ec]">CNF_Long_hit</a> from hmi_configuring .o(i.CNF_Long_hit) referenced from hmi_configuring .o(i.HMI_configuring_ctor)
 <LI><a href="#[ea]">CNF_Show</a> from hmi_configuring .o(i.CNF_Show) referenced from hmi_configuring .o(i.HMI_configuring_ctor)
 <LI><a href="#[ef]">CNF_Show_focus</a> from hmi_configuring .o(i.CNF_Show_focus) referenced from hmi_configuring .o(i.HMI_configuring_ctor)
 <LI><a href="#[65]">CSM_Exit</a> from cst_set_case_temperature.o(i.CSM_Exit) referenced 2 times from cst_set_case_temperature.o(.data)
 <LI><a href="#[62]">CSM_Reset_focus</a> from cst_set_case_temperature.o(i.CSM_Reset_focus) referenced 2 times from cst_set_case_temperature.o(.data)
 <LI><a href="#[64]">CSM_commit</a> from cst_set_case_temperature.o(i.CSM_commit) referenced 2 times from cst_set_case_temperature.o(.data)
 <LI><a href="#[5b]">CSM_entry</a> from cst_set_case_temperature.o(i.CSM_entry) referenced 2 times from cst_set_case_temperature.o(.data)
 <LI><a href="#[63]">CSM_get_focusdata</a> from cst_set_case_temperature.o(i.CSM_get_focusdata) referenced 2 times from cst_set_case_temperature.o(.data)
 <LI><a href="#[5c]">CSM_init</a> from cst_set_case_temperature.o(i.CSM_init) referenced 2 times from cst_set_case_temperature.o(.data)
 <LI><a href="#[5e]">CSM_key_dn</a> from cst_set_case_temperature.o(i.CSM_key_dn) referenced 2 times from cst_set_case_temperature.o(.data)
 <LI><a href="#[61]">CSM_key_er</a> from cst_set_case_temperature.o(i.CSM_key_er) referenced 2 times from cst_set_case_temperature.o(.data)
 <LI><a href="#[5f]">CSM_key_lt</a> from cst_set_case_temperature.o(i.CSM_key_lt) referenced 2 times from cst_set_case_temperature.o(.data)
 <LI><a href="#[60]">CSM_key_rt</a> from cst_set_case_temperature.o(i.CSM_key_rt) referenced 2 times from cst_set_case_temperature.o(.data)
 <LI><a href="#[5d]">CSM_key_up</a> from cst_set_case_temperature.o(i.CSM_key_up) referenced 2 times from cst_set_case_temperature.o(.data)
 <LI><a href="#[f9]">Clear_focus</a> from hmi.o(i.Clear_focus) referenced from hmi.o(i.HMI_ctor)
 <LI><a href="#[d7]">Close_devSpi</a> from dev_spi.o(i.Close_devSpi) referenced from dev_spi.o(i.Dev_spi_ctor)
 <LI><a href="#[c5]">Close_dev_IIC</a> from dev_iic.o(i.Close_dev_IIC) referenced from dev_iic.o(i.Dev_IIC_ctor)
 <LI><a href="#[f7]">ConposeKeyHandle</a> from hmi.o(i.ConposeKeyHandle) referenced from hmi.o(i.HMI_ctor)
 <LI><a href="#[c2]">CtlKey_init</a> from ctlkey.o(i.CtlKey_init) referenced from ctlkey.o(i.CtlKey_ctor)
 <LI><a href="#[f6]">DHitHandle</a> from hmi.o(i.DHitHandle) referenced from hmi.o(i.HMI_ctor)
 <LI><a href="#[86]">DMA1_Channel1_IRQHandler</a> from startup_stm32f10x_hd.o(.text) referenced from startup_stm32f10x_hd.o(RESET)
 <LI><a href="#[87]">DMA1_Channel2_IRQHandler</a> from drive_uart.o(i.DMA1_Channel2_IRQHandler) referenced from startup_stm32f10x_hd.o(RESET)
 <LI><a href="#[88]">DMA1_Channel3_IRQHandler</a> from startup_stm32f10x_hd.o(.text) referenced from startup_stm32f10x_hd.o(RESET)
 <LI><a href="#[89]">DMA1_Channel4_IRQHandler</a> from drive_uart.o(i.DMA1_Channel4_IRQHandler) referenced from startup_stm32f10x_hd.o(RESET)
 <LI><a href="#[8a]">DMA1_Channel5_IRQHandler</a> from startup_stm32f10x_hd.o(.text) referenced from startup_stm32f10x_hd.o(RESET)
 <LI><a href="#[8b]">DMA1_Channel6_IRQHandler</a> from startup_stm32f10x_hd.o(.text) referenced from startup_stm32f10x_hd.o(RESET)
 <LI><a href="#[8c]">DMA1_Channel7_IRQHandler</a> from drive_uart.o(i.DMA1_Channel7_IRQHandler) referenced from startup_stm32f10x_hd.o(RESET)
 <LI><a href="#[b3]">DMA2_Channel1_IRQHandler</a> from startup_stm32f10x_hd.o(.text) referenced from startup_stm32f10x_hd.o(RESET)
 <LI><a href="#[b4]">DMA2_Channel2_IRQHandler</a> from startup_stm32f10x_hd.o(.text) referenced from startup_stm32f10x_hd.o(RESET)
 <LI><a href="#[b5]">DMA2_Channel3_IRQHandler</a> from startup_stm32f10x_hd.o(.text) referenced from startup_stm32f10x_hd.o(RESET)
 <LI><a href="#[b6]">DMA2_Channel4_5_IRQHandler</a> from drive_uart.o(i.DMA2_Channel4_5_IRQHandler) referenced from startup_stm32f10x_hd.o(RESET)
 <LI><a href="#[4f]">DSF_Exit</a> from cst_set_dust_flow.o(i.DSF_Exit) referenced 2 times from cst_set_dust_flow.o(.data)
 <LI><a href="#[4c]">DSF_Reset_focus</a> from cst_set_dust_flow.o(i.DSF_Reset_focus) referenced 2 times from cst_set_dust_flow.o(.data)
 <LI><a href="#[4e]">DSF_commit</a> from cst_set_dust_flow.o(i.DSF_commit) referenced 2 times from cst_set_dust_flow.o(.data)
 <LI><a href="#[45]">DSF_entry</a> from cst_set_dust_flow.o(i.DSF_entry) referenced 2 times from cst_set_dust_flow.o(.data)
 <LI><a href="#[4d]">DSF_get_focusdata</a> from cst_set_dust_flow.o(i.DSF_get_focusdata) referenced 2 times from cst_set_dust_flow.o(.data)
 <LI><a href="#[46]">DSF_init</a> from cst_set_dust_flow.o(i.DSF_init) referenced 2 times from cst_set_dust_flow.o(.data)
 <LI><a href="#[48]">DSF_key_dn</a> from cst_set_dust_flow.o(i.DSF_key_dn) referenced 2 times from cst_set_dust_flow.o(.data)
 <LI><a href="#[4b]">DSF_key_er</a> from cst_set_dust_flow.o(i.DSF_key_er) referenced 2 times from cst_set_dust_flow.o(.data)
 <LI><a href="#[49]">DSF_key_lt</a> from cst_set_dust_flow.o(i.DSF_key_lt) referenced 2 times from cst_set_dust_flow.o(.data)
 <LI><a href="#[4a]">DSF_key_rt</a> from cst_set_dust_flow.o(i.DSF_key_rt) referenced 2 times from cst_set_dust_flow.o(.data)
 <LI><a href="#[47]">DSF_key_up</a> from cst_set_dust_flow.o(i.DSF_key_up) referenced 2 times from cst_set_dust_flow.o(.data)
 <LI><a href="#[18]">DSP_Exit</a> from cst_set_display.o(i.DSP_Exit) referenced 2 times from cst_set_display.o(.data)
 <LI><a href="#[15]">DSP_Reset_focus</a> from cst_set_display.o(i.DSP_Reset_focus) referenced 2 times from cst_set_display.o(.data)
 <LI><a href="#[17]">DSP_commit</a> from cst_set_display.o(i.DSP_commit) referenced 2 times from cst_set_display.o(.data)
 <LI><a href="#[e]">DSP_entry</a> from cst_set_display.o(i.DSP_entry) referenced 2 times from cst_set_display.o(.data)
 <LI><a href="#[16]">DSP_get_focusdata</a> from cst_set_display.o(i.DSP_get_focusdata) referenced 2 times from cst_set_display.o(.data)
 <LI><a href="#[f]">DSP_init</a> from cst_set_display.o(i.DSP_init) referenced 2 times from cst_set_display.o(.data)
 <LI><a href="#[11]">DSP_key_dn</a> from cst_set_display.o(i.DSP_key_dn) referenced 2 times from cst_set_display.o(.data)
 <LI><a href="#[14]">DSP_key_er</a> from cst_set_display.o(i.DSP_key_er) referenced 2 times from cst_set_display.o(.data)
 <LI><a href="#[12]">DSP_key_lt</a> from cst_set_display.o(i.DSP_key_lt) referenced 2 times from cst_set_display.o(.data)
 <LI><a href="#[13]">DSP_key_rt</a> from cst_set_display.o(i.DSP_key_rt) referenced 2 times from cst_set_display.o(.data)
 <LI><a href="#[10]">DSP_key_up</a> from cst_set_display.o(i.DSP_key_up) referenced 2 times from cst_set_display.o(.data)
 <LI><a href="#[78]">DebugMon_Handler</a> from startup_stm32f10x_hd.o(.text) referenced from startup_stm32f10x_hd.o(RESET)
 <LI><a href="#[13b]">DevGpioClose</a> from device_gpio.o(i.DevGpioClose) referenced from device_gpio.o(i.devGpio_ctor)
 <LI><a href="#[13e]">DevGpioIoctol</a> from device_gpio.o(i.DevGpioIoctol) referenced from device_gpio.o(i.devGpio_ctor)
 <LI><a href="#[13a]">DevGpioOpen</a> from device_gpio.o(i.DevGpioOpen) referenced from device_gpio.o(i.devGpio_ctor)
 <LI><a href="#[13c]">DevGpioRead</a> from device_gpio.o(i.DevGpioRead) referenced from device_gpio.o(i.devGpio_ctor)
 <LI><a href="#[13f]">DevGpioTest</a> from device_gpio.o(i.DevGpioTest) referenced from device_gpio.o(i.devGpio_ctor)
 <LI><a href="#[13d]">DevGpioWrite</a> from device_gpio.o(i.DevGpioWrite) referenced from device_gpio.o(i.devGpio_ctor)
 <LI><a href="#[cb]">Dev_Uart_close</a> from dev_uart.o(i.Dev_Uart_close) referenced from dev_uart.o(i.Dev_Uart_ctor)
 <LI><a href="#[ce]">Dev_Uart_ioctol</a> from dev_uart.o(i.Dev_Uart_ioctol) referenced from dev_uart.o(i.Dev_Uart_ctor)
 <LI><a href="#[ca]">Dev_Uart_open</a> from dev_uart.o(i.Dev_Uart_open) referenced from dev_uart.o(i.Dev_Uart_ctor)
 <LI><a href="#[cc]">Dev_Uart_read</a> from dev_uart.o(i.Dev_Uart_read) referenced from dev_uart.o(i.Dev_Uart_ctor)
 <LI><a href="#[cf]">Dev_Uart_test</a> from dev_uart.o(i.Dev_Uart_test) referenced from dev_uart.o(i.Dev_Uart_ctor)
 <LI><a href="#[cd]">Dev_Uart_write</a> from dev_uart.o(i.Dev_Uart_write) referenced from dev_uart.o(i.Dev_Uart_ctor)
 <LI><a href="#[116]">DoUpdate</a> from model.o(i.DoUpdate) referenced from model.o(i.Mdl_notify)
 <LI><a href="#[e4]">Draw_self</a> from glyph.o(i.Draw_self) referenced from glyph.o(i.Glyph_ctor)
 <LI><a href="#[81]">EXTI0_IRQHandler</a> from drive_gpio.o(i.EXTI0_IRQHandler) referenced from startup_stm32f10x_hd.o(RESET)
 <LI><a href="#[a3]">EXTI15_10_IRQHandler</a> from drive_gpio.o(i.EXTI15_10_IRQHandler) referenced from startup_stm32f10x_hd.o(RESET)
 <LI><a href="#[82]">EXTI1_IRQHandler</a> from drive_gpio.o(i.EXTI1_IRQHandler) referenced from startup_stm32f10x_hd.o(RESET)
 <LI><a href="#[83]">EXTI2_IRQHandler</a> from drive_gpio.o(i.EXTI2_IRQHandler) referenced from startup_stm32f10x_hd.o(RESET)
 <LI><a href="#[84]">EXTI3_IRQHandler</a> from drive_gpio.o(i.EXTI3_IRQHandler) referenced from startup_stm32f10x_hd.o(RESET)
 <LI><a href="#[85]">EXTI4_IRQHandler</a> from drive_gpio.o(i.EXTI4_IRQHandler) referenced from startup_stm32f10x_hd.o(RESET)
 <LI><a href="#[92]">EXTI9_5_IRQHandler</a> from drive_gpio.o(i.EXTI9_5_IRQHandler) referenced from startup_stm32f10x_hd.o(RESET)
 <LI><a href="#[7f]">FLASH_IRQHandler</a> from startup_stm32f10x_hd.o(.text) referenced from startup_stm32f10x_hd.o(RESET)
 <LI><a href="#[15c]">FM_Clear</a> from dev_lcd_fm12864.o(i.FM_Clear) referenced from dev_lcd_fm12864.o(i.lcd_fm12864_ctor)
 <LI><a href="#[161]">FM_Contrast</a> from dev_lcd_fm12864.o(i.FM_Contrast) referenced from dev_lcd_fm12864.o(i.lcd_fm12864_ctor)
 <LI><a href="#[de]">FM_Draw_cycle</a> from dev_lcd_fm12864.o(i.FM_Draw_cycle) referenced from dev_lcd_fm12864.o(i.FM_Init)
 <LI><a href="#[165]">FM_Draw_geometry</a> from dev_lcd_fm12864.o(i.FM_Draw_geometry) referenced from dev_lcd_fm12864.o(i.lcd_fm12864_ctor)
 <LI><a href="#[dc]">FM_Draw_line</a> from dev_lcd_fm12864.o(i.FM_Draw_line) referenced from dev_lcd_fm12864.o(i.FM_Init)
 <LI><a href="#[dd]">FM_Draw_rectangle</a> from dev_lcd_fm12864.o(i.FM_Draw_rectangle) referenced from dev_lcd_fm12864.o(i.FM_Init)
 <LI><a href="#[15f]">FM_Flush</a> from dev_lcd_fm12864.o(i.FM_Flush) referenced from dev_lcd_fm12864.o(i.lcd_fm12864_ctor)
 <LI><a href="#[163]">FM_Get_size</a> from dev_lcd_fm12864.o(i.FM_Get_size) referenced from dev_lcd_fm12864.o(i.lcd_fm12864_ctor)
 <LI><a href="#[15b]">FM_Init</a> from dev_lcd_fm12864.o(i.FM_Init) referenced from dev_lcd_fm12864.o(i.lcd_fm12864_ctor)
 <LI><a href="#[162]">FM_Lcd_ctl</a> from dev_lcd_fm12864.o(i.FM_Lcd_ctl) referenced from dev_lcd_fm12864.o(i.lcd_fm12864_ctor)
 <LI><a href="#[160]">FM_Lightness</a> from dev_lcd_fm12864.o(i.FM_Lightness) referenced from dev_lcd_fm12864.o(i.lcd_fm12864_ctor)
 <LI><a href="#[164]">FM_Set_backcolor</a> from dev_lcd_fm12864.o(i.FM_Set_backcolor) referenced from dev_lcd_fm12864.o(i.lcd_fm12864_ctor)
 <LI><a href="#[15d]">FM_Switch</a> from dev_lcd_fm12864.o(i.FM_Switch) referenced from dev_lcd_fm12864.o(i.lcd_fm12864_ctor)
 <LI><a href="#[15e]">FM_Text</a> from dev_lcd_fm12864.o(i.FM_Text) referenced from dev_lcd_fm12864.o(i.lcd_fm12864_ctor)
 <LI><a href="#[ab]">FSMC_IRQHandler</a> from startup_stm32f10x_hd.o(.text) referenced from startup_stm32f10x_hd.o(RESET)
 <LI><a href="#[e6]">GeoInptSht</a> from geometricsexpr.o(i.GeoInptSht) referenced from geometricsexpr.o(i.GmtrExpr_ctor)
 <LI><a href="#[df]">GhPic_vDraw</a> from gh_pic.o(i.GhPic_vDraw) referenced from gh_pic.o(i.GhPic_ctor)
 <LI><a href="#[e0]">GhRec_vDraw</a> from gh_rectangle.o(i.GhRec_vDraw) referenced from gh_rectangle.o(i.GhRectangle_ctor)
 <LI><a href="#[e2]">GhTxt_GetSize</a> from gh_txt.o(i.GhTxt_GetSize) referenced from gh_txt.o(i.GhTxt_ctor)
 <LI><a href="#[e1]">GhTxt_vDraw</a> from gh_txt.o(i.GhTxt_vDraw) referenced from gh_txt.o(i.GhTxt_ctor)
 <LI><a href="#[141]">GpioDeInit</a> from drive_gpio.o(i.GpioDeInit) referenced from drive_gpio.o(i.driveGpio_ctor)
 <LI><a href="#[140]">GpioInit</a> from drive_gpio.o(i.GpioInit) referenced from drive_gpio.o(i.driveGpio_ctor)
 <LI><a href="#[142]">GpioRead</a> from drive_gpio.o(i.GpioRead) referenced from drive_gpio.o(i.driveGpio_ctor)
 <LI><a href="#[145]">GpioSetEncode</a> from drive_gpio.o(i.GpioSetEncode) referenced from drive_gpio.o(i.driveGpio_ctor)
 <LI><a href="#[144]">GpioSetIrqHdl</a> from drive_gpio.o(i.GpioSetIrqHdl) referenced from drive_gpio.o(i.driveGpio_ctor)
 <LI><a href="#[147]">GpioTest</a> from drive_gpio.o(i.GpioTest) referenced from drive_gpio.o(i.driveGpio_ctor)
 <LI><a href="#[143]">GpioWrite</a> from drive_gpio.o(i.GpioWrite) referenced from drive_gpio.o(i.driveGpio_ctor)
 <LI><a href="#[146]">Gpio_control_irq</a> from drive_gpio.o(i.Gpio_control_irq) referenced from drive_gpio.o(i.driveGpio_ctor)
 <LI><a href="#[ff]">HMI_Btn_backward</a> from hmi.o(i.HMI_Btn_backward) referenced from hmi.o(i.HMI_ctor)
 <LI><a href="#[fe]">HMI_Btn_forward</a> from hmi.o(i.HMI_Btn_forward) referenced from hmi.o(i.HMI_ctor)
 <LI><a href="#[100]">HMI_Btn_jumpout</a> from hmi.o(i.HMI_Btn_jumpout) referenced from hmi.o(i.HMI_ctor)
 <LI><a href="#[fb]">HMI_Build_cmp</a> from hmi.o(i.HMI_Build_cmp) referenced from hmi.o(i.HMI_ctor)
 <LI><a href="#[155]">HMI_CFG_Hide</a> from hmi_config.o(i.HMI_CFG_Hide) referenced from hmi_config.o(i.hmi_config_ctor)
 <LI><a href="#[159]">HMI_CFG_Hit</a> from hmi_config.o(i.HMI_CFG_Hit) referenced from hmi_config.o(i.hmi_config_ctor)
 <LI><a href="#[154]">HMI_CFG_Init</a> from hmi_config.o(i.HMI_CFG_Init) referenced from hmi_config.o(i.hmi_config_ctor)
 <LI><a href="#[15a]">HMI_CFG_Init_focus</a> from hmi_config.o(i.HMI_CFG_Init_focus) referenced from hmi_config.o(i.hmi_config_ctor)
 <LI><a href="#[156]">HMI_CFG_Init_sheet</a> from hmi_config.o(i.HMI_CFG_Init_sheet) referenced from hmi_config.o(i.hmi_config_ctor)
 <LI><a href="#[157]">HMI_CFG_Run</a> from hmi_config.o(i.HMI_CFG_Run) referenced from hmi_config.o(i.hmi_config_ctor)
 <LI><a href="#[158]">HMI_CFG_Show</a> from hmi_config.o(i.HMI_CFG_Show) referenced from hmi_config.o(i.hmi_config_ctor)
 <LI><a href="#[fc]">HMI_Clean_cmp</a> from hmi.o(i.HMI_Clean_cmp) referenced from hmi.o(i.HMI_ctor)
 <LI><a href="#[169]">HMI_MAIN_Run</a> from hmi_main.o(i.HMI_MAIN_Run) referenced from hmi_main.o(i.mainHmi_ctor)
 <LI><a href="#[f1]">HMI_Run</a> from hmi.o(i.HMI_Run) referenced from hmi.o(i.HMI_ctor)
 <LI><a href="#[fd]">HMI_Show_cmp</a> from hmi.o(i.HMI_Show_cmp) referenced from hmi.o(i.HMI_ctor)
 <LI><a href="#[10a]">HSS_Hide</a> from hmi_select_setting.o(i.HSS_Hide) referenced from hmi_select_setting.o(i.HMI_select_setting_ctor)
 <LI><a href="#[10d]">HSS_Hit</a> from hmi_select_setting.o(i.HSS_Hit) referenced from hmi_select_setting.o(i.HMI_select_setting_ctor)
 <LI><a href="#[109]">HSS_Init</a> from hmi_select_setting.o(i.HSS_Init) referenced from hmi_select_setting.o(i.HMI_select_setting_ctor)
 <LI><a href="#[10e]">HSS_Init_focus</a> from hmi_select_setting.o(i.HSS_Init_focus) referenced from hmi_select_setting.o(i.HMI_select_setting_ctor)
 <LI><a href="#[10b]">HSS_Init_sheet</a> from hmi_select_setting.o(i.HSS_Init_sheet) referenced from hmi_select_setting.o(i.HMI_select_setting_ctor)
 <LI><a href="#[10c]">HSS_Show</a> from hmi_select_setting.o(i.HSS_Show) referenced from hmi_select_setting.o(i.HMI_select_setting_ctor)
 <LI><a href="#[44]">HTR_Exit</a> from cst_set_heater.o(i.HTR_Exit) referenced 2 times from cst_set_heater.o(.data)
 <LI><a href="#[41]">HTR_Reset_focus</a> from cst_set_heater.o(i.HTR_Reset_focus) referenced 2 times from cst_set_heater.o(.data)
 <LI><a href="#[43]">HTR_commit</a> from cst_set_heater.o(i.HTR_commit) referenced 2 times from cst_set_heater.o(.data)
 <LI><a href="#[3a]">HTR_entry</a> from cst_set_heater.o(i.HTR_entry) referenced 2 times from cst_set_heater.o(.data)
 <LI><a href="#[42]">HTR_get_focusdata</a> from cst_set_heater.o(i.HTR_get_focusdata) referenced 2 times from cst_set_heater.o(.data)
 <LI><a href="#[3b]">HTR_init</a> from cst_set_heater.o(i.HTR_init) referenced 2 times from cst_set_heater.o(.data)
 <LI><a href="#[3d]">HTR_key_dn</a> from cst_set_heater.o(i.HTR_key_dn) referenced 2 times from cst_set_heater.o(.data)
 <LI><a href="#[40]">HTR_key_er</a> from cst_set_heater.o(i.HTR_key_er) referenced 2 times from cst_set_heater.o(.data)
 <LI><a href="#[3e]">HTR_key_lt</a> from cst_set_heater.o(i.HTR_key_lt) referenced 2 times from cst_set_heater.o(.data)
 <LI><a href="#[3f]">HTR_key_rt</a> from cst_set_heater.o(i.HTR_key_rt) referenced 2 times from cst_set_heater.o(.data)
 <LI><a href="#[3c]">HTR_key_up</a> from cst_set_heater.o(i.HTR_key_up) referenced 2 times from cst_set_heater.o(.data)
 <LI><a href="#[73]">HardFault_Handler</a> from main.o(i.HardFault_Handler) referenced from startup_stm32f10x_hd.o(RESET)
 <LI><a href="#[f4]">HitHandle</a> from hmi.o(i.HitHandle) referenced from hmi.o(i.HMI_ctor)
 <LI><a href="#[f0]">HmiShow</a> from hmi.o(i.HmiShow) referenced from hmi.o(i.HMI_ctor)
 <LI><a href="#[9b]">I2C1_ER_IRQHandler</a> from startup_stm32f10x_hd.o(.text) referenced from startup_stm32f10x_hd.o(RESET)
 <LI><a href="#[9a]">I2C1_EV_IRQHandler</a> from startup_stm32f10x_hd.o(.text) referenced from startup_stm32f10x_hd.o(RESET)
 <LI><a href="#[9d]">I2C2_ER_IRQHandler</a> from startup_stm32f10x_hd.o(.text) referenced from startup_stm32f10x_hd.o(RESET)
 <LI><a href="#[9c]">I2C2_EV_IRQHandler</a> from startup_stm32f10x_hd.o(.text) referenced from startup_stm32f10x_hd.o(RESET)
 <LI><a href="#[187]">INS_Init</a> from component_option.o(i.INS_Init) referenced from component_option.o(.constdata)
 <LI><a href="#[188]">INS_Select</a> from component_option.o(i.INS_Select) referenced from component_option.o(.constdata)
 <LI><a href="#[e3]">Init</a> from glyph.o(i.Init) referenced from glyph.o(i.Glyph_ctor)
 <LI><a href="#[139]">Init_cmmHmi</a> from hmi_comm.o(i.Init_cmmHmi) referenced from hmi_comm.o(i.cmmHmi_ctor)
 <LI><a href="#[f8]">Init_focus</a> from hmi.o(i.Init_focus) referenced from hmi.o(i.HMI_ctor)
 <LI><a href="#[166]">Init_mainHmi</a> from hmi_main.o(i.Init_mainHmi) referenced from hmi_main.o(i.mainHmi_ctor)
 <LI><a href="#[12d]">InputInptSht</a> from ntinput.o(i.InputInptSht) referenced from ntinput.o(i.NtInput_ctor)
 <LI><a href="#[da]">Ioctol_devSpi</a> from dev_spi.o(i.Ioctol_devSpi) referenced from dev_spi.o(i.Dev_spi_ctor)
 <LI><a href="#[c8]">Ioctol_dev_IIC</a> from dev_iic.o(i.Ioctol_dev_IIC) referenced from dev_iic.o(i.Dev_IIC_ctor)
 <LI><a href="#[c3]">KeyUpdate</a> from ctlkey.o(i.KeyUpdate) referenced from ctlkey.o(i.CtlKey_ctor)
 <LI><a href="#[111]">Key_DelOb</a> from keyboard.o(i.Key_DelOb) referenced from keyboard.o(i.Keyboard_ctor)
 <LI><a href="#[112]">Key_Run</a> from keyboard.o(i.Key_Run) referenced from keyboard.o(i.Keyboard_ctor)
 <LI><a href="#[110]">Key_addOb</a> from keyboard.o(i.Key_addOb) referenced from keyboard.o(i.Keyboard_ctor)
 <LI><a href="#[115]">Key_identify_key_msg</a> from keyboard.o(i.Key_identify_key_msg) referenced from keyboard.o(i.Keyboard_ctor)
 <LI><a href="#[113]">Key_notify</a> from keyboard.o(i.Key_notify) referenced from keyboard.o(i.Keyboard_ctor)
 <LI><a href="#[114]">Key_scan_pins</a> from keyboard.o(i.Key_scan_pins) referenced from keyboard.o(i.Keyboard_ctor)
 <LI><a href="#[10f]">Keyboard_init</a> from keyboard.o(i.Keyboard_init) referenced from keyboard.o(i.Keyboard_ctor)
 <LI><a href="#[f5]">LngpshHandle</a> from hmi.o(i.LngpshHandle) referenced from hmi.o(i.HMI_ctor)
 <LI><a href="#[167]">MainHmiHide</a> from hmi_main.o(i.MainHmiHide) referenced from hmi_main.o(i.mainHmi_ctor)
 <LI><a href="#[16a]">MainHmiShow</a> from hmi_main.o(i.MainHmiShow) referenced from hmi_main.o(i.mainHmi_ctor)
 <LI><a href="#[16b]">Main_Init_focus</a> from hmi_main.o(i.Main_Init_focus) referenced from hmi_main.o(i.mainHmi_ctor)
 <LI><a href="#[168]">MaininitSheet</a> from hmi_main.o(i.MaininitSheet) referenced from hmi_main.o(i.mainHmi_ctor)
 <LI><a href="#[11f]">MdlChn_getData</a> from model_channel.o(i.MdlChn_getData) referenced from model_channel.o(i.Model_chn_ctor)
 <LI><a href="#[11c]">MdlChn_init</a> from model_channel.o(i.MdlChn_init) referenced from model_channel.o(i.Model_chn_ctor)
 <LI><a href="#[123]">MdlChn_modify_sconf</a> from model_channel.o(i.MdlChn_modify_sconf) referenced from model_channel.o(i.Model_chn_ctor)
 <LI><a href="#[11d]">MdlChn_run</a> from model_channel.o(i.MdlChn_run) referenced from model_channel.o(i.Model_chn_ctor)
 <LI><a href="#[11e]">MdlChn_self_check</a> from model_channel.o(i.MdlChn_self_check) referenced from model_channel.o(i.Model_chn_ctor)
 <LI><a href="#[120]">MdlChn_setData</a> from model_channel.o(i.MdlChn_setData) referenced from model_channel.o(i.Model_chn_ctor)
 <LI><a href="#[124]">MdlChn_set_by_string</a> from model_channel.o(i.MdlChn_set_by_string) referenced from model_channel.o(i.Model_chn_ctor)
 <LI><a href="#[122]">MdlChn_to_percentage</a> from model_channel.o(i.MdlChn_to_percentage) referenced from model_channel.o(i.Model_chn_ctor)
 <LI><a href="#[121]">MdlChn_to_string</a> from model_channel.o(i.MdlChn_to_string) referenced from model_channel.o(i.Model_chn_ctor)
 <LI><a href="#[119]">MdlTime_getData</a> from modeltime.o(i.MdlTime_getData) referenced from modeltime.o(i.ModelTime_ctor)
 <LI><a href="#[117]">MdlTime_init</a> from modeltime.o(i.MdlTime_init) referenced from modeltime.o(i.ModelTime_ctor)
 <LI><a href="#[118]">MdlTime_run</a> from modeltime.o(i.MdlTime_run) referenced from modeltime.o(i.ModelTime_ctor)
 <LI><a href="#[11a]">MdlTime_set_by_string</a> from modeltime.o(i.MdlTime_set_by_string) referenced from modeltime.o(i.ModelTime_ctor)
 <LI><a href="#[11b]">MdlTime_to_string</a> from modeltime.o(i.MdlTime_to_string) referenced from modeltime.o(i.ModelTime_ctor)
 <LI><a href="#[129]">Mdl_addTmMdl</a> from model.o(i.Mdl_addTmMdl) referenced from model.o(i.Model_ctor)
 <LI><a href="#[125]">Mdl_attach</a> from model.o(i.Mdl_attach) referenced from model.o(i.Model_ctor)
 <LI><a href="#[12a]">Mdl_delTmMdl</a> from model.o(i.Mdl_delTmMdl) referenced from model.o(i.Model_ctor)
 <LI><a href="#[126]">Mdl_detach</a> from model.o(i.Mdl_detach) referenced from model.o(i.Model_ctor)
 <LI><a href="#[127]">Mdl_getData</a> from model.o(i.Mdl_getData) referenced from model.o(i.Model_ctor)
 <LI><a href="#[12b]">Mdl_notify</a> from model.o(i.Mdl_notify) referenced from model.o(i.Model_ctor)
 <LI><a href="#[128]">Mdl_setData</a> from model.o(i.Mdl_setData) referenced from model.o(i.Model_ctor)
 <LI><a href="#[74]">MemManage_Handler</a> from startup_stm32f10x_hd.o(.text) referenced from startup_stm32f10x_hd.o(RESET)
 <LI><a href="#[72]">NMI_Handler</a> from startup_stm32f10x_hd.o(.text) referenced from startup_stm32f10x_hd.o(RESET)
 <LI><a href="#[18f]">OTH_Init</a> from component_option.o(i.OTH_Init) referenced from component_option.o(.constdata)
 <LI><a href="#[190]">OTH_Select</a> from component_option.o(i.OTH_Select) referenced from component_option.o(.constdata)
 <LI><a href="#[d6]">Open_devSpi</a> from dev_spi.o(i.Open_devSpi) referenced from dev_spi.o(i.Dev_spi_ctor)
 <LI><a href="#[c4]">Open_dev_IIC</a> from dev_iic.o(i.Open_dev_IIC) referenced from dev_iic.o(i.Dev_IIC_ctor)
 <LI><a href="#[39]">PRP_Exit</a> from cst_set_pressure_protect.o(i.PRP_Exit) referenced 2 times from cst_set_pressure_protect.o(.data)
 <LI><a href="#[36]">PRP_Reset_focus</a> from cst_set_pressure_protect.o(i.PRP_Reset_focus) referenced 2 times from cst_set_pressure_protect.o(.data)
 <LI><a href="#[38]">PRP_commit</a> from cst_set_pressure_protect.o(i.PRP_commit) referenced 2 times from cst_set_pressure_protect.o(.data)
 <LI><a href="#[2f]">PRP_entry</a> from cst_set_pressure_protect.o(i.PRP_entry) referenced 2 times from cst_set_pressure_protect.o(.data)
 <LI><a href="#[37]">PRP_get_focusdata</a> from cst_set_pressure_protect.o(i.PRP_get_focusdata) referenced 2 times from cst_set_pressure_protect.o(.data)
 <LI><a href="#[30]">PRP_init</a> from cst_set_pressure_protect.o(i.PRP_init) referenced 2 times from cst_set_pressure_protect.o(.data)
 <LI><a href="#[32]">PRP_key_dn</a> from cst_set_pressure_protect.o(i.PRP_key_dn) referenced 2 times from cst_set_pressure_protect.o(.data)
 <LI><a href="#[35]">PRP_key_er</a> from cst_set_pressure_protect.o(i.PRP_key_er) referenced 2 times from cst_set_pressure_protect.o(.data)
 <LI><a href="#[33]">PRP_key_lt</a> from cst_set_pressure_protect.o(i.PRP_key_lt) referenced 2 times from cst_set_pressure_protect.o(.data)
 <LI><a href="#[34]">PRP_key_rt</a> from cst_set_pressure_protect.o(i.PRP_key_rt) referenced 2 times from cst_set_pressure_protect.o(.data)
 <LI><a href="#[31]">PRP_key_up</a> from cst_set_pressure_protect.o(i.PRP_key_up) referenced 2 times from cst_set_pressure_protect.o(.data)
 <LI><a href="#[18b]">PRS_Init</a> from component_option.o(i.PRS_Init) referenced from component_option.o(.constdata)
 <LI><a href="#[18c]">PRS_Select</a> from component_option.o(i.PRS_Select) referenced from component_option.o(.constdata)
 <LI><a href="#[23]">PSD_Exit</a> from cst_set_password.o(i.PSD_Exit) referenced 2 times from cst_set_password.o(.data)
 <LI><a href="#[20]">PSD_Reset_focus</a> from cst_set_password.o(i.PSD_Reset_focus) referenced 2 times from cst_set_password.o(.data)
 <LI><a href="#[22]">PSD_commit</a> from cst_set_password.o(i.PSD_commit) referenced 2 times from cst_set_password.o(.data)
 <LI><a href="#[19]">PSD_entry</a> from cst_set_password.o(i.PSD_entry) referenced 2 times from cst_set_password.o(.data)
 <LI><a href="#[21]">PSD_get_focusdata</a> from cst_set_password.o(i.PSD_get_focusdata) referenced 2 times from cst_set_password.o(.data)
 <LI><a href="#[1a]">PSD_init</a> from cst_set_password.o(i.PSD_init) referenced 2 times from cst_set_password.o(.data)
 <LI><a href="#[1c]">PSD_key_dn</a> from cst_set_password.o(i.PSD_key_dn) referenced 2 times from cst_set_password.o(.data)
 <LI><a href="#[1f]">PSD_key_er</a> from cst_set_password.o(i.PSD_key_er) referenced 2 times from cst_set_password.o(.data)
 <LI><a href="#[1d]">PSD_key_lt</a> from cst_set_password.o(i.PSD_key_lt) referenced 2 times from cst_set_password.o(.data)
 <LI><a href="#[1e]">PSD_key_rt</a> from cst_set_password.o(i.PSD_key_rt) referenced 2 times from cst_set_password.o(.data)
 <LI><a href="#[1b]">PSD_key_up</a> from cst_set_password.o(i.PSD_key_up) referenced 2 times from cst_set_password.o(.data)
 <LI><a href="#[7c]">PVD_IRQHandler</a> from power.o(i.PVD_IRQHandler) referenced from startup_stm32f10x_hd.o(RESET)
 <LI><a href="#[79]">PendSV_Handler</a> from hal_cm3.o(.emb_text) referenced from startup_stm32f10x_hd.o(RESET)
 <LI><a href="#[12e]">PicInptSht</a> from picexpr.o(i.PicInptSht) referenced from picexpr.o(i.PicExpr_ctor)
 <LI><a href="#[70]">QAT_Exit</a> from cst_query_atmosphere.o(i.QAT_Exit) referenced 2 times from cst_query_atmosphere.o(.data)
 <LI><a href="#[6d]">QAT_Reset_focus</a> from cst_query_atmosphere.o(i.QAT_Reset_focus) referenced 2 times from cst_query_atmosphere.o(.data)
 <LI><a href="#[6f]">QAT_commit</a> from cst_query_atmosphere.o(i.QAT_commit) referenced 2 times from cst_query_atmosphere.o(.data)
 <LI><a href="#[66]">QAT_entry</a> from cst_query_atmosphere.o(i.QAT_entry) referenced 2 times from cst_query_atmosphere.o(.data)
 <LI><a href="#[6e]">QAT_get_focusdata</a> from cst_query_atmosphere.o(i.QAT_get_focusdata) referenced 2 times from cst_query_atmosphere.o(.data)
 <LI><a href="#[67]">QAT_init</a> from cst_query_atmosphere.o(i.QAT_init) referenced 2 times from cst_query_atmosphere.o(.data)
 <LI><a href="#[69]">QAT_key_dn</a> from cst_query_atmosphere.o(i.QAT_key_dn) referenced 2 times from cst_query_atmosphere.o(.data)
 <LI><a href="#[6c]">QAT_key_er</a> from cst_query_atmosphere.o(i.QAT_key_er) referenced 2 times from cst_query_atmosphere.o(.data)
 <LI><a href="#[6a]">QAT_key_lt</a> from cst_query_atmosphere.o(i.QAT_key_lt) referenced 2 times from cst_query_atmosphere.o(.data)
 <LI><a href="#[6b]">QAT_key_rt</a> from cst_query_atmosphere.o(i.QAT_key_rt) referenced 2 times from cst_query_atmosphere.o(.data)
 <LI><a href="#[68]">QAT_key_up</a> from cst_query_atmosphere.o(i.QAT_key_up) referenced 2 times from cst_query_atmosphere.o(.data)
 <LI><a href="#[107]">QRY_Clear_focus</a> from hmi_query.o(i.QRY_Clear_focus) referenced from hmi_query.o(i.HMI_query_ctor)
 <LI><a href="#[12f]">QRY_Exec_Sy_cmd</a> from hmi_query.o(i.QRY_Exec_Sy_cmd) referenced from hmi_query.o(i.QRY_Init_sheet)
 <LI><a href="#[102]">QRY_Hide</a> from hmi_query.o(i.QRY_Hide) referenced from hmi_query.o(i.HMI_query_ctor)
 <LI><a href="#[105]">QRY_Hit</a> from hmi_query.o(i.QRY_Hit) referenced from hmi_query.o(i.HMI_query_ctor)
 <LI><a href="#[101]">QRY_Init</a> from hmi_query.o(i.QRY_Init) referenced from hmi_query.o(i.HMI_query_ctor)
 <LI><a href="#[106]">QRY_Init_focus</a> from hmi_query.o(i.QRY_Init_focus) referenced from hmi_query.o(i.HMI_query_ctor)
 <LI><a href="#[103]">QRY_Init_sheet</a> from hmi_query.o(i.QRY_Init_sheet) referenced from hmi_query.o(i.HMI_query_ctor)
 <LI><a href="#[104]">QRY_Show</a> from hmi_query.o(i.QRY_Show) referenced from hmi_query.o(i.HMI_query_ctor)
 <LI><a href="#[108]">QRY_Show_focus</a> from hmi_query.o(i.QRY_Show_focus) referenced from hmi_query.o(i.HMI_query_ctor)
 <LI><a href="#[80]">RCC_IRQHandler</a> from startup_stm32f10x_hd.o(.text) referenced from startup_stm32f10x_hd.o(RESET)
 <LI><a href="#[a4]">RTCAlarm_IRQHandler</a> from startup_stm32f10x_hd.o(.text) referenced from startup_stm32f10x_hd.o(RESET)
 <LI><a href="#[7e]">RTC_IRQHandler</a> from startup_stm32f10x_hd.o(.text) referenced from startup_stm32f10x_hd.o(RESET)
 <LI><a href="#[d8]">Read_devSpi</a> from dev_spi.o(i.Read_devSpi) referenced from dev_spi.o(i.Dev_spi_ctor)
 <LI><a href="#[c6]">Read_dev_IIC</a> from dev_iic.o(i.Read_dev_IIC) referenced from dev_iic.o(i.Dev_IIC_ctor)
 <LI><a href="#[71]">Reset_Handler</a> from startup_stm32f10x_hd.o(.text) referenced from startup_stm32f10x_hd.o(RESET)
 <LI><a href="#[ac]">SDIO_IRQHandler</a> from startup_stm32f10x_hd.o(.text) referenced from startup_stm32f10x_hd.o(RESET)
 <LI><a href="#[9e]">SPI1_IRQHandler</a> from drive_spi.o(i.SPI1_IRQHandler) referenced from startup_stm32f10x_hd.o(RESET)
 <LI><a href="#[9f]">SPI2_IRQHandler</a> from drive_spi.o(i.SPI2_IRQHandler) referenced from startup_stm32f10x_hd.o(RESET)
 <LI><a href="#[ae]">SPI3_IRQHandler</a> from startup_stm32f10x_hd.o(.text) referenced from startup_stm32f10x_hd.o(RESET)
 <LI><a href="#[4]">STG_Duild_button</a> from hmi.o(i.STG_Duild_button) referenced 20 times from cst_set_time.o(.data)
 <LI><a href="#[134]">STG_Open_file</a> from storage.o(i.STG_Open_file) referenced from storage.o(i.Storage_ctor)
 <LI><a href="#[77]">SVC_Handler</a> from hal_cm3.o(.emb_text) referenced from startup_stm32f10x_hd.o(RESET)
 <LI><a href="#[fa]">Show_focus</a> from hmi.o(i.Show_focus) referenced from hmi.o(i.HMI_ctor)
 <LI><a href="#[130]">ShtUpdate</a> from sheet.o(i.ShtUpdate) referenced from sheet.o(i.Shtctl_init)
 <LI><a href="#[133]">Strg_WR_stored_data</a> from storage.o(i.Strg_WR_stored_data) referenced from storage.o(i.Storage_ctor)
 <LI><a href="#[131]">Strg_init</a> from storage.o(i.Strg_init) referenced from storage.o(i.Storage_ctor)
 <LI><a href="#[132]">Strg_rd_stored_data</a> from storage.o(i.Strg_rd_stored_data) referenced from storage.o(i.Storage_ctor)
 <LI><a href="#[f3]">SwitchBack</a> from hmi.o(i.SwitchBack) referenced from hmi.o(i.HMI_ctor)
 <LI><a href="#[f2]">SwitchHMI</a> from hmi.o(i.SwitchHMI) referenced from hmi.o(i.HMI_ctor)
 <LI><a href="#[7a]">SysTick_Handler</a> from hal_cm3.o(.emb_text) referenced from startup_stm32f10x_hd.o(RESET)
 <LI><a href="#[b9]">SystemInit</a> from system_stm32f10x.o(i.SystemInit) referenced from startup_stm32f10x_hd.o(.text)
 <LI><a href="#[7d]">TAMPER_IRQHandler</a> from startup_stm32f10x_hd.o(.text) referenced from startup_stm32f10x_hd.o(RESET)
 <LI><a href="#[93]">TIM1_BRK_IRQHandler</a> from startup_stm32f10x_hd.o(.text) referenced from startup_stm32f10x_hd.o(RESET)
 <LI><a href="#[96]">TIM1_CC_IRQHandler</a> from startup_stm32f10x_hd.o(.text) referenced from startup_stm32f10x_hd.o(RESET)
 <LI><a href="#[95]">TIM1_TRG_COM_IRQHandler</a> from startup_stm32f10x_hd.o(.text) referenced from startup_stm32f10x_hd.o(RESET)
 <LI><a href="#[94]">TIM1_UP_IRQHandler</a> from startup_stm32f10x_hd.o(.text) referenced from startup_stm32f10x_hd.o(RESET)
 <LI><a href="#[97]">TIM2_IRQHandler</a> from times.o(i.TIM2_IRQHandler) referenced from startup_stm32f10x_hd.o(RESET)
 <LI><a href="#[98]">TIM3_IRQHandler</a> from startup_stm32f10x_hd.o(.text) referenced from startup_stm32f10x_hd.o(RESET)
 <LI><a href="#[99]">TIM4_IRQHandler</a> from startup_stm32f10x_hd.o(.text) referenced from startup_stm32f10x_hd.o(RESET)
 <LI><a href="#[ad]">TIM5_IRQHandler</a> from startup_stm32f10x_hd.o(.text) referenced from startup_stm32f10x_hd.o(RESET)
 <LI><a href="#[b1]">TIM6_IRQHandler</a> from startup_stm32f10x_hd.o(.text) referenced from startup_stm32f10x_hd.o(RESET)
 <LI><a href="#[b2]">TIM7_IRQHandler</a> from startup_stm32f10x_hd.o(.text) referenced from startup_stm32f10x_hd.o(RESET)
 <LI><a href="#[a6]">TIM8_BRK_IRQHandler</a> from startup_stm32f10x_hd.o(.text) referenced from startup_stm32f10x_hd.o(RESET)
 <LI><a href="#[a9]">TIM8_CC_IRQHandler</a> from startup_stm32f10x_hd.o(.text) referenced from startup_stm32f10x_hd.o(RESET)
 <LI><a href="#[a8]">TIM8_TRG_COM_IRQHandler</a> from startup_stm32f10x_hd.o(.text) referenced from startup_stm32f10x_hd.o(RESET)
 <LI><a href="#[a7]">TIM8_UP_IRQHandler</a> from startup_stm32f10x_hd.o(.text) referenced from startup_stm32f10x_hd.o(RESET)
 <LI><a href="#[d]">TIM_Exit</a> from cst_set_time.o(i.TIM_Exit) referenced 2 times from cst_set_time.o(.data)
 <LI><a href="#[18d]">TIM_Init</a> from component_option.o(i.TIM_Init) referenced from component_option.o(.constdata)
 <LI><a href="#[17b]">TIM_OC1Init</a> from stm32f10x_tim.o(i.TIM_OC1Init) referenced from lcd_hardware_interfaces.o(.constdata)
 <LI><a href="#[17c]">TIM_OC1PreloadConfig</a> from stm32f10x_tim.o(i.TIM_OC1PreloadConfig) referenced from lcd_hardware_interfaces.o(.constdata)
 <LI><a href="#[17e]">TIM_OC2Init</a> from stm32f10x_tim.o(i.TIM_OC2Init) referenced from lcd_hardware_interfaces.o(.constdata)
 <LI><a href="#[17f]">TIM_OC2PreloadConfig</a> from stm32f10x_tim.o(i.TIM_OC2PreloadConfig) referenced from lcd_hardware_interfaces.o(.constdata)
 <LI><a href="#[181]">TIM_OC3Init</a> from stm32f10x_tim.o(i.TIM_OC3Init) referenced from lcd_hardware_interfaces.o(.constdata)
 <LI><a href="#[182]">TIM_OC3PreloadConfig</a> from stm32f10x_tim.o(i.TIM_OC3PreloadConfig) referenced from lcd_hardware_interfaces.o(.constdata)
 <LI><a href="#[184]">TIM_OC4Init</a> from stm32f10x_tim.o(i.TIM_OC4Init) referenced from lcd_hardware_interfaces.o(.constdata)
 <LI><a href="#[185]">TIM_OC4PreloadConfig</a> from stm32f10x_tim.o(i.TIM_OC4PreloadConfig) referenced from lcd_hardware_interfaces.o(.constdata)
 <LI><a href="#[a]">TIM_Reset_focus</a> from cst_set_time.o(i.TIM_Reset_focus) referenced 2 times from cst_set_time.o(.data)
 <LI><a href="#[18e]">TIM_Select</a> from component_option.o(i.TIM_Select) referenced from component_option.o(.constdata)
 <LI><a href="#[17d]">TIM_SetCompare1</a> from stm32f10x_tim.o(i.TIM_SetCompare1) referenced from lcd_hardware_interfaces.o(.constdata)
 <LI><a href="#[180]">TIM_SetCompare2</a> from stm32f10x_tim.o(i.TIM_SetCompare2) referenced from lcd_hardware_interfaces.o(.constdata)
 <LI><a href="#[183]">TIM_SetCompare3</a> from stm32f10x_tim.o(i.TIM_SetCompare3) referenced from lcd_hardware_interfaces.o(.constdata)
 <LI><a href="#[186]">TIM_SetCompare4</a> from stm32f10x_tim.o(i.TIM_SetCompare4) referenced from lcd_hardware_interfaces.o(.constdata)
 <LI><a href="#[c]">TIM_commit</a> from cst_set_time.o(i.TIM_commit) referenced 2 times from cst_set_time.o(.data)
 <LI><a href="#[2]">TIM_entry</a> from cst_set_time.o(i.TIM_entry) referenced 2 times from cst_set_time.o(.data)
 <LI><a href="#[b]">TIM_get_focusdata</a> from cst_set_time.o(i.TIM_get_focusdata) referenced 2 times from cst_set_time.o(.data)
 <LI><a href="#[3]">TIM_init</a> from cst_set_time.o(i.TIM_init) referenced 2 times from cst_set_time.o(.data)
 <LI><a href="#[6]">TIM_key_dn</a> from cst_set_time.o(i.TIM_key_dn) referenced 2 times from cst_set_time.o(.data)
 <LI><a href="#[9]">TIM_key_er</a> from cst_set_time.o(i.TIM_key_er) referenced 2 times from cst_set_time.o(.data)
 <LI><a href="#[7]">TIM_key_lt</a> from cst_set_time.o(i.TIM_key_lt) referenced 2 times from cst_set_time.o(.data)
 <LI><a href="#[8]">TIM_key_rt</a> from cst_set_time.o(i.TIM_key_rt) referenced 2 times from cst_set_time.o(.data)
 <LI><a href="#[5]">TIM_key_up</a> from cst_set_time.o(i.TIM_key_up) referenced 2 times from cst_set_time.o(.data)
 <LI><a href="#[db]">Test_devSpi</a> from dev_spi.o(i.Test_devSpi) referenced from dev_spi.o(i.Dev_spi_ctor)
 <LI><a href="#[c9]">Test_dev_IIC</a> from dev_iic.o(i.Test_dev_IIC) referenced from dev_iic.o(i.Dev_IIC_ctor)
 <LI><a href="#[17a]">ThrdKeyRun</a> from main.o(i.ThrdKeyRun) referenced from main.o(.constdata)
 <LI><a href="#[135]">TxtInptSht</a> from txtexpr.o(i.TxtInptSht) referenced from txtexpr.o(i.TxtExpr_ctor)
 <LI><a href="#[af]">UART4_IRQHandler</a> from drive_uart.o(i.UART4_IRQHandler) referenced from startup_stm32f10x_hd.o(RESET)
 <LI><a href="#[b0]">UART5_IRQHandler</a> from startup_stm32f10x_hd.o(.text) referenced from startup_stm32f10x_hd.o(RESET)
 <LI><a href="#[a0]">USART1_IRQHandler</a> from drive_uart.o(i.USART1_IRQHandler) referenced from startup_stm32f10x_hd.o(RESET)
 <LI><a href="#[a1]">USART2_IRQHandler</a> from drive_uart.o(i.USART2_IRQHandler) referenced from startup_stm32f10x_hd.o(RESET)
 <LI><a href="#[a2]">USART3_IRQHandler</a> from drive_uart.o(i.USART3_IRQHandler) referenced from startup_stm32f10x_hd.o(RESET)
 <LI><a href="#[a5]">USBWakeUp_IRQHandler</a> from startup_stm32f10x_hd.o(.text) referenced from startup_stm32f10x_hd.o(RESET)
 <LI><a href="#[8e]">USB_HP_CAN1_TX_IRQHandler</a> from startup_stm32f10x_hd.o(.text) referenced from startup_stm32f10x_hd.o(RESET)
 <LI><a href="#[8f]">USB_LP_CAN1_RX0_IRQHandler</a> from startup_stm32f10x_hd.o(.text) referenced from startup_stm32f10x_hd.o(RESET)
 <LI><a href="#[149]">UartDeInit</a> from drive_uart.o(i.UartDeInit) referenced from drive_uart.o(i.driveUart_ctor)
 <LI><a href="#[14c]">UartGiveBackPlayloadBuf</a> from drive_uart.o(i.UartGiveBackPlayloadBuf) referenced from drive_uart.o(i.driveUart_ctor)
 <LI><a href="#[148]">UartInit</a> from drive_uart.o(i.UartInit) referenced from drive_uart.o(i.driveUart_ctor)
 <LI><a href="#[14e]">UartIoctol</a> from drive_uart.o(i.UartIoctol) referenced from drive_uart.o(i.driveUart_ctor)
 <LI><a href="#[d4]">UartLedRxHdl</a> from dev_uart.o(i.UartLedRxHdl) referenced from dev_uart.o(i.Dev_Uart_open)
 <LI><a href="#[d5]">UartLedTxHdl</a> from dev_uart.o(i.UartLedTxHdl) referenced from dev_uart.o(i.Dev_Uart_open)
 <LI><a href="#[d2]">UartPostRxSem</a> from dev_uart.o(i.UartPostRxSem) referenced from dev_uart.o(i.Dev_Uart_open)
 <LI><a href="#[d3]">UartPostTxSem</a> from dev_uart.o(i.UartPostTxSem) referenced from dev_uart.o(i.Dev_Uart_open)
 <LI><a href="#[14a]">UartRead</a> from drive_uart.o(i.UartRead) referenced from drive_uart.o(i.driveUart_ctor)
 <LI><a href="#[150]">UartSetIdp</a> from drive_uart.o(i.UartSetIdp) referenced from drive_uart.o(i.driveUart_ctor)
 <LI><a href="#[14f]">UartSetLedHdl</a> from drive_uart.o(i.UartSetLedHdl) referenced from drive_uart.o(i.driveUart_ctor)
 <LI><a href="#[152]">UartSetPostSem</a> from drive_uart.o(i.UartSetPostSem) referenced from drive_uart.o(i.driveUart_ctor)
 <LI><a href="#[151]">UartSetWaitSem</a> from drive_uart.o(i.UartSetWaitSem) referenced from drive_uart.o(i.driveUart_ctor)
 <LI><a href="#[14b]">UartTakeUpPlayloadBuf</a> from drive_uart.o(i.UartTakeUpPlayloadBuf) referenced from drive_uart.o(i.driveUart_ctor)
 <LI><a href="#[153]">UartTest</a> from drive_uart.o(i.UartTest) referenced from drive_uart.o(i.driveUart_ctor)
 <LI><a href="#[d0]">UartWaitRxSem</a> from dev_uart.o(i.UartWaitRxSem) referenced from dev_uart.o(i.Dev_Uart_open)
 <LI><a href="#[d1]">UartWaitTxSem</a> from dev_uart.o(i.UartWaitTxSem) referenced from dev_uart.o(i.Dev_Uart_open)
 <LI><a href="#[14d]">UartWrite</a> from drive_uart.o(i.UartWrite) referenced from drive_uart.o(i.driveUart_ctor)
 <LI><a href="#[76]">UsageFault_Handler</a> from startup_stm32f10x_hd.o(.text) referenced from startup_stm32f10x_hd.o(RESET)
 <LI><a href="#[5a]">VPP_Exit</a> from cst_set_vapor_pressure .o(i.VPP_Exit) referenced 2 times from cst_set_vapor_pressure .o(.data)
 <LI><a href="#[57]">VPP_Reset_focus</a> from cst_set_vapor_pressure .o(i.VPP_Reset_focus) referenced 2 times from cst_set_vapor_pressure .o(.data)
 <LI><a href="#[59]">VPP_commit</a> from cst_set_vapor_pressure .o(i.VPP_commit) referenced 2 times from cst_set_vapor_pressure .o(.data)
 <LI><a href="#[50]">VPP_entry</a> from cst_set_vapor_pressure .o(i.VPP_entry) referenced 2 times from cst_set_vapor_pressure .o(.data)
 <LI><a href="#[58]">VPP_get_focusdata</a> from cst_set_vapor_pressure .o(i.VPP_get_focusdata) referenced 2 times from cst_set_vapor_pressure .o(.data)
 <LI><a href="#[51]">VPP_init</a> from cst_set_vapor_pressure .o(i.VPP_init) referenced 2 times from cst_set_vapor_pressure .o(.data)
 <LI><a href="#[53]">VPP_key_dn</a> from cst_set_vapor_pressure .o(i.VPP_key_dn) referenced 2 times from cst_set_vapor_pressure .o(.data)
 <LI><a href="#[56]">VPP_key_er</a> from cst_set_vapor_pressure .o(i.VPP_key_er) referenced 2 times from cst_set_vapor_pressure .o(.data)
 <LI><a href="#[54]">VPP_key_lt</a> from cst_set_vapor_pressure .o(i.VPP_key_lt) referenced 2 times from cst_set_vapor_pressure .o(.data)
 <LI><a href="#[55]">VPP_key_rt</a> from cst_set_vapor_pressure .o(i.VPP_key_rt) referenced 2 times from cst_set_vapor_pressure .o(.data)
 <LI><a href="#[52]">VPP_key_up</a> from cst_set_vapor_pressure .o(i.VPP_key_up) referenced 2 times from cst_set_vapor_pressure .o(.data)
 <LI><a href="#[7b]">WWDG_IRQHandler</a> from startup_stm32f10x_hd.o(.text) referenced from startup_stm32f10x_hd.o(RESET)
 <LI><a href="#[d9]">Write_devSpi</a> from dev_spi.o(i.Write_devSpi) referenced from dev_spi.o(i.Dev_spi_ctor)
 <LI><a href="#[c7]">Write_dev_IIC</a> from dev_iic.o(i.Write_dev_IIC) referenced from dev_iic.o(i.Dev_IIC_ctor)
 <LI><a href="#[ba]">__main</a> from entry.o(.ARM.Collect$$$$00000000) referenced from startup_stm32f10x_hd.o(.text)
 <LI><a href="#[137]">_snputc</a> from printf8.o(i._snputc) referenced from printf8.o(i.__0snprintf$8)
 <LI><a href="#[138]">_sputc</a> from printf8.o(i._sputc) referenced from printf8.o(i.__0sprintf$8)
 <LI><a href="#[136]">fputc</a> from main.o(i.fputc) referenced from printf8.o(i.__0fprintf$8)
 <LI><a href="#[192]">main</a> from main.o(i.main) referenced from rtx_conf_cm.o(.constdata)
 <LI><a href="#[179]">osThreadExit</a> from rt_cmsis.o(i.osThreadExit) referenced from rt_cmsis.o(i.svcThreadCreate)
 <LI><a href="#[191]">osTimerThread</a> from rt_cmsis.o(i.osTimerThread) referenced from rtx_conf_cm.o(.constdata)
 <LI><a href="#[178]">os_idle_demon</a> from rtx_conf_cm.o(i.os_idle_demon) referenced from rt_task.o(i.rt_sys_init)
 <LI><a href="#[b7]">rt_alloc_box</a> from rt_membox.o(i.rt_alloc_box) referenced from hal_cm3.o(.emb_text)
 <LI><a href="#[b8]">rt_free_box</a> from rt_membox.o(i.rt_free_box) referenced from hal_cm3.o(.emb_text)
 <LI><a href="#[16c]">svcDelay</a> from rt_cmsis.o(i.svcDelay) referenced from rt_cmsis.o(i.osDelay)
 <LI><a href="#[16d]">svcKernelInitialize</a> from rt_cmsis.o(i.svcKernelInitialize) referenced from rt_cmsis.o(i.osKernelInitialize)
 <LI><a href="#[16e]">svcKernelStart</a> from rt_cmsis.o(i.svcKernelStart) referenced from rt_cmsis.o(i.osKernelStart)
 <LI><a href="#[16f]">svcMessageGet</a> from rt_cmsis.o(i.svcMessageGet) referenced from rt_cmsis.o(i.osMessageGet)
 <LI><a href="#[170]">svcSemaphoreCreate</a> from rt_cmsis.o(i.svcSemaphoreCreate) referenced from rt_cmsis.o(i.osSemaphoreCreate)
 <LI><a href="#[171]">svcSemaphoreRelease</a> from rt_cmsis.o(i.svcSemaphoreRelease) referenced from rt_cmsis.o(i.osSemaphoreRelease)
 <LI><a href="#[172]">svcSemaphoreWait</a> from rt_cmsis.o(i.svcSemaphoreWait) referenced from rt_cmsis.o(i.osSemaphoreWait)
 <LI><a href="#[173]">svcThreadCreate</a> from rt_cmsis.o(i.svcThreadCreate) referenced from rt_cmsis.o(i.osThreadCreate)
 <LI><a href="#[174]">svcThreadGetId</a> from rt_cmsis.o(i.svcThreadGetId) referenced from rt_cmsis.o(i.osThreadExit)
 <LI><a href="#[175]">svcThreadTerminate</a> from rt_cmsis.o(i.svcThreadTerminate) referenced from rt_cmsis.o(i.osThreadExit)
 <LI><a href="#[176]">svcThreadYield</a> from rt_cmsis.o(i.svcThreadYield) referenced from rt_cmsis.o(i.osThreadYield)
 <LI><a href="#[177]">svcTimerCall</a> from rt_cmsis.o(i.svcTimerCall) referenced from rt_cmsis.o(i.osTimerCall)
 <LI><a href="#[e5]">vDraw</a> from glyph.o(i.vDraw) referenced from glyph.o(i.Glyph_ctor)
</UL>
<P>
<H3>
Global Symbols
</H3>
<P><STRONG><a name="[ba]"></a>__main</STRONG> (Thumb, 0 bytes, Stack size unknown bytes, entry.o(.ARM.Collect$$$$00000000))
<BR>[Address Reference Count : 1]<UL><LI> startup_stm32f10x_hd.o(.text)
</UL>
<P><STRONG><a name="[378]"></a>_main_stk</STRONG> (Thumb, 0 bytes, Stack size unknown bytes, entry2.o(.ARM.Collect$$$$00000001))

<P><STRONG><a name="[193]"></a>_main_scatterload</STRONG> (Thumb, 0 bytes, Stack size unknown bytes, entry5.o(.ARM.Collect$$$$00000004))
<BR><BR>[Calls]<UL><LI><a href="#[194]">&gt;&gt;</a>&nbsp;&nbsp;&nbsp;__scatterload
</UL>

<P><STRONG><a name="[1ad]"></a>__main_after_scatterload</STRONG> (Thumb, 0 bytes, Stack size 0 bytes, entry5.o(.ARM.Collect$$$$00000004))
<BR><BR>[Called By]<UL><LI><a href="#[194]">&gt;&gt;</a>&nbsp;&nbsp;&nbsp;__scatterload
</UL>

<P><STRONG><a name="[379]"></a>__rt_final_cpp</STRONG> (Thumb, 0 bytes, Stack size 0 bytes, entry10a.o(.ARM.Collect$$$$0000000D))

<P><STRONG><a name="[37a]"></a>__rt_final_exit</STRONG> (Thumb, 0 bytes, Stack size 0 bytes, entry11a.o(.ARM.Collect$$$$0000000F))

<P><STRONG><a name="[37b]"></a>_main_clock</STRONG> (Thumb, 0 bytes, Stack size 0 bytes, entry7b.o(.ARM.Collect$$$$00000008))

<P><STRONG><a name="[37c]"></a>_main_cpp_init</STRONG> (Thumb, 0 bytes, Stack size 0 bytes, entry8b.o(.ARM.Collect$$$$0000000A))

<P><STRONG><a name="[195]"></a>_main_init</STRONG> (Thumb, 18 bytes, Stack size 0 bytes, rtx_conf_cm.o(.ARM.Collect$$$$000000FF))
<BR><BR>[Stack]<UL><LI>Max Depth = 80<LI>Call Chain = _main_init &rArr; osKernelInitialize &rArr; svcKernelInitialize &rArr; svcThreadCreate &rArr; rt_tsk_create &rArr; rt_init_context &rArr; rt_init_stack
</UL>
<BR>[Calls]<UL><LI><a href="#[197]">&gt;&gt;</a>&nbsp;&nbsp;&nbsp;osThreadCreate
<LI><a href="#[198]">&gt;&gt;</a>&nbsp;&nbsp;&nbsp;osKernelStart
<LI><a href="#[196]">&gt;&gt;</a>&nbsp;&nbsp;&nbsp;osKernelInitialize
</UL>

<P><STRONG><a name="[37d]"></a>rt_set_PSP</STRONG> (Thumb, 6 bytes, Stack size 0 bytes, hal_cm3.o(.emb_text), UNUSED)

<P><STRONG><a name="[369]"></a>rt_get_PSP</STRONG> (Thumb, 6 bytes, Stack size 0 bytes, hal_cm3.o(.emb_text))
<BR><BR>[Called By]<UL><LI><a href="#[368]">&gt;&gt;</a>&nbsp;&nbsp;&nbsp;rt_tsk_delete
</UL>

<P><STRONG><a name="[37e]"></a>os_set_env</STRONG> (Thumb, 24 bytes, Stack size 0 bytes, hal_cm3.o(.emb_text), UNUSED)

<P><STRONG><a name="[37f]"></a>_alloc_box</STRONG> (Thumb, 28 bytes, Stack size 0 bytes, hal_cm3.o(.emb_text), UNUSED)

<P><STRONG><a name="[380]"></a>_free_box</STRONG> (Thumb, 28 bytes, Stack size 0 bytes, hal_cm3.o(.emb_text), UNUSED)

<P><STRONG><a name="[77]"></a>SVC_Handler</STRONG> (Thumb, 108 bytes, Stack size 0 bytes, hal_cm3.o(.emb_text))
<BR><BR>[Calls]<UL><LI><a href="#[199]">&gt;&gt;</a>&nbsp;&nbsp;&nbsp;rt_stk_check
</UL>
<BR>[Address Reference Count : 1]<UL><LI> startup_stm32f10x_hd.o(RESET)
</UL>
<P><STRONG><a name="[79]"></a>PendSV_Handler</STRONG> (Thumb, 56 bytes, Stack size 0 bytes, hal_cm3.o(.emb_text))
<BR><BR>[Stack]<UL><LI>Max Depth = 52<LI>Call Chain = PendSV_Handler &rArr; rt_pop_req &rArr; rt_mbx_psh &rArr; rt_put_prio
</UL>
<BR>[Calls]<UL><LI><a href="#[19a]">&gt;&gt;</a>&nbsp;&nbsp;&nbsp;rt_pop_req
<LI><a href="#[199]">&gt;&gt;</a>&nbsp;&nbsp;&nbsp;rt_stk_check
</UL>
<BR>[Address Reference Count : 1]<UL><LI> startup_stm32f10x_hd.o(RESET)
</UL>
<P><STRONG><a name="[7a]"></a>SysTick_Handler</STRONG> (Thumb, 8 bytes, Stack size 0 bytes, hal_cm3.o(.emb_text))
<BR><BR>[Stack]<UL><LI>Max Depth = 72<LI>Call Chain = SysTick_Handler &rArr; rt_systick &rArr; sysTimerTick &rArr; isrMessagePut &rArr; isr_mbx_send &rArr; rt_psq_enq
</UL>
<BR>[Calls]<UL><LI><a href="#[19b]">&gt;&gt;</a>&nbsp;&nbsp;&nbsp;rt_systick
</UL>
<BR>[Address Reference Count : 1]<UL><LI> startup_stm32f10x_hd.o(RESET)
</UL>
<P><STRONG><a name="[19c]"></a>OS_Tick_Handler</STRONG> (Thumb, 12 bytes, Stack size 0 bytes, hal_cm3.o(.emb_text), UNUSED)
<BR><BR>[Calls]<UL><LI><a href="#[19d]">&gt;&gt;</a>&nbsp;&nbsp;&nbsp;os_tick_irqack
<LI><a href="#[19b]">&gt;&gt;</a>&nbsp;&nbsp;&nbsp;rt_systick
</UL>

<P><STRONG><a name="[71]"></a>Reset_Handler</STRONG> (Thumb, 8 bytes, Stack size 0 bytes, startup_stm32f10x_hd.o(.text))
<BR>[Address Reference Count : 1]<UL><LI> startup_stm32f10x_hd.o(RESET)
</UL>
<P><STRONG><a name="[72]"></a>NMI_Handler</STRONG> (Thumb, 2 bytes, Stack size 0 bytes, startup_stm32f10x_hd.o(.text))
<BR><BR>[Calls]<UL><LI><a href="#[72]">&gt;&gt;</a>&nbsp;&nbsp;&nbsp;NMI_Handler
</UL>
<BR>[Called By]<UL><LI><a href="#[72]">&gt;&gt;</a>&nbsp;&nbsp;&nbsp;NMI_Handler
</UL>
<BR>[Address Reference Count : 1]<UL><LI> startup_stm32f10x_hd.o(RESET)
</UL>
<P><STRONG><a name="[74]"></a>MemManage_Handler</STRONG> (Thumb, 2 bytes, Stack size 0 bytes, startup_stm32f10x_hd.o(.text))
<BR><BR>[Calls]<UL><LI><a href="#[74]">&gt;&gt;</a>&nbsp;&nbsp;&nbsp;MemManage_Handler
</UL>
<BR>[Called By]<UL><LI><a href="#[74]">&gt;&gt;</a>&nbsp;&nbsp;&nbsp;MemManage_Handler
</UL>
<BR>[Address Reference Count : 1]<UL><LI> startup_stm32f10x_hd.o(RESET)
</UL>
<P><STRONG><a name="[75]"></a>BusFault_Handler</STRONG> (Thumb, 2 bytes, Stack size 0 bytes, startup_stm32f10x_hd.o(.text))
<BR><BR>[Calls]<UL><LI><a href="#[75]">&gt;&gt;</a>&nbsp;&nbsp;&nbsp;BusFault_Handler
</UL>
<BR>[Called By]<UL><LI><a href="#[75]">&gt;&gt;</a>&nbsp;&nbsp;&nbsp;BusFault_Handler
</UL>
<BR>[Address Reference Count : 1]<UL><LI> startup_stm32f10x_hd.o(RESET)
</UL>
<P><STRONG><a name="[76]"></a>UsageFault_Handler</STRONG> (Thumb, 2 bytes, Stack size 0 bytes, startup_stm32f10x_hd.o(.text))
<BR><BR>[Calls]<UL><LI><a href="#[76]">&gt;&gt;</a>&nbsp;&nbsp;&nbsp;UsageFault_Handler
</UL>
<BR>[Called By]<UL><LI><a href="#[76]">&gt;&gt;</a>&nbsp;&nbsp;&nbsp;UsageFault_Handler
</UL>
<BR>[Address Reference Count : 1]<UL><LI> startup_stm32f10x_hd.o(RESET)
</UL>
<P><STRONG><a name="[78]"></a>DebugMon_Handler</STRONG> (Thumb, 2 bytes, Stack size 0 bytes, startup_stm32f10x_hd.o(.text))
<BR><BR>[Calls]<UL><LI><a href="#[78]">&gt;&gt;</a>&nbsp;&nbsp;&nbsp;DebugMon_Handler
</UL>
<BR>[Called By]<UL><LI><a href="#[78]">&gt;&gt;</a>&nbsp;&nbsp;&nbsp;DebugMon_Handler
</UL>
<BR>[Address Reference Count : 1]<UL><LI> startup_stm32f10x_hd.o(RESET)
</UL>
<P><STRONG><a name="[8d]"></a>ADC1_2_IRQHandler</STRONG> (Thumb, 0 bytes, Stack size 0 bytes, startup_stm32f10x_hd.o(.text))
<BR><BR>[Calls]<UL><LI><a href="#[8d]">&gt;&gt;</a>&nbsp;&nbsp;&nbsp;ADC1_2_IRQHandler
</UL>
<BR>[Called By]<UL><LI><a href="#[8d]">&gt;&gt;</a>&nbsp;&nbsp;&nbsp;ADC1_2_IRQHandler
</UL>
<BR>[Address Reference Count : 1]<UL><LI> startup_stm32f10x_hd.o(RESET)
</UL>
<P><STRONG><a name="[aa]"></a>ADC3_IRQHandler</STRONG> (Thumb, 0 bytes, Stack size 0 bytes, startup_stm32f10x_hd.o(.text))
<BR>[Address Reference Count : 1]<UL><LI> startup_stm32f10x_hd.o(RESET)
</UL>
<P><STRONG><a name="[90]"></a>CAN1_RX1_IRQHandler</STRONG> (Thumb, 0 bytes, Stack size 0 bytes, startup_stm32f10x_hd.o(.text))
<BR>[Address Reference Count : 1]<UL><LI> startup_stm32f10x_hd.o(RESET)
</UL>
<P><STRONG><a name="[91]"></a>CAN1_SCE_IRQHandler</STRONG> (Thumb, 0 bytes, Stack size 0 bytes, startup_stm32f10x_hd.o(.text))
<BR>[Address Reference Count : 1]<UL><LI> startup_stm32f10x_hd.o(RESET)
</UL>
<P><STRONG><a name="[86]"></a>DMA1_Channel1_IRQHandler</STRONG> (Thumb, 0 bytes, Stack size 0 bytes, startup_stm32f10x_hd.o(.text))
<BR>[Address Reference Count : 1]<UL><LI> startup_stm32f10x_hd.o(RESET)
</UL>
<P><STRONG><a name="[88]"></a>DMA1_Channel3_IRQHandler</STRONG> (Thumb, 0 bytes, Stack size 0 bytes, startup_stm32f10x_hd.o(.text))
<BR>[Address Reference Count : 1]<UL><LI> startup_stm32f10x_hd.o(RESET)
</UL>
<P><STRONG><a name="[8a]"></a>DMA1_Channel5_IRQHandler</STRONG> (Thumb, 0 bytes, Stack size 0 bytes, startup_stm32f10x_hd.o(.text))
<BR>[Address Reference Count : 1]<UL><LI> startup_stm32f10x_hd.o(RESET)
</UL>
<P><STRONG><a name="[8b]"></a>DMA1_Channel6_IRQHandler</STRONG> (Thumb, 0 bytes, Stack size 0 bytes, startup_stm32f10x_hd.o(.text))
<BR>[Address Reference Count : 1]<UL><LI> startup_stm32f10x_hd.o(RESET)
</UL>
<P><STRONG><a name="[b3]"></a>DMA2_Channel1_IRQHandler</STRONG> (Thumb, 0 bytes, Stack size 0 bytes, startup_stm32f10x_hd.o(.text))
<BR>[Address Reference Count : 1]<UL><LI> startup_stm32f10x_hd.o(RESET)
</UL>
<P><STRONG><a name="[b4]"></a>DMA2_Channel2_IRQHandler</STRONG> (Thumb, 0 bytes, Stack size 0 bytes, startup_stm32f10x_hd.o(.text))
<BR>[Address Reference Count : 1]<UL><LI> startup_stm32f10x_hd.o(RESET)
</UL>
<P><STRONG><a name="[b5]"></a>DMA2_Channel3_IRQHandler</STRONG> (Thumb, 0 bytes, Stack size 0 bytes, startup_stm32f10x_hd.o(.text))
<BR>[Address Reference Count : 1]<UL><LI> startup_stm32f10x_hd.o(RESET)
</UL>
<P><STRONG><a name="[7f]"></a>FLASH_IRQHandler</STRONG> (Thumb, 0 bytes, Stack size 0 bytes, startup_stm32f10x_hd.o(.text))
<BR>[Address Reference Count : 1]<UL><LI> startup_stm32f10x_hd.o(RESET)
</UL>
<P><STRONG><a name="[ab]"></a>FSMC_IRQHandler</STRONG> (Thumb, 0 bytes, Stack size 0 bytes, startup_stm32f10x_hd.o(.text))
<BR>[Address Reference Count : 1]<UL><LI> startup_stm32f10x_hd.o(RESET)
</UL>
<P><STRONG><a name="[9b]"></a>I2C1_ER_IRQHandler</STRONG> (Thumb, 0 bytes, Stack size 0 bytes, startup_stm32f10x_hd.o(.text))
<BR>[Address Reference Count : 1]<UL><LI> startup_stm32f10x_hd.o(RESET)
</UL>
<P><STRONG><a name="[9a]"></a>I2C1_EV_IRQHandler</STRONG> (Thumb, 0 bytes, Stack size 0 bytes, startup_stm32f10x_hd.o(.text))
<BR>[Address Reference Count : 1]<UL><LI> startup_stm32f10x_hd.o(RESET)
</UL>
<P><STRONG><a name="[9d]"></a>I2C2_ER_IRQHandler</STRONG> (Thumb, 0 bytes, Stack size 0 bytes, startup_stm32f10x_hd.o(.text))
<BR>[Address Reference Count : 1]<UL><LI> startup_stm32f10x_hd.o(RESET)
</UL>
<P><STRONG><a name="[9c]"></a>I2C2_EV_IRQHandler</STRONG> (Thumb, 0 bytes, Stack size 0 bytes, startup_stm32f10x_hd.o(.text))
<BR>[Address Reference Count : 1]<UL><LI> startup_stm32f10x_hd.o(RESET)
</UL>
<P><STRONG><a name="[80]"></a>RCC_IRQHandler</STRONG> (Thumb, 0 bytes, Stack size 0 bytes, startup_stm32f10x_hd.o(.text))
<BR>[Address Reference Count : 1]<UL><LI> startup_stm32f10x_hd.o(RESET)
</UL>
<P><STRONG><a name="[a4]"></a>RTCAlarm_IRQHandler</STRONG> (Thumb, 0 bytes, Stack size 0 bytes, startup_stm32f10x_hd.o(.text))
<BR>[Address Reference Count : 1]<UL><LI> startup_stm32f10x_hd.o(RESET)
</UL>
<P><STRONG><a name="[7e]"></a>RTC_IRQHandler</STRONG> (Thumb, 0 bytes, Stack size 0 bytes, startup_stm32f10x_hd.o(.text))
<BR>[Address Reference Count : 1]<UL><LI> startup_stm32f10x_hd.o(RESET)
</UL>
<P><STRONG><a name="[ac]"></a>SDIO_IRQHandler</STRONG> (Thumb, 0 bytes, Stack size 0 bytes, startup_stm32f10x_hd.o(.text))
<BR>[Address Reference Count : 1]<UL><LI> startup_stm32f10x_hd.o(RESET)
</UL>
<P><STRONG><a name="[ae]"></a>SPI3_IRQHandler</STRONG> (Thumb, 0 bytes, Stack size 0 bytes, startup_stm32f10x_hd.o(.text))
<BR>[Address Reference Count : 1]<UL><LI> startup_stm32f10x_hd.o(RESET)
</UL>
<P><STRONG><a name="[7d]"></a>TAMPER_IRQHandler</STRONG> (Thumb, 0 bytes, Stack size 0 bytes, startup_stm32f10x_hd.o(.text))
<BR>[Address Reference Count : 1]<UL><LI> startup_stm32f10x_hd.o(RESET)
</UL>
<P><STRONG><a name="[93]"></a>TIM1_BRK_IRQHandler</STRONG> (Thumb, 0 bytes, Stack size 0 bytes, startup_stm32f10x_hd.o(.text))
<BR>[Address Reference Count : 1]<UL><LI> startup_stm32f10x_hd.o(RESET)
</UL>
<P><STRONG><a name="[96]"></a>TIM1_CC_IRQHandler</STRONG> (Thumb, 0 bytes, Stack size 0 bytes, startup_stm32f10x_hd.o(.text))
<BR>[Address Reference Count : 1]<UL><LI> startup_stm32f10x_hd.o(RESET)
</UL>
<P><STRONG><a name="[95]"></a>TIM1_TRG_COM_IRQHandler</STRONG> (Thumb, 0 bytes, Stack size 0 bytes, startup_stm32f10x_hd.o(.text))
<BR>[Address Reference Count : 1]<UL><LI> startup_stm32f10x_hd.o(RESET)
</UL>
<P><STRONG><a name="[94]"></a>TIM1_UP_IRQHandler</STRONG> (Thumb, 0 bytes, Stack size 0 bytes, startup_stm32f10x_hd.o(.text))
<BR>[Address Reference Count : 1]<UL><LI> startup_stm32f10x_hd.o(RESET)
</UL>
<P><STRONG><a name="[98]"></a>TIM3_IRQHandler</STRONG> (Thumb, 0 bytes, Stack size 0 bytes, startup_stm32f10x_hd.o(.text))
<BR>[Address Reference Count : 1]<UL><LI> startup_stm32f10x_hd.o(RESET)
</UL>
<P><STRONG><a name="[99]"></a>TIM4_IRQHandler</STRONG> (Thumb, 0 bytes, Stack size 0 bytes, startup_stm32f10x_hd.o(.text))
<BR>[Address Reference Count : 1]<UL><LI> startup_stm32f10x_hd.o(RESET)
</UL>
<P><STRONG><a name="[ad]"></a>TIM5_IRQHandler</STRONG> (Thumb, 0 bytes, Stack size 0 bytes, startup_stm32f10x_hd.o(.text))
<BR>[Address Reference Count : 1]<UL><LI> startup_stm32f10x_hd.o(RESET)
</UL>
<P><STRONG><a name="[b1]"></a>TIM6_IRQHandler</STRONG> (Thumb, 0 bytes, Stack size 0 bytes, startup_stm32f10x_hd.o(.text))
<BR>[Address Reference Count : 1]<UL><LI> startup_stm32f10x_hd.o(RESET)
</UL>
<P><STRONG><a name="[b2]"></a>TIM7_IRQHandler</STRONG> (Thumb, 0 bytes, Stack size 0 bytes, startup_stm32f10x_hd.o(.text))
<BR>[Address Reference Count : 1]<UL><LI> startup_stm32f10x_hd.o(RESET)
</UL>
<P><STRONG><a name="[a6]"></a>TIM8_BRK_IRQHandler</STRONG> (Thumb, 0 bytes, Stack size 0 bytes, startup_stm32f10x_hd.o(.text))
<BR>[Address Reference Count : 1]<UL><LI> startup_stm32f10x_hd.o(RESET)
</UL>
<P><STRONG><a name="[a9]"></a>TIM8_CC_IRQHandler</STRONG> (Thumb, 0 bytes, Stack size 0 bytes, startup_stm32f10x_hd.o(.text))
<BR>[Address Reference Count : 1]<UL><LI> startup_stm32f10x_hd.o(RESET)
</UL>
<P><STRONG><a name="[a8]"></a>TIM8_TRG_COM_IRQHandler</STRONG> (Thumb, 0 bytes, Stack size 0 bytes, startup_stm32f10x_hd.o(.text))
<BR>[Address Reference Count : 1]<UL><LI> startup_stm32f10x_hd.o(RESET)
</UL>
<P><STRONG><a name="[a7]"></a>TIM8_UP_IRQHandler</STRONG> (Thumb, 0 bytes, Stack size 0 bytes, startup_stm32f10x_hd.o(.text))
<BR>[Address Reference Count : 1]<UL><LI> startup_stm32f10x_hd.o(RESET)
</UL>
<P><STRONG><a name="[b0]"></a>UART5_IRQHandler</STRONG> (Thumb, 0 bytes, Stack size 0 bytes, startup_stm32f10x_hd.o(.text))
<BR>[Address Reference Count : 1]<UL><LI> startup_stm32f10x_hd.o(RESET)
</UL>
<P><STRONG><a name="[a5]"></a>USBWakeUp_IRQHandler</STRONG> (Thumb, 0 bytes, Stack size 0 bytes, startup_stm32f10x_hd.o(.text))
<BR>[Address Reference Count : 1]<UL><LI> startup_stm32f10x_hd.o(RESET)
</UL>
<P><STRONG><a name="[8e]"></a>USB_HP_CAN1_TX_IRQHandler</STRONG> (Thumb, 0 bytes, Stack size 0 bytes, startup_stm32f10x_hd.o(.text))
<BR>[Address Reference Count : 1]<UL><LI> startup_stm32f10x_hd.o(RESET)
</UL>
<P><STRONG><a name="[8f]"></a>USB_LP_CAN1_RX0_IRQHandler</STRONG> (Thumb, 0 bytes, Stack size 0 bytes, startup_stm32f10x_hd.o(.text))
<BR>[Address Reference Count : 1]<UL><LI> startup_stm32f10x_hd.o(RESET)
</UL>
<P><STRONG><a name="[7b]"></a>WWDG_IRQHandler</STRONG> (Thumb, 0 bytes, Stack size 0 bytes, startup_stm32f10x_hd.o(.text))
<BR>[Address Reference Count : 1]<UL><LI> startup_stm32f10x_hd.o(RESET)
</UL>
<P><STRONG><a name="[19e]"></a>__aeabi_uldivmod</STRONG> (Thumb, 98 bytes, Stack size 40 bytes, uldiv.o(.text), UNUSED)
<BR><BR>[Calls]<UL><LI><a href="#[19f]">&gt;&gt;</a>&nbsp;&nbsp;&nbsp;__aeabi_llsr
<LI><a href="#[1a0]">&gt;&gt;</a>&nbsp;&nbsp;&nbsp;__aeabi_llsl
</UL>
<BR>[Called By]<UL><LI><a href="#[32a]">&gt;&gt;</a>&nbsp;&nbsp;&nbsp;_printf_core
</UL>

<P><STRONG><a name="[1cc]"></a>__aeabi_memcpy</STRONG> (Thumb, 36 bytes, Stack size 0 bytes, memcpya.o(.text))
<BR><BR>[Called By]<UL><LI><a href="#[14d]">&gt;&gt;</a>&nbsp;&nbsp;&nbsp;UartWrite
<LI><a href="#[14a]">&gt;&gt;</a>&nbsp;&nbsp;&nbsp;UartRead
<LI><a href="#[1cb]">&gt;&gt;</a>&nbsp;&nbsp;&nbsp;CHD_Get_code
<LI><a href="#[128]">&gt;&gt;</a>&nbsp;&nbsp;&nbsp;Mdl_setData
<LI><a href="#[127]">&gt;&gt;</a>&nbsp;&nbsp;&nbsp;Mdl_getData
<LI><a href="#[32d]">&gt;&gt;</a>&nbsp;&nbsp;&nbsp;internal_alloc
</UL>

<P><STRONG><a name="[381]"></a>__aeabi_memcpy4</STRONG> (Thumb, 0 bytes, Stack size 0 bytes, memcpya.o(.text), UNUSED)

<P><STRONG><a name="[382]"></a>__aeabi_memcpy8</STRONG> (Thumb, 0 bytes, Stack size 0 bytes, memcpya.o(.text), UNUSED)

<P><STRONG><a name="[1a2]"></a>__aeabi_memset</STRONG> (Thumb, 14 bytes, Stack size 0 bytes, memseta.o(.text))
<BR><BR>[Called By]<UL><LI><a href="#[15c]">&gt;&gt;</a>&nbsp;&nbsp;&nbsp;FM_Clear
<LI><a href="#[1d2]">&gt;&gt;</a>&nbsp;&nbsp;&nbsp;CNF_Show_strategy_focus
<LI><a href="#[1a3]">&gt;&gt;</a>&nbsp;&nbsp;&nbsp;_memset$wrapper
<LI><a href="#[1a1]">&gt;&gt;</a>&nbsp;&nbsp;&nbsp;__aeabi_memclr
</UL>

<P><STRONG><a name="[383]"></a>__aeabi_memset4</STRONG> (Thumb, 0 bytes, Stack size 0 bytes, memseta.o(.text), UNUSED)

<P><STRONG><a name="[384]"></a>__aeabi_memset8</STRONG> (Thumb, 0 bytes, Stack size 0 bytes, memseta.o(.text), UNUSED)

<P><STRONG><a name="[1a1]"></a>__aeabi_memclr</STRONG> (Thumb, 4 bytes, Stack size 0 bytes, memseta.o(.text))
<BR><BR>[Calls]<UL><LI><a href="#[1a2]">&gt;&gt;</a>&nbsp;&nbsp;&nbsp;__aeabi_memset
</UL>
<BR>[Called By]<UL><LI><a href="#[31b]">&gt;&gt;</a>&nbsp;&nbsp;&nbsp;free_playloadbuf
<LI><a href="#[14a]">&gt;&gt;</a>&nbsp;&nbsp;&nbsp;UartRead
<LI><a href="#[1f0]">&gt;&gt;</a>&nbsp;&nbsp;&nbsp;Print_float
<LI><a href="#[30]">&gt;&gt;</a>&nbsp;&nbsp;&nbsp;PRP_init
<LI><a href="#[25]">&gt;&gt;</a>&nbsp;&nbsp;&nbsp;ATP_init
<LI><a href="#[1a]">&gt;&gt;</a>&nbsp;&nbsp;&nbsp;PSD_init
<LI><a href="#[f]">&gt;&gt;</a>&nbsp;&nbsp;&nbsp;DSP_init
<LI><a href="#[3]">&gt;&gt;</a>&nbsp;&nbsp;&nbsp;TIM_init
<LI><a href="#[67]">&gt;&gt;</a>&nbsp;&nbsp;&nbsp;QAT_init
<LI><a href="#[5c]">&gt;&gt;</a>&nbsp;&nbsp;&nbsp;CSM_init
<LI><a href="#[51]">&gt;&gt;</a>&nbsp;&nbsp;&nbsp;VPP_init
<LI><a href="#[46]">&gt;&gt;</a>&nbsp;&nbsp;&nbsp;DSF_init
<LI><a href="#[3b]">&gt;&gt;</a>&nbsp;&nbsp;&nbsp;HTR_init
<LI><a href="#[299]">&gt;&gt;</a>&nbsp;&nbsp;&nbsp;MdlChn_default_conf
<LI><a href="#[298]">&gt;&gt;</a>&nbsp;&nbsp;&nbsp;MdlChn_default_alarm
<LI><a href="#[12e]">&gt;&gt;</a>&nbsp;&nbsp;&nbsp;PicInptSht
<LI><a href="#[e6]">&gt;&gt;</a>&nbsp;&nbsp;&nbsp;GeoInptSht
<LI><a href="#[12d]">&gt;&gt;</a>&nbsp;&nbsp;&nbsp;InputInptSht
<LI><a href="#[12c]">&gt;&gt;</a>&nbsp;&nbsp;&nbsp;BuInptSht
<LI><a href="#[1c4]">&gt;&gt;</a>&nbsp;&nbsp;&nbsp;GetAttribute
<LI><a href="#[135]">&gt;&gt;</a>&nbsp;&nbsp;&nbsp;TxtInptSht
<LI><a href="#[22b]">&gt;&gt;</a>&nbsp;&nbsp;&nbsp;GetKeyVal
</UL>

<P><STRONG><a name="[213]"></a>__aeabi_memclr4</STRONG> (Thumb, 0 bytes, Stack size 0 bytes, memseta.o(.text))
<BR><BR>[Called By]<UL><LI><a href="#[15c]">&gt;&gt;</a>&nbsp;&nbsp;&nbsp;FM_Clear
<LI><a href="#[120]">&gt;&gt;</a>&nbsp;&nbsp;&nbsp;MdlChn_setData
<LI><a href="#[11e]">&gt;&gt;</a>&nbsp;&nbsp;&nbsp;MdlChn_self_check
<LI><a href="#[11a]">&gt;&gt;</a>&nbsp;&nbsp;&nbsp;MdlTime_set_by_string
</UL>

<P><STRONG><a name="[385]"></a>__aeabi_memclr8</STRONG> (Thumb, 0 bytes, Stack size 0 bytes, memseta.o(.text), UNUSED)

<P><STRONG><a name="[1a3]"></a>_memset$wrapper</STRONG> (Thumb, 18 bytes, Stack size 8 bytes, memseta.o(.text), UNUSED)
<BR><BR>[Calls]<UL><LI><a href="#[1a2]">&gt;&gt;</a>&nbsp;&nbsp;&nbsp;__aeabi_memset
</UL>

<P><STRONG><a name="[1f1]"></a>strcat</STRONG> (Thumb, 24 bytes, Stack size 0 bytes, strcat.o(.text))
<BR><BR>[Called By]<UL><LI><a href="#[1b3]">&gt;&gt;</a>&nbsp;&nbsp;&nbsp;Print_atmosphere_param
<LI><a href="#[121]">&gt;&gt;</a>&nbsp;&nbsp;&nbsp;MdlChn_to_string
<LI><a href="#[66]">&gt;&gt;</a>&nbsp;&nbsp;&nbsp;QAT_entry
<LI><a href="#[1f3]">&gt;&gt;</a>&nbsp;&nbsp;&nbsp;DSF_modify
<LI><a href="#[45]">&gt;&gt;</a>&nbsp;&nbsp;&nbsp;DSF_entry
<LI><a href="#[26c]">&gt;&gt;</a>&nbsp;&nbsp;&nbsp;HTR_modify
<LI><a href="#[3a]">&gt;&gt;</a>&nbsp;&nbsp;&nbsp;HTR_entry
</UL>

<P><STRONG><a name="[20d]"></a>strstr</STRONG> (Thumb, 36 bytes, Stack size 12 bytes, strstr.o(.text))
<BR><BR>[Stack]<UL><LI>Max Depth = 12<LI>Call Chain = strstr
</UL>
<BR>[Called By]<UL><LI><a href="#[2b6]">&gt;&gt;</a>&nbsp;&nbsp;&nbsp;ModelCreate
<LI><a href="#[153]">&gt;&gt;</a>&nbsp;&nbsp;&nbsp;UartTest
<LI><a href="#[1af]">&gt;&gt;</a>&nbsp;&nbsp;&nbsp;ExpCreate
<LI><a href="#[12e]">&gt;&gt;</a>&nbsp;&nbsp;&nbsp;PicInptSht
<LI><a href="#[22c]">&gt;&gt;</a>&nbsp;&nbsp;&nbsp;GetNameVale
<LI><a href="#[2f8]">&gt;&gt;</a>&nbsp;&nbsp;&nbsp;String2Font
<LI><a href="#[30a]">&gt;&gt;</a>&nbsp;&nbsp;&nbsp;String2Colour
<LI><a href="#[2f5]">&gt;&gt;</a>&nbsp;&nbsp;&nbsp;String2Clr
<LI><a href="#[2f4]">&gt;&gt;</a>&nbsp;&nbsp;&nbsp;String2Align
<LI><a href="#[22b]">&gt;&gt;</a>&nbsp;&nbsp;&nbsp;GetKeyVal
</UL>

<P><STRONG><a name="[2d3]"></a>strncpy</STRONG> (Thumb, 24 bytes, Stack size 8 bytes, strncpy.o(.text))
<BR><BR>[Stack]<UL><LI>Max Depth = 8<LI>Call Chain = strncpy
</UL>
<BR>[Called By]<UL><LI><a href="#[2b0]">&gt;&gt;</a>&nbsp;&nbsp;&nbsp;Print_unit
</UL>

<P><STRONG><a name="[225]"></a>strchr</STRONG> (Thumb, 20 bytes, Stack size 0 bytes, strchr.o(.text))
<BR><BR>[Called By]<UL><LI><a href="#[1c7]">&gt;&gt;</a>&nbsp;&nbsp;&nbsp;RemoveHead
<LI><a href="#[1c9]">&gt;&gt;</a>&nbsp;&nbsp;&nbsp;RemoveTail
<LI><a href="#[1c8]">&gt;&gt;</a>&nbsp;&nbsp;&nbsp;GetName
<LI><a href="#[1c4]">&gt;&gt;</a>&nbsp;&nbsp;&nbsp;GetAttribute
</UL>

<P><STRONG><a name="[1b1]"></a>strlen</STRONG> (Thumb, 14 bytes, Stack size 0 bytes, strlen.o(.text))
<BR><BR>[Called By]<UL><LI><a href="#[153]">&gt;&gt;</a>&nbsp;&nbsp;&nbsp;UartTest
<LI><a href="#[15e]">&gt;&gt;</a>&nbsp;&nbsp;&nbsp;FM_Text
<LI><a href="#[bc]">&gt;&gt;</a>&nbsp;&nbsp;&nbsp;BTN_Build_each_btn
<LI><a href="#[1f0]">&gt;&gt;</a>&nbsp;&nbsp;&nbsp;Print_float
<LI><a href="#[37]">&gt;&gt;</a>&nbsp;&nbsp;&nbsp;PRP_get_focusdata
<LI><a href="#[2f]">&gt;&gt;</a>&nbsp;&nbsp;&nbsp;PRP_entry
<LI><a href="#[2c6]">&gt;&gt;</a>&nbsp;&nbsp;&nbsp;PRP_Col_1
<LI><a href="#[2c]">&gt;&gt;</a>&nbsp;&nbsp;&nbsp;ATP_get_focusdata
<LI><a href="#[24]">&gt;&gt;</a>&nbsp;&nbsp;&nbsp;ATP_entry
<LI><a href="#[1b0]">&gt;&gt;</a>&nbsp;&nbsp;&nbsp;ATP_Col_1
<LI><a href="#[21]">&gt;&gt;</a>&nbsp;&nbsp;&nbsp;PSD_get_focusdata
<LI><a href="#[19]">&gt;&gt;</a>&nbsp;&nbsp;&nbsp;PSD_entry
<LI><a href="#[16]">&gt;&gt;</a>&nbsp;&nbsp;&nbsp;DSP_get_focusdata
<LI><a href="#[e]">&gt;&gt;</a>&nbsp;&nbsp;&nbsp;DSP_entry
<LI><a href="#[1f4]">&gt;&gt;</a>&nbsp;&nbsp;&nbsp;DSP_Col_1
<LI><a href="#[b]">&gt;&gt;</a>&nbsp;&nbsp;&nbsp;TIM_get_focusdata
<LI><a href="#[2]">&gt;&gt;</a>&nbsp;&nbsp;&nbsp;TIM_entry
<LI><a href="#[e9]">&gt;&gt;</a>&nbsp;&nbsp;&nbsp;CNF_Init_sheet
<LI><a href="#[66]">&gt;&gt;</a>&nbsp;&nbsp;&nbsp;QAT_entry
<LI><a href="#[103]">&gt;&gt;</a>&nbsp;&nbsp;&nbsp;QRY_Init_sheet
<LI><a href="#[63]">&gt;&gt;</a>&nbsp;&nbsp;&nbsp;CSM_get_focusdata
<LI><a href="#[5b]">&gt;&gt;</a>&nbsp;&nbsp;&nbsp;CSM_entry
<LI><a href="#[58]">&gt;&gt;</a>&nbsp;&nbsp;&nbsp;VPP_get_focusdata
<LI><a href="#[50]">&gt;&gt;</a>&nbsp;&nbsp;&nbsp;VPP_entry
<LI><a href="#[4d]">&gt;&gt;</a>&nbsp;&nbsp;&nbsp;DSF_get_focusdata
<LI><a href="#[45]">&gt;&gt;</a>&nbsp;&nbsp;&nbsp;DSF_entry
<LI><a href="#[1ef]">&gt;&gt;</a>&nbsp;&nbsp;&nbsp;DSF_Col_1
<LI><a href="#[42]">&gt;&gt;</a>&nbsp;&nbsp;&nbsp;HTR_get_focusdata
<LI><a href="#[3a]">&gt;&gt;</a>&nbsp;&nbsp;&nbsp;HTR_entry
<LI><a href="#[26a]">&gt;&gt;</a>&nbsp;&nbsp;&nbsp;HTR_Col_1
<LI><a href="#[130]">&gt;&gt;</a>&nbsp;&nbsp;&nbsp;ShtUpdate
<LI><a href="#[22b]">&gt;&gt;</a>&nbsp;&nbsp;&nbsp;GetKeyVal
</UL>

<P><STRONG><a name="[1b2]"></a>strcpy</STRONG> (Thumb, 18 bytes, Stack size 0 bytes, strcpy.o(.text))
<BR><BR>[Called By]<UL><LI><a href="#[153]">&gt;&gt;</a>&nbsp;&nbsp;&nbsp;UartTest
<LI><a href="#[2f]">&gt;&gt;</a>&nbsp;&nbsp;&nbsp;PRP_entry
<LI><a href="#[24]">&gt;&gt;</a>&nbsp;&nbsp;&nbsp;ATP_entry
<LI><a href="#[19]">&gt;&gt;</a>&nbsp;&nbsp;&nbsp;PSD_entry
<LI><a href="#[e]">&gt;&gt;</a>&nbsp;&nbsp;&nbsp;DSP_entry
<LI><a href="#[2]">&gt;&gt;</a>&nbsp;&nbsp;&nbsp;TIM_entry
<LI><a href="#[3a]">&gt;&gt;</a>&nbsp;&nbsp;&nbsp;HTR_entry
</UL>

<P><STRONG><a name="[248]"></a>strcspn</STRONG> (Thumb, 34 bytes, Stack size 12 bytes, strcspn.o(.text))
<BR><BR>[Stack]<UL><LI>Max Depth = 12<LI>Call Chain = strcspn
</UL>
<BR>[Called By]<UL><LI><a href="#[247]">&gt;&gt;</a>&nbsp;&nbsp;&nbsp;Get_str_data
<LI><a href="#[11a]">&gt;&gt;</a>&nbsp;&nbsp;&nbsp;MdlTime_set_by_string
</UL>

<P><STRONG><a name="[1a4]"></a>strcasecmp</STRONG> (Thumb, 42 bytes, Stack size 24 bytes, strcasecmp.o(.text))
<BR><BR>[Stack]<UL><LI>Max Depth = 24<LI>Call Chain = strcasecmp
</UL>
<BR>[Calls]<UL><LI><a href="#[1a5]">&gt;&gt;</a>&nbsp;&nbsp;&nbsp;tolower
</UL>
<BR>[Called By]<UL><LI><a href="#[1af]">&gt;&gt;</a>&nbsp;&nbsp;&nbsp;ExpCreate
<LI><a href="#[e6]">&gt;&gt;</a>&nbsp;&nbsp;&nbsp;GeoInptSht
<LI><a href="#[135]">&gt;&gt;</a>&nbsp;&nbsp;&nbsp;TxtInptSht
</UL>

<P><STRONG><a name="[1a6]"></a>calloc</STRONG> (Thumb, 28 bytes, Stack size 8 bytes, calloc.o(.text))
<BR><BR>[Stack]<UL><LI>Max Depth = 64<LI>Call Chain = calloc &rArr; malloc &rArr; internal_alloc
</UL>
<BR>[Calls]<UL><LI><a href="#[1a7]">&gt;&gt;</a>&nbsp;&nbsp;&nbsp;malloc
</UL>
<BR>[Called By]<UL><LI><a href="#[2a1]">&gt;&gt;</a>&nbsp;&nbsp;&nbsp;Mem_calloc
<LI><a href="#[148]">&gt;&gt;</a>&nbsp;&nbsp;&nbsp;UartInit
</UL>

<P><STRONG><a name="[1a8]"></a>atoi</STRONG> (Thumb, 26 bytes, Stack size 16 bytes, atoi.o(.text))
<BR><BR>[Stack]<UL><LI>Max Depth = 88<LI>Call Chain = atoi &rArr; strtol &rArr; _strtoul
</UL>
<BR>[Calls]<UL><LI><a href="#[1aa]">&gt;&gt;</a>&nbsp;&nbsp;&nbsp;strtol
<LI><a href="#[1a9]">&gt;&gt;</a>&nbsp;&nbsp;&nbsp;__aeabi_errno_addr
</UL>
<BR>[Called By]<UL><LI><a href="#[247]">&gt;&gt;</a>&nbsp;&nbsp;&nbsp;Get_str_data
<LI><a href="#[2c8]">&gt;&gt;</a>&nbsp;&nbsp;&nbsp;Str_set_password
<LI><a href="#[2cb]">&gt;&gt;</a>&nbsp;&nbsp;&nbsp;Str_Calculations
<LI><a href="#[1c5]">&gt;&gt;</a>&nbsp;&nbsp;&nbsp;Set_shtContextAtt
<LI><a href="#[1c6]">&gt;&gt;</a>&nbsp;&nbsp;&nbsp;Set_shtAreaAtt
<LI><a href="#[2f6]">&gt;&gt;</a>&nbsp;&nbsp;&nbsp;String2CntEff
</UL>

<P><STRONG><a name="[386]"></a>setjmp</STRONG> (Thumb, 26 bytes, Stack size 8 bytes, setjmp.o(.text), UNUSED)

<P><STRONG><a name="[20c]"></a>longjmp</STRONG> (Thumb, 36 bytes, Stack size 0 bytes, setjmp.o(.text))
<BR><BR>[Called By]<UL><LI><a href="#[20a]">&gt;&gt;</a>&nbsp;&nbsp;&nbsp;Except_raise
</UL>

<P><STRONG><a name="[1a0]"></a>__aeabi_llsl</STRONG> (Thumb, 30 bytes, Stack size 0 bytes, llshl.o(.text), UNUSED)
<BR><BR>[Called By]<UL><LI><a href="#[19e]">&gt;&gt;</a>&nbsp;&nbsp;&nbsp;__aeabi_uldivmod
</UL>

<P><STRONG><a name="[387]"></a>_ll_shift_l</STRONG> (Thumb, 0 bytes, Stack size 0 bytes, llshl.o(.text), UNUSED)

<P><STRONG><a name="[19f]"></a>__aeabi_llsr</STRONG> (Thumb, 32 bytes, Stack size 0 bytes, llushr.o(.text), UNUSED)
<BR><BR>[Called By]<UL><LI><a href="#[19e]">&gt;&gt;</a>&nbsp;&nbsp;&nbsp;__aeabi_uldivmod
</UL>

<P><STRONG><a name="[388]"></a>_ll_ushift_r</STRONG> (Thumb, 0 bytes, Stack size 0 bytes, llushr.o(.text), UNUSED)

<P><STRONG><a name="[1a5]"></a>tolower</STRONG> (Thumb, 12 bytes, Stack size 0 bytes, tolower.o(.text))
<BR><BR>[Called By]<UL><LI><a href="#[1a4]">&gt;&gt;</a>&nbsp;&nbsp;&nbsp;strcasecmp
</UL>

<P><STRONG><a name="[1aa]"></a>strtol</STRONG> (Thumb, 112 bytes, Stack size 32 bytes, strtol.o(.text))
<BR><BR>[Stack]<UL><LI>Max Depth = 72<LI>Call Chain = strtol &rArr; _strtoul
</UL>
<BR>[Calls]<UL><LI><a href="#[1ac]">&gt;&gt;</a>&nbsp;&nbsp;&nbsp;_strtoul
<LI><a href="#[1ab]">&gt;&gt;</a>&nbsp;&nbsp;&nbsp;__rt_ctype_table
<LI><a href="#[1a9]">&gt;&gt;</a>&nbsp;&nbsp;&nbsp;__aeabi_errno_addr
</UL>
<BR>[Called By]<UL><LI><a href="#[1a8]">&gt;&gt;</a>&nbsp;&nbsp;&nbsp;atoi
</UL>

<P><STRONG><a name="[194]"></a>__scatterload</STRONG> (Thumb, 28 bytes, Stack size 0 bytes, init.o(.text))
<BR><BR>[Calls]<UL><LI><a href="#[1ad]">&gt;&gt;</a>&nbsp;&nbsp;&nbsp;__main_after_scatterload
</UL>
<BR>[Called By]<UL><LI><a href="#[193]">&gt;&gt;</a>&nbsp;&nbsp;&nbsp;_main_scatterload
</UL>

<P><STRONG><a name="[389]"></a>__scatterload_rt2</STRONG> (Thumb, 0 bytes, Stack size 0 bytes, init.o(.text), UNUSED)

<P><STRONG><a name="[1ab]"></a>__rt_ctype_table</STRONG> (Thumb, 4 bytes, Stack size 0 bytes, ctype_o.o(.text))
<BR><BR>[Called By]<UL><LI><a href="#[1aa]">&gt;&gt;</a>&nbsp;&nbsp;&nbsp;strtol
</UL>

<P><STRONG><a name="[1ac]"></a>_strtoul</STRONG> (Thumb, 158 bytes, Stack size 40 bytes, _strtoul.o(.text))
<BR><BR>[Stack]<UL><LI>Max Depth = 40<LI>Call Chain = _strtoul
</UL>
<BR>[Calls]<UL><LI><a href="#[1ae]">&gt;&gt;</a>&nbsp;&nbsp;&nbsp;_chval
<LI><a href="#[1a9]">&gt;&gt;</a>&nbsp;&nbsp;&nbsp;__aeabi_errno_addr
</UL>
<BR>[Called By]<UL><LI><a href="#[1aa]">&gt;&gt;</a>&nbsp;&nbsp;&nbsp;strtol
</UL>

<P><STRONG><a name="[1ae]"></a>_chval</STRONG> (Thumb, 28 bytes, Stack size 0 bytes, _chval.o(.text))
<BR><BR>[Called By]<UL><LI><a href="#[1ac]">&gt;&gt;</a>&nbsp;&nbsp;&nbsp;_strtoul
</UL>

<P><STRONG><a name="[38a]"></a>__decompress</STRONG> (Thumb, 0 bytes, Stack size unknown bytes, __dczerorl2.o(.text), UNUSED)

[...]
<LI><a href="#[297]">&gt;&gt;</a>&nbsp;&nbsp;&nbsp;MdlChn_Init_alm_mgr_by_STG_alm
<LI><a href="#[299]">&gt;&gt;</a>&nbsp;&nbsp;&nbsp;MdlChn_default_conf
<LI><a href="#[298]">&gt;&gt;</a>&nbsp;&nbsp;&nbsp;MdlChn_default_alarm
<LI><a href="#[295]">&gt;&gt;</a>&nbsp;&nbsp;&nbsp;MdlChn_Commit_conf
</UL>
<BR>[Address Reference Count : 1]<UL><LI> model_channel.o(i.Model_chn_ctor)
</UL>
<P><STRONG><a name="[123]"></a>MdlChn_modify_sconf</STRONG> (Thumb, 862 bytes, Stack size 40 bytes, model_channel.o(i.MdlChn_modify_sconf))
<BR><BR>[Stack]<UL><LI>Max Depth = 104<LI>Call Chain = MdlChn_modify_sconf &rArr; Print_float &rArr; __2sprintf
</UL>
<BR>[Calls]<UL><LI><a href="#[1b7]">&gt;&gt;</a>&nbsp;&nbsp;&nbsp;Operate_in_tange
<LI><a href="#[2a4]">&gt;&gt;</a>&nbsp;&nbsp;&nbsp;Print_touch_spot
<LI><a href="#[1f0]">&gt;&gt;</a>&nbsp;&nbsp;&nbsp;Print_float
<LI><a href="#[1f2]">&gt;&gt;</a>&nbsp;&nbsp;&nbsp;__2sprintf
</UL>
<BR>[Address Reference Count : 1]<UL><LI> model_channel.o(i.Model_chn_ctor)
</UL>
<P><STRONG><a name="[11d]"></a>MdlChn_run</STRONG> (Thumb, 380 bytes, Stack size 48 bytes, model_channel.o(i.MdlChn_run))
<BR><BR>[Stack]<UL><LI>Max Depth = 320<LI>Call Chain = MdlChn_run &rArr; Signal_Alarm &rArr; MdlChn_Check_new_alarm &rArr; STG_Set_file_position &rArr; STG_Open_file &rArr; Strg_Updata_rcd_mgr &rArr;  STG_Open_file (Cycle)
</UL>
<BR>[Calls]<UL><LI><a href="#[29d]">&gt;&gt;</a>&nbsp;&nbsp;&nbsp;SmBus_decode
<LI><a href="#[2a5]">&gt;&gt;</a>&nbsp;&nbsp;&nbsp;SmBus_AI_Read
<LI><a href="#[245]">&gt;&gt;</a>&nbsp;&nbsp;&nbsp;Get_storage
<LI><a href="#[289]">&gt;&gt;</a>&nbsp;&nbsp;&nbsp;delay_ms
<LI><a href="#[1ce]">&gt;&gt;</a>&nbsp;&nbsp;&nbsp;Dev_open
<LI><a href="#[2a6]">&gt;&gt;</a>&nbsp;&nbsp;&nbsp;Zero_shift_K_B
<LI><a href="#[2a8]">&gt;&gt;</a>&nbsp;&nbsp;&nbsp;Signal_Alarm
<LI><a href="#[2a7]">&gt;&gt;</a>&nbsp;&nbsp;&nbsp;Cut_small_signal
</UL>
<BR>[Address Reference Count : 1]<UL><LI> model_channel.o(i.Model_chn_ctor)
</UL>
<P><STRONG><a name="[11e]"></a>MdlChn_self_check</STRONG> (Thumb, 212 bytes, Stack size 64 bytes, model_channel.o(i.MdlChn_self_check))
<BR><BR>[Stack]<UL><LI>Max Depth = 200<LI>Call Chain = MdlChn_self_check &rArr; Dev_open &rArr; DevChar_open &rArr; Get_Dev_IIC &rArr; Dev_IIC_new &rArr; malloc &rArr; internal_alloc
</UL>
<BR>[Calls]<UL><LI><a href="#[29d]">&gt;&gt;</a>&nbsp;&nbsp;&nbsp;SmBus_decode
<LI><a href="#[2aa]">&gt;&gt;</a>&nbsp;&nbsp;&nbsp;SmBus_Query
<LI><a href="#[289]">&gt;&gt;</a>&nbsp;&nbsp;&nbsp;delay_ms
<LI><a href="#[1ce]">&gt;&gt;</a>&nbsp;&nbsp;&nbsp;Dev_open
<LI><a href="#[213]">&gt;&gt;</a>&nbsp;&nbsp;&nbsp;__aeabi_memclr4
</UL>
<BR>[Address Reference Count : 1]<UL><LI> model_channel.o(i.Model_chn_ctor)
</UL>
<P><STRONG><a name="[120]"></a>MdlChn_setData</STRONG> (Thumb, 722 bytes, Stack size 88 bytes, model_channel.o(i.MdlChn_setData))
<BR><BR>[Stack]<UL><LI>Max Depth = 224<LI>Call Chain = MdlChn_setData &rArr; Dev_open &rArr; DevChar_open &rArr; Get_Dev_IIC &rArr; Dev_IIC_new &rArr; malloc &rArr; internal_alloc
</UL>
<BR>[Calls]<UL><LI><a href="#[29d]">&gt;&gt;</a>&nbsp;&nbsp;&nbsp;SmBus_decode
<LI><a href="#[2ad]">&gt;&gt;</a>&nbsp;&nbsp;&nbsp;SmBus_WR_low_limit
<LI><a href="#[2ac]">&gt;&gt;</a>&nbsp;&nbsp;&nbsp;SmBus_WR_hig_limit
<LI><a href="#[2ae]">&gt;&gt;</a>&nbsp;&nbsp;&nbsp;SmBus_DO_output
<LI><a href="#[2ab]">&gt;&gt;</a>&nbsp;&nbsp;&nbsp;SmBus_AI_config
<LI><a href="#[1ce]">&gt;&gt;</a>&nbsp;&nbsp;&nbsp;Dev_open
<LI><a href="#[29b]">&gt;&gt;</a>&nbsp;&nbsp;&nbsp;MdlChn_Get_def_up_limit
<LI><a href="#[29a]">&gt;&gt;</a>&nbsp;&nbsp;&nbsp;MdlChn_Get_def_lower_limit
<LI><a href="#[213]">&gt;&gt;</a>&nbsp;&nbsp;&nbsp;__aeabi_memclr4
</UL>
<BR>[Address Reference Count : 1]<UL><LI> model_channel.o(i.Model_chn_ctor)
</UL>
<P><STRONG><a name="[124]"></a>MdlChn_set_by_string</STRONG> (Thumb, 6 bytes, Stack size 0 bytes, model_channel.o(i.MdlChn_set_by_string))
<BR>[Address Reference Count : 1]<UL><LI> model_channel.o(i.Model_chn_ctor)
</UL>
<P><STRONG><a name="[122]"></a>MdlChn_to_percentage</STRONG> (Thumb, 26 bytes, Stack size 20 bytes, model_channel.o(i.MdlChn_to_percentage))
<BR><BR>[Stack]<UL><LI>Max Depth = 36<LI>Call Chain = MdlChn_to_percentage &rArr; MdlChn_Cal_prc
</UL>
<BR>[Calls]<UL><LI><a href="#[2af]">&gt;&gt;</a>&nbsp;&nbsp;&nbsp;MdlChn_Cal_prc
</UL>
<BR>[Address Reference Count : 1]<UL><LI> model_channel.o(i.Model_chn_ctor)
</UL>
<P><STRONG><a name="[121]"></a>MdlChn_to_string</STRONG> (Thumb, 478 bytes, Stack size 24 bytes, model_channel.o(i.MdlChn_to_string))
<BR><BR>[Stack]<UL><LI>Max Depth = 88<LI>Call Chain = MdlChn_to_string &rArr; Print_float &rArr; __2sprintf
</UL>
<BR>[Calls]<UL><LI><a href="#[2b0]">&gt;&gt;</a>&nbsp;&nbsp;&nbsp;Print_unit
<LI><a href="#[2a4]">&gt;&gt;</a>&nbsp;&nbsp;&nbsp;Print_touch_spot
<LI><a href="#[2b1]">&gt;&gt;</a>&nbsp;&nbsp;&nbsp;Print_singnaltype
<LI><a href="#[1f0]">&gt;&gt;</a>&nbsp;&nbsp;&nbsp;Print_float
<LI><a href="#[1f1]">&gt;&gt;</a>&nbsp;&nbsp;&nbsp;strcat
<LI><a href="#[1f2]">&gt;&gt;</a>&nbsp;&nbsp;&nbsp;__2sprintf
</UL>
<BR>[Address Reference Count : 1]<UL><LI> model_channel.o(i.Model_chn_ctor)
</UL>
<P><STRONG><a name="[2fb]"></a>Percent_to_data</STRONG> (Thumb, 44 bytes, Stack size 16 bytes, model_channel.o(i.Percent_to_data))
<BR><BR>[Stack]<UL><LI>Max Depth = 16<LI>Call Chain = Percent_to_data
</UL>
<BR>[Called By]<UL><LI><a href="#[2a8]">&gt;&gt;</a>&nbsp;&nbsp;&nbsp;Signal_Alarm
</UL>

<P><STRONG><a name="[2a8]"></a>Signal_Alarm</STRONG> (Thumb, 366 bytes, Stack size 48 bytes, model_channel.o(i.Signal_Alarm))
<BR><BR>[Stack]<UL><LI>Max Depth = 272<LI>Call Chain = Signal_Alarm &rArr; MdlChn_Check_new_alarm &rArr; STG_Set_file_position &rArr; STG_Open_file &rArr; Strg_Updata_rcd_mgr &rArr;  STG_Open_file (Cycle)
</UL>
<BR>[Calls]<UL><LI><a href="#[2fb]">&gt;&gt;</a>&nbsp;&nbsp;&nbsp;Percent_to_data
<LI><a href="#[294]">&gt;&gt;</a>&nbsp;&nbsp;&nbsp;MdlChn_Check_new_alarm
<LI><a href="#[291]">&gt;&gt;</a>&nbsp;&nbsp;&nbsp;MdlChn_Cancle_alarm
</UL>
<BR>[Called By]<UL><LI><a href="#[11d]">&gt;&gt;</a>&nbsp;&nbsp;&nbsp;MdlChn_run
</UL>

<P><STRONG><a name="[2a6]"></a>Zero_shift_K_B</STRONG> (Thumb, 52 bytes, Stack size 12 bytes, model_channel.o(i.Zero_shift_K_B))
<BR><BR>[Stack]<UL><LI>Max Depth = 12<LI>Call Chain = Zero_shift_K_B
</UL>
<BR>[Called By]<UL><LI><a href="#[11d]">&gt;&gt;</a>&nbsp;&nbsp;&nbsp;MdlChn_run
</UL>

<P><STRONG><a name="[11a]"></a>MdlTime_set_by_string</STRONG> (Thumb, 260 bytes, Stack size 64 bytes, modeltime.o(i.MdlTime_set_by_string))
<BR><BR>[Stack]<UL><LI>Max Depth = 192<LI>Call Chain = MdlTime_set_by_string &rArr; Get_str_data &rArr; atoi &rArr; strtol &rArr; _strtoul
</UL>
<BR>[Calls]<UL><LI><a href="#[247]">&gt;&gt;</a>&nbsp;&nbsp;&nbsp;Get_str_data
<LI><a href="#[2b4]">&gt;&gt;</a>&nbsp;&nbsp;&nbsp;System_set_time
<LI><a href="#[248]">&gt;&gt;</a>&nbsp;&nbsp;&nbsp;strcspn
<LI><a href="#[213]">&gt;&gt;</a>&nbsp;&nbsp;&nbsp;__aeabi_memclr4
</UL>
<BR>[Address Reference Count : 1]<UL><LI> modeltime.o(i.ModelTime_ctor)
</UL>
<P><STRONG><a name="[11b]"></a>MdlTime_to_string</STRONG> (Thumb, 90 bytes, Stack size 40 bytes, modeltime.o(i.MdlTime_to_string))
<BR><BR>[Stack]<UL><LI>Max Depth = 72<LI>Call Chain = MdlTime_to_string &rArr; __2snprintf
</UL>
<BR>[Calls]<UL><LI><a href="#[1f2]">&gt;&gt;</a>&nbsp;&nbsp;&nbsp;__2sprintf
<LI><a href="#[2b5]">&gt;&gt;</a>&nbsp;&nbsp;&nbsp;__2snprintf
</UL>
<BR>[Address Reference Count : 1]<UL><LI> modeltime.o(i.ModelTime_ctor)
</UL>
<P><STRONG><a name="[c2]"></a>CtlKey_init</STRONG> (Thumb, 30 bytes, Stack size 24 bytes, ctlkey.o(i.CtlKey_init))
<BR><BR>[Stack]<UL><LI>Max Depth = 24<LI>Call Chain = CtlKey_init
</UL>
<BR>[Address Reference Count : 1]<UL><LI> ctlkey.o(i.CtlKey_ctor)
</UL>
<P><STRONG><a name="[c3]"></a>KeyUpdate</STRONG> (Thumb, 186 bytes, Stack size 32 bytes, ctlkey.o(i.KeyUpdate))
<BR><BR>[Stack]<UL><LI>Max Depth = 32<LI>Call Chain = KeyUpdate
</UL>
<BR>[Address Reference Count : 1]<UL><LI> ctlkey.o(i.CtlKey_ctor)
</UL>
<P><STRONG><a name="[e4]"></a>Draw_self</STRONG> (Thumb, 2 bytes, Stack size 0 bytes, glyph.o(i.Draw_self))
<BR>[Address Reference Count : 1]<UL><LI> glyph.o(i.Glyph_ctor)
</UL>
<P><STRONG><a name="[e3]"></a>Init</STRONG> (Thumb, 6 bytes, Stack size 0 bytes, glyph.o(i.Init))
<BR>[Address Reference Count : 1]<UL><LI> glyph.o(i.Glyph_ctor)
</UL>
<P><STRONG><a name="[e5]"></a>vDraw</STRONG> (Thumb, 2 bytes, Stack size 0 bytes, glyph.o(i.vDraw))
<BR>[Address Reference Count : 1]<UL><LI> glyph.o(i.Glyph_ctor)
</UL>
<P><STRONG><a name="[df]"></a>GhPic_vDraw</STRONG> (Thumb, 2 bytes, Stack size 0 bytes, gh_pic.o(i.GhPic_vDraw))
<BR>[Address Reference Count : 1]<UL><LI> gh_pic.o(i.GhPic_ctor)
</UL>
<P><STRONG><a name="[e2]"></a>GhTxt_GetSize</STRONG> (Thumb, 32 bytes, Stack size 24 bytes, gh_txt.o(i.GhTxt_GetSize))
<BR><BR>[Stack]<UL><LI>Max Depth = 160<LI>Call Chain = GhTxt_GetSize &rArr; Dev_open &rArr; DevChar_open &rArr; Get_Dev_IIC &rArr; Dev_IIC_new &rArr; malloc &rArr; internal_alloc
</UL>
<BR>[Calls]<UL><LI><a href="#[1ce]">&gt;&gt;</a>&nbsp;&nbsp;&nbsp;Dev_open
</UL>
<BR>[Address Reference Count : 1]<UL><LI> gh_txt.o(i.GhTxt_ctor)
</UL>
<P><STRONG><a name="[e1]"></a>GhTxt_vDraw</STRONG> (Thumb, 116 bytes, Stack size 48 bytes, gh_txt.o(i.GhTxt_vDraw))
<BR><BR>[Stack]<UL><LI>Max Depth = 184<LI>Call Chain = GhTxt_vDraw &rArr; Dev_open &rArr; DevChar_open &rArr; Get_Dev_IIC &rArr; Dev_IIC_new &rArr; malloc &rArr; internal_alloc
</UL>
<BR>[Calls]<UL><LI><a href="#[1ce]">&gt;&gt;</a>&nbsp;&nbsp;&nbsp;Dev_open
<LI><a href="#[24e]">&gt;&gt;</a>&nbsp;&nbsp;&nbsp;ColorInvert
</UL>
<BR>[Address Reference Count : 1]<UL><LI> gh_txt.o(i.GhTxt_ctor)
</UL>
<P><STRONG><a name="[e0]"></a>GhRec_vDraw</STRONG> (Thumb, 2 bytes, Stack size 0 bytes, gh_rectangle.o(i.GhRec_vDraw))
<BR>[Address Reference Count : 1]<UL><LI> gh_rectangle.o(i.GhRectangle_ctor)
</UL>
<P><STRONG><a name="[135]"></a>TxtInptSht</STRONG> (Thumb, 202 bytes, Stack size 56 bytes, txtexpr.o(i.TxtInptSht))
<BR><BR>[Stack]<UL><LI>Max Depth = 192<LI>Call Chain = TxtInptSht &rArr; Set_shtContextAtt &rArr; String2CntEff &rArr; atoi &rArr; strtol &rArr; _strtoul
</UL>
<BR>[Calls]<UL><LI><a href="#[1c5]">&gt;&gt;</a>&nbsp;&nbsp;&nbsp;Set_shtContextAtt
<LI><a href="#[1c6]">&gt;&gt;</a>&nbsp;&nbsp;&nbsp;Set_shtAreaAtt
<LI><a href="#[1c9]">&gt;&gt;</a>&nbsp;&nbsp;&nbsp;RemoveTail
<LI><a href="#[22c]">&gt;&gt;</a>&nbsp;&nbsp;&nbsp;GetNameVale
<LI><a href="#[1c8]">&gt;&gt;</a>&nbsp;&nbsp;&nbsp;GetName
<LI><a href="#[1c4]">&gt;&gt;</a>&nbsp;&nbsp;&nbsp;GetAttribute
<LI><a href="#[23c]">&gt;&gt;</a>&nbsp;&nbsp;&nbsp;Get_GhTxt
<LI><a href="#[1a1]">&gt;&gt;</a>&nbsp;&nbsp;&nbsp;__aeabi_memclr
<LI><a href="#[1a4]">&gt;&gt;</a>&nbsp;&nbsp;&nbsp;strcasecmp
</UL>
<BR>[Address Reference Count : 1]<UL><LI> txtexpr.o(i.TxtExpr_ctor)
</UL>
<P><STRONG><a name="[226]"></a>Eliminate_char</STRONG> (Thumb, 18 bytes, Stack size 0 bytes, reader.o(i.Eliminate_char))
<BR><BR>[Called By]<UL><LI><a href="#[1c9]">&gt;&gt;</a>&nbsp;&nbsp;&nbsp;RemoveTail
<LI><a href="#[1c8]">&gt;&gt;</a>&nbsp;&nbsp;&nbsp;GetName
<LI><a href="#[1c4]">&gt;&gt;</a>&nbsp;&nbsp;&nbsp;GetAttribute
</UL>

<P><STRONG><a name="[12c]"></a>BuInptSht</STRONG> (Thumb, 260 bytes, Stack size 40 bytes, ntbutton.o(i.BuInptSht))
<BR><BR>[Stack]<UL><LI>Max Depth = 184<LI>Call Chain = BuInptSht &rArr; GetShtctl &rArr; Dev_open &rArr; DevChar_open &rArr; Get_Dev_IIC &rArr; Dev_IIC_new &rArr; malloc &rArr; internal_alloc
</UL>
<BR>[Calls]<UL><LI><a href="#[1c1]">&gt;&gt;</a>&nbsp;&nbsp;&nbsp;Sheet_alloc
<LI><a href="#[1c0]">&gt;&gt;</a>&nbsp;&nbsp;&nbsp;GetShtctl
<LI><a href="#[1af]">&gt;&gt;</a>&nbsp;&nbsp;&nbsp;ExpCreate
<LI><a href="#[1c7]">&gt;&gt;</a>&nbsp;&nbsp;&nbsp;RemoveHead
<LI><a href="#[1c5]">&gt;&gt;</a>&nbsp;&nbsp;&nbsp;Set_shtContextAtt
<LI><a href="#[1c6]">&gt;&gt;</a>&nbsp;&nbsp;&nbsp;Set_shtAreaAtt
<LI><a href="#[1c9]">&gt;&gt;</a>&nbsp;&nbsp;&nbsp;RemoveTail
<LI><a href="#[1c8]">&gt;&gt;</a>&nbsp;&nbsp;&nbsp;GetName
<LI><a href="#[1c4]">&gt;&gt;</a>&nbsp;&nbsp;&nbsp;GetAttribute
<LI><a href="#[1c3]">&gt;&gt;</a>&nbsp;&nbsp;&nbsp;Get_GhRectangle
<LI><a href="#[1a1]">&gt;&gt;</a>&nbsp;&nbsp;&nbsp;__aeabi_memclr
<LI><a href="#[1a7]">&gt;&gt;</a>&nbsp;&nbsp;&nbsp;malloc
</UL>
<BR>[Address Reference Count : 1]<UL><LI> ntbutton.o(i.NtButton_ctor)
</UL>
<P><STRONG><a name="[12d]"></a>InputInptSht</STRONG> (Thumb, 222 bytes, Stack size 40 bytes, ntinput.o(i.InputInptSht))
<BR><BR>[Stack]<UL><LI>Max Depth = 184<LI>Call Chain = InputInptSht &rArr; GetShtctl &rArr; Dev_open &rArr; DevChar_open &rArr; Get_Dev_IIC &rArr; Dev_IIC_new &rArr; malloc &rArr; internal_alloc
</UL>
<BR>[Calls]<UL><LI><a href="#[1c1]">&gt;&gt;</a>&nbsp;&nbsp;&nbsp;Sheet_alloc
<LI><a href="#[1c0]">&gt;&gt;</a>&nbsp;&nbsp;&nbsp;GetShtctl
<LI><a href="#[1af]">&gt;&gt;</a>&nbsp;&nbsp;&nbsp;ExpCreate
<LI><a href="#[1c7]">&gt;&gt;</a>&nbsp;&nbsp;&nbsp;RemoveHead
<LI><a href="#[1c5]">&gt;&gt;</a>&nbsp;&nbsp;&nbsp;Set_shtContextAtt
<LI><a href="#[1c6]">&gt;&gt;</a>&nbsp;&nbsp;&nbsp;Set_shtAreaAtt
<LI><a href="#[1c9]">&gt;&gt;</a>&nbsp;&nbsp;&nbsp;RemoveTail
<LI><a href="#[1c4]">&gt;&gt;</a>&nbsp;&nbsp;&nbsp;GetAttribute
<LI><a href="#[237]">&gt;&gt;</a>&nbsp;&nbsp;&nbsp;Get_GhNone
<LI><a href="#[1a1]">&gt;&gt;</a>&nbsp;&nbsp;&nbsp;__aeabi_memclr
<LI><a href="#[1a7]">&gt;&gt;</a>&nbsp;&nbsp;&nbsp;malloc
</UL>
<BR>[Address Reference Count : 1]<UL><LI> ntinput.o(i.NtInput_ctor)
</UL>
<P><STRONG><a name="[e6]"></a>GeoInptSht</STRONG> (Thumb, 112 bytes, Stack size 48 bytes, geometricsexpr.o(i.GeoInptSht))
<BR><BR>[Stack]<UL><LI>Max Depth = 184<LI>Call Chain = GeoInptSht &rArr; Set_shtContextAtt &rArr; String2CntEff &rArr; atoi &rArr; strtol &rArr; _strtoul
</UL>
<BR>[Calls]<UL><LI><a href="#[1c5]">&gt;&gt;</a>&nbsp;&nbsp;&nbsp;Set_shtContextAtt
<LI><a href="#[1c6]">&gt;&gt;</a>&nbsp;&nbsp;&nbsp;Set_shtAreaAtt
<LI><a href="#[1c8]">&gt;&gt;</a>&nbsp;&nbsp;&nbsp;GetName
<LI><a href="#[1c4]">&gt;&gt;</a>&nbsp;&nbsp;&nbsp;GetAttribute
<LI><a href="#[1c3]">&gt;&gt;</a>&nbsp;&nbsp;&nbsp;Get_GhRectangle
<LI><a href="#[1a1]">&gt;&gt;</a>&nbsp;&nbsp;&nbsp;__aeabi_memclr
<LI><a href="#[1a4]">&gt;&gt;</a>&nbsp;&nbsp;&nbsp;strcasecmp
</UL>
<BR>[Address Reference Count : 1]<UL><LI> geometricsexpr.o(i.GmtrExpr_ctor)
</UL>
<P><STRONG><a name="[12e]"></a>PicInptSht</STRONG> (Thumb, 196 bytes, Stack size 48 bytes, picexpr.o(i.PicInptSht))
<BR><BR>[Stack]<UL><LI>Max Depth = 184<LI>Call Chain = PicInptSht &rArr; Set_shtContextAtt &rArr; String2CntEff &rArr; atoi &rArr; strtol &rArr; _strtoul
</UL>
<BR>[Calls]<UL><LI><a href="#[1c5]">&gt;&gt;</a>&nbsp;&nbsp;&nbsp;Set_shtContextAtt
<LI><a href="#[1c6]">&gt;&gt;</a>&nbsp;&nbsp;&nbsp;Set_shtAreaAtt
<LI><a href="#[1c9]">&gt;&gt;</a>&nbsp;&nbsp;&nbsp;RemoveTail
<LI><a href="#[22c]">&gt;&gt;</a>&nbsp;&nbsp;&nbsp;GetNameVale
<LI><a href="#[1c8]">&gt;&gt;</a>&nbsp;&nbsp;&nbsp;GetName
<LI><a href="#[1c4]">&gt;&gt;</a>&nbsp;&nbsp;&nbsp;GetAttribute
<LI><a href="#[239]">&gt;&gt;</a>&nbsp;&nbsp;&nbsp;Get_GhPic
<LI><a href="#[20d]">&gt;&gt;</a>&nbsp;&nbsp;&nbsp;strstr
<LI><a href="#[1a1]">&gt;&gt;</a>&nbsp;&nbsp;&nbsp;__aeabi_memclr
</UL>
<BR>[Address Reference Count : 1]<UL><LI> picexpr.o(i.PicExpr_ctor)
</UL>
<P><STRONG><a name="[2f9]"></a>Sheet_refreshsub</STRONG> (Thumb, 120 bytes, Stack size 24 bytes, sheet.o(i.Sheet_refreshsub))
<BR><BR>[Stack]<UL><LI>Max Depth = 24<LI>Call Chain = Sheet_refreshsub
</UL>
<BR>[Called By]<UL><LI><a href="#[1bd]">&gt;&gt;</a>&nbsp;&nbsp;&nbsp;Sheet_slide
<LI><a href="#[1d5]">&gt;&gt;</a>&nbsp;&nbsp;&nbsp;Sheet_refresh
</UL>

<P><STRONG><a name="[2f2]"></a>SetSysClock</STRONG> (Thumb, 8 bytes, Stack size 8 bytes, system_stm32f10x.o(i.SetSysClock))
<BR><BR>[Stack]<UL><LI>Max Depth = 20<LI>Call Chain = SetSysClock &rArr; SetSysClockTo72
</UL>
<BR>[Calls]<UL><LI><a href="#[2f3]">&gt;&gt;</a>&nbsp;&nbsp;&nbsp;SetSysClockTo72
</UL>
<BR>[Called By]<UL><LI><a href="#[b9]">&gt;&gt;</a>&nbsp;&nbsp;&nbsp;SystemInit
</UL>

<P><STRONG><a name="[2f3]"></a>SetSysClockTo72</STRONG> (Thumb, 214 bytes, Stack size 12 bytes, system_stm32f10x.o(i.SetSysClockTo72))
<BR><BR>[Stack]<UL><LI>Max Depth = 12<LI>Call Chain = SetSysClockTo72
</UL>
<BR>[Called By]<UL><LI><a href="#[2f2]">&gt;&gt;</a>&nbsp;&nbsp;&nbsp;SetSysClock
</UL>

<P><STRONG><a name="[33c]"></a>rt_id2obj</STRONG> (Thumb, 8 bytes, Stack size 0 bytes, rt_cmsis.o(i.rt_id2obj))
<BR><BR>[Called By]<UL><LI><a href="#[177]">&gt;&gt;</a>&nbsp;&nbsp;&nbsp;svcTimerCall
<LI><a href="#[172]">&gt;&gt;</a>&nbsp;&nbsp;&nbsp;svcSemaphoreWait
<LI><a href="#[171]">&gt;&gt;</a>&nbsp;&nbsp;&nbsp;svcSemaphoreRelease
<LI><a href="#[33b]">&gt;&gt;</a>&nbsp;&nbsp;&nbsp;isrSemaphoreRelease
</UL>

<P><STRONG><a name="[36e]"></a>rt_ms2tick</STRONG> (Thumb, 58 bytes, Stack size 0 bytes, rt_cmsis.o(i.rt_ms2tick))
<BR><BR>[Called By]<UL><LI><a href="#[172]">&gt;&gt;</a>&nbsp;&nbsp;&nbsp;svcSemaphoreWait
<LI><a href="#[16f]">&gt;&gt;</a>&nbsp;&nbsp;&nbsp;svcMessageGet
<LI><a href="#[16c]">&gt;&gt;</a>&nbsp;&nbsp;&nbsp;svcDelay
</UL>

<P><STRONG><a name="[376]"></a>rt_tid2ptcb</STRONG> (Thumb, 18 bytes, Stack size 0 bytes, rt_cmsis.o(i.rt_tid2ptcb))
<BR><BR>[Called By]<UL><LI><a href="#[175]">&gt;&gt;</a>&nbsp;&nbsp;&nbsp;svcThreadTerminate
</UL>

<P><STRONG><a name="[377]"></a>rt_timer_insert</STRONG> (Thumb, 48 bytes, Stack size 12 bytes, rt_cmsis.o(i.rt_timer_insert))
<BR><BR>[Stack]<UL><LI>Max Depth = 12<LI>Call Chain = rt_timer_insert
</UL>
<BR>[Called By]<UL><LI><a href="#[365]">&gt;&gt;</a>&nbsp;&nbsp;&nbsp;sysTimerTick
</UL>

<P><STRONG><a name="[353]"></a>rt_init_context</STRONG> (Thumb, 66 bytes, Stack size 16 bytes, rt_task.o(i.rt_init_context))
<BR><BR>[Stack]<UL><LI>Max Depth = 32<LI>Call Chain = rt_init_context &rArr; rt_init_stack
</UL>
<BR>[Calls]<UL><LI><a href="#[354]">&gt;&gt;</a>&nbsp;&nbsp;&nbsp;rt_init_stack
<LI><a href="#[b7]">&gt;&gt;</a>&nbsp;&nbsp;&nbsp;rt_alloc_box
</UL>
<BR>[Called By]<UL><LI><a href="#[366]">&gt;&gt;</a>&nbsp;&nbsp;&nbsp;rt_tsk_create
<LI><a href="#[35f]">&gt;&gt;</a>&nbsp;&nbsp;&nbsp;rt_sys_init
</UL>

<P><STRONG><a name="[32a]"></a>_printf_core</STRONG> (Thumb, 996 bytes, Stack size 104 bytes, printf8.o(i._printf_core), UNUSED)
<BR><BR>[Calls]<UL><LI><a href="#[19e]">&gt;&gt;</a>&nbsp;&nbsp;&nbsp;__aeabi_uldivmod
<LI><a href="#[32e]">&gt;&gt;</a>&nbsp;&nbsp;&nbsp;_printf_pre_padding
<LI><a href="#[32f]">&gt;&gt;</a>&nbsp;&nbsp;&nbsp;_printf_post_padding
</UL>
<BR>[Called By]<UL><LI><a href="#[32c]">&gt;&gt;</a>&nbsp;&nbsp;&nbsp;__0sprintf$8
<LI><a href="#[32b]">&gt;&gt;</a>&nbsp;&nbsp;&nbsp;__0snprintf$8
<LI><a href="#[329]">&gt;&gt;</a>&nbsp;&nbsp;&nbsp;__0fprintf$8
</UL>

<P><STRONG><a name="[32f]"></a>_printf_post_padding</STRONG> (Thumb, 36 bytes, Stack size 24 bytes, printf8.o(i._printf_post_padding), UNUSED)
<BR><BR>[Called By]<UL><LI><a href="#[32a]">&gt;&gt;</a>&nbsp;&nbsp;&nbsp;_printf_core
</UL>

<P><STRONG><a name="[32e]"></a>_printf_pre_padding</STRONG> (Thumb, 46 bytes, Stack size 24 bytes, printf8.o(i._printf_pre_padding), UNUSED)
<BR><BR>[Called By]<UL><LI><a href="#[32a]">&gt;&gt;</a>&nbsp;&nbsp;&nbsp;_printf_core
</UL>

<P><STRONG><a name="[137]"></a>_snputc</STRONG> (Thumb, 22 bytes, Stack size 0 bytes, printf8.o(i._snputc))
<BR>[Address Reference Count : 1]<UL><LI> printf8.o(i.__0snprintf$8)
</UL>
<P><STRONG><a name="[138]"></a>_sputc</STRONG> (Thumb, 10 bytes, Stack size 0 bytes, printf8.o(i._sputc))
<BR><BR>[Called By]<UL><LI><a href="#[32c]">&gt;&gt;</a>&nbsp;&nbsp;&nbsp;__0sprintf$8
</UL>
<BR>[Address Reference Count : 1]<UL><LI> printf8.o(i.__0sprintf$8)
</UL>
<P><STRONG><a name="[32d]"></a>internal_alloc</STRONG> (Thumb, 76 bytes, Stack size 24 bytes, mallocr.o(i.internal_alloc))
<BR><BR>[Stack]<UL><LI>Max Depth = 24<LI>Call Chain = internal_alloc
</UL>
<BR>[Calls]<UL><LI><a href="#[1cc]">&gt;&gt;</a>&nbsp;&nbsp;&nbsp;__aeabi_memcpy
</UL>
<BR>[Called By]<UL><LI><a href="#[1a7]">&gt;&gt;</a>&nbsp;&nbsp;&nbsp;malloc
</UL>
<P>
<H3>
Undefined Global Symbols
</H3><HR></body></html>
