<!doctype html public "-//w3c//dtd html 4.0 transitional//en">
<html><head>
<title>Static Call Graph - [.\Objects\PplRcd.axf]</title></head>
<body><HR>
<H1>Static Call Graph for image .\Objects\PplRcd.axf</H1><HR>
<BR><P>#&#060CALLGRAPH&#062# ARM Linker, 5060061: Last Updated: Tue Mar 20 17:26:48 2018
<BR><P>
<H3>Maximum Stack Usage =        320 bytes + Unknown(Cycles, Untraceable Function Pointers)</H3><H3>
Call chain for Maximum Stack Depth:</H3>
MdlChn_run &rArr; Signal_Alarm &rArr; MdlChn_Check_new_alarm &rArr; STG_Set_file_position &rArr; STG_Open_file &rArr; Strg_Updata_rcd_mgr &rArr;  STG_Open_file (Cycle)
<P>
<H3>
Mutually Recursive functions
</H3> <LI><a href="#[4c]">rt_alloc_box</a>&nbsp;&nbsp;&nbsp;&rArr;&nbsp;&nbsp;&nbsp;<a href="#[4c]">rt_alloc_box</a><BR>
 <LI><a href="#[7]">NMI_Handler</a>&nbsp;&nbsp;&nbsp;&rArr;&nbsp;&nbsp;&nbsp;<a href="#[7]">NMI_Handler</a><BR>
 <LI><a href="#[9]">MemManage_Handler</a>&nbsp;&nbsp;&nbsp;&rArr;&nbsp;&nbsp;&nbsp;<a href="#[9]">MemManage_Handler</a><BR>
 <LI><a href="#[a]">BusFault_Handler</a>&nbsp;&nbsp;&nbsp;&rArr;&nbsp;&nbsp;&nbsp;<a href="#[a]">BusFault_Handler</a><BR>
 <LI><a href="#[b]">UsageFault_Handler</a>&nbsp;&nbsp;&nbsp;&rArr;&nbsp;&nbsp;&nbsp;<a href="#[b]">UsageFault_Handler</a><BR>
 <LI><a href="#[d]">DebugMon_Handler</a>&nbsp;&nbsp;&nbsp;&rArr;&nbsp;&nbsp;&nbsp;<a href="#[d]">DebugMon_Handler</a><BR>
 <LI><a href="#[22]">ADC1_2_IRQHandler</a>&nbsp;&nbsp;&nbsp;&rArr;&nbsp;&nbsp;&nbsp;<a href="#[22]">ADC1_2_IRQHandler</a><BR>
 <LI><a href="#[fe]">Except_raise</a>&nbsp;&nbsp;&nbsp;&rArr;&nbsp;&nbsp;&nbsp;<a href="#[fe]">Except_raise</a><BR>
 <LI><a href="#[18c]">Strg_Updata_rcd_mgr</a>&nbsp;&nbsp;&nbsp;&rArr;&nbsp;&nbsp;&nbsp;<a href="#[80]">STG_Open_file</a><BR>
</UL>
<P>
<H3>
Function Pointers
</H3><UL>
 <LI><a href="#[22]">ADC1_2_IRQHandler</a> from startup_stm32f10x_hd.o(.text) referenced from startup_stm32f10x_hd.o(RESET)
 <LI><a href="#[3f]">ADC3_IRQHandler</a> from startup_stm32f10x_hd.o(.text) referenced from startup_stm32f10x_hd.o(RESET)
 <LI><a href="#[a]">BusFault_Handler</a> from startup_stm32f10x_hd.o(.text) referenced from startup_stm32f10x_hd.o(RESET)
 <LI><a href="#[25]">CAN1_RX1_IRQHandler</a> from startup_stm32f10x_hd.o(.text) referenced from startup_stm32f10x_hd.o(RESET)
 <LI><a href="#[26]">CAN1_SCE_IRQHandler</a> from startup_stm32f10x_hd.o(.text) referenced from startup_stm32f10x_hd.o(RESET)
 <LI><a href="#[6b]">Ch376_intr</a> from ch376.o(i.Ch376_intr) referenced from ch376.o(i.Init_Ch376)
 <LI><a href="#[63]">Close_devSpi</a> from dev_spi.o(i.Close_devSpi) referenced from dev_spi.o(i.Dev_spi_ctor)
 <LI><a href="#[51]">Close_dev_IIC</a> from dev_iic.o(i.Close_dev_IIC) referenced from dev_iic.o(i.Dev_IIC_ctor)
 <LI><a href="#[1b]">DMA1_Channel1_IRQHandler</a> from startup_stm32f10x_hd.o(.text) referenced from startup_stm32f10x_hd.o(RESET)
 <LI><a href="#[1c]">DMA1_Channel2_IRQHandler</a> from drive_uart.o(i.DMA1_Channel2_IRQHandler) referenced from startup_stm32f10x_hd.o(RESET)
 <LI><a href="#[1d]">DMA1_Channel3_IRQHandler</a> from startup_stm32f10x_hd.o(.text) referenced from startup_stm32f10x_hd.o(RESET)
 <LI><a href="#[1e]">DMA1_Channel4_IRQHandler</a> from drive_uart.o(i.DMA1_Channel4_IRQHandler) referenced from startup_stm32f10x_hd.o(RESET)
 <LI><a href="#[1f]">DMA1_Channel5_IRQHandler</a> from startup_stm32f10x_hd.o(.text) referenced from startup_stm32f10x_hd.o(RESET)
 <LI><a href="#[20]">DMA1_Channel6_IRQHandler</a> from startup_stm32f10x_hd.o(.text) referenced from startup_stm32f10x_hd.o(RESET)
 <LI><a href="#[21]">DMA1_Channel7_IRQHandler</a> from drive_uart.o(i.DMA1_Channel7_IRQHandler) referenced from startup_stm32f10x_hd.o(RESET)
 <LI><a href="#[48]">DMA2_Channel1_IRQHandler</a> from startup_stm32f10x_hd.o(.text) referenced from startup_stm32f10x_hd.o(RESET)
 <LI><a href="#[49]">DMA2_Channel2_IRQHandler</a> from startup_stm32f10x_hd.o(.text) referenced from startup_stm32f10x_hd.o(RESET)
 <LI><a href="#[4a]">DMA2_Channel3_IRQHandler</a> from startup_stm32f10x_hd.o(.text) referenced from startup_stm32f10x_hd.o(RESET)
 <LI><a href="#[4b]">DMA2_Channel4_5_IRQHandler</a> from drive_uart.o(i.DMA2_Channel4_5_IRQHandler) referenced from startup_stm32f10x_hd.o(RESET)
 <LI><a href="#[81]">Deal_status</a> from usb.o(i.Deal_status) referenced from usb.o(i.USB_Init)
 <LI><a href="#[d]">DebugMon_Handler</a> from startup_stm32f10x_hd.o(.text) referenced from startup_stm32f10x_hd.o(RESET)
 <LI><a href="#[85]">DevGpioClose</a> from device_gpio.o(i.DevGpioClose) referenced from device_gpio.o(i.devGpio_ctor)
 <LI><a href="#[88]">DevGpioIoctol</a> from device_gpio.o(i.DevGpioIoctol) referenced from device_gpio.o(i.devGpio_ctor)
 <LI><a href="#[84]">DevGpioOpen</a> from device_gpio.o(i.DevGpioOpen) referenced from device_gpio.o(i.devGpio_ctor)
 <LI><a href="#[86]">DevGpioRead</a> from device_gpio.o(i.DevGpioRead) referenced from device_gpio.o(i.devGpio_ctor)
 <LI><a href="#[89]">DevGpioTest</a> from device_gpio.o(i.DevGpioTest) referenced from device_gpio.o(i.devGpio_ctor)
 <LI><a href="#[87]">DevGpioWrite</a> from device_gpio.o(i.DevGpioWrite) referenced from device_gpio.o(i.devGpio_ctor)
 <LI><a href="#[57]">Dev_Uart_close</a> from dev_uart.o(i.Dev_Uart_close) referenced from dev_uart.o(i.Dev_Uart_ctor)
 <LI><a href="#[5a]">Dev_Uart_ioctol</a> from dev_uart.o(i.Dev_Uart_ioctol) referenced from dev_uart.o(i.Dev_Uart_ctor)
 <LI><a href="#[56]">Dev_Uart_open</a> from dev_uart.o(i.Dev_Uart_open) referenced from dev_uart.o(i.Dev_Uart_ctor)
 <LI><a href="#[58]">Dev_Uart_read</a> from dev_uart.o(i.Dev_Uart_read) referenced from dev_uart.o(i.Dev_Uart_ctor)
 <LI><a href="#[5b]">Dev_Uart_test</a> from dev_uart.o(i.Dev_Uart_test) referenced from dev_uart.o(i.Dev_Uart_ctor)
 <LI><a href="#[59]">Dev_Uart_write</a> from dev_uart.o(i.Dev_Uart_write) referenced from dev_uart.o(i.Dev_Uart_ctor)
 <LI><a href="#[6c]">DoUpdate</a> from model.o(i.DoUpdate) referenced from model.o(i.Mdl_notify)
 <LI><a href="#[16]">EXTI0_IRQHandler</a> from drive_gpio.o(i.EXTI0_IRQHandler) referenced from startup_stm32f10x_hd.o(RESET)
 <LI><a href="#[38]">EXTI15_10_IRQHandler</a> from drive_gpio.o(i.EXTI15_10_IRQHandler) referenced from startup_stm32f10x_hd.o(RESET)
 <LI><a href="#[17]">EXTI1_IRQHandler</a> from drive_gpio.o(i.EXTI1_IRQHandler) referenced from startup_stm32f10x_hd.o(RESET)
 <LI><a href="#[18]">EXTI2_IRQHandler</a> from drive_gpio.o(i.EXTI2_IRQHandler) referenced from startup_stm32f10x_hd.o(RESET)
 <LI><a href="#[19]">EXTI3_IRQHandler</a> from drive_gpio.o(i.EXTI3_IRQHandler) referenced from startup_stm32f10x_hd.o(RESET)
 <LI><a href="#[1a]">EXTI4_IRQHandler</a> from drive_gpio.o(i.EXTI4_IRQHandler) referenced from startup_stm32f10x_hd.o(RESET)
 <LI><a href="#[27]">EXTI9_5_IRQHandler</a> from drive_gpio.o(i.EXTI9_5_IRQHandler) referenced from startup_stm32f10x_hd.o(RESET)
 <LI><a href="#[14]">FLASH_IRQHandler</a> from startup_stm32f10x_hd.o(.text) referenced from startup_stm32f10x_hd.o(RESET)
 <LI><a href="#[9f]">FM_Clear</a> from dev_lcd_fm12864.o(i.FM_Clear) referenced from dev_lcd_fm12864.o(i.lcd_fm12864_ctor)
 <LI><a href="#[6a]">FM_Draw_cycle</a> from dev_lcd_fm12864.o(i.FM_Draw_cycle) referenced from dev_lcd_fm12864.o(i.FM_Init)
 <LI><a href="#[a5]">FM_Draw_geometry</a> from dev_lcd_fm12864.o(i.FM_Draw_geometry) referenced from dev_lcd_fm12864.o(i.lcd_fm12864_ctor)
 <LI><a href="#[68]">FM_Draw_line</a> from dev_lcd_fm12864.o(i.FM_Draw_line) referenced from dev_lcd_fm12864.o(i.FM_Init)
 <LI><a href="#[69]">FM_Draw_rectangle</a> from dev_lcd_fm12864.o(i.FM_Draw_rectangle) referenced from dev_lcd_fm12864.o(i.FM_Init)
 <LI><a href="#[a2]">FM_Flush</a> from dev_lcd_fm12864.o(i.FM_Flush) referenced from dev_lcd_fm12864.o(i.lcd_fm12864_ctor)
 <LI><a href="#[9e]">FM_Init</a> from dev_lcd_fm12864.o(i.FM_Init) referenced from dev_lcd_fm12864.o(i.lcd_fm12864_ctor)
 <LI><a href="#[a4]">FM_Lcd_ctl</a> from dev_lcd_fm12864.o(i.FM_Lcd_ctl) referenced from dev_lcd_fm12864.o(i.lcd_fm12864_ctor)
 <LI><a href="#[a3]">FM_Lightness</a> from dev_lcd_fm12864.o(i.FM_Lightness) referenced from dev_lcd_fm12864.o(i.lcd_fm12864_ctor)
 <LI><a href="#[a0]">FM_Switch</a> from dev_lcd_fm12864.o(i.FM_Switch) referenced from dev_lcd_fm12864.o(i.lcd_fm12864_ctor)
 <LI><a href="#[a1]">FM_Text</a> from dev_lcd_fm12864.o(i.FM_Text) referenced from dev_lcd_fm12864.o(i.lcd_fm12864_ctor)
 <LI><a href="#[40]">FSMC_IRQHandler</a> from startup_stm32f10x_hd.o(.text) referenced from startup_stm32f10x_hd.o(RESET)
 <LI><a href="#[8b]">GpioDeInit</a> from drive_gpio.o(i.GpioDeInit) referenced from drive_gpio.o(i.driveGpio_ctor)
 <LI><a href="#[8a]">GpioInit</a> from drive_gpio.o(i.GpioInit) referenced from drive_gpio.o(i.driveGpio_ctor)
 <LI><a href="#[8c]">GpioRead</a> from drive_gpio.o(i.GpioRead) referenced from drive_gpio.o(i.driveGpio_ctor)
 <LI><a href="#[8f]">GpioSetEncode</a> from drive_gpio.o(i.GpioSetEncode) referenced from drive_gpio.o(i.driveGpio_ctor)
 <LI><a href="#[8e]">GpioSetIrqHdl</a> from drive_gpio.o(i.GpioSetIrqHdl) referenced from drive_gpio.o(i.driveGpio_ctor)
 <LI><a href="#[91]">GpioTest</a> from drive_gpio.o(i.GpioTest) referenced from drive_gpio.o(i.driveGpio_ctor)
 <LI><a href="#[8d]">GpioWrite</a> from drive_gpio.o(i.GpioWrite) referenced from drive_gpio.o(i.driveGpio_ctor)
 <LI><a href="#[90]">Gpio_control_irq</a> from drive_gpio.o(i.Gpio_control_irq) referenced from drive_gpio.o(i.driveGpio_ctor)
 <LI><a href="#[8]">HardFault_Handler</a> from main.o(i.HardFault_Handler) referenced from startup_stm32f10x_hd.o(RESET)
 <LI><a href="#[30]">I2C1_ER_IRQHandler</a> from startup_stm32f10x_hd.o(.text) referenced from startup_stm32f10x_hd.o(RESET)
 <LI><a href="#[2f]">I2C1_EV_IRQHandler</a> from startup_stm32f10x_hd.o(.text) referenced from startup_stm32f10x_hd.o(RESET)
 <LI><a href="#[32]">I2C2_ER_IRQHandler</a> from startup_stm32f10x_hd.o(.text) referenced from startup_stm32f10x_hd.o(RESET)
 <LI><a href="#[31]">I2C2_EV_IRQHandler</a> from startup_stm32f10x_hd.o(.text) referenced from startup_stm32f10x_hd.o(RESET)
 <LI><a href="#[66]">Ioctol_devSpi</a> from dev_spi.o(i.Ioctol_devSpi) referenced from dev_spi.o(i.Dev_spi_ctor)
 <LI><a href="#[54]">Ioctol_dev_IIC</a> from dev_iic.o(i.Ioctol_dev_IIC) referenced from dev_iic.o(i.Dev_IIC_ctor)
 <LI><a href="#[70]">MdlChn_getData</a> from model_channel.o(i.MdlChn_getData) referenced from model_channel.o(i.Model_chn_ctor)
 <LI><a href="#[6d]">MdlChn_init</a> from model_channel.o(i.MdlChn_init) referenced from model_channel.o(i.Model_chn_ctor)
 <LI><a href="#[74]">MdlChn_modify_sconf</a> from model_channel.o(i.MdlChn_modify_sconf) referenced from model_channel.o(i.Model_chn_ctor)
 <LI><a href="#[6e]">MdlChn_run</a> from model_channel.o(i.MdlChn_run) referenced from model_channel.o(i.Model_chn_ctor)
 <LI><a href="#[6f]">MdlChn_self_check</a> from model_channel.o(i.MdlChn_self_check) referenced from model_channel.o(i.Model_chn_ctor)
 <LI><a href="#[71]">MdlChn_setData</a> from model_channel.o(i.MdlChn_setData) referenced from model_channel.o(i.Model_chn_ctor)
 <LI><a href="#[75]">MdlChn_set_by_string</a> from model_channel.o(i.MdlChn_set_by_string) referenced from model_channel.o(i.Model_chn_ctor)
 <LI><a href="#[73]">MdlChn_to_percentage</a> from model_channel.o(i.MdlChn_to_percentage) referenced from model_channel.o(i.Model_chn_ctor)
 <LI><a href="#[72]">MdlChn_to_string</a> from model_channel.o(i.MdlChn_to_string) referenced from model_channel.o(i.Model_chn_ctor)
 <LI><a href="#[7a]">Mdl_addTmMdl</a> from model.o(i.Mdl_addTmMdl) referenced from model.o(i.Model_ctor)
 <LI><a href="#[76]">Mdl_attach</a> from model.o(i.Mdl_attach) referenced from model.o(i.Model_ctor)
 <LI><a href="#[7b]">Mdl_delTmMdl</a> from model.o(i.Mdl_delTmMdl) referenced from model.o(i.Model_ctor)
 <LI><a href="#[77]">Mdl_detach</a> from model.o(i.Mdl_detach) referenced from model.o(i.Model_ctor)
 <LI><a href="#[78]">Mdl_getData</a> from model.o(i.Mdl_getData) referenced from model.o(i.Model_ctor)
 <LI><a href="#[7c]">Mdl_notify</a> from model.o(i.Mdl_notify) referenced from model.o(i.Model_ctor)
 <LI><a href="#[79]">Mdl_setData</a> from model.o(i.Mdl_setData) referenced from model.o(i.Model_ctor)
 <LI><a href="#[9]">MemManage_Handler</a> from startup_stm32f10x_hd.o(.text) referenced from startup_stm32f10x_hd.o(RESET)
 <LI><a href="#[7]">NMI_Handler</a> from startup_stm32f10x_hd.o(.text) referenced from startup_stm32f10x_hd.o(RESET)
 <LI><a href="#[62]">Open_devSpi</a> from dev_spi.o(i.Open_devSpi) referenced from dev_spi.o(i.Dev_spi_ctor)
 <LI><a href="#[50]">Open_dev_IIC</a> from dev_iic.o(i.Open_dev_IIC) referenced from dev_iic.o(i.Dev_IIC_ctor)
 <LI><a href="#[11]">PVD_IRQHandler</a> from power.o(i.PVD_IRQHandler) referenced from startup_stm32f10x_hd.o(RESET)
 <LI><a href="#[e]">PendSV_Handler</a> from hal_cm3.o(.emb_text) referenced from startup_stm32f10x_hd.o(RESET)
 <LI><a href="#[15]">RCC_IRQHandler</a> from startup_stm32f10x_hd.o(.text) referenced from startup_stm32f10x_hd.o(RESET)
 <LI><a href="#[39]">RTCAlarm_IRQHandler</a> from startup_stm32f10x_hd.o(.text) referenced from startup_stm32f10x_hd.o(RESET)
 <LI><a href="#[13]">RTC_IRQHandler</a> from startup_stm32f10x_hd.o(.text) referenced from startup_stm32f10x_hd.o(RESET)
 <LI><a href="#[64]">Read_devSpi</a> from dev_spi.o(i.Read_devSpi) referenced from dev_spi.o(i.Dev_spi_ctor)
 <LI><a href="#[52]">Read_dev_IIC</a> from dev_iic.o(i.Read_dev_IIC) referenced from dev_iic.o(i.Dev_IIC_ctor)
 <LI><a href="#[6]">Reset_Handler</a> from startup_stm32f10x_hd.o(.text) referenced from startup_stm32f10x_hd.o(RESET)
 <LI><a href="#[41]">SDIO_IRQHandler</a> from startup_stm32f10x_hd.o(.text) referenced from startup_stm32f10x_hd.o(RESET)
 <LI><a href="#[33]">SPI1_IRQHandler</a> from drive_spi.o(i.SPI1_IRQHandler) referenced from startup_stm32f10x_hd.o(RESET)
 <LI><a href="#[34]">SPI2_IRQHandler</a> from drive_spi.o(i.SPI2_IRQHandler) referenced from startup_stm32f10x_hd.o(RESET)
 <LI><a href="#[43]">SPI3_IRQHandler</a> from startup_stm32f10x_hd.o(.text) referenced from startup_stm32f10x_hd.o(RESET)
 <LI><a href="#[80]">STG_Open_file</a> from storage.o(i.STG_Open_file) referenced from storage.o(i.Storage_ctor)
 <LI><a href="#[c]">SVC_Handler</a> from hal_cm3.o(.emb_text) referenced from startup_stm32f10x_hd.o(RESET)
 <LI><a href="#[7f]">Strg_WR_stored_data</a> from storage.o(i.Strg_WR_stored_data) referenced from storage.o(i.Storage_ctor)
 <LI><a href="#[7d]">Strg_init</a> from storage.o(i.Strg_init) referenced from storage.o(i.Storage_ctor)
 <LI><a href="#[7e]">Strg_rd_stored_data</a> from storage.o(i.Strg_rd_stored_data) referenced from storage.o(i.Storage_ctor)
 <LI><a href="#[f]">SysTick_Handler</a> from hal_cm3.o(.emb_text) referenced from startup_stm32f10x_hd.o(RESET)
 <LI><a href="#[4e]">SystemInit</a> from system_stm32f10x.o(i.SystemInit) referenced from startup_stm32f10x_hd.o(.text)
 <LI><a href="#[12]">TAMPER_IRQHandler</a> from startup_stm32f10x_hd.o(.text) referenced from startup_stm32f10x_hd.o(RESET)
 <LI><a href="#[28]">TIM1_BRK_IRQHandler</a> from startup_stm32f10x_hd.o(.text) referenced from startup_stm32f10x_hd.o(RESET)
 <LI><a href="#[2b]">TIM1_CC_IRQHandler</a> from startup_stm32f10x_hd.o(.text) referenced from startup_stm32f10x_hd.o(RESET)
 <LI><a href="#[2a]">TIM1_TRG_COM_IRQHandler</a> from startup_stm32f10x_hd.o(.text) referenced from startup_stm32f10x_hd.o(RESET)
 <LI><a href="#[29]">TIM1_UP_IRQHandler</a> from startup_stm32f10x_hd.o(.text) referenced from startup_stm32f10x_hd.o(RESET)
 <LI><a href="#[2c]">TIM2_IRQHandler</a> from times.o(i.TIM2_IRQHandler) referenced from startup_stm32f10x_hd.o(RESET)
 <LI><a href="#[2d]">TIM3_IRQHandler</a> from startup_stm32f10x_hd.o(.text) referenced from startup_stm32f10x_hd.o(RESET)
 <LI><a href="#[2e]">TIM4_IRQHandler</a> from startup_stm32f10x_hd.o(.text) referenced from startup_stm32f10x_hd.o(RESET)
 <LI><a href="#[42]">TIM5_IRQHandler</a> from startup_stm32f10x_hd.o(.text) referenced from startup_stm32f10x_hd.o(RESET)
 <LI><a href="#[46]">TIM6_IRQHandler</a> from startup_stm32f10x_hd.o(.text) referenced from startup_stm32f10x_hd.o(RESET)
 <LI><a href="#[47]">TIM7_IRQHandler</a> from startup_stm32f10x_hd.o(.text) referenced from startup_stm32f10x_hd.o(RESET)
 <LI><a href="#[3b]">TIM8_BRK_IRQHandler</a> from startup_stm32f10x_hd.o(.text) referenced from startup_stm32f10x_hd.o(RESET)
 <LI><a href="#[3e]">TIM8_CC_IRQHandler</a> from startup_stm32f10x_hd.o(.text) referenced from startup_stm32f10x_hd.o(RESET)
 <LI><a href="#[3d]">TIM8_TRG_COM_IRQHandler</a> from startup_stm32f10x_hd.o(.text) referenced from startup_stm32f10x_hd.o(RESET)
 <LI><a href="#[3c]">TIM8_UP_IRQHandler</a> from startup_stm32f10x_hd.o(.text) referenced from startup_stm32f10x_hd.o(RESET)
 <LI><a href="#[67]">Test_devSpi</a> from dev_spi.o(i.Test_devSpi) referenced from dev_spi.o(i.Dev_spi_ctor)
 <LI><a href="#[55]">Test_dev_IIC</a> from dev_iic.o(i.Test_dev_IIC) referenced from dev_iic.o(i.Dev_IIC_ctor)
 <LI><a href="#[44]">UART4_IRQHandler</a> from drive_uart.o(i.UART4_IRQHandler) referenced from startup_stm32f10x_hd.o(RESET)
 <LI><a href="#[45]">UART5_IRQHandler</a> from startup_stm32f10x_hd.o(.text) referenced from startup_stm32f10x_hd.o(RESET)
 <LI><a href="#[35]">USART1_IRQHandler</a> from drive_uart.o(i.USART1_IRQHandler) referenced from startup_stm32f10x_hd.o(RESET)
 <LI><a href="#[36]">USART2_IRQHandler</a> from drive_uart.o(i.USART2_IRQHandler) referenced from startup_stm32f10x_hd.o(RESET)
 <LI><a href="#[37]">USART3_IRQHandler</a> from drive_uart.o(i.USART3_IRQHandler) referenced from startup_stm32f10x_hd.o(RESET)
 <LI><a href="#[3a]">USBWakeUp_IRQHandler</a> from startup_stm32f10x_hd.o(.text) referenced from startup_stm32f10x_hd.o(RESET)
 <LI><a href="#[23]">USB_HP_CAN1_TX_IRQHandler</a> from startup_stm32f10x_hd.o(.text) referenced from startup_stm32f10x_hd.o(RESET)
 <LI><a href="#[24]">USB_LP_CAN1_RX0_IRQHandler</a> from startup_stm32f10x_hd.o(.text) referenced from startup_stm32f10x_hd.o(RESET)
 <LI><a href="#[93]">UartDeInit</a> from drive_uart.o(i.UartDeInit) referenced from drive_uart.o(i.driveUart_ctor)
 <LI><a href="#[96]">UartGiveBackPlayloadBuf</a> from drive_uart.o(i.UartGiveBackPlayloadBuf) referenced from drive_uart.o(i.driveUart_ctor)
 <LI><a href="#[92]">UartInit</a> from drive_uart.o(i.UartInit) referenced from drive_uart.o(i.driveUart_ctor)
 <LI><a href="#[98]">UartIoctol</a> from drive_uart.o(i.UartIoctol) referenced from drive_uart.o(i.driveUart_ctor)
 <LI><a href="#[60]">UartLedRxHdl</a> from dev_uart.o(i.UartLedRxHdl) referenced from dev_uart.o(i.Dev_Uart_open)
 <LI><a href="#[61]">UartLedTxHdl</a> from dev_uart.o(i.UartLedTxHdl) referenced from dev_uart.o(i.Dev_Uart_open)
 <LI><a href="#[5e]">UartPostRxSem</a> from dev_uart.o(i.UartPostRxSem) referenced from dev_uart.o(i.Dev_Uart_open)
 <LI><a href="#[5f]">UartPostTxSem</a> from dev_uart.o(i.UartPostTxSem) referenced from dev_uart.o(i.Dev_Uart_open)
 <LI><a href="#[94]">UartRead</a> from drive_uart.o(i.UartRead) referenced from drive_uart.o(i.driveUart_ctor)
 <LI><a href="#[9a]">UartSetIdp</a> from drive_uart.o(i.UartSetIdp) referenced from drive_uart.o(i.driveUart_ctor)
 <LI><a href="#[99]">UartSetLedHdl</a> from drive_uart.o(i.UartSetLedHdl) referenced from drive_uart.o(i.driveUart_ctor)
 <LI><a href="#[9c]">UartSetPostSem</a> from drive_uart.o(i.UartSetPostSem) referenced from drive_uart.o(i.driveUart_ctor)
 <LI><a href="#[9b]">UartSetWaitSem</a> from drive_uart.o(i.UartSetWaitSem) referenced from drive_uart.o(i.driveUart_ctor)
 <LI><a href="#[95]">UartTakeUpPlayloadBuf</a> from drive_uart.o(i.UartTakeUpPlayloadBuf) referenced from drive_uart.o(i.driveUart_ctor)
 <LI><a href="#[9d]">UartTest</a> from drive_uart.o(i.UartTest) referenced from drive_uart.o(i.driveUart_ctor)
 <LI><a href="#[5c]">UartWaitRxSem</a> from dev_uart.o(i.UartWaitRxSem) referenced from dev_uart.o(i.Dev_Uart_open)
 <LI><a href="#[5d]">UartWaitTxSem</a> from dev_uart.o(i.UartWaitTxSem) referenced from dev_uart.o(i.Dev_Uart_open)
 <LI><a href="#[97]">UartWrite</a> from drive_uart.o(i.UartWrite) referenced from drive_uart.o(i.driveUart_ctor)
 <LI><a href="#[b]">UsageFault_Handler</a> from startup_stm32f10x_hd.o(.text) referenced from startup_stm32f10x_hd.o(RESET)
 <LI><a href="#[4]">Usb_deal_fail</a> from usb.o(i.Usb_deal_fail) referenced 2 times from usb.o(.data)
 <LI><a href="#[5]">Usb_deal_identify</a> from usb.o(i.Usb_deal_identify) referenced 2 times from usb.o(.data)
 <LI><a href="#[2]">Usb_deal_insert</a> from usb.o(i.Usb_deal_insert) referenced 2 times from usb.o(.data)
 <LI><a href="#[3]">Usb_deal_remove</a> from usb.o(i.Usb_deal_remove) referenced 2 times from usb.o(.data)
 <LI><a href="#[10]">WWDG_IRQHandler</a> from startup_stm32f10x_hd.o(.text) referenced from startup_stm32f10x_hd.o(RESET)
 <LI><a href="#[65]">Write_devSpi</a> from dev_spi.o(i.Write_devSpi) referenced from dev_spi.o(i.Dev_spi_ctor)
 <LI><a href="#[53]">Write_dev_IIC</a> from dev_iic.o(i.Write_dev_IIC) referenced from dev_iic.o(i.Dev_IIC_ctor)
 <LI><a href="#[4f]">__main</a> from entry.o(.ARM.Collect$$$$00000000) referenced from startup_stm32f10x_hd.o(.text)
 <LI><a href="#[83]">_sputc</a> from printf8.o(i._sputc) referenced from printf8.o(i.__0sprintf$8)
 <LI><a href="#[82]">fputc</a> from main.o(i.fputc) referenced from printf8.o(i.__0fprintf$8)
 <LI><a href="#[b4]">main</a> from main.o(i.main) referenced from rtx_conf_cm.o(.constdata)
 <LI><a href="#[b2]">osThreadExit</a> from rt_cmsis.o(i.osThreadExit) referenced from rt_cmsis.o(i.svcThreadCreate)
 <LI><a href="#[b3]">osTimerThread</a> from rt_cmsis.o(i.osTimerThread) referenced from rtx_conf_cm.o(.constdata)
 <LI><a href="#[b1]">os_idle_demon</a> from rtx_conf_cm.o(i.os_idle_demon) referenced from rt_task.o(i.rt_sys_init)
 <LI><a href="#[4c]">rt_alloc_box</a> from rt_membox.o(i.rt_alloc_box) referenced from hal_cm3.o(.emb_text)
 <LI><a href="#[4d]">rt_free_box</a> from rt_membox.o(i.rt_free_box) referenced from hal_cm3.o(.emb_text)
 <LI><a href="#[a6]">svcDelay</a> from rt_cmsis.o(i.svcDelay) referenced from rt_cmsis.o(i.osDelay)
 <LI><a href="#[a7]">svcKernelInitialize</a> from rt_cmsis.o(i.svcKernelInitialize) referenced from rt_cmsis.o(i.osKernelInitialize)
 <LI><a href="#[a8]">svcKernelStart</a> from rt_cmsis.o(i.svcKernelStart) referenced from rt_cmsis.o(i.osKernelStart)
 <LI><a href="#[a9]">svcMessageGet</a> from rt_cmsis.o(i.svcMessageGet) referenced from rt_cmsis.o(i.osMessageGet)
 <LI><a href="#[aa]">svcSemaphoreCreate</a> from rt_cmsis.o(i.svcSemaphoreCreate) referenced from rt_cmsis.o(i.osSemaphoreCreate)
 <LI><a href="#[ab]">svcSemaphoreRelease</a> from rt_cmsis.o(i.svcSemaphoreRelease) referenced from rt_cmsis.o(i.osSemaphoreRelease)
 <LI><a href="#[ac]">svcSemaphoreWait</a> from rt_cmsis.o(i.svcSemaphoreWait) referenced from rt_cmsis.o(i.osSemaphoreWait)
 <LI><a href="#[ad]">svcThreadCreate</a> from rt_cmsis.o(i.svcThreadCreate) referenced from rt_cmsis.o(i.osThreadCreate)
 <LI><a href="#[ae]">svcThreadGetId</a> from rt_cmsis.o(i.svcThreadGetId) referenced from rt_cmsis.o(i.osThreadExit)
 <LI><a href="#[af]">svcThreadTerminate</a> from rt_cmsis.o(i.svcThreadTerminate) referenced from rt_cmsis.o(i.osThreadExit)
 <LI><a href="#[b0]">svcTimerCall</a> from rt_cmsis.o(i.svcTimerCall) referenced from rt_cmsis.o(i.osTimerCall)
</UL>
<P>
<H3>
Global Symbols
</H3>
<P><STRONG><a name="[4f]"></a>__main</STRONG> (Thumb, 0 bytes, Stack size unknown bytes, entry.o(.ARM.Collect$$$$00000000))
<BR>[Address Reference Count : 1]<UL><LI> startup_stm32f10x_hd.o(.text)
</UL>
<P><STRONG><a name="[20c]"></a>_main_stk</STRONG> (Thumb, 0 bytes, Stack size unknown bytes, entry2.o(.ARM.Collect$$$$00000001))

<P><STRONG><a name="[b5]"></a>_main_scatterload</STRONG> (Thumb, 0 bytes, Stack size unknown bytes, entry5.o(.ARM.Collect$$$$00000004))
<BR><BR>[Calls]<UL><LI><a href="#[b6]">&gt;&gt;</a>&nbsp;&nbsp;&nbsp;__scatterload
</UL>

<P><STRONG><a name="[c8]"></a>__main_after_scatterload</STRONG> (Thumb, 0 bytes, Stack size 0 bytes, entry5.o(.ARM.Collect$$$$00000004))
<BR><BR>[Called By]<UL><LI><a href="#[b6]">&gt;&gt;</a>&nbsp;&nbsp;&nbsp;__scatterload
</UL>

<P><STRONG><a name="[20d]"></a>__rt_final_cpp</STRONG> (Thumb, 0 bytes, Stack size 0 bytes, entry10a.o(.ARM.Collect$$$$0000000D))

<P><STRONG><a name="[20e]"></a>__rt_final_exit</STRONG> (Thumb, 0 bytes, Stack size 0 bytes, entry11a.o(.ARM.Collect$$$$0000000F))

<P><STRONG><a name="[20f]"></a>_main_clock</STRONG> (Thumb, 0 bytes, Stack size 0 bytes, entry7b.o(.ARM.Collect$$$$00000008))

<P><STRONG><a name="[210]"></a>_main_cpp_init</STRONG> (Thumb, 0 bytes, Stack size 0 bytes, entry8b.o(.ARM.Collect$$$$0000000A))

<P><STRONG><a name="[b7]"></a>_main_init</STRONG> (Thumb, 18 bytes, Stack size 0 bytes, rtx_conf_cm.o(.ARM.Collect$$$$000000FF))
<BR><BR>[Stack]<UL><LI>Max Depth = 80<LI>Call Chain = _main_init &rArr; osKernelInitialize &rArr; svcKernelInitialize &rArr; svcThreadCreate &rArr; rt_tsk_create &rArr; rt_init_context &rArr; rt_init_stack
</UL>
<BR>[Calls]<UL><LI><a href="#[b9]">&gt;&gt;</a>&nbsp;&nbsp;&nbsp;osThreadCreate
<LI><a href="#[ba]">&gt;&gt;</a>&nbsp;&nbsp;&nbsp;osKernelStart
<LI><a href="#[b8]">&gt;&gt;</a>&nbsp;&nbsp;&nbsp;osKernelInitialize
</UL>

<P><STRONG><a name="[211]"></a>rt_set_PSP</STRONG> (Thumb, 6 bytes, Stack size 0 bytes, hal_cm3.o(.emb_text), UNUSED)

<P><STRONG><a name="[1ff]"></a>rt_get_PSP</STRONG> (Thumb, 6 bytes, Stack size 0 bytes, hal_cm3.o(.emb_text))
<BR><BR>[Called By]<UL><LI><a href="#[1fe]">&gt;&gt;</a>&nbsp;&nbsp;&nbsp;rt_tsk_delete
</UL>

<P><STRONG><a name="[212]"></a>os_set_env</STRONG> (Thumb, 24 bytes, Stack size 0 bytes, hal_cm3.o(.emb_text), UNUSED)

<P><STRONG><a name="[213]"></a>_alloc_box</STRONG> (Thumb, 28 bytes, Stack size 0 bytes, hal_cm3.o(.emb_text), UNUSED)

<P><STRONG><a name="[214]"></a>_free_box</STRONG> (Thumb, 28 bytes, Stack size 0 bytes, hal_cm3.o(.emb_text), UNUSED)

<P><STRONG><a name="[c]"></a>SVC_Handler</STRONG> (Thumb, 108 bytes, Stack size 0 bytes, hal_cm3.o(.emb_text))
<BR><BR>[Calls]<UL><LI><a href="#[bb]">&gt;&gt;</a>&nbsp;&nbsp;&nbsp;rt_stk_check
</UL>
<BR>[Address Reference Count : 1]<UL><LI> startup_stm32f10x_hd.o(RESET)
</UL>
<P><STRONG><a name="[e]"></a>PendSV_Handler</STRONG> (Thumb, 56 bytes, Stack size 0 bytes, hal_cm3.o(.emb_text))
<BR><BR>[Stack]<UL><LI>Max Depth = 52<LI>Call Chain = PendSV_Handler &rArr; rt_pop_req &rArr; rt_mbx_psh &rArr; rt_put_prio
</UL>
<BR>[Calls]<UL><LI><a href="#[bc]">&gt;&gt;</a>&nbsp;&nbsp;&nbsp;rt_pop_req
<LI><a href="#[bb]">&gt;&gt;</a>&nbsp;&nbsp;&nbsp;rt_stk_check
</UL>
<BR>[Address Reference Count : 1]<UL><LI> startup_stm32f10x_hd.o(RESET)
</UL>
<P><STRONG><a name="[f]"></a>SysTick_Handler</STRONG> (Thumb, 8 bytes, Stack size 0 bytes, hal_cm3.o(.emb_text))
<BR><BR>[Stack]<UL><LI>Max Depth = 72<LI>Call Chain = SysTick_Handler &rArr; rt_systick &rArr; sysTimerTick &rArr; isrMessagePut &rArr; isr_mbx_send &rArr; rt_psq_enq
</UL>
<BR>[Calls]<UL><LI><a href="#[bd]">&gt;&gt;</a>&nbsp;&nbsp;&nbsp;rt_systick
</UL>
<BR>[Address Reference Count : 1]<UL><LI> startup_stm32f10x_hd.o(RESET)
</UL>
<P><STRONG><a name="[be]"></a>OS_Tick_Handler</STRONG> (Thumb, 12 bytes, Stack size 0 bytes, hal_cm3.o(.emb_text), UNUSED)
<BR><BR>[Calls]<UL><LI><a href="#[bf]">&gt;&gt;</a>&nbsp;&nbsp;&nbsp;os_tick_irqack
<LI><a href="#[bd]">&gt;&gt;</a>&nbsp;&nbsp;&nbsp;rt_systick
</UL>

<P><STRONG><a name="[6]"></a>Reset_Handler</STRONG> (Thumb, 8 bytes, Stack size 0 bytes, startup_stm32f10x_hd.o(.text))
<BR>[Address Reference Count : 1]<UL><LI> startup_stm32f10x_hd.o(RESET)
</UL>
<P><STRONG><a name="[7]"></a>NMI_Handler</STRONG> (Thumb, 2 bytes, Stack size 0 bytes, startup_stm32f10x_hd.o(.text))
<BR><BR>[Calls]<UL><LI><a href="#[7]">&gt;&gt;</a>&nbsp;&nbsp;&nbsp;NMI_Handler
</UL>
<BR>[Called By]<UL><LI><a href="#[7]">&gt;&gt;</a>&nbsp;&nbsp;&nbsp;NMI_Handler
</UL>
<BR>[Address Reference Count : 1]<UL><LI> startup_stm32f10x_hd.o(RESET)
</UL>
<P><STRONG><a name="[9]"></a>MemManage_Handler</STRONG> (Thumb, 2 bytes, Stack size 0 bytes, startup_stm32f10x_hd.o(.text))
<BR><BR>[Calls]<UL><LI><a href="#[9]">&gt;&gt;</a>&nbsp;&nbsp;&nbsp;MemManage_Handler
</UL>
<BR>[Called By]<UL><LI><a href="#[9]">&gt;&gt;</a>&nbsp;&nbsp;&nbsp;MemManage_Handler
</UL>
<BR>[Address Reference Count : 1]<UL><LI> startup_stm32f10x_hd.o(RESET)
</UL>
<P><STRONG><a name="[a]"></a>BusFault_Handler</STRONG> (Thumb, 2 bytes, Stack size 0 bytes, startup_stm32f10x_hd.o(.text))
<BR><BR>[Calls]<UL><LI><a href="#[a]">&gt;&gt;</a>&nbsp;&nbsp;&nbsp;BusFault_Handler
</UL>
<BR>[Called By]<UL><LI><a href="#[a]">&gt;&gt;</a>&nbsp;&nbsp;&nbsp;BusFault_Handler
</UL>
<BR>[Address Reference Count : 1]<UL><LI> startup_stm32f10x_hd.o(RESET)
</UL>
<P><STRONG><a name="[b]"></a>UsageFault_Handler</STRONG> (Thumb, 2 bytes, Stack size 0 bytes, startup_stm32f10x_hd.o(.text))
<BR><BR>[Calls]<UL><LI><a href="#[b]">&gt;&gt;</a>&nbsp;&nbsp;&nbsp;UsageFault_Handler
</UL>
<BR>[Called By]<UL><LI><a href="#[b]">&gt;&gt;</a>&nbsp;&nbsp;&nbsp;UsageFault_Handler
</UL>
<BR>[Address Reference Count : 1]<UL><LI> startup_stm32f10x_hd.o(RESET)
</UL>
<P><STRONG><a name="[d]"></a>DebugMon_Handler</STRONG> (Thumb, 2 bytes, Stack size 0 bytes, startup_stm32f10x_hd.o(.text))
<BR><BR>[Calls]<UL><LI><a href="#[d]">&gt;&gt;</a>&nbsp;&nbsp;&nbsp;DebugMon_Handler
</UL>
<BR>[Called By]<UL><LI><a href="#[d]">&gt;&gt;</a>&nbsp;&nbsp;&nbsp;DebugMon_Handler
</UL>
<BR>[Address Reference Count : 1]<UL><LI> startup_stm32f10x_hd.o(RESET)
</UL>
<P><STRONG><a name="[22]"></a>ADC1_2_IRQHandler</STRONG> (Thumb, 0 bytes, Stack size 0 bytes, startup_stm32f10x_hd.o(.text))
<BR><BR>[Calls]<UL><LI><a href="#[22]">&gt;&gt;</a>&nbsp;&nbsp;&nbsp;ADC1_2_IRQHandler
</UL>
<BR>[Called By]<UL><LI><a href="#[22]">&gt;&gt;</a>&nbsp;&nbsp;&nbsp;ADC1_2_IRQHandler
</UL>
<BR>[Address Reference Count : 1]<UL><LI> startup_stm32f10x_hd.o(RESET)
</UL>
<P><STRONG><a name="[3f]"></a>ADC3_IRQHandler</STRONG> (Thumb, 0 bytes, Stack size 0 bytes, startup_stm32f10x_hd.o(.text))
<BR>[Address Reference Count : 1]<UL><LI> startup_stm32f10x_hd.o(RESET)
</UL>
<P><STRONG><a name="[25]"></a>CAN1_RX1_IRQHandler</STRONG> (Thumb, 0 bytes, Stack size 0 bytes, startup_stm32f10x_hd.o(.text))
<BR>[Address Reference Count : 1]<UL><LI> startup_stm32f10x_hd.o(RESET)
</UL>
<P><STRONG><a name="[26]"></a>CAN1_SCE_IRQHandler</STRONG> (Thumb, 0 bytes, Stack size 0 bytes, startup_stm32f10x_hd.o(.text))
<BR>[Address Reference Count : 1]<UL><LI> startup_stm32f10x_hd.o(RESET)
</UL>
<P><STRONG><a name="[1b]"></a>DMA1_Channel1_IRQHandler</STRONG> (Thumb, 0 bytes, Stack size 0 bytes, startup_stm32f10x_hd.o(.text))
<BR>[Address Reference Count : 1]<UL><LI> startup_stm32f10x_hd.o(RESET)
</UL>
<P><STRONG><a name="[1d]"></a>DMA1_Channel3_IRQHandler</STRONG> (Thumb, 0 bytes, Stack size 0 bytes, startup_stm32f10x_hd.o(.text))
<BR>[Address Reference Count : 1]<UL><LI> startup_stm32f10x_hd.o(RESET)
</UL>
<P><STRONG><a name="[1f]"></a>DMA1_Channel5_IRQHandler</STRONG> (Thumb, 0 bytes, Stack size 0 bytes, startup_stm32f10x_hd.o(.text))
<BR>[Address Reference Count : 1]<UL><LI> startup_stm32f10x_hd.o(RESET)
</UL>
<P><STRONG><a name="[20]"></a>DMA1_Channel6_IRQHandler</STRONG> (Thumb, 0 bytes, Stack size 0 bytes, startup_stm32f10x_hd.o(.text))
<BR>[Address Reference Count : 1]<UL><LI> startup_stm32f10x_hd.o(RESET)
</UL>
<P><STRONG><a name="[48]"></a>DMA2_Channel1_IRQHandler</STRONG> (Thumb, 0 bytes, Stack size 0 bytes, startup_stm32f10x_hd.o(.text))
<BR>[Address Reference Count : 1]<UL><LI> startup_stm32f10x_hd.o(RESET)
</UL>
<P><STRONG><a name="[49]"></a>DMA2_Channel2_IRQHandler</STRONG> (Thumb, 0 bytes, Stack size 0 bytes, startup_stm32f10x_hd.o(.text))
<BR>[Address Reference Count : 1]<UL><LI> startup_stm32f10x_hd.o(RESET)
</UL>
<P><STRONG><a name="[4a]"></a>DMA2_Channel3_IRQHandler</STRONG> (Thumb, 0 bytes, Stack size 0 bytes, startup_stm32f10x_hd.o(.text))
<BR>[Address Reference Count : 1]<UL><LI> startup_stm32f10x_hd.o(RESET)
</UL>
<P><STRONG><a name="[14]"></a>FLASH_IRQHandler</STRONG> (Thumb, 0 bytes, Stack size 0 bytes, startup_stm32f10x_hd.o(.text))
<BR>[Address Reference Count : 1]<UL><LI> startup_stm32f10x_hd.o(RESET)
</UL>
<P><STRONG><a name="[40]"></a>FSMC_IRQHandler</STRONG> (Thumb, 0 bytes, Stack size 0 bytes, startup_stm32f10x_hd.o(.text))
<BR>[Address Reference Count : 1]<UL><LI> startup_stm32f10x_hd.o(RESET)
</UL>
<P><STRONG><a name="[30]"></a>I2C1_ER_IRQHandler</STRONG> (Thumb, 0 bytes, Stack size 0 bytes, startup_stm32f10x_hd.o(.text))
<BR>[Address Reference Count : 1]<UL><LI> startup_stm32f10x_hd.o(RESET)
</UL>
<P><STRONG><a name="[2f]"></a>I2C1_EV_IRQHandler</STRONG> (Thumb, 0 bytes, Stack size 0 bytes, startup_stm32f10x_hd.o(.text))
<BR>[Address Reference Count : 1]<UL><LI> startup_stm32f10x_hd.o(RESET)
</UL>
<P><STRONG><a name="[32]"></a>I2C2_ER_IRQHandler</STRONG> (Thumb, 0 bytes, Stack size 0 bytes, startup_stm32f10x_hd.o(.text))
<BR>[Address Reference Count : 1]<UL><LI> startup_stm32f10x_hd.o(RESET)
</UL>
<P><STRONG><a name="[31]"></a>I2C2_EV_IRQHandler</STRONG> (Thumb, 0 bytes, Stack size 0 bytes, startup_stm32f10x_hd.o(.text))
<BR>[Address Reference Count : 1]<UL><LI> startup_stm32f10x_hd.o(RESET)
</UL>
<P><STRONG><a name="[15]"></a>RCC_IRQHandler</STRONG> (Thumb, 0 bytes, Stack size 0 bytes, startup_stm32f10x_hd.o(.text))
<BR>[Address Reference Count : 1]<UL><LI> startup_stm32f10x_hd.o(RESET)
</UL>
<P><STRONG><a name="[39]"></a>RTCAlarm_IRQHandler</STRONG> (Thumb, 0 bytes, Stack size 0 bytes, startup_stm32f10x_hd.o(.text))
<BR>[Address Reference Count : 1]<UL><LI> startup_stm32f10x_hd.o(RESET)
</UL>
<P><STRONG><a name="[13]"></a>RTC_IRQHandler</STRONG> (Thumb, 0 bytes, Stack size 0 bytes, startup_stm32f10x_hd.o(.text))
<BR>[Address Reference Count : 1]<UL><LI> startup_stm32f10x_hd.o(RESET)
</UL>
<P><STRONG><a name="[41]"></a>SDIO_IRQHandler</STRONG> (Thumb, 0 bytes, Stack size 0 bytes, startup_stm32f10x_hd.o(.text))
<BR>[Address Reference Count : 1]<UL><LI> startup_stm32f10x_hd.o(RESET)
</UL>
<P><STRONG><a name="[43]"></a>SPI3_IRQHandler</STRONG> (Thumb, 0 bytes, Stack size 0 bytes, startup_stm32f10x_hd.o(.text))
<BR>[Address Reference Count : 1]<UL><LI> startup_stm32f10x_hd.o(RESET)
</UL>
<P><STRONG><a name="[12]"></a>TAMPER_IRQHandler</STRONG> (Thumb, 0 bytes, Stack size 0 bytes, startup_stm32f10x_hd.o(.text))
<BR>[Address Reference Count : 1]<UL><LI> startup_stm32f10x_hd.o(RESET)
</UL>
<P><STRONG><a name="[28]"></a>TIM1_BRK_IRQHandler</STRONG> (Thumb, 0 bytes, Stack size 0 bytes, startup_stm32f10x_hd.o(.text))
<BR>[Address Reference Count : 1]<UL><LI> startup_stm32f10x_hd.o(RESET)
</UL>
<P><STRONG><a name="[2b]"></a>TIM1_CC_IRQHandler</STRONG> (Thumb, 0 bytes, Stack size 0 bytes, startup_stm32f10x_hd.o(.text))
<BR>[Address Reference Count : 1]<UL><LI> startup_stm32f10x_hd.o(RESET)
</UL>
<P><STRONG><a name="[2a]"></a>TIM1_TRG_COM_IRQHandler</STRONG> (Thumb, 0 bytes, Stack size 0 bytes, startup_stm32f10x_hd.o(.text))
<BR>[Address Reference Count : 1]<UL><LI> startup_stm32f10x_hd.o(RESET)
</UL>
<P><STRONG><a name="[29]"></a>TIM1_UP_IRQHandler</STRONG> (Thumb, 0 bytes, Stack size 0 bytes, startup_stm32f10x_hd.o(.text))
<BR>[Address Reference Count : 1]<UL><LI> startup_stm32f10x_hd.o(RESET)
</UL>
<P><STRONG><a name="[2d]"></a>TIM3_IRQHandler</STRONG> (Thumb, 0 bytes, Stack size 0 bytes, startup_stm32f10x_hd.o(.text))
<BR>[Address Reference Count : 1]<UL><LI> startup_stm32f10x_hd.o(RESET)
</UL>
<P><STRONG><a name="[2e]"></a>TIM4_IRQHandler</STRONG> (Thumb, 0 bytes, Stack size 0 bytes, startup_stm32f10x_hd.o(.text))
<BR>[Address Reference Count : 1]<UL><LI> startup_stm32f10x_hd.o(RESET)
</UL>
<P><STRONG><a name="[42]"></a>TIM5_IRQHandler</STRONG> (Thumb, 0 bytes, Stack size 0 bytes, startup_stm32f10x_hd.o(.text))
<BR>[Address Reference Count : 1]<UL><LI> startup_stm32f10x_hd.o(RESET)
</UL>
<P><STRONG><a name="[46]"></a>TIM6_IRQHandler</STRONG> (Thumb, 0 bytes, Stack size 0 bytes, startup_stm32f10x_hd.o(.text))
<BR>[Address Reference Count : 1]<UL><LI> startup_stm32f10x_hd.o(RESET)
</UL>
<P><STRONG><a name="[47]"></a>TIM7_IRQHandler</STRONG> (Thumb, 0 bytes, Stack size 0 bytes, startup_stm32f10x_hd.o(.text))
<BR>[Address Reference Count : 1]<UL><LI> startup_stm32f10x_hd.o(RESET)
</UL>
<P><STRONG><a name="[3b]"></a>TIM8_BRK_IRQHandler</STRONG> (Thumb, 0 bytes, Stack size 0 bytes, startup_stm32f10x_hd.o(.text))
<BR>[Address Reference Count : 1]<UL><LI> startup_stm32f10x_hd.o(RESET)
</UL>
<P><STRONG><a name="[3e]"></a>TIM8_CC_IRQHandler</STRONG> (Thumb, 0 bytes, Stack size 0 bytes, startup_stm32f10x_hd.o(.text))
<BR>[Address Reference Count : 1]<UL><LI> startup_stm32f10x_hd.o(RESET)
</UL>
<P><STRONG><a name="[3d]"></a>TIM8_TRG_COM_IRQHandler</STRONG> (Thumb, 0 bytes, Stack size 0 bytes, startup_stm32f10x_hd.o(.text))
<BR>[Address Reference Count : 1]<UL><LI> startup_stm32f10x_hd.o(RESET)
</UL>
<P><STRONG><a name="[3c]"></a>TIM8_UP_IRQHandler</STRONG> (Thumb, 0 bytes, Stack size 0 bytes, startup_stm32f10x_hd.o(.text))
<BR>[Address Reference Count : 1]<UL><LI> startup_stm32f10x_hd.o(RESET)
</UL>
<P><STRONG><a name="[45]"></a>UART5_IRQHandler</STRONG> (Thumb, 0 bytes, Stack size 0 bytes, startup_stm32f10x_hd.o(.text))
<BR>[Address Reference Count : 1]<UL><LI> startup_stm32f10x_hd.o(RESET)
</UL>
<P><STRONG><a name="[3a]"></a>USBWakeUp_IRQHandler</STRONG> (Thumb, 0 bytes, Stack size 0 bytes, startup_stm32f10x_hd.o(.text))
<BR>[Address Reference Count : 1]<UL><LI> startup_stm32f10x_hd.o(RESET)
</UL>
<P><STRONG><a name="[23]"></a>USB_HP_CAN1_TX_IRQHandler</STRONG> (Thumb, 0 bytes, Stack size 0 bytes, startup_stm32f10x_hd.o(.text))
<BR>[Address Reference Count : 1]<UL><LI> startup_stm32f10x_hd.o(RESET)
</UL>
<P><STRONG><a name="[24]"></a>USB_LP_CAN1_RX0_IRQHandler</STRONG> (Thumb, 0 bytes, Stack size 0 bytes, startup_stm32f10x_hd.o(.text))
<BR>[Address Reference Count : 1]<UL><LI> startup_stm32f10x_hd.o(RESET)
</UL>
<P><STRONG><a name="[10]"></a>WWDG_IRQHandler</STRONG> (Thumb, 0 bytes, Stack size 0 bytes, startup_stm32f10x_hd.o(.text))
<BR>[Address Reference Count : 1]<UL><LI> startup_stm32f10x_hd.o(RESET)
</UL>
<P><STRONG><a name="[c0]"></a>__aeabi_uldivmod</STRONG> (Thumb, 98 bytes, Stack size 40 bytes, uldiv.o(.text), UNUSED)
<BR><BR>[Calls]<UL><LI><a href="#[c1]">&gt;&gt;</a>&nbsp;&nbsp;&nbsp;__aeabi_llsr
<LI><a href="#[c2]">&gt;&gt;</a>&nbsp;&nbsp;&nbsp;__aeabi_llsl
</UL>
<BR>[Called By]<UL><LI><a href="#[1c4]">&gt;&gt;</a>&nbsp;&nbsp;&nbsp;_printf_core
</UL>

<P><STRONG><a name="[da]"></a>__aeabi_memcpy</STRONG> (Thumb, 36 bytes, Stack size 0 bytes, memcpya.o(.text))
<BR><BR>[Called By]<UL><LI><a href="#[97]">&gt;&gt;</a>&nbsp;&nbsp;&nbsp;UartWrite
<LI><a href="#[94]">&gt;&gt;</a>&nbsp;&nbsp;&nbsp;UartRead
<LI><a href="#[d9]">&gt;&gt;</a>&nbsp;&nbsp;&nbsp;CHD_Get_code
<LI><a href="#[79]">&gt;&gt;</a>&nbsp;&nbsp;&nbsp;Mdl_setData
<LI><a href="#[78]">&gt;&gt;</a>&nbsp;&nbsp;&nbsp;Mdl_getData
<LI><a href="#[1c6]">&gt;&gt;</a>&nbsp;&nbsp;&nbsp;internal_alloc
</UL>

<P><STRONG><a name="[215]"></a>__aeabi_memcpy4</STRONG> (Thumb, 0 bytes, Stack size 0 bytes, memcpya.o(.text), UNUSED)

<P><STRONG><a name="[216]"></a>__aeabi_memcpy8</STRONG> (Thumb, 0 bytes, Stack size 0 bytes, memcpya.o(.text), UNUSED)

<P><STRONG><a name="[c4]"></a>__aeabi_memset</STRONG> (Thumb, 14 bytes, Stack size 0 bytes, memseta.o(.text))
<BR><BR>[Called By]<UL><LI><a href="#[9f]">&gt;&gt;</a>&nbsp;&nbsp;&nbsp;FM_Clear
<LI><a href="#[c5]">&gt;&gt;</a>&nbsp;&nbsp;&nbsp;_memset$wrapper
<LI><a href="#[c3]">&gt;&gt;</a>&nbsp;&nbsp;&nbsp;__aeabi_memclr
</UL>

<P><STRONG><a name="[217]"></a>__aeabi_memset4</STRONG> (Thumb, 0 bytes, Stack size 0 bytes, memseta.o(.text), UNUSED)

<P><STRONG><a name="[218]"></a>__aeabi_memset8</STRONG> (Thumb, 0 bytes, Stack size 0 bytes, memseta.o(.text), UNUSED)

<P><STRONG><a name="[c3]"></a>__aeabi_memclr</STRONG> (Thumb, 4 bytes, Stack size 0 bytes, memseta.o(.text))
<BR><BR>[Calls]<UL><LI><a href="#[c4]">&gt;&gt;</a>&nbsp;&nbsp;&nbsp;__aeabi_memset
</UL>
<BR>[Called By]<UL><LI><a href="#[1b4]">&gt;&gt;</a>&nbsp;&nbsp;&nbsp;free_playloadbuf
<LI><a href="#[94]">&gt;&gt;</a>&nbsp;&nbsp;&nbsp;UartRead
<LI><a href="#[14c]">&gt;&gt;</a>&nbsp;&nbsp;&nbsp;MdlChn_default_conf
<LI><a href="#[14b]">&gt;&gt;</a>&nbsp;&nbsp;&nbsp;MdlChn_default_alarm
</UL>

<P><STRONG><a name="[101]"></a>__aeabi_memclr4</STRONG> (Thumb, 0 bytes, Stack size 0 bytes, memseta.o(.text))
<BR><BR>[Called By]<UL><LI><a href="#[9f]">&gt;&gt;</a>&nbsp;&nbsp;&nbsp;FM_Clear
<LI><a href="#[2]">&gt;&gt;</a>&nbsp;&nbsp;&nbsp;Usb_deal_insert
<LI><a href="#[71]">&gt;&gt;</a>&nbsp;&nbsp;&nbsp;MdlChn_setData
<LI><a href="#[6f]">&gt;&gt;</a>&nbsp;&nbsp;&nbsp;MdlChn_self_check
</UL>

<P><STRONG><a name="[219]"></a>__aeabi_memclr8</STRONG> (Thumb, 0 bytes, Stack size 0 bytes, memseta.o(.text), UNUSED)

<P><STRONG><a name="[c5]"></a>_memset$wrapper</STRONG> (Thumb, 18 bytes, Stack size 8 bytes, memseta.o(.text), UNUSED)
<BR><BR>[Calls]<UL><LI><a href="#[c4]">&gt;&gt;</a>&nbsp;&nbsp;&nbsp;__aeabi_memset
</UL>

<P><STRONG><a name="[167]"></a>strcat</STRONG> (Thumb, 24 bytes, Stack size 0 bytes, strcat.o(.text))
<BR><BR>[Called By]<UL><LI><a href="#[72]">&gt;&gt;</a>&nbsp;&nbsp;&nbsp;MdlChn_to_string
</UL>

<P><STRONG><a name="[1ba]"></a>strstr</STRONG> (Thumb, 36 bytes, Stack size 12 bytes, strstr.o(.text))
<BR><BR>[Stack]<UL><LI>Max Depth = 12<LI>Call Chain = strstr
</UL>
<BR>[Called By]<UL><LI><a href="#[9d]">&gt;&gt;</a>&nbsp;&nbsp;&nbsp;UartTest
</UL>

<P><STRONG><a name="[17c]"></a>strncpy</STRONG> (Thumb, 24 bytes, Stack size 8 bytes, strncpy.o(.text))
<BR><BR>[Stack]<UL><LI>Max Depth = 8<LI>Call Chain = strncpy
</UL>
<BR>[Called By]<UL><LI><a href="#[166]">&gt;&gt;</a>&nbsp;&nbsp;&nbsp;Print_unit
</UL>

<P><STRONG><a name="[17b]"></a>strlen</STRONG> (Thumb, 14 bytes, Stack size 0 bytes, strlen.o(.text))
<BR><BR>[Called By]<UL><LI><a href="#[9d]">&gt;&gt;</a>&nbsp;&nbsp;&nbsp;UartTest
<LI><a href="#[15a]">&gt;&gt;</a>&nbsp;&nbsp;&nbsp;Print_float
</UL>

<P><STRONG><a name="[1b9]"></a>strcpy</STRONG> (Thumb, 18 bytes, Stack size 0 bytes, strcpy.o(.text))
<BR><BR>[Called By]<UL><LI><a href="#[9d]">&gt;&gt;</a>&nbsp;&nbsp;&nbsp;UartTest
</UL>

<P><STRONG><a name="[c6]"></a>calloc</STRONG> (Thumb, 28 bytes, Stack size 8 bytes, calloc.o(.text))
<BR><BR>[Stack]<UL><LI>Max Depth = 64<LI>Call Chain = calloc &rArr; malloc &rArr; internal_alloc
</UL>
<BR>[Calls]<UL><LI><a href="#[c7]">&gt;&gt;</a>&nbsp;&nbsp;&nbsp;malloc
</UL>
<BR>[Called By]<UL><LI><a href="#[154]">&gt;&gt;</a>&nbsp;&nbsp;&nbsp;Mem_calloc
<LI><a href="#[92]">&gt;&gt;</a>&nbsp;&nbsp;&nbsp;UartInit
</UL>

<P><STRONG><a name="[21a]"></a>setjmp</STRONG> (Thumb, 26 bytes, Stack size 8 bytes, setjmp.o(.text), UNUSED)

<P><STRONG><a name="[100]"></a>longjmp</STRONG> (Thumb, 36 bytes, Stack size 0 bytes, setjmp.o(.text))
<BR><BR>[Called By]<UL><LI><a href="#[fe]">&gt;&gt;</a>&nbsp;&nbsp;&nbsp;Except_raise
</UL>

<P><STRONG><a name="[c2]"></a>__aeabi_llsl</STRONG> (Thumb, 30 bytes, Stack size 0 bytes, llshl.o(.text), UNUSED)
<BR><BR>[Called By]<UL><LI><a href="#[c0]">&gt;&gt;</a>&nbsp;&nbsp;&nbsp;__aeabi_uldivmod
</UL>

<P><STRONG><a name="[21b]"></a>_ll_shift_l</STRONG> (Thumb, 0 bytes, Stack size 0 bytes, llshl.o(.text), UNUSED)

<P><STRONG><a name="[c1]"></a>__aeabi_llsr</STRONG> (Thumb, 32 bytes, Stack size 0 bytes, llushr.o(.text), UNUSED)
<BR><BR>[Called By]<UL><LI><a href="#[c0]">&gt;&gt;</a>&nbsp;&nbsp;&nbsp;__aeabi_uldivmod
</UL>

<P><STRONG><a name="[21c]"></a>_ll_ushift_r</STRONG> (Thumb, 0 bytes, Stack size 0 bytes, llushr.o(.text), UNUSED)

<P><STRONG><a name="[b6]"></a>__scatterload</STRONG> (Thumb, 28 bytes, Stack size 0 bytes, init.o(.text))
<BR><BR>[Calls]<UL><LI><a href="#[c8]">&gt;&gt;</a>&nbsp;&nbsp;&nbsp;__main_after_scatterload
</UL>
<BR>[Called By]<UL><LI><a href="#[b5]">&gt;&gt;</a>&nbsp;&nbsp;&nbsp;_main_scatterload
</UL>

<P><STRONG><a name="[21d]"></a>__scatterload_rt2</STRONG> (Thumb, 0 bytes, Stack size 0 bytes, init.o(.text), UNUSED)

<P><STRONG><a name="[21e]"></a>__decompress</STRONG> (Thumb, 0 bytes, Stack size unknown bytes, __dczerorl2.o(.text), UNUSED)

<P><STRONG><a name="[21f]"></a>__decompress1</STRONG> (Thumb, 86 bytes, Stack size unknown bytes, __dczerorl2.o(.text), UNUSED)

<P><STRONG><a name="[c9]"></a>Alloc_sem</STRONG> (Thumb, 42 bytes, Stack size 8 bytes, rtx_depend.o(i.Alloc_sem))
<BR><BR>[Stack]<UL><LI>Max Depth = 20<LI>Call Chain = Alloc_sem &rArr; Set_bit
</UL>
<BR>[Calls]<UL><LI><a href="#[cb]">&gt;&gt;</a>&nbsp;&nbsp;&nbsp;Set_bit
<LI><a href="#[ca]">&gt;&gt;</a>&nbsp;&nbsp;&nbsp;Check_bit
</UL>
<BR>[Called By]<UL><LI><a href="#[eb]">&gt;&gt;</a>&nbsp;&nbsp;&nbsp;Get_DevUart
</UL>

<P><STRONG><a name="[cc]"></a>CH376DiskMount</STRONG> (Thumb, 10 bytes, Stack size 8 bytes, ch376.o(i.CH376DiskMount))
<BR><BR>[Stack]<UL><LI>Max Depth = 64<LI>Call Chain = CH376DiskMount &rArr; CH376SendCmdWaitInt &rArr; Wait376Interrupt &rArr; CH376GetIntStatus &rArr; delay_ms
</UL>
<BR>[Calls]<UL><LI><a href="#[cd]">&gt;&gt;</a>&nbsp;&nbsp;&nbsp;CH376SendCmdWaitInt
</UL>
<BR>[Called By]<UL><LI><a href="#[2]">&gt;&gt;</a>&nbsp;&nbsp;&nbsp;Usb_deal_insert
</UL>

<P><STRONG><a name="[ce]"></a>CH376DiskQuery</STRONG> (Thumb, 260 bytes, Stack size 40 bytes, ch376.o(i.CH376DiskQuery))
<BR><BR>[Stack]<UL><LI>Max Depth = 96<LI>Call Chain = CH376DiskQuery &rArr; CH376SendCmdWaitInt &rArr; Wait376Interrupt &rArr; CH376GetIntStatus &rArr; delay_ms
</UL>
<BR>[Calls]<UL><LI><a href="#[d0]">&gt;&gt;</a>&nbsp;&nbsp;&nbsp;GPIO_SetBits
<LI><a href="#[cf]">&gt;&gt;</a>&nbsp;&nbsp;&nbsp;xWriteCH376Cmd
<LI><a href="#[cd]">&gt;&gt;</a>&nbsp;&nbsp;&nbsp;CH376SendCmdWaitInt
</UL>
<BR>[Called By]<UL><LI><a href="#[5]">&gt;&gt;</a>&nbsp;&nbsp;&nbsp;Usb_deal_identify
</UL>

<P><STRONG><a name="[d4]"></a>CH376ReadBlock</STRONG> (Thumb, 78 bytes, Stack size 24 bytes, ch376.o(i.CH376ReadBlock))
<BR><BR>[Stack]<UL><LI>Max Depth = 32<LI>Call Chain = CH376ReadBlock &rArr; xWriteCH376Cmd
</UL>
<BR>[Calls]<UL><LI><a href="#[d0]">&gt;&gt;</a>&nbsp;&nbsp;&nbsp;GPIO_SetBits
<LI><a href="#[cf]">&gt;&gt;</a>&nbsp;&nbsp;&nbsp;xWriteCH376Cmd
</UL>
<BR>[Called By]<UL><LI><a href="#[2]">&gt;&gt;</a>&nbsp;&nbsp;&nbsp;Usb_deal_insert
<LI><a href="#[130]">&gt;&gt;</a>&nbsp;&nbsp;&nbsp;IsDiskWriteProtect
</UL>

<P><STRONG><a name="[d9]"></a>CHD_Get_code</STRONG> (Thumb, 124 bytes, Stack size 40 bytes, character_database.o(i.CHD_Get_code))
<BR><BR>[Stack]<UL><LI>Max Depth = 40<LI>Call Chain = CHD_Get_code
</UL>
<BR>[Calls]<UL><LI><a href="#[da]">&gt;&gt;</a>&nbsp;&nbsp;&nbsp;__aeabi_memcpy
</UL>
<BR>[Called By]<UL><LI><a href="#[a1]">&gt;&gt;</a>&nbsp;&nbsp;&nbsp;FM_Text
</UL>

<P><STRONG><a name="[1ad]"></a>CQ_Init</STRONG> (Thumb, 10 bytes, Stack size 0 bytes, cycqueue.o(i.CQ_Init))
<BR><BR>[Called By]<UL><LI><a href="#[128]">&gt;&gt;</a>&nbsp;&nbsp;&nbsp;USB_Init
</UL>

<P><STRONG><a name="[dc]"></a>CQ_Len</STRONG> (Thumb, 16 bytes, Stack size 0 bytes, cycqueue.o(i.CQ_Len))
<BR><BR>[Called By]<UL><LI><a href="#[dd]">&gt;&gt;</a>&nbsp;&nbsp;&nbsp;CQ_Write
<LI><a href="#[db]">&gt;&gt;</a>&nbsp;&nbsp;&nbsp;CQ_Read
</UL>

<P><STRONG><a name="[db]"></a>CQ_Read</STRONG> (Thumb, 56 bytes, Stack size 16 bytes, cycqueue.o(i.CQ_Read))
<BR><BR>[Stack]<UL><LI>Max Depth = 16<LI>Call Chain = CQ_Read
</UL>
<BR>[Calls]<UL><LI><a href="#[dc]">&gt;&gt;</a>&nbsp;&nbsp;&nbsp;CQ_Len
</UL>
<BR>[Called By]<UL><LI><a href="#[1ae]">&gt;&gt;</a>&nbsp;&nbsp;&nbsp;USB_Run
</UL>

<P><STRONG><a name="[dd]"></a>CQ_Write</STRONG> (Thumb, 80 bytes, Stack size 16 bytes, cycqueue.o(i.CQ_Write))
<BR><BR>[Stack]<UL><LI>Max Depth = 16<LI>Call Chain = CQ_Write
</UL>
<BR>[Calls]<UL><LI><a href="#[dc]">&gt;&gt;</a>&nbsp;&nbsp;&nbsp;CQ_Len
</UL>
<BR>[Called By]<UL><LI><a href="#[3]">&gt;&gt;</a>&nbsp;&nbsp;&nbsp;Usb_deal_remove
<LI><a href="#[2]">&gt;&gt;</a>&nbsp;&nbsp;&nbsp;Usb_deal_insert
<LI><a href="#[5]">&gt;&gt;</a>&nbsp;&nbsp;&nbsp;Usb_deal_identify
<LI><a href="#[81]">&gt;&gt;</a>&nbsp;&nbsp;&nbsp;Deal_status
</UL>

<P><STRONG><a name="[de]"></a>Ch376DiskConnect</STRONG> (Thumb, 14 bytes, Stack size 8 bytes, ch376.o(i.Ch376DiskConnect))
<BR><BR>[Stack]<UL><LI>Max Depth = 64<LI>Call Chain = Ch376DiskConnect &rArr; CH376SendCmdWaitInt &rArr; Wait376Interrupt &rArr; CH376GetIntStatus &rArr; delay_ms
</UL>
<BR>[Calls]<UL><LI><a href="#[cd]">&gt;&gt;</a>&nbsp;&nbsp;&nbsp;CH376SendCmdWaitInt
<LI><a href="#[d3]">&gt;&gt;</a>&nbsp;&nbsp;&nbsp;CH376GetIntStatus
</UL>
<BR>[Called By]<UL><LI><a href="#[2]">&gt;&gt;</a>&nbsp;&nbsp;&nbsp;Usb_deal_insert
</UL>

<P><STRONG><a name="[d6]"></a>Ch376_enbale_Irq</STRONG> (Thumb, 38 bytes, Stack size 8 bytes, ch376.o(i.Ch376_enbale_Irq))
<BR><BR>[Stack]<UL><LI>Max Depth = 8<LI>Call Chain = Ch376_enbale_Irq
</UL>
<BR>[Called By]<UL><LI><a href="#[2]">&gt;&gt;</a>&nbsp;&nbsp;&nbsp;Usb_deal_insert
<LI><a href="#[5]">&gt;&gt;</a>&nbsp;&nbsp;&nbsp;Usb_deal_identify
<LI><a href="#[121]">&gt;&gt;</a>&nbsp;&nbsp;&nbsp;Init_Ch376
<LI><a href="#[d7]">&gt;&gt;</a>&nbsp;&nbsp;&nbsp;Wait376Interrupt
<LI><a href="#[cd]">&gt;&gt;</a>&nbsp;&nbsp;&nbsp;CH376SendCmdWaitInt
</UL>

<P><STRONG><a name="[ca]"></a>Check_bit</STRONG> (Thumb, 36 bytes, Stack size 12 bytes, bit.o(i.Check_bit))
<BR><BR>[Stack]<UL><LI>Max Depth = 12<LI>Call Chain = Check_bit
</UL>
<BR>[Called By]<UL><LI><a href="#[c9]">&gt;&gt;</a>&nbsp;&nbsp;&nbsp;Alloc_sem
</UL>

<P><STRONG><a name="[1c]"></a>DMA1_Channel2_IRQHandler</STRONG> (Thumb, 58 bytes, Stack size 16 bytes, drive_uart.o(i.DMA1_Channel2_IRQHandler))
<BR><BR>[Stack]<UL><LI>Max Depth = 36<LI>Call Chain = DMA1_Channel2_IRQHandler &rArr; USART_ITConfig
</UL>
<BR>[Calls]<UL><LI><a href="#[e3]">&gt;&gt;</a>&nbsp;&nbsp;&nbsp;USART_ITConfig
<LI><a href="#[e2]">&gt;&gt;</a>&nbsp;&nbsp;&nbsp;USART_ClearFlag
<LI><a href="#[df]">&gt;&gt;</a>&nbsp;&nbsp;&nbsp;DMA_GetITStatus
<LI><a href="#[e1]">&gt;&gt;</a>&nbsp;&nbsp;&nbsp;DMA_Cmd
<LI><a href="#[e0]">&gt;&gt;</a>&nbsp;&nbsp;&nbsp;DMA_ClearFlag
</UL>
<BR>[Address Reference Count : 1]<UL><LI> startup_stm32f10x_hd.o(RESET)
</UL>
<P><STRONG><a name="[1e]"></a>DMA1_Channel4_IRQHandler</STRONG> (Thumb, 60 bytes, Stack size 16 bytes, drive_uart.o(i.DMA1_Channel4_IRQHandler))
<BR><BR>[Stack]<UL><LI>Max Depth = 36<LI>Call Chain = DMA1_Channel4_IRQHandler &rArr; USART_ITConfig
</UL>
<BR>[Calls]<UL><LI><a href="#[e3]">&gt;&gt;</a>&nbsp;&nbsp;&nbsp;USART_ITConfig
<LI><a href="#[e2]">&gt;&gt;</a>&nbsp;&nbsp;&nbsp;USART_ClearFlag
<LI><a href="#[df]">&gt;&gt;</a>&nbsp;&nbsp;&nbsp;DMA_GetITStatus
<LI><a href="#[e1]">&gt;&gt;</a>&nbsp;&nbsp;&nbsp;DMA_Cmd
<LI><a href="#[e0]">&gt;&gt;</a>&nbsp;&nbsp;&nbsp;DMA_ClearFlag
</UL>
<BR>[Address Reference Count : 1]<UL><LI> startup_stm32f10x_hd.o(RESET)
</UL>
<P><STRONG><a name="[21]"></a>DMA1_Channel7_IRQHandler</STRONG> (Thumb, 60 bytes, Stack size 16 bytes, drive_uart.o(i.DMA1_Channel7_IRQHandler))
<BR><BR>[Stack]<UL><LI>Max Depth = 36<LI>Call Chain = DMA1_Channel7_IRQHandler &rArr; USART_ITConfig
</UL>
<BR>[Calls]<UL><LI><a href="#[e3]">&gt;&gt;</a>&nbsp;&nbsp;&nbsp;USART_ITConfig
<LI><a href="#[e2]">&gt;&gt;</a>&nbsp;&nbsp;&nbsp;USART_ClearFlag
<LI><a href="#[df]">&gt;&gt;</a>&nbsp;&nbsp;&nbsp;DMA_GetITStatus
<LI><a href="#[e1]">&gt;&gt;</a>&nbsp;&nbsp;&nbsp;DMA_Cmd
<LI><a href="#[e0]">&gt;&gt;</a>&nbsp;&nbsp;&nbsp;DMA_ClearFlag
</UL>
<BR>[Address Reference Count : 1]<UL><LI> startup_stm32f10x_hd.o(RESET)
</UL>
<P><STRONG><a name="[4b]"></a>DMA2_Channel4_5_IRQHandler</STRONG> (Thumb, 58 bytes, Stack size 16 bytes, drive_uart.o(i.DMA2_Channel4_5_IRQHandler))
<BR><BR>[Stack]<UL><LI>Max Depth = 36<LI>Call Chain = DMA2_Channel4_5_IRQHandler &rArr; USART_ITConfig
</UL>
<BR>[Calls]<UL><LI><a href="#[e3]">&gt;&gt;</a>&nbsp;&nbsp;&nbsp;USART_ITConfig
<LI><a href="#[e2]">&gt;&gt;</a>&nbsp;&nbsp;&nbsp;USART_ClearFlag
<LI><a href="#[df]">&gt;&gt;</a>&nbsp;&nbsp;&nbsp;DMA_GetITStatus
<LI><a href="#[e1]">&gt;&gt;</a>&nbsp;&nbsp;&nbsp;DMA_Cmd
<LI><a href="#[e0]">&gt;&gt;</a>&nbsp;&nbsp;&nbsp;DMA_ClearFlag
</UL>
<BR>[Address Reference Count : 1]<UL><LI> startup_stm32f10x_hd.o(RESET)
</UL>
<P><STRONG><a name="[e0]"></a>DMA_ClearFlag</STRONG> (Thumb, 18 bytes, Stack size 0 bytes, stm32f10x_dma.o(i.DMA_ClearFlag))
<BR><BR>[Called By]<UL><LI><a href="#[1ab]">&gt;&gt;</a>&nbsp;&nbsp;&nbsp;Usart_irq
<LI><a href="#[4b]">&gt;&gt;</a>&nbsp;&nbsp;&nbsp;DMA2_Channel4_5_IRQHandler
<LI><a href="#[21]">&gt;&gt;</a>&nbsp;&nbsp;&nbsp;DMA1_Channel7_IRQHandler
<LI><a href="#[1e]">&gt;&gt;</a>&nbsp;&nbsp;&nbsp;DMA1_Channel4_IRQHandler
<LI><a href="#[1c]">&gt;&gt;</a>&nbsp;&nbsp;&nbsp;DMA1_Channel2_IRQHandler
<LI><a href="#[1af]">&gt;&gt;</a>&nbsp;&nbsp;&nbsp;UartDma_Init
</UL>

<P><STRONG><a name="[e1]"></a>DMA_Cmd</STRONG> (Thumb, 24 bytes, Stack size 0 bytes, stm32f10x_dma.o(i.DMA_Cmd))
<BR><BR>[Called By]<UL><LI><a href="#[1ab]">&gt;&gt;</a>&nbsp;&nbsp;&nbsp;Usart_irq
<LI><a href="#[4b]">&gt;&gt;</a>&nbsp;&nbsp;&nbsp;DMA2_Channel4_5_IRQHandler
<LI><a href="#[21]">&gt;&gt;</a>&nbsp;&nbsp;&nbsp;DMA1_Channel7_IRQHandler
<LI><a href="#[1e]">&gt;&gt;</a>&nbsp;&nbsp;&nbsp;DMA1_Channel4_IRQHandler
<LI><a href="#[1c]">&gt;&gt;</a>&nbsp;&nbsp;&nbsp;DMA1_Channel2_IRQHandler
<LI><a href="#[97]">&gt;&gt;</a>&nbsp;&nbsp;&nbsp;UartWrite
<LI><a href="#[1af]">&gt;&gt;</a>&nbsp;&nbsp;&nbsp;UartDma_Init
</UL>

<P><STRONG><a name="[1b0]"></a>DMA_DeInit</STRONG> (Thumb, 324 bytes, Stack size 0 bytes, stm32f10x_dma.o(i.DMA_DeInit))
<BR><BR>[Called By]<UL><LI><a href="#[1af]">&gt;&gt;</a>&nbsp;&nbsp;&nbsp;UartDma_Init
</UL>

<P><STRONG><a name="[1be]"></a>DMA_GetCurrDataCounter</STRONG> (Thumb, 8 bytes, Stack size 0 bytes, stm32f10x_dma.o(i.DMA_GetCurrDataCounter))
<BR><BR>[Called By]<UL><LI><a href="#[1ab]">&gt;&gt;</a>&nbsp;&nbsp;&nbsp;Usart_irq
</UL>

<P><STRONG><a name="[df]"></a>DMA_GetITStatus</STRONG> (Thumb, 36 bytes, Stack size 0 bytes, stm32f10x_dma.o(i.DMA_GetITStatus))
<BR><BR>[Called By]<UL><LI><a href="#[4b]">&gt;&gt;</a>&nbsp;&nbsp;&nbsp;DMA2_Channel4_5_IRQHandler
<LI><a href="#[21]">&gt;&gt;</a>&nbsp;&nbsp;&nbsp;DMA1_Channel7_IRQHandler
<LI><a href="#[1e]">&gt;&gt;</a>&nbsp;&nbsp;&nbsp;DMA1_Channel4_IRQHandler
<LI><a href="#[1c]">&gt;&gt;</a>&nbsp;&nbsp;&nbsp;DMA1_Channel2_IRQHandler
</UL>

<P><STRONG><a name="[1b2]"></a>DMA_ITConfig</STRONG> (Thumb, 18 bytes, Stack size 0 bytes, stm32f10x_dma.o(i.DMA_ITConfig))
<BR><BR>[Called By]<UL><LI><a href="#[1af]">&gt;&gt;</a>&nbsp;&nbsp;&nbsp;UartDma_Init
</UL>

<P><STRONG><a name="[1b1]"></a>DMA_Init</STRONG> (Thumb, 60 bytes, Stack size 8 bytes, stm32f10x_dma.o(i.DMA_Init))
<BR><BR>[Stack]<UL><LI>Max Depth = 8<LI>Call Chain = DMA_Init
</UL>
<BR>[Called By]<UL><LI><a href="#[1af]">&gt;&gt;</a>&nbsp;&nbsp;&nbsp;UartDma_Init
</UL>

<P><STRONG><a name="[e4]"></a>DRI_Uart_Change_baud</STRONG> (Thumb, 48 bytes, Stack size 16 bytes, drive_uart.o(i.DRI_Uart_Change_baud))
<BR><BR>[Stack]<UL><LI>Max Depth = 84<LI>Call Chain = DRI_Uart_Change_baud &rArr; USART_Init &rArr; RCC_GetClocksFreq
</UL>
<BR>[Calls]<UL><LI><a href="#[e7]">&gt;&gt;</a>&nbsp;&nbsp;&nbsp;USART_Init
<LI><a href="#[e6]">&gt;&gt;</a>&nbsp;&nbsp;&nbsp;USART_DeInit
<LI><a href="#[e5]">&gt;&gt;</a>&nbsp;&nbsp;&nbsp;USART_Cmd
</UL>
<BR>[Called By]<UL><LI><a href="#[5a]">&gt;&gt;</a>&nbsp;&nbsp;&nbsp;Dev_Uart_ioctol
</UL>

<P><STRONG><a name="[ea]"></a>DevChar_open</STRONG> (Thumb, 108 bytes, Stack size 24 bytes, dev_char.o(i.DevChar_open))
<BR><BR>[Stack]<UL><LI>Max Depth = 104<LI>Call Chain = DevChar_open &rArr; Get_Dev_IIC &rArr; Dev_IIC_new &rArr; malloc &rArr; internal_alloc
</UL>
<BR>[Calls]<UL><LI><a href="#[ee]">&gt;&gt;</a>&nbsp;&nbsp;&nbsp;Get_Dev_IIC
<LI><a href="#[eb]">&gt;&gt;</a>&nbsp;&nbsp;&nbsp;Get_DevUart
<LI><a href="#[ed]">&gt;&gt;</a>&nbsp;&nbsp;&nbsp;Get_DevSpi
<LI><a href="#[ec]">&gt;&gt;</a>&nbsp;&nbsp;&nbsp;Get_DevGpio
</UL>
<BR>[Called By]<UL><LI><a href="#[f4]">&gt;&gt;</a>&nbsp;&nbsp;&nbsp;Dev_open
</UL>

<P><STRONG><a name="[f0]"></a>Dev_IIC_ctor</STRONG> (Thumb, 26 bytes, Stack size 0 bytes, dev_iic.o(i.Dev_IIC_ctor))
<BR><BR>[Called By]<UL><LI><a href="#[ef]">&gt;&gt;</a>&nbsp;&nbsp;&nbsp;Dev_IIC_new
</UL>

<P><STRONG><a name="[ef]"></a>Dev_IIC_new</STRONG> (Thumb, 26 bytes, Stack size 8 bytes, dev_iic.o(i.Dev_IIC_new))
<BR><BR>[Stack]<UL><LI>Max Depth = 64<LI>Call Chain = Dev_IIC_new &rArr; malloc &rArr; internal_alloc
</UL>
<BR>[Calls]<UL><LI><a href="#[f0]">&gt;&gt;</a>&nbsp;&nbsp;&nbsp;Dev_IIC_ctor
<LI><a href="#[c7]">&gt;&gt;</a>&nbsp;&nbsp;&nbsp;malloc
</UL>
<BR>[Called By]<UL><LI><a href="#[ee]">&gt;&gt;</a>&nbsp;&nbsp;&nbsp;Get_Dev_IIC
</UL>

<P><STRONG><a name="[f6]"></a>Dev_MAJORID</STRONG> (Thumb, 10 bytes, Stack size 0 bytes, device.o(i.Dev_MAJORID))
<BR><BR>[Called By]<UL><LI><a href="#[f4]">&gt;&gt;</a>&nbsp;&nbsp;&nbsp;Dev_open
</UL>

<P><STRONG><a name="[f7]"></a>Dev_MINORID</STRONG> (Thumb, 8 bytes, Stack size 0 bytes, device.o(i.Dev_MINORID))
<BR><BR>[Called By]<UL><LI><a href="#[f4]">&gt;&gt;</a>&nbsp;&nbsp;&nbsp;Dev_open
</UL>

<P><STRONG><a name="[f5]"></a>Dev_TYPE</STRONG> (Thumb, 10 bytes, Stack size 0 bytes, device.o(i.Dev_TYPE))
<BR><BR>[Called By]<UL><LI><a href="#[f4]">&gt;&gt;</a>&nbsp;&nbsp;&nbsp;Dev_open
</UL>

<P><STRONG><a name="[57]"></a>Dev_Uart_close</STRONG> (Thumb, 46 bytes, Stack size 24 bytes, dev_uart.o(i.Dev_Uart_close))
<BR><BR>[Stack]<UL><LI>Max Depth = 36<LI>Call Chain = Dev_Uart_close &rArr; free
</UL>
<BR>[Calls]<UL><LI><a href="#[f1]">&gt;&gt;</a>&nbsp;&nbsp;&nbsp;free
</UL>
<BR>[Address Reference Count : 1]<UL><LI> dev_uart.o(i.Dev_Uart_ctor)
</UL>
<P><STRONG><a name="[f3]"></a>Dev_Uart_ctor</STRONG> (Thumb, 26 bytes, Stack size 0 bytes, dev_uart.o(i.Dev_Uart_ctor))
<BR><BR>[Called By]<UL><LI><a href="#[f2]">&gt;&gt;</a>&nbsp;&nbsp;&nbsp;Dev_Uart_new
</UL>

<P><STRONG><a name="[5a]"></a>Dev_Uart_ioctol</STRONG> (Thumb, 300 bytes, Stack size 56 bytes, dev_uart.o(i.Dev_Uart_ioctol))
<BR><BR>[Stack]<UL><LI>Max Depth = 140<LI>Call Chain = Dev_Uart_ioctol &rArr; DRI_Uart_Change_baud &rArr; USART_Init &rArr; RCC_GetClocksFreq
</UL>
<BR>[Calls]<UL><LI><a href="#[e4]">&gt;&gt;</a>&nbsp;&nbsp;&nbsp;DRI_Uart_Change_baud
</UL>
<BR>[Address Reference Count : 1]<UL><LI> dev_uart.o(i.Dev_Uart_ctor)
</UL>
<P><STRONG><a name="[f2]"></a>Dev_Uart_new</STRONG> (Thumb, 26 bytes, Stack size 8 bytes, dev_uart.o(i.Dev_Uart_new))
<BR><BR>[Stack]<UL><LI>Max Depth = 64<LI>Call Chain = Dev_Uart_new &rArr; malloc &rArr; internal_alloc
</UL>
<BR>[Calls]<UL><LI><a href="#[f3]">&gt;&gt;</a>&nbsp;&nbsp;&nbsp;Dev_Uart_ctor
<LI><a href="#[c7]">&gt;&gt;</a>&nbsp;&nbsp;&nbsp;malloc
</UL>
<BR>[Called By]<UL><LI><a href="#[eb]">&gt;&gt;</a>&nbsp;&nbsp;&nbsp;Get_DevUart
</UL>

<P><STRONG><a name="[56]"></a>Dev_Uart_open</STRONG> (Thumb, 130 bytes, Stack size 24 bytes, dev_uart.o(i.Dev_Uart_open))
<BR><BR>[Stack]<UL><LI>Max Depth = 36<LI>Call Chain = Dev_Uart_open &rArr; free
</UL>
<BR>[Calls]<UL><LI><a href="#[f1]">&gt;&gt;</a>&nbsp;&nbsp;&nbsp;free
</UL>
<BR>[Address Reference Count : 1]<UL><LI> dev_uart.o(i.Dev_Uart_ctor)
</UL>
<P><STRONG><a name="[58]"></a>Dev_Uart_read</STRONG> (Thumb, 30 bytes, Stack size 24 bytes, dev_uart.o(i.Dev_Uart_read))
<BR><BR>[Stack]<UL><LI>Max Depth = 24<LI>Call Chain = Dev_Uart_read
</UL>
<BR>[Address Reference Count : 1]<UL><LI> dev_uart.o(i.Dev_Uart_ctor)
</UL>
<P><STRONG><a name="[5b]"></a>Dev_Uart_test</STRONG> (Thumb, 32 bytes, Stack size 24 bytes, dev_uart.o(i.Dev_Uart_test))
<BR><BR>[Stack]<UL><LI>Max Depth = 24<LI>Call Chain = Dev_Uart_test
</UL>
<BR>[Address Reference Count : 1]<UL><LI> dev_uart.o(i.Dev_Uart_ctor)
</UL>
<P><STRONG><a name="[59]"></a>Dev_Uart_write</STRONG> (Thumb, 40 bytes, Stack size 32 bytes, dev_uart.o(i.Dev_Uart_write))
<BR><BR>[Stack]<UL><LI>Max Depth = 32<LI>Call Chain = Dev_Uart_write
</UL>
<BR>[Address Reference Count : 1]<UL><LI> dev_uart.o(i.Dev_Uart_ctor)
</UL>
<P><STRONG><a name="[f4]"></a>Dev_open</STRONG> (Thumb, 88 bytes, Stack size 32 bytes, device.o(i.Dev_open))
<BR><BR>[Stack]<UL><LI>Max Depth = 136<LI>Call Chain = Dev_open &rArr; DevChar_open &rArr; Get_Dev_IIC &rArr; Dev_IIC_new &rArr; malloc &rArr; internal_alloc
</UL>
<BR>[Calls]<UL><LI><a href="#[f8]">&gt;&gt;</a>&nbsp;&nbsp;&nbsp;Open_dev_lcd
<LI><a href="#[ea]">&gt;&gt;</a>&nbsp;&nbsp;&nbsp;DevChar_open
<LI><a href="#[f5]">&gt;&gt;</a>&nbsp;&nbsp;&nbsp;Dev_TYPE
<LI><a href="#[f7]">&gt;&gt;</a>&nbsp;&nbsp;&nbsp;Dev_MINORID
<LI><a href="#[f6]">&gt;&gt;</a>&nbsp;&nbsp;&nbsp;Dev_MAJORID
</UL>
<BR>[Called By]<UL><LI><a href="#[131]">&gt;&gt;</a>&nbsp;&nbsp;&nbsp;LCD_Run
<LI><a href="#[126]">&gt;&gt;</a>&nbsp;&nbsp;&nbsp;Init_LCD
<LI><a href="#[121]">&gt;&gt;</a>&nbsp;&nbsp;&nbsp;Init_Ch376
<LI><a href="#[71]">&gt;&gt;</a>&nbsp;&nbsp;&nbsp;MdlChn_setData
<LI><a href="#[6f]">&gt;&gt;</a>&nbsp;&nbsp;&nbsp;MdlChn_self_check
<LI><a href="#[6e]">&gt;&gt;</a>&nbsp;&nbsp;&nbsp;MdlChn_run
<LI><a href="#[6d]">&gt;&gt;</a>&nbsp;&nbsp;&nbsp;MdlChn_init
<LI><a href="#[70]">&gt;&gt;</a>&nbsp;&nbsp;&nbsp;MdlChn_getData
<LI><a href="#[1aa]">&gt;&gt;</a>&nbsp;&nbsp;&nbsp;Test_lcd
</UL>

<P><STRONG><a name="[fa]"></a>Dev_spi_ctor</STRONG> (Thumb, 26 bytes, Stack size 0 bytes, dev_spi.o(i.Dev_spi_ctor))
<BR><BR>[Called By]<UL><LI><a href="#[f9]">&gt;&gt;</a>&nbsp;&nbsp;&nbsp;Dev_spi_new
</UL>

<P><STRONG><a name="[f9]"></a>Dev_spi_new</STRONG> (Thumb, 26 bytes, Stack size 8 bytes, dev_spi.o(i.Dev_spi_new))
<BR><BR>[Stack]<UL><LI>Max Depth = 64<LI>Call Chain = Dev_spi_new &rArr; malloc &rArr; internal_alloc
</UL>
<BR>[Calls]<UL><LI><a href="#[fa]">&gt;&gt;</a>&nbsp;&nbsp;&nbsp;Dev_spi_ctor
<LI><a href="#[c7]">&gt;&gt;</a>&nbsp;&nbsp;&nbsp;malloc
</UL>
<BR>[Called By]<UL><LI><a href="#[ed]">&gt;&gt;</a>&nbsp;&nbsp;&nbsp;Get_DevSpi
</UL>

<P><STRONG><a name="[16]"></a>EXTI0_IRQHandler</STRONG> (Thumb, 18 bytes, Stack size 8 bytes, drive_gpio.o(i.EXTI0_IRQHandler))
<BR><BR>[Stack]<UL><LI>Max Depth = 24<LI>Call Chain = EXTI0_IRQHandler &rArr; ExtiIrq
</UL>
<BR>[Calls]<UL><LI><a href="#[fc]">&gt;&gt;</a>&nbsp;&nbsp;&nbsp;EXTI_ClearITPendingBit
<LI><a href="#[fb]">&gt;&gt;</a>&nbsp;&nbsp;&nbsp;ExtiIrq
</UL>
<BR>[Address Reference Count : 1]<UL><LI> startup_stm32f10x_hd.o(RESET)
</UL>
<P><STRONG><a name="[38]"></a>EXTI15_10_IRQHandler</STRONG> (Thumb, 160 bytes, Stack size 8 bytes, drive_gpio.o(i.EXTI15_10_IRQHandler))
<BR><BR>[Stack]<UL><LI>Max Depth = 24<LI>Call Chain = EXTI15_10_IRQHandler &rArr; ExtiIrq
</UL>
<BR>[Calls]<UL><LI><a href="#[fc]">&gt;&gt;</a>&nbsp;&nbsp;&nbsp;EXTI_ClearITPendingBit
<LI><a href="#[fd]">&gt;&gt;</a>&nbsp;&nbsp;&nbsp;EXTI_GetITStatus
<LI><a href="#[fb]">&gt;&gt;</a>&nbsp;&nbsp;&nbsp;ExtiIrq
</UL>
<BR>[Address Reference Count : 1]<UL><LI> startup_stm32f10x_hd.o(RESET)
</UL>
<P><STRONG><a name="[17]"></a>EXTI1_IRQHandler</STRONG> (Thumb, 18 bytes, Stack size 8 bytes, drive_gpio.o(i.EXTI1_IRQHandler))
<BR><BR>[Stack]<UL><LI>Max Depth = 24<LI>Call Chain = EXTI1_IRQHandler &rArr; ExtiIrq
</UL>
<BR>[Calls]<UL><LI><a href="#[fc]">&gt;&gt;</a>&nbsp;&nbsp;&nbsp;EXTI_ClearITPendingBit
<LI><a href="#[fb]">&gt;&gt;</a>&nbsp;&nbsp;&nbsp;ExtiIrq
</UL>
<BR>[Address Reference Count : 1]<UL><LI> startup_stm32f10x_hd.o(RESET)
</UL>
<P><STRONG><a name="[18]"></a>EXTI2_IRQHandler</STRONG> (Thumb, 18 bytes, Stack size 8 bytes, drive_gpio.o(i.EXTI2_IRQHandler))
<BR><BR>[Stack]<UL><LI>Max Depth = 24<LI>Call Chain = EXTI2_IRQHandler &rArr; ExtiIrq
</UL>
<BR>[Calls]<UL><LI><a href="#[fc]">&gt;&gt;</a>&nbsp;&nbsp;&nbsp;EXTI_ClearITPendingBit
<LI><a href="#[fb]">&gt;&gt;</a>&nbsp;&nbsp;&nbsp;ExtiIrq
</UL>
<BR>[Address Reference Count : 1]<UL><LI> startup_stm32f10x_hd.o(RESET)
</UL>
<P><STRONG><a name="[19]"></a>EXTI3_IRQHandler</STRONG> (Thumb, 18 bytes, Stack size 8 bytes, drive_gpio.o(i.EXTI3_IRQHandler))
<BR><BR>[Stack]<UL><LI>Max Depth = 24<LI>Call Chain = EXTI3_IRQHandler &rArr; ExtiIrq
</UL>
<BR>[Calls]<UL><LI><a href="#[fc]">&gt;&gt;</a>&nbsp;&nbsp;&nbsp;EXTI_ClearITPendingBit
<LI><a href="#[fb]">&gt;&gt;</a>&nbsp;&nbsp;&nbsp;ExtiIrq
</UL>
<BR>[Address Reference Count : 1]<UL><LI> startup_stm32f10x_hd.o(RESET)
</UL>
<P><STRONG><a name="[1a]"></a>EXTI4_IRQHandler</STRONG> (Thumb, 18 bytes, Stack size 8 bytes, drive_gpio.o(i.EXTI4_IRQHandler))
<BR><BR>[Stack]<UL><LI>Max Depth = 24<LI>Call Chain = EXTI4_IRQHandler &rArr; ExtiIrq
</UL>
<BR>[Calls]<UL><LI><a href="#[fc]">&gt;&gt;</a>&nbsp;&nbsp;&nbsp;EXTI_ClearITPendingBit
<LI><a href="#[fb]">&gt;&gt;</a>&nbsp;&nbsp;&nbsp;ExtiIrq
</UL>
<BR>[Address Reference Count : 1]<UL><LI> startup_stm32f10x_hd.o(RESET)
</UL>
<P><STRONG><a name="[27]"></a>EXTI9_5_IRQHandler</STRONG> (Thumb, 122 bytes, Stack size 8 bytes, drive_gpio.o(i.EXTI9_5_IRQHandler))
<BR><BR>[Stack]<UL><LI>Max Depth = 24<LI>Call Chain = EXTI9_5_IRQHandler &rArr; ExtiIrq
</UL>
<BR>[Calls]<UL><LI><a href="#[fc]">&gt;&gt;</a>&nbsp;&nbsp;&nbsp;EXTI_ClearITPendingBit
<LI><a href="#[fd]">&gt;&gt;</a>&nbsp;&nbsp;&nbsp;EXTI_GetITStatus
<LI><a href="#[fb]">&gt;&gt;</a>&nbsp;&nbsp;&nbsp;ExtiIrq
</UL>
<BR>[Address Reference Count : 1]<UL><LI> startup_stm32f10x_hd.o(RESET)
</UL>
<P><STRONG><a name="[fc]"></a>EXTI_ClearITPendingBit</STRONG> (Thumb, 6 bytes, Stack size 0 bytes, stm32f10x_exti.o(i.EXTI_ClearITPendingBit))
<BR><BR>[Called By]<UL><LI><a href="#[11]">&gt;&gt;</a>&nbsp;&nbsp;&nbsp;PVD_IRQHandler
<LI><a href="#[175]">&gt;&gt;</a>&nbsp;&nbsp;&nbsp;PVD_Init
<LI><a href="#[27]">&gt;&gt;</a>&nbsp;&nbsp;&nbsp;EXTI9_5_IRQHandler
<LI><a href="#[1a]">&gt;&gt;</a>&nbsp;&nbsp;&nbsp;EXTI4_IRQHandler
<LI><a href="#[19]">&gt;&gt;</a>&nbsp;&nbsp;&nbsp;EXTI3_IRQHandler
<LI><a href="#[18]">&gt;&gt;</a>&nbsp;&nbsp;&nbsp;EXTI2_IRQHandler
<LI><a href="#[17]">&gt;&gt;</a>&nbsp;&nbsp;&nbsp;EXTI1_IRQHandler
<LI><a href="#[38]">&gt;&gt;</a>&nbsp;&nbsp;&nbsp;EXTI15_10_IRQHandler
<LI><a href="#[16]">&gt;&gt;</a>&nbsp;&nbsp;&nbsp;EXTI0_IRQHandler
<LI><a href="#[90]">&gt;&gt;</a>&nbsp;&nbsp;&nbsp;Gpio_control_irq
<LI><a href="#[8a]">&gt;&gt;</a>&nbsp;&nbsp;&nbsp;GpioInit
</UL>

<P><STRONG><a name="[176]"></a>EXTI_DeInit</STRONG> (Thumb, 28 bytes, Stack size 0 bytes, stm32f10x_exti.o(i.EXTI_DeInit))
<BR><BR>[Called By]<UL><LI><a href="#[175]">&gt;&gt;</a>&nbsp;&nbsp;&nbsp;PVD_Init
</UL>

<P><STRONG><a name="[fd]"></a>EXTI_GetITStatus</STRONG> (Thumb, 34 bytes, Stack size 0 bytes, stm32f10x_exti.o(i.EXTI_GetITStatus))
<BR><BR>[Called By]<UL><LI><a href="#[27]">&gt;&gt;</a>&nbsp;&nbsp;&nbsp;EXTI9_5_IRQHandler
<LI><a href="#[38]">&gt;&gt;</a>&nbsp;&nbsp;&nbsp;EXTI15_10_IRQHandler
</UL>

<P><STRONG><a name="[118]"></a>EXTI_Init</STRONG> (Thumb, 142 bytes, Stack size 0 bytes, stm32f10x_exti.o(i.EXTI_Init))
<BR><BR>[Called By]<UL><LI><a href="#[175]">&gt;&gt;</a>&nbsp;&nbsp;&nbsp;PVD_Init
<LI><a href="#[90]">&gt;&gt;</a>&nbsp;&nbsp;&nbsp;Gpio_control_irq
<LI><a href="#[8a]">&gt;&gt;</a>&nbsp;&nbsp;&nbsp;GpioInit
</UL>

<P><STRONG><a name="[116]"></a>EXTI_StructInit</STRONG> (Thumb, 16 bytes, Stack size 0 bytes, stm32f10x_exti.o(i.EXTI_StructInit))
<BR><BR>[Called By]<UL><LI><a href="#[175]">&gt;&gt;</a>&nbsp;&nbsp;&nbsp;PVD_Init
<LI><a href="#[8a]">&gt;&gt;</a>&nbsp;&nbsp;&nbsp;GpioInit
</UL>

<P><STRONG><a name="[fe]"></a>Except_raise</STRONG> (Thumb, 128 bytes, Stack size 0 bytes, except.o(i.Except_raise))
<BR><BR>[Stack]<UL><LI>Max Depth = 24 + In Cycle
<LI>Call Chain = Except_raise &rArr;  Except_raise (Cycle)
</UL>
<BR>[Calls]<UL><LI><a href="#[100]">&gt;&gt;</a>&nbsp;&nbsp;&nbsp;longjmp
<LI><a href="#[fe]">&gt;&gt;</a>&nbsp;&nbsp;&nbsp;Except_raise
<LI><a href="#[ff]">&gt;&gt;</a>&nbsp;&nbsp;&nbsp;__2fprintf
</UL>
<BR>[Called By]<UL><LI><a href="#[154]">&gt;&gt;</a>&nbsp;&nbsp;&nbsp;Mem_calloc
<LI><a href="#[143]">&gt;&gt;</a>&nbsp;&nbsp;&nbsp;Mem_alloc
<LI><a href="#[141]">&gt;&gt;</a>&nbsp;&nbsp;&nbsp;List_map
<LI><a href="#[fe]">&gt;&gt;</a>&nbsp;&nbsp;&nbsp;Except_raise
</UL>

<P><STRONG><a name="[117]"></a>GPIO_EXTILineConfig</STRONG> (Thumb, 60 bytes, Stack size 12 bytes, stm32f10x_gpio.o(i.GPIO_EXTILineConfig))
<BR><BR>[Stack]<UL><LI>Max Depth = 12<LI>Call Chain = GPIO_EXTILineConfig
</UL>
<BR>[Called By]<UL><LI><a href="#[90]">&gt;&gt;</a>&nbsp;&nbsp;&nbsp;Gpio_control_irq
<LI><a href="#[8a]">&gt;&gt;</a>&nbsp;&nbsp;&nbsp;GpioInit
</UL>

<P><STRONG><a name="[13e]"></a>GPIO_Init</STRONG> (Thumb, 278 bytes, Stack size 24 bytes, stm32f10x_gpio.o(i.GPIO_Init))
<BR><BR>[Stack]<UL><LI>Max Depth = 24<LI>Call Chain = GPIO_Init
</UL>
<BR>[Called By]<UL><LI><a href="#[179]">&gt;&gt;</a>&nbsp;&nbsp;&nbsp;Pin_init
<LI><a href="#[13c]">&gt;&gt;</a>&nbsp;&nbsp;&nbsp;LHI_Set_parallel_direction
</UL>

<P><STRONG><a name="[13a]"></a>GPIO_ReadInputData</STRONG> (Thumb, 8 bytes, Stack size 0 bytes, stm32f10x_gpio.o(i.GPIO_ReadInputData))
<BR><BR>[Called By]<UL><LI><a href="#[139]">&gt;&gt;</a>&nbsp;&nbsp;&nbsp;LHI_RX_byte
</UL>

<P><STRONG><a name="[119]"></a>GPIO_ReadInputDataBit</STRONG> (Thumb, 18 bytes, Stack size 0 bytes, stm32f10x_gpio.o(i.GPIO_ReadInputDataBit))
<BR><BR>[Called By]<UL><LI><a href="#[8c]">&gt;&gt;</a>&nbsp;&nbsp;&nbsp;GpioRead
</UL>

<P><STRONG><a name="[13f]"></a>GPIO_ReadOutputData</STRONG> (Thumb, 8 bytes, Stack size 0 bytes, stm32f10x_gpio.o(i.GPIO_ReadOutputData))
<BR><BR>[Called By]<UL><LI><a href="#[13d]">&gt;&gt;</a>&nbsp;&nbsp;&nbsp;LHI_TX_byte
</UL>

<P><STRONG><a name="[102]"></a>GPIO_ResetBits</STRONG> (Thumb, 4 bytes, Stack size 0 bytes, stm32f10x_gpio.o(i.GPIO_ResetBits))
<BR><BR>[Called By]<UL><LI><a href="#[98]">&gt;&gt;</a>&nbsp;&nbsp;&nbsp;UartIoctol
<LI><a href="#[13b]">&gt;&gt;</a>&nbsp;&nbsp;&nbsp;LHI_Read_status
<LI><a href="#[138]">&gt;&gt;</a>&nbsp;&nbsp;&nbsp;LHI_Lcd_E_edge
<LI><a href="#[104]">&gt;&gt;</a>&nbsp;&nbsp;&nbsp;LHI_Write_vram
<LI><a href="#[103]">&gt;&gt;</a>&nbsp;&nbsp;&nbsp;LHI_Send_cmd
<LI><a href="#[10b]">&gt;&gt;</a>&nbsp;&nbsp;&nbsp;LHI_Reset_lcd
<LI><a href="#[a0]">&gt;&gt;</a>&nbsp;&nbsp;&nbsp;FM_Switch
<LI><a href="#[109]">&gt;&gt;</a>&nbsp;&nbsp;&nbsp;FM_Set_vxy
<LI><a href="#[9e]">&gt;&gt;</a>&nbsp;&nbsp;&nbsp;FM_Init
<LI><a href="#[9f]">&gt;&gt;</a>&nbsp;&nbsp;&nbsp;FM_Clear
<LI><a href="#[17a]">&gt;&gt;</a>&nbsp;&nbsp;&nbsp;Power_Ch376
<LI><a href="#[11a]">&gt;&gt;</a>&nbsp;&nbsp;&nbsp;HRst_Ch376
<LI><a href="#[cf]">&gt;&gt;</a>&nbsp;&nbsp;&nbsp;xWriteCH376Cmd
</UL>

<P><STRONG><a name="[d0]"></a>GPIO_SetBits</STRONG> (Thumb, 4 bytes, Stack size 0 bytes, stm32f10x_gpio.o(i.GPIO_SetBits))
<BR><BR>[Called By]<UL><LI><a href="#[98]">&gt;&gt;</a>&nbsp;&nbsp;&nbsp;UartIoctol
<LI><a href="#[13b]">&gt;&gt;</a>&nbsp;&nbsp;&nbsp;LHI_Read_status
<LI><a href="#[138]">&gt;&gt;</a>&nbsp;&nbsp;&nbsp;LHI_Lcd_E_edge
<LI><a href="#[104]">&gt;&gt;</a>&nbsp;&nbsp;&nbsp;LHI_Write_vram
<LI><a href="#[10b]">&gt;&gt;</a>&nbsp;&nbsp;&nbsp;LHI_Reset_lcd
<LI><a href="#[a0]">&gt;&gt;</a>&nbsp;&nbsp;&nbsp;FM_Switch
<LI><a href="#[109]">&gt;&gt;</a>&nbsp;&nbsp;&nbsp;FM_Set_vxy
<LI><a href="#[9e]">&gt;&gt;</a>&nbsp;&nbsp;&nbsp;FM_Init
<LI><a href="#[9f]">&gt;&gt;</a>&nbsp;&nbsp;&nbsp;FM_Clear
<LI><a href="#[122]">&gt;&gt;</a>&nbsp;&nbsp;&nbsp;mInitCH376Host
<LI><a href="#[17a]">&gt;&gt;</a>&nbsp;&nbsp;&nbsp;Power_Ch376
<LI><a href="#[11a]">&gt;&gt;</a>&nbsp;&nbsp;&nbsp;HRst_Ch376
<LI><a href="#[d4]">&gt;&gt;</a>&nbsp;&nbsp;&nbsp;CH376ReadBlock
<LI><a href="#[ce]">&gt;&gt;</a>&nbsp;&nbsp;&nbsp;CH376DiskQuery
<LI><a href="#[d8]">&gt;&gt;</a>&nbsp;&nbsp;&nbsp;CH376WriteHostBlock
<LI><a href="#[cd]">&gt;&gt;</a>&nbsp;&nbsp;&nbsp;CH376SendCmdWaitInt
<LI><a href="#[d5]">&gt;&gt;</a>&nbsp;&nbsp;&nbsp;CH376ReadVar8
<LI><a href="#[d3]">&gt;&gt;</a>&nbsp;&nbsp;&nbsp;CH376GetIntStatus
</UL>

<P><STRONG><a name="[140]"></a>GPIO_Write</STRONG> (Thumb, 4 bytes, Stack size 0 bytes, stm32f10x_gpio.o(i.GPIO_Write))
<BR><BR>[Called By]<UL><LI><a href="#[13d]">&gt;&gt;</a>&nbsp;&nbsp;&nbsp;LHI_TX_byte
</UL>

<P><STRONG><a name="[ec]"></a>Get_DevGpio</STRONG> (Thumb, 110 bytes, Stack size 16 bytes, device_gpio.o(i.Get_DevGpio))
<BR><BR>[Stack]<UL><LI>Max Depth = 80<LI>Call Chain = Get_DevGpio &rArr; driveGpio_new &rArr; malloc &rArr; internal_alloc
</UL>
<BR>[Calls]<UL><LI><a href="#[10f]">&gt;&gt;</a>&nbsp;&nbsp;&nbsp;driveGpio_new
<LI><a href="#[10e]">&gt;&gt;</a>&nbsp;&nbsp;&nbsp;devGpio_new
<LI><a href="#[f1]">&gt;&gt;</a>&nbsp;&nbsp;&nbsp;free
</UL>
<BR>[Called By]<UL><LI><a href="#[ea]">&gt;&gt;</a>&nbsp;&nbsp;&nbsp;DevChar_open
</UL>

<P><STRONG><a name="[ed]"></a>Get_DevSpi</STRONG> (Thumb, 76 bytes, Stack size 16 bytes, dev_spi.o(i.Get_DevSpi))
<BR><BR>[Stack]<UL><LI>Max Depth = 80<LI>Call Chain = Get_DevSpi &rArr; Dev_spi_new &rArr; malloc &rArr; internal_alloc
</UL>
<BR>[Calls]<UL><LI><a href="#[f9]">&gt;&gt;</a>&nbsp;&nbsp;&nbsp;Dev_spi_new
</UL>
<BR>[Called By]<UL><LI><a href="#[ea]">&gt;&gt;</a>&nbsp;&nbsp;&nbsp;DevChar_open
</UL>

<P><STRONG><a name="[eb]"></a>Get_DevUart</STRONG> (Thumb, 310 bytes, Stack size 16 bytes, dev_uart.o(i.Get_DevUart))
<BR><BR>[Stack]<UL><LI>Max Depth = 80<LI>Call Chain = Get_DevUart &rArr; Dev_Uart_new &rArr; malloc &rArr; internal_alloc
</UL>
<BR>[Calls]<UL><LI><a href="#[111]">&gt;&gt;</a>&nbsp;&nbsp;&nbsp;Sem_init
<LI><a href="#[c9]">&gt;&gt;</a>&nbsp;&nbsp;&nbsp;Alloc_sem
<LI><a href="#[f2]">&gt;&gt;</a>&nbsp;&nbsp;&nbsp;Dev_Uart_new
<LI><a href="#[110]">&gt;&gt;</a>&nbsp;&nbsp;&nbsp;driveUart_new
</UL>
<BR>[Called By]<UL><LI><a href="#[ea]">&gt;&gt;</a>&nbsp;&nbsp;&nbsp;DevChar_open
</UL>

<P><STRONG><a name="[ee]"></a>Get_Dev_IIC</STRONG> (Thumb, 78 bytes, Stack size 16 bytes, dev_iic.o(i.Get_Dev_IIC))
<BR><BR>[Stack]<UL><LI>Max Depth = 80<LI>Call Chain = Get_Dev_IIC &rArr; Dev_IIC_new &rArr; malloc &rArr; internal_alloc
</UL>
<BR>[Calls]<UL><LI><a href="#[ef]">&gt;&gt;</a>&nbsp;&nbsp;&nbsp;Dev_IIC_new
</UL>
<BR>[Called By]<UL><LI><a href="#[ea]">&gt;&gt;</a>&nbsp;&nbsp;&nbsp;DevChar_open
</UL>

<P><STRONG><a name="[112]"></a>Get_Mode_chn</STRONG> (Thumb, 54 bytes, Stack size 16 bytes, model_channel.o(i.Get_Mode_chn))
<BR><BR>[Stack]<UL><LI>Max Depth = 80<LI>Call Chain = Get_Mode_chn &rArr; Model_chn_new &rArr; malloc &rArr; internal_alloc
</UL>
<BR>[Calls]<UL><LI><a href="#[113]">&gt;&gt;</a>&nbsp;&nbsp;&nbsp;Model_chn_new
</UL>
<BR>[Called By]<UL><LI><a href="#[15f]">&gt;&gt;</a>&nbsp;&nbsp;&nbsp;MdlChn_save_data
<LI><a href="#[14c]">&gt;&gt;</a>&nbsp;&nbsp;&nbsp;MdlChn_default_conf
<LI><a href="#[14b]">&gt;&gt;</a>&nbsp;&nbsp;&nbsp;MdlChn_default_alarm
<LI><a href="#[148]">&gt;&gt;</a>&nbsp;&nbsp;&nbsp;MdlChn_Commit_conf
</UL>

<P><STRONG><a name="[114]"></a>Get_storage</STRONG> (Thumb, 32 bytes, Stack size 8 bytes, storage.o(i.Get_storage))
<BR><BR>[Stack]<UL><LI>Max Depth = 72<LI>Call Chain = Get_storage &rArr; Storage_new &rArr; malloc &rArr; internal_alloc
</UL>
<BR>[Calls]<UL><LI><a href="#[115]">&gt;&gt;</a>&nbsp;&nbsp;&nbsp;Storage_new
</UL>
<BR>[Called By]<UL><LI><a href="#[146]">&gt;&gt;</a>&nbsp;&nbsp;&nbsp;STG_Set_file_position
<LI><a href="#[174]">&gt;&gt;</a>&nbsp;&nbsp;&nbsp;System_power_off
<LI><a href="#[149]">&gt;&gt;</a>&nbsp;&nbsp;&nbsp;STG_Resize
<LI><a href="#[18c]">&gt;&gt;</a>&nbsp;&nbsp;&nbsp;Strg_Updata_rcd_mgr
<LI><a href="#[80]">&gt;&gt;</a>&nbsp;&nbsp;&nbsp;STG_Open_file
<LI><a href="#[18d]">&gt;&gt;</a>&nbsp;&nbsp;&nbsp;STG_Acc_chn_data
<LI><a href="#[148]">&gt;&gt;</a>&nbsp;&nbsp;&nbsp;MdlChn_Commit_conf
<LI><a href="#[6e]">&gt;&gt;</a>&nbsp;&nbsp;&nbsp;MdlChn_run
<LI><a href="#[6d]">&gt;&gt;</a>&nbsp;&nbsp;&nbsp;MdlChn_init
<LI><a href="#[14a]">&gt;&gt;</a>&nbsp;&nbsp;&nbsp;MdlChn_Init_alm_mgr_by_STG_alm
<LI><a href="#[147]">&gt;&gt;</a>&nbsp;&nbsp;&nbsp;MdlChn_Check_new_alarm
<LI><a href="#[144]">&gt;&gt;</a>&nbsp;&nbsp;&nbsp;MdlChn_Cancle_alarm
</UL>

<P><STRONG><a name="[11a]"></a>HRst_Ch376</STRONG> (Thumb, 50 bytes, Stack size 8 bytes, ch376.o(i.HRst_Ch376))
<BR><BR>[Stack]<UL><LI>Max Depth = 16<LI>Call Chain = HRst_Ch376 &rArr; delay_ms
</UL>
<BR>[Calls]<UL><LI><a href="#[d2]">&gt;&gt;</a>&nbsp;&nbsp;&nbsp;delay_ms
<LI><a href="#[d0]">&gt;&gt;</a>&nbsp;&nbsp;&nbsp;GPIO_SetBits
<LI><a href="#[102]">&gt;&gt;</a>&nbsp;&nbsp;&nbsp;GPIO_ResetBits
</UL>
<BR>[Called By]<UL><LI><a href="#[187]">&gt;&gt;</a>&nbsp;&nbsp;&nbsp;Reset_Ch376
<LI><a href="#[121]">&gt;&gt;</a>&nbsp;&nbsp;&nbsp;Init_Ch376
</UL>

<P><STRONG><a name="[8]"></a>HardFault_Handler</STRONG> (Thumb, 4 bytes, Stack size 0 bytes, main.o(i.HardFault_Handler))
<BR>[Address Reference Count : 1]<UL><LI> startup_stm32f10x_hd.o(RESET)
</UL>
<P><STRONG><a name="[182]"></a>I2C_AcknowledgeConfig</STRONG> (Thumb, 24 bytes, Stack size 0 bytes, stm32f10x_i2c.o(i.I2C_AcknowledgeConfig))
<BR><BR>[Called By]<UL><LI><a href="#[17d]">&gt;&gt;</a>&nbsp;&nbsp;&nbsp;Read_IIC
</UL>

<P><STRONG><a name="[120]"></a>I2C_CheckEvent</STRONG> (Thumb, 42 bytes, Stack size 16 bytes, stm32f10x_i2c.o(i.I2C_CheckEvent))
<BR><BR>[Stack]<UL><LI>Max Depth = 16<LI>Call Chain = I2C_CheckEvent
</UL>
<BR>[Called By]<UL><LI><a href="#[17d]">&gt;&gt;</a>&nbsp;&nbsp;&nbsp;Read_IIC
<LI><a href="#[11f]">&gt;&gt;</a>&nbsp;&nbsp;&nbsp;I2C_wait_EV
</UL>

<P><STRONG><a name="[125]"></a>I2C_Cmd</STRONG> (Thumb, 24 bytes, Stack size 0 bytes, stm32f10x_i2c.o(i.I2C_Cmd))
<BR><BR>[Called By]<UL><LI><a href="#[123]">&gt;&gt;</a>&nbsp;&nbsp;&nbsp;Init_IIC
</UL>

<P><STRONG><a name="[11b]"></a>I2C_DeInit</STRONG> (Thumb, 50 bytes, Stack size 8 bytes, stm32f10x_i2c.o(i.I2C_DeInit))
<BR><BR>[Stack]<UL><LI>Max Depth = 8<LI>Call Chain = I2C_DeInit
</UL>
<BR>[Calls]<UL><LI><a href="#[11c]">&gt;&gt;</a>&nbsp;&nbsp;&nbsp;RCC_APB1PeriphResetCmd
</UL>
<BR>[Called By]<UL><LI><a href="#[17d]">&gt;&gt;</a>&nbsp;&nbsp;&nbsp;Read_IIC
</UL>

<P><STRONG><a name="[17f]"></a>I2C_GenerateSTART</STRONG> (Thumb, 24 bytes, Stack size 0 bytes, stm32f10x_i2c.o(i.I2C_GenerateSTART))
<BR><BR>[Called By]<UL><LI><a href="#[1c0]">&gt;&gt;</a>&nbsp;&nbsp;&nbsp;Write_IIC
<LI><a href="#[17d]">&gt;&gt;</a>&nbsp;&nbsp;&nbsp;Read_IIC
</UL>

<P><STRONG><a name="[183]"></a>I2C_GenerateSTOP</STRONG> (Thumb, 24 bytes, Stack size 0 bytes, stm32f10x_i2c.o(i.I2C_GenerateSTOP))
<BR><BR>[Called By]<UL><LI><a href="#[1c0]">&gt;&gt;</a>&nbsp;&nbsp;&nbsp;Write_IIC
<LI><a href="#[17d]">&gt;&gt;</a>&nbsp;&nbsp;&nbsp;Read_IIC
</UL>

<P><STRONG><a name="[17e]"></a>I2C_GetFlagStatus</STRONG> (Thumb, 58 bytes, Stack size 12 bytes, stm32f10x_i2c.o(i.I2C_GetFlagStatus))
<BR><BR>[Stack]<UL><LI>Max Depth = 12<LI>Call Chain = I2C_GetFlagStatus
</UL>
<BR>[Called By]<UL><LI><a href="#[1c0]">&gt;&gt;</a>&nbsp;&nbsp;&nbsp;Write_IIC
<LI><a href="#[17d]">&gt;&gt;</a>&nbsp;&nbsp;&nbsp;Read_IIC
</UL>

<P><STRONG><a name="[11d]"></a>I2C_Init</STRONG> (Thumb, 222 bytes, Stack size 48 bytes, stm32f10x_i2c.o(i.I2C_Init))
<BR><BR>[Stack]<UL><LI>Max Depth = 60<LI>Call Chain = I2C_Init &rArr; RCC_GetClocksFreq
</UL>
<BR>[Calls]<UL><LI><a href="#[11e]">&gt;&gt;</a>&nbsp;&nbsp;&nbsp;RCC_GetClocksFreq
</UL>
<BR>[Called By]<UL><LI><a href="#[123]">&gt;&gt;</a>&nbsp;&nbsp;&nbsp;Init_IIC
</UL>

<P><STRONG><a name="[184]"></a>I2C_ReceiveData</STRONG> (Thumb, 8 bytes, Stack size 0 bytes, stm32f10x_i2c.o(i.I2C_ReceiveData))
<BR><BR>[Called By]<UL><LI><a href="#[17d]">&gt;&gt;</a>&nbsp;&nbsp;&nbsp;Read_IIC
</UL>

<P><STRONG><a name="[180]"></a>I2C_Send7bitAddress</STRONG> (Thumb, 18 bytes, Stack size 0 bytes, stm32f10x_i2c.o(i.I2C_Send7bitAddress))
<BR><BR>[Called By]<UL><LI><a href="#[1c0]">&gt;&gt;</a>&nbsp;&nbsp;&nbsp;Write_IIC
<LI><a href="#[17d]">&gt;&gt;</a>&nbsp;&nbsp;&nbsp;Read_IIC
</UL>

<P><STRONG><a name="[181]"></a>I2C_SendData</STRONG> (Thumb, 4 bytes, Stack size 0 bytes, stm32f10x_i2c.o(i.I2C_SendData))
<BR><BR>[Called By]<UL><LI><a href="#[1c0]">&gt;&gt;</a>&nbsp;&nbsp;&nbsp;Write_IIC
<LI><a href="#[17d]">&gt;&gt;</a>&nbsp;&nbsp;&nbsp;Read_IIC
</UL>

<P><STRONG><a name="[124]"></a>I2C_StructInit</STRONG> (Thumb, 30 bytes, Stack size 0 bytes, stm32f10x_i2c.o(i.I2C_StructInit))
<BR><BR>[Called By]<UL><LI><a href="#[123]">&gt;&gt;</a>&nbsp;&nbsp;&nbsp;Init_IIC
</UL>

<P><STRONG><a name="[121]"></a>Init_Ch376</STRONG> (Thumb, 84 bytes, Stack size 24 bytes, ch376.o(i.Init_Ch376))
<BR><BR>[Stack]<UL><LI>Max Depth = 160<LI>Call Chain = Init_Ch376 &rArr; Dev_open &rArr; DevChar_open &rArr; Get_Dev_IIC &rArr; Dev_IIC_new &rArr; malloc &rArr; internal_alloc
</UL>
<BR>[Calls]<UL><LI><a href="#[f4]">&gt;&gt;</a>&nbsp;&nbsp;&nbsp;Dev_open
<LI><a href="#[122]">&gt;&gt;</a>&nbsp;&nbsp;&nbsp;mInitCH376Host
<LI><a href="#[11a]">&gt;&gt;</a>&nbsp;&nbsp;&nbsp;HRst_Ch376
[...]
<LI><a href="#[150]">&gt;&gt;</a>&nbsp;&nbsp;&nbsp;SmBus_decode
<LI><a href="#[153]">&gt;&gt;</a>&nbsp;&nbsp;&nbsp;SmBus_Read_DO
<LI><a href="#[152]">&gt;&gt;</a>&nbsp;&nbsp;&nbsp;SmBus_RD_low_limit
<LI><a href="#[151]">&gt;&gt;</a>&nbsp;&nbsp;&nbsp;SmBus_RD_hig_limit
<LI><a href="#[f4]">&gt;&gt;</a>&nbsp;&nbsp;&nbsp;Dev_open
</UL>
<BR>[Address Reference Count : 1]<UL><LI> model_channel.o(i.Model_chn_ctor)
</UL>
<P><STRONG><a name="[6d]"></a>MdlChn_init</STRONG> (Thumb, 260 bytes, Stack size 64 bytes, model_channel.o(i.MdlChn_init))
<BR><BR>[Stack]<UL><LI>Max Depth = 272<LI>Call Chain = MdlChn_init &rArr; MdlChn_Init_alm_mgr_by_STG_alm &rArr; STG_Set_file_position &rArr; STG_Open_file &rArr; Strg_Updata_rcd_mgr &rArr;  STG_Open_file (Cycle)
</UL>
<BR>[Calls]<UL><LI><a href="#[154]">&gt;&gt;</a>&nbsp;&nbsp;&nbsp;Mem_calloc
<LI><a href="#[114]">&gt;&gt;</a>&nbsp;&nbsp;&nbsp;Get_storage
<LI><a href="#[f4]">&gt;&gt;</a>&nbsp;&nbsp;&nbsp;Dev_open
<LI><a href="#[14c]">&gt;&gt;</a>&nbsp;&nbsp;&nbsp;MdlChn_default_conf
<LI><a href="#[14b]">&gt;&gt;</a>&nbsp;&nbsp;&nbsp;MdlChn_default_alarm
<LI><a href="#[148]">&gt;&gt;</a>&nbsp;&nbsp;&nbsp;MdlChn_Commit_conf
<LI><a href="#[155]">&gt;&gt;</a>&nbsp;&nbsp;&nbsp;MdlChn_Save_2_conf
<LI><a href="#[156]">&gt;&gt;</a>&nbsp;&nbsp;&nbsp;MdlChn_Save_2_alarm
<LI><a href="#[14a]">&gt;&gt;</a>&nbsp;&nbsp;&nbsp;MdlChn_Init_alm_mgr_by_STG_alm
</UL>
<BR>[Address Reference Count : 1]<UL><LI> model_channel.o(i.Model_chn_ctor)
</UL>
<P><STRONG><a name="[74]"></a>MdlChn_modify_sconf</STRONG> (Thumb, 862 bytes, Stack size 40 bytes, model_channel.o(i.MdlChn_modify_sconf))
<BR><BR>[Stack]<UL><LI>Max Depth = 104<LI>Call Chain = MdlChn_modify_sconf &rArr; Print_float &rArr; __2sprintf
</UL>
<BR>[Calls]<UL><LI><a href="#[157]">&gt;&gt;</a>&nbsp;&nbsp;&nbsp;Operate_in_tange
<LI><a href="#[159]">&gt;&gt;</a>&nbsp;&nbsp;&nbsp;Print_touch_spot
<LI><a href="#[15a]">&gt;&gt;</a>&nbsp;&nbsp;&nbsp;Print_float
<LI><a href="#[158]">&gt;&gt;</a>&nbsp;&nbsp;&nbsp;__2sprintf
</UL>
<BR>[Address Reference Count : 1]<UL><LI> model_channel.o(i.Model_chn_ctor)
</UL>
<P><STRONG><a name="[6e]"></a>MdlChn_run</STRONG> (Thumb, 382 bytes, Stack size 48 bytes, model_channel.o(i.MdlChn_run))
<BR><BR>[Stack]<UL><LI>Max Depth = 320<LI>Call Chain = MdlChn_run &rArr; Signal_Alarm &rArr; MdlChn_Check_new_alarm &rArr; STG_Set_file_position &rArr; STG_Open_file &rArr; Strg_Updata_rcd_mgr &rArr;  STG_Open_file (Cycle)
</UL>
<BR>[Calls]<UL><LI><a href="#[150]">&gt;&gt;</a>&nbsp;&nbsp;&nbsp;SmBus_decode
<LI><a href="#[15b]">&gt;&gt;</a>&nbsp;&nbsp;&nbsp;SmBus_AI_Read
<LI><a href="#[114]">&gt;&gt;</a>&nbsp;&nbsp;&nbsp;Get_storage
<LI><a href="#[d2]">&gt;&gt;</a>&nbsp;&nbsp;&nbsp;delay_ms
<LI><a href="#[f4]">&gt;&gt;</a>&nbsp;&nbsp;&nbsp;Dev_open
<LI><a href="#[15d]">&gt;&gt;</a>&nbsp;&nbsp;&nbsp;Cut_small_signal
<LI><a href="#[15c]">&gt;&gt;</a>&nbsp;&nbsp;&nbsp;Zero_shift_K_B
<LI><a href="#[15e]">&gt;&gt;</a>&nbsp;&nbsp;&nbsp;Signal_Alarm
</UL>
<BR>[Address Reference Count : 1]<UL><LI> model_channel.o(i.Model_chn_ctor)
</UL>
<P><STRONG><a name="[6f]"></a>MdlChn_self_check</STRONG> (Thumb, 212 bytes, Stack size 64 bytes, model_channel.o(i.MdlChn_self_check))
<BR><BR>[Stack]<UL><LI>Max Depth = 200<LI>Call Chain = MdlChn_self_check &rArr; Dev_open &rArr; DevChar_open &rArr; Get_Dev_IIC &rArr; Dev_IIC_new &rArr; malloc &rArr; internal_alloc
</UL>
<BR>[Calls]<UL><LI><a href="#[150]">&gt;&gt;</a>&nbsp;&nbsp;&nbsp;SmBus_decode
<LI><a href="#[160]">&gt;&gt;</a>&nbsp;&nbsp;&nbsp;SmBus_Query
<LI><a href="#[d2]">&gt;&gt;</a>&nbsp;&nbsp;&nbsp;delay_ms
<LI><a href="#[f4]">&gt;&gt;</a>&nbsp;&nbsp;&nbsp;Dev_open
<LI><a href="#[101]">&gt;&gt;</a>&nbsp;&nbsp;&nbsp;__aeabi_memclr4
</UL>
<BR>[Address Reference Count : 1]<UL><LI> model_channel.o(i.Model_chn_ctor)
</UL>
<P><STRONG><a name="[71]"></a>MdlChn_setData</STRONG> (Thumb, 722 bytes, Stack size 88 bytes, model_channel.o(i.MdlChn_setData))
<BR><BR>[Stack]<UL><LI>Max Depth = 224<LI>Call Chain = MdlChn_setData &rArr; Dev_open &rArr; DevChar_open &rArr; Get_Dev_IIC &rArr; Dev_IIC_new &rArr; malloc &rArr; internal_alloc
</UL>
<BR>[Calls]<UL><LI><a href="#[150]">&gt;&gt;</a>&nbsp;&nbsp;&nbsp;SmBus_decode
<LI><a href="#[163]">&gt;&gt;</a>&nbsp;&nbsp;&nbsp;SmBus_WR_low_limit
<LI><a href="#[162]">&gt;&gt;</a>&nbsp;&nbsp;&nbsp;SmBus_WR_hig_limit
<LI><a href="#[164]">&gt;&gt;</a>&nbsp;&nbsp;&nbsp;SmBus_DO_output
<LI><a href="#[161]">&gt;&gt;</a>&nbsp;&nbsp;&nbsp;SmBus_AI_config
<LI><a href="#[f4]">&gt;&gt;</a>&nbsp;&nbsp;&nbsp;Dev_open
<LI><a href="#[14e]">&gt;&gt;</a>&nbsp;&nbsp;&nbsp;MdlChn_Get_def_up_limit
<LI><a href="#[14d]">&gt;&gt;</a>&nbsp;&nbsp;&nbsp;MdlChn_Get_def_lower_limit
<LI><a href="#[101]">&gt;&gt;</a>&nbsp;&nbsp;&nbsp;__aeabi_memclr4
</UL>
<BR>[Address Reference Count : 1]<UL><LI> model_channel.o(i.Model_chn_ctor)
</UL>
<P><STRONG><a name="[75]"></a>MdlChn_set_by_string</STRONG> (Thumb, 6 bytes, Stack size 0 bytes, model_channel.o(i.MdlChn_set_by_string))
<BR>[Address Reference Count : 1]<UL><LI> model_channel.o(i.Model_chn_ctor)
</UL>
<P><STRONG><a name="[73]"></a>MdlChn_to_percentage</STRONG> (Thumb, 26 bytes, Stack size 20 bytes, model_channel.o(i.MdlChn_to_percentage))
<BR><BR>[Stack]<UL><LI>Max Depth = 36<LI>Call Chain = MdlChn_to_percentage &rArr; MdlChn_Cal_prc
</UL>
<BR>[Calls]<UL><LI><a href="#[165]">&gt;&gt;</a>&nbsp;&nbsp;&nbsp;MdlChn_Cal_prc
</UL>
<BR>[Address Reference Count : 1]<UL><LI> model_channel.o(i.Model_chn_ctor)
</UL>
<P><STRONG><a name="[72]"></a>MdlChn_to_string</STRONG> (Thumb, 478 bytes, Stack size 24 bytes, model_channel.o(i.MdlChn_to_string))
<BR><BR>[Stack]<UL><LI>Max Depth = 88<LI>Call Chain = MdlChn_to_string &rArr; Print_float &rArr; __2sprintf
</UL>
<BR>[Calls]<UL><LI><a href="#[166]">&gt;&gt;</a>&nbsp;&nbsp;&nbsp;Print_unit
<LI><a href="#[159]">&gt;&gt;</a>&nbsp;&nbsp;&nbsp;Print_touch_spot
<LI><a href="#[168]">&gt;&gt;</a>&nbsp;&nbsp;&nbsp;Print_singnaltype
<LI><a href="#[15a]">&gt;&gt;</a>&nbsp;&nbsp;&nbsp;Print_float
<LI><a href="#[158]">&gt;&gt;</a>&nbsp;&nbsp;&nbsp;__2sprintf
<LI><a href="#[167]">&gt;&gt;</a>&nbsp;&nbsp;&nbsp;strcat
</UL>
<BR>[Address Reference Count : 1]<UL><LI> model_channel.o(i.Model_chn_ctor)
</UL>
<P><STRONG><a name="[199]"></a>Percent_to_data</STRONG> (Thumb, 44 bytes, Stack size 16 bytes, model_channel.o(i.Percent_to_data))
<BR><BR>[Stack]<UL><LI>Max Depth = 16<LI>Call Chain = Percent_to_data
</UL>
<BR>[Called By]<UL><LI><a href="#[15e]">&gt;&gt;</a>&nbsp;&nbsp;&nbsp;Signal_Alarm
</UL>

<P><STRONG><a name="[15e]"></a>Signal_Alarm</STRONG> (Thumb, 364 bytes, Stack size 48 bytes, model_channel.o(i.Signal_Alarm))
<BR><BR>[Stack]<UL><LI>Max Depth = 272<LI>Call Chain = Signal_Alarm &rArr; MdlChn_Check_new_alarm &rArr; STG_Set_file_position &rArr; STG_Open_file &rArr; Strg_Updata_rcd_mgr &rArr;  STG_Open_file (Cycle)
</UL>
<BR>[Calls]<UL><LI><a href="#[199]">&gt;&gt;</a>&nbsp;&nbsp;&nbsp;Percent_to_data
<LI><a href="#[147]">&gt;&gt;</a>&nbsp;&nbsp;&nbsp;MdlChn_Check_new_alarm
<LI><a href="#[144]">&gt;&gt;</a>&nbsp;&nbsp;&nbsp;MdlChn_Cancle_alarm
</UL>
<BR>[Called By]<UL><LI><a href="#[6e]">&gt;&gt;</a>&nbsp;&nbsp;&nbsp;MdlChn_run
</UL>

<P><STRONG><a name="[15c]"></a>Zero_shift_K_B</STRONG> (Thumb, 52 bytes, Stack size 12 bytes, model_channel.o(i.Zero_shift_K_B))
<BR><BR>[Stack]<UL><LI>Max Depth = 12<LI>Call Chain = Zero_shift_K_B
</UL>
<BR>[Called By]<UL><LI><a href="#[6e]">&gt;&gt;</a>&nbsp;&nbsp;&nbsp;MdlChn_run
</UL>

<P><STRONG><a name="[d1]"></a>CH376DiskReqSense</STRONG> (Thumb, 26 bytes, Stack size 8 bytes, ch376.o(i.CH376DiskReqSense))
<BR><BR>[Stack]<UL><LI>Max Depth = 64<LI>Call Chain = CH376DiskReqSense &rArr; CH376SendCmdWaitInt &rArr; Wait376Interrupt &rArr; CH376GetIntStatus &rArr; delay_ms
</UL>
<BR>[Calls]<UL><LI><a href="#[d2]">&gt;&gt;</a>&nbsp;&nbsp;&nbsp;delay_ms
<LI><a href="#[cd]">&gt;&gt;</a>&nbsp;&nbsp;&nbsp;CH376SendCmdWaitInt
</UL>
<BR>[Called By]<UL><LI><a href="#[130]">&gt;&gt;</a>&nbsp;&nbsp;&nbsp;IsDiskWriteProtect
</UL>

<P><STRONG><a name="[d3]"></a>CH376GetIntStatus</STRONG> (Thumb, 74 bytes, Stack size 16 bytes, ch376.o(i.CH376GetIntStatus))
<BR><BR>[Stack]<UL><LI>Max Depth = 24<LI>Call Chain = CH376GetIntStatus &rArr; delay_ms
</UL>
<BR>[Calls]<UL><LI><a href="#[d2]">&gt;&gt;</a>&nbsp;&nbsp;&nbsp;delay_ms
<LI><a href="#[d0]">&gt;&gt;</a>&nbsp;&nbsp;&nbsp;GPIO_SetBits
<LI><a href="#[cf]">&gt;&gt;</a>&nbsp;&nbsp;&nbsp;xWriteCH376Cmd
</UL>
<BR>[Called By]<UL><LI><a href="#[121]">&gt;&gt;</a>&nbsp;&nbsp;&nbsp;Init_Ch376
<LI><a href="#[de]">&gt;&gt;</a>&nbsp;&nbsp;&nbsp;Ch376DiskConnect
<LI><a href="#[d7]">&gt;&gt;</a>&nbsp;&nbsp;&nbsp;Wait376Interrupt
<LI><a href="#[6b]">&gt;&gt;</a>&nbsp;&nbsp;&nbsp;Ch376_intr
</UL>

<P><STRONG><a name="[d5]"></a>CH376ReadVar8</STRONG> (Thumb, 56 bytes, Stack size 16 bytes, ch376.o(i.CH376ReadVar8))
<BR><BR>[Stack]<UL><LI>Max Depth = 24<LI>Call Chain = CH376ReadVar8 &rArr; xWriteCH376Cmd
</UL>
<BR>[Calls]<UL><LI><a href="#[d0]">&gt;&gt;</a>&nbsp;&nbsp;&nbsp;GPIO_SetBits
<LI><a href="#[cf]">&gt;&gt;</a>&nbsp;&nbsp;&nbsp;xWriteCH376Cmd
</UL>
<BR>[Called By]<UL><LI><a href="#[130]">&gt;&gt;</a>&nbsp;&nbsp;&nbsp;IsDiskWriteProtect
</UL>

<P><STRONG><a name="[cd]"></a>CH376SendCmdWaitInt</STRONG> (Thumb, 50 bytes, Stack size 16 bytes, ch376.o(i.CH376SendCmdWaitInt))
<BR><BR>[Stack]<UL><LI>Max Depth = 56<LI>Call Chain = CH376SendCmdWaitInt &rArr; Wait376Interrupt &rArr; CH376GetIntStatus &rArr; delay_ms
</UL>
<BR>[Calls]<UL><LI><a href="#[d2]">&gt;&gt;</a>&nbsp;&nbsp;&nbsp;delay_ms
<LI><a href="#[d0]">&gt;&gt;</a>&nbsp;&nbsp;&nbsp;GPIO_SetBits
<LI><a href="#[d6]">&gt;&gt;</a>&nbsp;&nbsp;&nbsp;Ch376_enbale_Irq
<LI><a href="#[cf]">&gt;&gt;</a>&nbsp;&nbsp;&nbsp;xWriteCH376Cmd
<LI><a href="#[d7]">&gt;&gt;</a>&nbsp;&nbsp;&nbsp;Wait376Interrupt
</UL>
<BR>[Called By]<UL><LI><a href="#[130]">&gt;&gt;</a>&nbsp;&nbsp;&nbsp;IsDiskWriteProtect
<LI><a href="#[de]">&gt;&gt;</a>&nbsp;&nbsp;&nbsp;Ch376DiskConnect
<LI><a href="#[ce]">&gt;&gt;</a>&nbsp;&nbsp;&nbsp;CH376DiskQuery
<LI><a href="#[cc]">&gt;&gt;</a>&nbsp;&nbsp;&nbsp;CH376DiskMount
<LI><a href="#[d1]">&gt;&gt;</a>&nbsp;&nbsp;&nbsp;CH376DiskReqSense
</UL>

<P><STRONG><a name="[d8]"></a>CH376WriteHostBlock</STRONG> (Thumb, 60 bytes, Stack size 16 bytes, ch376.o(i.CH376WriteHostBlock))
<BR><BR>[Stack]<UL><LI>Max Depth = 24<LI>Call Chain = CH376WriteHostBlock &rArr; xWriteCH376Cmd
</UL>
<BR>[Calls]<UL><LI><a href="#[d0]">&gt;&gt;</a>&nbsp;&nbsp;&nbsp;GPIO_SetBits
<LI><a href="#[cf]">&gt;&gt;</a>&nbsp;&nbsp;&nbsp;xWriteCH376Cmd
</UL>
<BR>[Called By]<UL><LI><a href="#[130]">&gt;&gt;</a>&nbsp;&nbsp;&nbsp;IsDiskWriteProtect
</UL>

<P><STRONG><a name="[6b]"></a>Ch376_intr</STRONG> (Thumb, 34 bytes, Stack size 24 bytes, ch376.o(i.Ch376_intr))
<BR><BR>[Stack]<UL><LI>Max Depth = 48<LI>Call Chain = Ch376_intr &rArr; CH376GetIntStatus &rArr; delay_ms
</UL>
<BR>[Calls]<UL><LI><a href="#[d3]">&gt;&gt;</a>&nbsp;&nbsp;&nbsp;CH376GetIntStatus
</UL>
<BR>[Address Reference Count : 1]<UL><LI> ch376.o(i.Init_Ch376)
</UL>
<P><STRONG><a name="[1bf]"></a>Query376Interrupt</STRONG> (Thumb, 36 bytes, Stack size 8 bytes, ch376.o(i.Query376Interrupt))
<BR><BR>[Stack]<UL><LI>Max Depth = 8<LI>Call Chain = Query376Interrupt
</UL>
<BR>[Called By]<UL><LI><a href="#[d7]">&gt;&gt;</a>&nbsp;&nbsp;&nbsp;Wait376Interrupt
</UL>

<P><STRONG><a name="[d7]"></a>Wait376Interrupt</STRONG> (Thumb, 70 bytes, Stack size 16 bytes, ch376.o(i.Wait376Interrupt))
<BR><BR>[Stack]<UL><LI>Max Depth = 40<LI>Call Chain = Wait376Interrupt &rArr; CH376GetIntStatus &rArr; delay_ms
</UL>
<BR>[Calls]<UL><LI><a href="#[d2]">&gt;&gt;</a>&nbsp;&nbsp;&nbsp;delay_ms
<LI><a href="#[d6]">&gt;&gt;</a>&nbsp;&nbsp;&nbsp;Ch376_enbale_Irq
<LI><a href="#[1bf]">&gt;&gt;</a>&nbsp;&nbsp;&nbsp;Query376Interrupt
<LI><a href="#[d3]">&gt;&gt;</a>&nbsp;&nbsp;&nbsp;CH376GetIntStatus
</UL>
<BR>[Called By]<UL><LI><a href="#[cd]">&gt;&gt;</a>&nbsp;&nbsp;&nbsp;CH376SendCmdWaitInt
</UL>

<P><STRONG><a name="[cf]"></a>xWriteCH376Cmd</STRONG> (Thumb, 28 bytes, Stack size 8 bytes, ch376.o(i.xWriteCH376Cmd))
<BR><BR>[Stack]<UL><LI>Max Depth = 8<LI>Call Chain = xWriteCH376Cmd
</UL>
<BR>[Calls]<UL><LI><a href="#[102]">&gt;&gt;</a>&nbsp;&nbsp;&nbsp;GPIO_ResetBits
</UL>
<BR>[Called By]<UL><LI><a href="#[122]">&gt;&gt;</a>&nbsp;&nbsp;&nbsp;mInitCH376Host
<LI><a href="#[d4]">&gt;&gt;</a>&nbsp;&nbsp;&nbsp;CH376ReadBlock
<LI><a href="#[ce]">&gt;&gt;</a>&nbsp;&nbsp;&nbsp;CH376DiskQuery
<LI><a href="#[d8]">&gt;&gt;</a>&nbsp;&nbsp;&nbsp;CH376WriteHostBlock
<LI><a href="#[cd]">&gt;&gt;</a>&nbsp;&nbsp;&nbsp;CH376SendCmdWaitInt
<LI><a href="#[d5]">&gt;&gt;</a>&nbsp;&nbsp;&nbsp;CH376ReadVar8
<LI><a href="#[d3]">&gt;&gt;</a>&nbsp;&nbsp;&nbsp;CH376GetIntStatus
</UL>

<P><STRONG><a name="[81]"></a>Deal_status</STRONG> (Thumb, 56 bytes, Stack size 16 bytes, usb.o(i.Deal_status))
<BR><BR>[Stack]<UL><LI>Max Depth = 32<LI>Call Chain = Deal_status &rArr; CQ_Write
</UL>
<BR>[Calls]<UL><LI><a href="#[dd]">&gt;&gt;</a>&nbsp;&nbsp;&nbsp;CQ_Write
</UL>
<BR>[Called By]<UL><LI><a href="#[128]">&gt;&gt;</a>&nbsp;&nbsp;&nbsp;USB_Init
</UL>
<BR>[Address Reference Count : 1]<UL><LI> usb.o(i.USB_Init)
</UL>
<P><STRONG><a name="[187]"></a>Reset_Ch376</STRONG> (Thumb, 12 bytes, Stack size 8 bytes, usb.o(i.Reset_Ch376))
<BR><BR>[Stack]<UL><LI>Max Depth = 32<LI>Call Chain = Reset_Ch376 &rArr; mInitCH376Host &rArr; delay_ms
</UL>
<BR>[Calls]<UL><LI><a href="#[122]">&gt;&gt;</a>&nbsp;&nbsp;&nbsp;mInitCH376Host
<LI><a href="#[11a]">&gt;&gt;</a>&nbsp;&nbsp;&nbsp;HRst_Ch376
</UL>
<BR>[Called By]<UL><LI><a href="#[4]">&gt;&gt;</a>&nbsp;&nbsp;&nbsp;Usb_deal_fail
</UL>

<P><STRONG><a name="[4]"></a>Usb_deal_fail</STRONG> (Thumb, 10 bytes, Stack size 8 bytes, usb.o(i.Usb_deal_fail))
<BR><BR>[Stack]<UL><LI>Max Depth = 40<LI>Call Chain = Usb_deal_fail &rArr; Reset_Ch376 &rArr; mInitCH376Host &rArr; delay_ms
</UL>
<BR>[Calls]<UL><LI><a href="#[187]">&gt;&gt;</a>&nbsp;&nbsp;&nbsp;Reset_Ch376
</UL>
<BR>[Address Reference Count : 1]<UL><LI> usb.o(.data)
</UL>
<P><STRONG><a name="[5]"></a>Usb_deal_identify</STRONG> (Thumb, 216 bytes, Stack size 32 bytes, usb.o(i.Usb_deal_identify))
<BR><BR>[Stack]<UL><LI>Max Depth = 128<LI>Call Chain = Usb_deal_identify &rArr; CH376DiskQuery &rArr; CH376SendCmdWaitInt &rArr; Wait376Interrupt &rArr; CH376GetIntStatus &rArr; delay_ms
</UL>
<BR>[Calls]<UL><LI><a href="#[dd]">&gt;&gt;</a>&nbsp;&nbsp;&nbsp;CQ_Write
<LI><a href="#[130]">&gt;&gt;</a>&nbsp;&nbsp;&nbsp;IsDiskWriteProtect
<LI><a href="#[d6]">&gt;&gt;</a>&nbsp;&nbsp;&nbsp;Ch376_enbale_Irq
<LI><a href="#[ce]">&gt;&gt;</a>&nbsp;&nbsp;&nbsp;CH376DiskQuery
</UL>
<BR>[Address Reference Count : 1]<UL><LI> usb.o(.data)
</UL>
<P><STRONG><a name="[2]"></a>Usb_deal_insert</STRONG> (Thumb, 164 bytes, Stack size 64 bytes, usb.o(i.Usb_deal_insert))
<BR><BR>[Stack]<UL><LI>Max Depth = 128<LI>Call Chain = Usb_deal_insert &rArr; Ch376DiskConnect &rArr; CH376SendCmdWaitInt &rArr; Wait376Interrupt &rArr; CH376GetIntStatus &rArr; delay_ms
</UL>
<BR>[Calls]<UL><LI><a href="#[dd]">&gt;&gt;</a>&nbsp;&nbsp;&nbsp;CQ_Write
<LI><a href="#[d2]">&gt;&gt;</a>&nbsp;&nbsp;&nbsp;delay_ms
<LI><a href="#[d6]">&gt;&gt;</a>&nbsp;&nbsp;&nbsp;Ch376_enbale_Irq
<LI><a href="#[de]">&gt;&gt;</a>&nbsp;&nbsp;&nbsp;Ch376DiskConnect
<LI><a href="#[d4]">&gt;&gt;</a>&nbsp;&nbsp;&nbsp;CH376ReadBlock
<LI><a href="#[cc]">&gt;&gt;</a>&nbsp;&nbsp;&nbsp;CH376DiskMount
<LI><a href="#[101]">&gt;&gt;</a>&nbsp;&nbsp;&nbsp;__aeabi_memclr4
</UL>
<BR>[Address Reference Count : 1]<UL><LI> usb.o(.data)
</UL>
<P><STRONG><a name="[3]"></a>Usb_deal_remove</STRONG> (Thumb, 36 bytes, Stack size 16 bytes, usb.o(i.Usb_deal_remove))
<BR><BR>[Stack]<UL><LI>Max Depth = 32<LI>Call Chain = Usb_deal_remove &rArr; CQ_Write
</UL>
<BR>[Calls]<UL><LI><a href="#[dd]">&gt;&gt;</a>&nbsp;&nbsp;&nbsp;CQ_Write
</UL>
<BR>[Address Reference Count : 1]<UL><LI> usb.o(.data)
</UL>
<P><STRONG><a name="[197]"></a>SetSysClock</STRONG> (Thumb, 8 bytes, Stack size 8 bytes, system_stm32f10x.o(i.SetSysClock))
<BR><BR>[Stack]<UL><LI>Max Depth = 20<LI>Call Chain = SetSysClock &rArr; SetSysClockTo72
</UL>
<BR>[Calls]<UL><LI><a href="#[198]">&gt;&gt;</a>&nbsp;&nbsp;&nbsp;SetSysClockTo72
</UL>
<BR>[Called By]<UL><LI><a href="#[4e]">&gt;&gt;</a>&nbsp;&nbsp;&nbsp;SystemInit
</UL>

<P><STRONG><a name="[198]"></a>SetSysClockTo72</STRONG> (Thumb, 214 bytes, Stack size 12 bytes, system_stm32f10x.o(i.SetSysClockTo72))
<BR><BR>[Stack]<UL><LI>Max Depth = 12<LI>Call Chain = SetSysClockTo72
</UL>
<BR>[Called By]<UL><LI><a href="#[197]">&gt;&gt;</a>&nbsp;&nbsp;&nbsp;SetSysClock
</UL>

<P><STRONG><a name="[1d3]"></a>rt_id2obj</STRONG> (Thumb, 8 bytes, Stack size 0 bytes, rt_cmsis.o(i.rt_id2obj))
<BR><BR>[Called By]<UL><LI><a href="#[b0]">&gt;&gt;</a>&nbsp;&nbsp;&nbsp;svcTimerCall
<LI><a href="#[ac]">&gt;&gt;</a>&nbsp;&nbsp;&nbsp;svcSemaphoreWait
<LI><a href="#[ab]">&gt;&gt;</a>&nbsp;&nbsp;&nbsp;svcSemaphoreRelease
<LI><a href="#[1d2]">&gt;&gt;</a>&nbsp;&nbsp;&nbsp;isrSemaphoreRelease
</UL>

<P><STRONG><a name="[202]"></a>rt_ms2tick</STRONG> (Thumb, 58 bytes, Stack size 0 bytes, rt_cmsis.o(i.rt_ms2tick))
<BR><BR>[Called By]<UL><LI><a href="#[ac]">&gt;&gt;</a>&nbsp;&nbsp;&nbsp;svcSemaphoreWait
<LI><a href="#[a9]">&gt;&gt;</a>&nbsp;&nbsp;&nbsp;svcMessageGet
<LI><a href="#[a6]">&gt;&gt;</a>&nbsp;&nbsp;&nbsp;svcDelay
</UL>

<P><STRONG><a name="[20a]"></a>rt_tid2ptcb</STRONG> (Thumb, 18 bytes, Stack size 0 bytes, rt_cmsis.o(i.rt_tid2ptcb))
<BR><BR>[Called By]<UL><LI><a href="#[af]">&gt;&gt;</a>&nbsp;&nbsp;&nbsp;svcThreadTerminate
</UL>

<P><STRONG><a name="[20b]"></a>rt_timer_insert</STRONG> (Thumb, 48 bytes, Stack size 12 bytes, rt_cmsis.o(i.rt_timer_insert))
<BR><BR>[Stack]<UL><LI>Max Depth = 12<LI>Call Chain = rt_timer_insert
</UL>
<BR>[Called By]<UL><LI><a href="#[1fb]">&gt;&gt;</a>&nbsp;&nbsp;&nbsp;sysTimerTick
</UL>

<P><STRONG><a name="[1e9]"></a>rt_init_context</STRONG> (Thumb, 66 bytes, Stack size 16 bytes, rt_task.o(i.rt_init_context))
<BR><BR>[Stack]<UL><LI>Max Depth = 32<LI>Call Chain = rt_init_context &rArr; rt_init_stack
</UL>
<BR>[Calls]<UL><LI><a href="#[1ea]">&gt;&gt;</a>&nbsp;&nbsp;&nbsp;rt_init_stack
<LI><a href="#[4c]">&gt;&gt;</a>&nbsp;&nbsp;&nbsp;rt_alloc_box
</UL>
<BR>[Called By]<UL><LI><a href="#[1fc]">&gt;&gt;</a>&nbsp;&nbsp;&nbsp;rt_tsk_create
<LI><a href="#[1f5]">&gt;&gt;</a>&nbsp;&nbsp;&nbsp;rt_sys_init
</UL>

<P><STRONG><a name="[1c4]"></a>_printf_core</STRONG> (Thumb, 996 bytes, Stack size 104 bytes, printf8.o(i._printf_core), UNUSED)
<BR><BR>[Calls]<UL><LI><a href="#[1c7]">&gt;&gt;</a>&nbsp;&nbsp;&nbsp;_printf_pre_padding
<LI><a href="#[1c8]">&gt;&gt;</a>&nbsp;&nbsp;&nbsp;_printf_post_padding
<LI><a href="#[c0]">&gt;&gt;</a>&nbsp;&nbsp;&nbsp;__aeabi_uldivmod
</UL>
<BR>[Called By]<UL><LI><a href="#[1c5]">&gt;&gt;</a>&nbsp;&nbsp;&nbsp;__0sprintf$8
<LI><a href="#[1c3]">&gt;&gt;</a>&nbsp;&nbsp;&nbsp;__0fprintf$8
</UL>

<P><STRONG><a name="[1c8]"></a>_printf_post_padding</STRONG> (Thumb, 36 bytes, Stack size 24 bytes, printf8.o(i._printf_post_padding), UNUSED)
<BR><BR>[Called By]<UL><LI><a href="#[1c4]">&gt;&gt;</a>&nbsp;&nbsp;&nbsp;_printf_core
</UL>

<P><STRONG><a name="[1c7]"></a>_printf_pre_padding</STRONG> (Thumb, 46 bytes, Stack size 24 bytes, printf8.o(i._printf_pre_padding), UNUSED)
<BR><BR>[Called By]<UL><LI><a href="#[1c4]">&gt;&gt;</a>&nbsp;&nbsp;&nbsp;_printf_core
</UL>

<P><STRONG><a name="[83]"></a>_sputc</STRONG> (Thumb, 10 bytes, Stack size 0 bytes, printf8.o(i._sputc))
<BR><BR>[Called By]<UL><LI><a href="#[1c5]">&gt;&gt;</a>&nbsp;&nbsp;&nbsp;__0sprintf$8
</UL>
<BR>[Address Reference Count : 1]<UL><LI> printf8.o(i.__0sprintf$8)
</UL>
<P><STRONG><a name="[1c6]"></a>internal_alloc</STRONG> (Thumb, 76 bytes, Stack size 24 bytes, mallocr.o(i.internal_alloc))
<BR><BR>[Stack]<UL><LI>Max Depth = 24<LI>Call Chain = internal_alloc
</UL>
<BR>[Calls]<UL><LI><a href="#[da]">&gt;&gt;</a>&nbsp;&nbsp;&nbsp;__aeabi_memcpy
</UL>
<BR>[Called By]<UL><LI><a href="#[c7]">&gt;&gt;</a>&nbsp;&nbsp;&nbsp;malloc
</UL>
<P>
<H3>
Undefined Global Symbols
</H3><HR></body></html>
