Component: ARM Compiler 5.05 update 1 (build 106) Tool: armlink [4d0efa]

==============================================================================

Section Cross References

    main.o(i.Init_LCD) refers to device.o(i.Dev_open) for Dev_open
    main.o(i.Init_LCD) refers to system.o(.bss) for aci_sys
    main.o(i.Init_device) refers to device.o(i.Dev_open) for Dev_open
    main.o(i.Init_device) refers to rtc.o(i.Get_Rtc) for Get_Rtc
    main.o(i.Init_device) refers to main.o(i.Init_LCD) for Init_LCD
    main.o(i.Main_USB_event) refers to component_tips.o(i.TIP_Get_Sington) for TIP_Get_Sington
    main.o(i.ThrdKeyRun) refers to rtx_depend.o(i.delay_ms) for delay_ms
    main.o(i.ThrdKeyRun) refers to rt_cmsis.o(i.osThreadYield) for osThreadYield
    main.o(i.fgetc) refers to stm32f10x_usart.o(i.USART_GetFlagStatus) for USART_GetFlagStatus
    main.o(i.fgetc) refers to stm32f10x_usart.o(i.USART_ReceiveData) for USART_ReceiveData
    main.o(i.fputc) refers to stm32f10x_usart.o(i.USART_SendData) for USART_SendData
    main.o(i.fputc) refers to stm32f10x_usart.o(i.USART_GetFlagStatus) for USART_GetFlagStatus
    main.o(i.main) refers to mysystemclock.o(i.OpenPrpClock) for OpenPrpClock
    main.o(i.main) refers to pinmux.o(i.Pin_init) for Pin_init
    main.o(i.main) refers to intrinit.o(i.NVIC_Configuration) for NVIC_Configuration
    main.o(i.main) refers to power.o(i.PVD_Init) for PVD_Init
    main.o(i.main) refers to main.o(i.Init_device) for Init_device
    main.o(i.main) refers to system.o(i.System_init) for System_init
    main.o(i.main) refers to keyboard.o(i.GetKeyInsance) for GetKeyInsance
    main.o(i.main) refers to rt_cmsis.o(i.osThreadCreate) for osThreadCreate
    main.o(i.main) refers to unit_test.o(i.unit_test) for unit_test
    main.o(i.main) refers to rt_cmsis.o(i.osKernelInitialize) for osKernelInitialize
    main.o(i.main) refers to cmd_thread.o(i.Init_Cmd_Thread) for Init_Cmd_Thread
    main.o(i.main) refers to hmi.o(i.HMI_Init) for HMI_Init
    main.o(i.main) refers to ctlkey.o(i.Get_CtlKey) for Get_CtlKey
    main.o(i.main) refers to modelfactory.o(i.ModelCreate) for ModelCreate
    main.o(i.main) refers to rt_cmsis.o(i.osKernelStart) for osKernelStart
    main.o(i.main) refers to rt_cmsis.o(i.osDelay) for osDelay
    main.o(i.main) refers to glyph.o(i.LCD_Run) for LCD_Run
    main.o(i.main) refers to system.o(.bss) for aci_sys
    main.o(i.main) refers to main.o(.constdata) for os_thread_def_ThrdKeyRun
    main.o(i.main) refers to main.o(.data) for tid_Thread_key
    main.o(.constdata) refers to main.o(i.ThrdKeyRun) for ThrdKeyRun
    system.o(i.SYS_Commit) refers to storage.o(i.Get_storage) for Get_storage
    system.o(i.SYS_Commit) refers to ctltimer.o(i.Ctime_Allco_time) for Ctime_Allco_time
    system.o(i.SYS_Commit) refers to system.o(.bss) for aci_sys
    system.o(i.SYS_Lcd_off) refers to system.o(i.SYS_Tim_lcd_off) for SYS_Tim_lcd_off
    system.o(i.SYS_Lcd_off) refers to device.o(i.Dev_open) for Dev_open
    system.o(i.SYS_Lcd_off) refers to system.o(.bss) for aci_sys
    system.o(i.SYS_Lcd_on) refers to cmd_thread.o(i.Cmd_del_time_task) for Cmd_del_time_task
    system.o(i.SYS_Lcd_on) refers to device.o(i.Dev_open) for Dev_open
    system.o(i.SYS_Lcd_on) refers to system.o(i.SYS_Tim_lcd_off) for SYS_Tim_lcd_off
    system.o(i.SYS_Lcd_on) refers to system.o(.bss) for aci_sys
    system.o(i.SYS_Tim_lcd_off) refers to cmd_thread.o(i.Cmd_Rgt_time_task) for Cmd_Rgt_time_task
    system.o(i.SYS_Tim_lcd_off) refers to system.o(i.SYS_Lcd_off) for SYS_Lcd_off
    system.o(i.SYS_Tim_lcd_off) refers to system.o(.bss) for aci_sys
    system.o(i.SYS_time_sec) refers to system.o(i.Time_2_u32) for Time_2_u32
    system.o(i.SYS_time_sec) refers to system.o(.bss) for aci_sys
    system.o(i.Sec_2_tm) refers to system.o(.constdata) for daytab1
    system.o(i.Str_time_2_tm) refers to memseta.o(.text) for __aeabi_memclr4
    system.o(i.Str_time_2_tm) refers to phn_string.o(i.Get_str_data) for Get_str_data
    system.o(i.Str_time_2_tm) refers to strcspn.o(.text) for strcspn
    system.o(i.Str_time_2_tm) refers to modeltime.o(.constdata) for g_moth_day
    system.o(i.Str_time_2_u32) refers to memseta.o(.text) for __aeabi_memclr4
    system.o(i.Str_time_2_u32) refers to system.o(i.Str_time_2_tm) for Str_time_2_tm
    system.o(i.Str_time_2_u32) refers to system.o(i.Time_2_u32) for Time_2_u32
    system.o(i.System_default) refers to storage.o(i.Get_storage) for Get_storage
    system.o(i.System_default) refers to memseta.o(.text) for __aeabi_memclr4
    system.o(i.System_default) refers to system.o(.bss) for aci_sys
    system.o(i.System_init) refers to storage.o(i.Get_storage) for Get_storage
    system.o(i.System_init) refers to rtc.o(i.Get_Rtc) for Get_Rtc
    system.o(i.System_init) refers to modelfactory.o(i.ModelCreate) for ModelCreate
    system.o(i.System_init) refers to system.o(i.SYS_Tim_lcd_off) for SYS_Tim_lcd_off
    system.o(i.System_init) refers to model.o(i.MDL_Init) for MDL_Init
[...]
    0x08005cc6   0x00000002   PAD
    0x08005cc8   0x0000000c   Code   RO         3767    i.HMI_Change_last_HMI  hmi.o
    0x08005cd4   0x00000002   Code   RO         3768    i.HMI_Clean_cmp     hmi.o
    0x08005cd6   0x00000002   PAD
    0x08005cd8   0x0000007c   Code   RO         3770    i.HMI_Init          hmi.o
    0x08005d54   0x00000034   Code   RO         3771    i.HMI_Pop_hmi       hmi.o
    0x08005d88   0x0000002c   Code   RO         3772    i.HMI_Push_hmi      hmi.o
    0x08005db4   0x00000034   Code   RO         4305    i.HMI_Ram_alloc     hmi_comm.o
    0x08005de8   0x00000014   Code   RO         4307    i.HMI_Ram_init      hmi_comm.o
    0x08005dfc   0x00000048   Code   RO         3773    i.HMI_Reset_pub_sht  hmi.o
    0x08005e44   0x00000002   Code   RO         3774    i.HMI_Run           hmi.o
    0x08005e46   0x00000002   Code   RO         3775    i.HMI_Show_cmp      hmi.o
    0x08005e48   0x0000000c   Code   RO         3776    i.HMI_Switch_signal  hmi.o
    0x08005e54   0x0000003c   Code   RO         3777    i.HMI_choice        hmi.o
    0x08005e90   0x00000054   Code   RO         4853    i.HMI_configuring_ctor  hmi_configuring .o
    0x08005ee4   0x0000001a   Code   RO         4854    i.HMI_configuring_new  hmi_configuring .o
    0x08005efe   0x00000002   PAD
    0x08005f00   0x0000008c   Code   RO         3778    i.HMI_ctor          hmi.o
    0x08005f8c   0x00000044   Code   RO         6348    i.HMI_input_psd_ctor  hmi_input_psd.o
    0x08005fd0   0x0000001a   Code   RO         6349    i.HMI_input_psd_new  hmi_input_psd.o
    0x08005fea   0x00000002   PAD
    0x08005fec   0x0000003c   Code   RO         4405    i.HMI_main_ctor     hmi_main.o
    0x08006028   0x0000001a   Code   RO         4406    i.HMI_main_new      hmi_main.o
    0x08006042   0x00000002   PAD
    0x08006044   0x0000003c   Code   RO         6279    i.HMI_maintain_ctor  hmi_maintain.o
    0x08006080   0x0000001a   Code   RO         6280    i.HMI_maintain_new  hmi_maintain.o
    0x0800609a   0x00000002   PAD
    0x0800609c   0x0000004c   Code   RO         5763    i.HMI_query_ctor    hmi_query.o
    0x080060e8   0x0000001a   Code   RO         5764    i.HMI_query_new     hmi_query.o
    0x08006102   0x00000002   PAD
    0x08006104   0x0000003c   Code   RO         4669    i.HMI_select_setting_ctor  hmi_select_setting.o
    0x08006140   0x0000001a   Code   RO         4670    i.HMI_select_setting_new  hmi_select_setting.o
    0x0800615a   0x00000002   PAD
    0x0800615c   0x0000004c   Code   RO         6033    i.HMI_start_sample_ctor  hmi_start_sample.o
    0x080061a8   0x0000001a   Code   RO         6034    i.HMI_start_sample_new  hmi_start_sample.o
    0x080061c2   0x00000002   PAD
    0x080061c4   0x0000003c   Code   RO         6210    i.HMI_wait_sample_ctor  hmi_wait_sample.o
    0x08006200   0x0000001a   Code   RO         6211    i.HMI_wait_sample_new  hmi_wait_sample.o
    0x0800621a   0x00000002   PAD
    0x0800621c   0x00000070   Code   RO         4407    i.HMN_Hide          hmi_main.o
    0x0800628c   0x00000008   Code   RO         4408    i.HMN_Init          hmi_main.o
    0x08006294   0x0000004c   Code   RO         4409    i.HMN_Init_focus    hmi_main.o
    0x080062e0   0x00000118   Code   RO         4410    i.HMN_Init_sheet    hmi_main.o
    0x080063f8   0x00000002   Code   RO         4411    i.HMN_Run           hmi_main.o
    0x080063fa   0x00000002   PAD
    0x080063fc   0x00000018   Code   RO         4412    i.HMN_Show          hmi_main.o
    0x08006414   0x00000070   Code   RO         6281    i.HMT_Hide          hmi_maintain.o
    0x08006484   0x00000008   Code   RO         6282    i.HMT_Init          hmi_maintain.o
    0x0800648c   0x0000004c   Code   RO         6283    i.HMT_Init_focus    hmi_maintain.o
    0x080064d8   0x000000f8   Code   RO         6284    i.HMT_Init_sheet    hmi_maintain.o
    0x080065d0   0x00000002   Code   RO         6285    i.HMT_Run           hmi_maintain.o
    0x080065d2   0x00000002   PAD
    0x080065d4   0x00000018   Code   RO         6286    i.HMT_Show          hmi_maintain.o
    0x080065ec   0x0000003c   Code   RO         7009    i.HRst_Ch376        ch376.o
    0x08006628   0x00000088   Code   RO         4671    i.HSS_Hide          hmi_select_setting.o
    0x080066b0   0x0000012c   Code   RO         4672    i.HSS_Hit           hmi_select_setting.o
    0x080067dc   0x00000020   Code   RO         4673    i.HSS_Init          hmi_select_setting.o
    0x080067fc   0x00000056   Code   RO         4674    i.HSS_Init_focus    hmi_select_setting.o
    0x08006852   0x00000080   Code   RO         4675    i.HSS_Init_sheet    hmi_select_setting.o
    0x080068d2   0x00000002   PAD
    0x080068d4   0x00000030   Code   RO         4676    i.HSS_Pop_type      hmi_select_setting.o
    0x08006904   0x00000028   Code   RO         4677    i.HSS_Push_type     hmi_select_setting.o
    0x0800692c   0x0000001a   Code   RO         4678    i.HSS_Show          hmi_select_setting.o
    0x08006946   0x00000002   PAD
    0x08006948   0x00000060   Code   RO         5412    i.HTR_Col_1         cst_set_heater.o
    0x080069a8   0x00000002   Code   RO         5413    i.HTR_Exit          cst_set_heater.o
    0x080069aa   0x00000002   PAD
    0x080069ac   0x00000024   Code   RO         5414    i.HTR_Reset_focus   cst_set_heater.o
    0x080069d0   0x00000020   Code   RO         5415    i.HTR_commit        cst_set_heater.o
    0x080069f0   0x000000bc   Code   RO         5416    i.HTR_entry         cst_set_heater.o
    0x08006aac   0x00000040   Code   RO         5417    i.HTR_get_focusdata  cst_set_heater.o
    0x08006aec   0x00000068   Code   RO         5418    i.HTR_init          cst_set_heater.o
    0x08006b54   0x00000040   Code   RO         5419    i.HTR_key_dn        cst_set_heater.o
    0x08006b94   0x0000000c   Code   RO         5420    i.HTR_key_er        cst_set_heater.o
    0x08006ba0   0x00000040   Code   RO         5421    i.HTR_key_lt        cst_set_heater.o
    0x08006be0   0x00000040   Code   RO         5422    i.HTR_key_rt        cst_set_heater.o
    0x08006c20   0x00000040   Code   RO         5423    i.HTR_key_up        cst_set_heater.o
    0x08006c60   0x00000088   Code   RO         5424    i.HTR_modify        cst_set_heater.o
    0x08006ce8   0x00000024   Code   RO         6212    i.HWS_Hide          hmi_wait_sample.o
    0x08006d0c   0x00000008   Code   RO         6213    i.HWS_Init          hmi_wait_sample.o
    0x08006d14   0x00000002   Code   RO         6214    i.HWS_Init_focus    hmi_wait_sample.o
    0x08006d16   0x00000002   PAD
    0x08006d18   0x000000c8   Code   RO         6215    i.HWS_Init_sheet    hmi_wait_sample.o
    0x08006de0   0x00000002   Code   RO         6216    i.HWS_Run           hmi_wait_sample.o
    0x08006de2   0x00000002   Code   RO         6217    i.HWS_Show          hmi_wait_sample.o
    0x08006de4   0x00000004   Code   RO            4    i.HardFault_Handler  main.o
    0x08006de8   0x00000082   Code   RO         3779    i.HitHandle         hmi.o
    0x08006e6a   0x00000002   Code   RO         3780    i.HmiShow           hmi.o
    0x08006e6c   0x00000018   Code   RO         9060    i.I2C_AcknowledgeConfig  stm32f10x_i2c.o
    0x08006e84   0x0000002a   Code   RO         9062    i.I2C_CheckEvent    stm32f10x_i2c.o
    0x08006eae   0x00000018   Code   RO         9065    i.I2C_Cmd           stm32f10x_i2c.o
    0x08006ec6   0x00000002   PAD
    0x08006ec8   0x00000038   Code   RO         9068    i.I2C_DeInit        stm32f10x_i2c.o
    0x08006f00   0x00000018   Code   RO         9072    i.I2C_GenerateSTART  stm32f10x_i2c.o
    0x08006f18   0x00000018   Code   RO         9073    i.I2C_GenerateSTOP  stm32f10x_i2c.o
    0x08006f30   0x0000003a   Code   RO         9074    i.I2C_GetFlagStatus  stm32f10x_i2c.o
    0x08006f6a   0x00000002   PAD
    0x08006f6c   0x000000ec   Code   RO         9079    i.I2C_Init          stm32f10x_i2c.o
    0x08007058   0x00000008   Code   RO         9084    i.I2C_ReceiveData   stm32f10x_i2c.o
    0x08007060   0x00000012   Code   RO         9086    i.I2C_Send7bitAddress  stm32f10x_i2c.o
    0x08007072   0x00000004   Code   RO         9087    i.I2C_SendData      stm32f10x_i2c.o
    0x08007076   0x0000001e   Code   RO         9090    i.I2C_StructInit    stm32f10x_i2c.o
    0x08007094   0x00000030   Code   RO         1608    i.I2C_wait_EV       drive_iic.o
    0x080070c4   0x0000007c   Code   RO         4751    i.INS_Init          component_option.o
    0x08007140   0x00000030   Code   RO         4752    i.INS_Select        component_option.o
    0x08007170   0x00000006   Code   RO         7594    i.Init              glyph.o
    0x08007176   0x00000002   PAD
    0x08007178   0x00000068   Code   RO         7010    i.Init_Ch376        ch376.o
    0x080071e0   0x0000003c   Code   RO          474    i.Init_Cmd_Thread   cmd_thread.o
    0x0800721c   0x000000ac   Code   RO         1609    i.Init_IIC          drive_iic.o
    0x080072c8   0x00000048   Code   RO            5    i.Init_LCD          main.o
    0x08007310   0x00000050   Code   RO         4308    i.Init_cmmHmi       hmi_comm.o
    0x08007360   0x00000024   Code   RO            6    i.Init_device       main.o
    0x08007384   0x00000006   Code   RO         3781    i.Init_focus        hmi.o
    0x0800738a   0x00000002   PAD
    0x0800738c   0x000000ac   Code   RO         1662    i.Init_spi          drive_spi.o
    0x08007438   0x000000f0   Code   RO         8040    i.InputInptSht      ntinput.o
    0x08007528   0x00000008   Code   RO         2103    i.Ioctol_devSpi     dev_spi.o
    0x08007530   0x0000002a   Code   RO         2174    i.Ioctol_dev_IIC    dev_iic.o
    0x0800755a   0x00000002   PAD
    0x0800755c   0x000000a0   Code   RO         7011    i.IsDiskWriteProtect  ch376.o
    0x080075fc   0x00000014   Code   RO         2819    i.KbTestOb_ctor     keyboard.o
    0x08007610   0x0000001a   Code   RO         2820    i.KbTestOb_new      keyboard.o
    0x0800762a   0x00000002   PAD
    0x0800762c   0x0000004c   Code   RO         8406    i.KeyEvent          test_usb.o
    0x08007678   0x00000004   Code   RO         2821    i.KeyTest_setKeyHdl  keyboard.o
    0x0800767c   0x000000c8   Code   RO         6869    i.KeyUpdate         ctlkey.o
    0x08007744   0x00000042   Code   RO         2822    i.Key_DelOb         keyboard.o
    0x08007786   0x0000003c   Code   RO         2823    i.Key_Run           keyboard.o
    0x080077c2   0x0000001e   Code   RO         2824    i.Key_TestUpdate    keyboard.o
    0x080077e0   0x00000044   Code   RO         2825    i.Key_addOb         keyboard.o
    0x08007824   0x0000010c   Code   RO         2826    i.Key_identify_key_msg  keyboard.o
    0x08007930   0x00000034   Code   RO         2827    i.Key_notify        keyboard.o
    0x08007964   0x000000ca   Code   RO         2828    i.Key_scan_pins     keyboard.o
    0x08007a2e   0x00000002   PAD
    0x08007a30   0x00000040   Code   RO         2829    i.Keyboard_ctor     keyboard.o
    0x08007a70   0x000000b0   Code   RO         2830    i.Keyboard_init     keyboard.o
    0x08007b20   0x0000001a   Code   RO         2831    i.Keyboard_new      keyboard.o
    0x08007b3a   0x00000002   PAD
    0x08007b3c   0x0000002c   Code   RO         7595    i.LCD_Run           glyph.o
    0x08007b68   0x00000090   Code   RO         2456    i.LHI_Init_pwm      lcd_hardware_interfaces.o
    0x08007bf8   0x00000030   Code   RO         2457    i.LHI_Lcd_E_edge    lcd_hardware_interfaces.o
    0x08007c28   0x00000012   Code   RO         2458    i.LHI_Pulse         lcd_hardware_interfaces.o
    0x08007c3a   0x00000002   PAD
    0x08007c3c   0x00000014   Code   RO         2459    i.LHI_RX_byte       lcd_hardware_interfaces.o
    0x08007c50   0x00000034   Code   RO         2460    i.LHI_Read_status   lcd_hardware_interfaces.o
    0x08007c84   0x00000030   Code   RO         2462    i.LHI_Reset_lcd     lcd_hardware_interfaces.o
    0x08007cb4   0x00000038   Code   RO         2463    i.LHI_Send_cmd      lcd_hardware_interfaces.o
    0x08007cec   0x00000030   Code   RO         2464    i.LHI_Set_parallel_direction  lcd_hardware_interfaces.o
    0x08007d1c   0x00000030   Code   RO         2465    i.LHI_Set_pwm_duty  lcd_hardware_interfaces.o
    0x08007d4c   0x0000002c   Code   RO         2466    i.LHI_TX_byte       lcd_hardware_interfaces.o
    0x08007d78   0x0000001c   Code   RO         2467    i.LHI_Wait          lcd_hardware_interfaces.o
    0x08007d94   0x00000044   Code   RO         2468    i.LHI_Write_vram    lcd_hardware_interfaces.o
    0x08007dd8   0x0000002c   Code   RO         7202    i.Last_name_offset  usb.o
    0x08007e04   0x00000002   Code   RO         3782    i.LngpshHandle      hmi.o
    0x08007e06   0x0000001e   Code   RO         6427    i.MDL_Clone_samp_conf  model.o
    0x08007e24   0x000000f0   Code   RO         6428    i.MDL_Get_value     model.o
    0x08007f14   0x0000002c   Code   RO         6429    i.MDL_Init          model.o
    0x08007f40   0x00000038   Code   RO         6532    i.MdlChn_Cal_prc    model_channel.o
    0x08007f78   0x000000b4   Code   RO         6533    i.MdlChn_Cancle_alarm  model_channel.o
    0x0800802c   0x00000124   Code   RO         6534    i.MdlChn_Check_new_alarm  model_channel.o
    0x08008150   0x00000058   Code   RO         6536    i.MdlChn_Commit_conf  model_channel.o
    0x080081a8   0x00000018   Code   RO         6537    i.MdlChn_Get_def_lower_limit  model_channel.o
    0x080081c0   0x0000001c   Code   RO         6538    i.MdlChn_Get_def_up_limit  model_channel.o
    0x080081dc   0x00000072   Code   RO         6539    i.MdlChn_Init_alm_mgr_by_STG_alm  model_channel.o
    0x0800824e   0x0000004e   Code   RO         6541    i.MdlChn_Save_2_alarm  model_channel.o
    0x0800829c   0x0000005e   Code   RO         6542    i.MdlChn_Save_2_conf  model_channel.o
    0x080082fa   0x00000026   Code   RO         6543    i.MdlChn_default_alarm  model_channel.o
    0x08008320   0x00000068   Code   RO         6544    i.MdlChn_default_conf  model_channel.o
    0x08008388   0x00000238   Code   RO         6545    i.MdlChn_getData    model_channel.o
    0x080085c0   0x00000128   Code   RO         6546    i.MdlChn_init       model_channel.o
    0x080086e8   0x00000380   Code   RO         6547    i.MdlChn_modify_sconf  model_channel.o
    0x08008a68   0x00000184   Code   RO         6548    i.MdlChn_run        model_channel.o
    0x08008bec   0x00000030   Code   RO         6549    i.MdlChn_save_data  model_channel.o
    0x08008c1c   0x000000d8   Code   RO         6550    i.MdlChn_self_check  model_channel.o
    0x08008cf4   0x000002e0   Code   RO         6551    i.MdlChn_setData    model_channel.o
    0x08008fd4   0x00000006   Code   RO         6552    i.MdlChn_set_by_string  model_channel.o
    0x08008fda   0x0000001a   Code   RO         6553    i.MdlChn_to_percentage  model_channel.o
    0x08008ff4   0x00000220   Code   RO         6554    i.MdlChn_to_string  model_channel.o
    0x08009214   0x00000050   Code   RO         6745    i.MdlTime_getData   modeltime.o
    0x08009264   0x00000044   Code   RO         6746    i.MdlTime_init      modeltime.o
    0x080092a8   0x00000058   Code   RO         6747    i.MdlTime_run       modeltime.o
    0x08009300   0x00000118   Code   RO         6748    i.MdlTime_set_by_string  modeltime.o
    0x08009418   0x000000a0   Code   RO         6749    i.MdlTime_to_string  modeltime.o
    0x080094b8   0x0000002a   Code   RO         6433    i.Mdl_attach        model.o
    0x080094e2   0x00000010   Code   RO         6434    i.Mdl_detach        model.o
    0x080094f2   0x00000018   Code   RO         6435    i.Mdl_getData       model.o
    0x0800950a   0x0000002c   Code   RO         6436    i.Mdl_notify        model.o
    0x08009536   0x00000018   Code   RO         6437    i.Mdl_setData       model.o
    0x0800954e   0x00000002   PAD
    0x08009550   0x0000007c   Code   RO         1287    i.Mem_calloc        mem.o
    0x080095cc   0x00000110   Code   RO         6718    i.ModelCreate       modelfactory.o
    0x080096dc   0x00000034   Code   RO         6750    i.ModelTime_ctor    modeltime.o
    0x08009710   0x0000001a   Code   RO         6751    i.ModelTime_new     modeltime.o
    0x0800972a   0x00000002   PAD
    0x0800972c   0x00000054   Code   RO         6555    i.Model_chn_ctor    model_channel.o
    0x08009780   0x0000001a   Code   RO         6556    i.Model_chn_new     model_channel.o
    0x0800979a   0x00000002   PAD
    0x0800979c   0x0000002c   Code   RO         6438    i.Model_ctor        model.o
    0x080097c8   0x00000258   Code   RO          662    i.NVIC_Configuration  intrinit.o
    0x08009a20   0x00000070   Code   RO         8549    i.NVIC_Init         misc.o
    0x08009a90   0x00000014   Code   RO         8550    i.NVIC_PriorityGroupConfig  misc.o
    0x08009aa4   0x00000014   Code   RO         8551    i.NVIC_SetVectorTable  misc.o
    0x08009ab8   0x00000014   Code   RO         7990    i.NtButton_ctor     ntbutton.o
    0x08009acc   0x0000001a   Code   RO         7991    i.NtButton_new      ntbutton.o
    0x08009ae6   0x00000002   PAD
    0x08009ae8   0x00000014   Code   RO         8041    i.NtInput_ctor      ntinput.o
    0x08009afc   0x0000001a   Code   RO         8042    i.NtInput_new       ntinput.o
    0x08009b16   0x00000002   PAD
    0x08009b18   0x0000007c   Code   RO         4753    i.OTH_Init          component_option.o
    0x08009b94   0x00000026   Code   RO         4754    i.OTH_Select        component_option.o
    0x08009bba   0x0000006e   Code   RO          689    i.OpenPrpClock      mysystemclock.o
    0x08009c28   0x00000012   Code   RO         2104    i.Open_devSpi       dev_spi.o
    0x08009c3a   0x00000014   Code   RO         2175    i.Open_dev_IIC      dev_iic.o
    0x08009c4e   0x00000002   PAD
    0x08009c50   0x00000048   Code   RO         1930    i.Open_dev_lcd      dev_lcd.o
    0x08009c98   0x00000022   Code   RO         4309    i.Operate_in_tange  hmi_comm.o
    0x08009cba   0x00000022   Code   RO         4310    i.Operate_in_tange_keep  hmi_comm.o
    0x08009cdc   0x0000004c   Code   RO         5324    i.PRP_Col_1         cst_set_pressure_protect.o
    0x08009d28   0x00000002   Code   RO         5325    i.PRP_Exit          cst_set_pressure_protect.o
    0x08009d2a   0x00000002   PAD
    0x08009d2c   0x00000024   Code   RO         5326    i.PRP_Reset_focus   cst_set_pressure_protect.o
    0x08009d50   0x00000024   Code   RO         5327    i.PRP_commit        cst_set_pressure_protect.o
    0x08009d74   0x000000c8   Code   RO         5328    i.PRP_entry         cst_set_pressure_protect.o
    0x08009e3c   0x00000040   Code   RO         5329    i.PRP_get_focusdata  cst_set_pressure_protect.o
    0x08009e7c   0x0000006c   Code   RO         5330    i.PRP_init          cst_set_pressure_protect.o
    0x08009ee8   0x00000040   Code   RO         5331    i.PRP_key_dn        cst_set_pressure_protect.o
    0x08009f28   0x0000000c   Code   RO         5332    i.PRP_key_er        cst_set_pressure_protect.o
    0x08009f34   0x00000034   Code   RO         5333    i.PRP_key_lt        cst_set_pressure_protect.o
    0x08009f68   0x00000034   Code   RO         5334    i.PRP_key_rt        cst_set_pressure_protect.o
    0x08009f9c   0x00000040   Code   RO         5335    i.PRP_key_up        cst_set_pressure_protect.o
    0x08009fdc   0x000000cc   Code   RO         5336    i.PRP_modify        cst_set_pressure_protect.o
    0x0800a0a8   0x00000068   Code   RO         4755    i.PRS_Init          component_option.o
    0x0800a110   0x0000001c   Code   RO         4756    i.PRS_Select        component_option.o
    0x0800a12c   0x00000058   Code   RO         5148    i.PSD_Col_1         cst_set_password.o
    0x0800a184   0x00000002   Code   RO         5149    i.PSD_Exit          cst_set_password.o
    0x0800a186   0x00000002   PAD
    0x0800a188   0x00000024   Code   RO         6350    i.PSD_Hide          hmi_input_psd.o
    0x0800a1ac   0x00000104   Code   RO         6351    i.PSD_Hit           hmi_input_psd.o
    0x0800a2b0   0x00000008   Code   RO         6352    i.PSD_Init          hmi_input_psd.o
    0x0800a2b8   0x00000010   Code   RO         6353    i.PSD_Init_focus    hmi_input_psd.o
    0x0800a2c8   0x00000024   Code   RO         5150    i.PSD_Reset_focus   cst_set_password.o
    0x0800a2ec   0x00000002   Code   RO         6354    i.PSD_Run           hmi_input_psd.o
    0x0800a2ee   0x00000002   PAD
    0x0800a2f0   0x00000020   Code   RO         6355    i.PSD_Show          hmi_input_psd.o
    0x0800a310   0x000000f0   Code   RO         6356    i.PSD_Show_foucs_byte  hmi_input_psd.o
    0x0800a400   0x0000001c   Code   RO         5151    i.PSD_commit        cst_set_password.o
    0x0800a41c   0x000000a4   Code   RO         5152    i.PSD_entry         cst_set_password.o
    0x0800a4c0   0x00000040   Code   RO         5153    i.PSD_get_focusdata  cst_set_password.o
    0x0800a500   0x00000068   Code   RO         5154    i.PSD_init          cst_set_password.o
    0x0800a568   0x0000010c   Code   RO         6357    i.PSD_initSheet     hmi_input_psd.o
    0x0800a674   0x00000020   Code   RO         5155    i.PSD_key_dn        cst_set_password.o
    0x0800a694   0x0000000c   Code   RO         5156    i.PSD_key_er        cst_set_password.o
    0x0800a6a0   0x00000034   Code   RO         5157    i.PSD_key_lt        cst_set_password.o
    0x0800a6d4   0x00000034   Code   RO         5158    i.PSD_key_rt        cst_set_password.o
    0x0800a708   0x00000020   Code   RO         5159    i.PSD_key_up        cst_set_password.o
    0x0800a728   0x0000003c   Code   RO         5160    i.PSD_modify        cst_set_password.o
    0x0800a764   0x00000030   Code   RO          737    i.PVD_IRQHandler    power.o
    0x0800a794   0x00000048   Code   RO          738    i.PVD_Init          power.o
    0x0800a7dc   0x0000000c   Code   RO         9281    i.PWR_PVDCmd        stm32f10x_pwr.o
    0x0800a7e8   0x00000018   Code   RO         9282    i.PWR_PVDLevelConfig  stm32f10x_pwr.o
    0x0800a800   0x00000024   Code   RO         2930    i.Pcf8563_ctor      rtc_pcf8563.o
    0x0800a824   0x0000001a   Code   RO         2933    i.Pcf8563_new       rtc_pcf8563.o
    0x0800a83e   0x00000008   Code   RO         2934    i.Pcf8563_readReg   rtc_pcf8563.o
    0x0800a846   0x00000002   PAD
    0x0800a848   0x000002e4   Code   RO         2935    i.Pcf8563_set       rtc_pcf8563.o
    0x0800ab2c   0x00000008   Code   RO         2936    i.Pcf8563_writeReg  rtc_pcf8563.o
    0x0800ab34   0x0000002c   Code   RO         6557    i.Percent_to_data   model_channel.o
    0x0800ab60   0x00000014   Code   RO         8129    i.PicExpr_ctor      picexpr.o
    0x0800ab74   0x0000001a   Code   RO         8130    i.PicExpr_new       picexpr.o
    0x0800ab8e   0x00000002   PAD
    0x0800ab90   0x000000d8   Code   RO         8131    i.PicInptSht        picexpr.o
    0x0800ac68   0x00000350   Code   RO          713    i.Pin_init          pinmux.o
    0x0800afb8   0x00000024   Code   RO         7012    i.Power_Ch376       ch376.o
    0x0800afdc   0x0000002c   Code   RO         3222    i.Print_able        phn_string.o
    0x0800b008   0x000000c0   Code   RO         3223    i.Print_atmosphere_param  phn_string.o
    0x0800b0c8   0x000000b8   Code   RO         3224    i.Print_float       phn_string.o
    0x0800b180   0x00000104   Code   RO         3229    i.Print_singnaltype  phn_string.o
    0x0800b284   0x0000002c   Code   RO         3232    i.Print_touch_spot  phn_string.o
    0x0800b2b0   0x0000034c   Code   RO         3233    i.Print_unit        phn_string.o
    0x0800b5fc   0x00000002   Code   RO         5866    i.QAT_Exit          cst_query_atmosphere.o
    0x0800b5fe   0x00000002   Code   RO         5867    i.QAT_Reset_focus   cst_query_atmosphere.o
    0x0800b600   0x00000006   Code   RO         5868    i.QAT_commit        cst_query_atmosphere.o
    0x0800b606   0x00000002   PAD
    0x0800b608   0x000002c0   Code   RO         5869    i.QAT_entry         cst_query_atmosphere.o
    0x0800b8c8   0x00000006   Code   RO         5870    i.QAT_get_focusdata  cst_query_atmosphere.o
    0x0800b8ce   0x00000002   PAD
    0x0800b8d0   0x00000094   Code   RO         5871    i.QAT_init          cst_query_atmosphere.o
    0x0800b964   0x00000008   Code   RO         5872    i.QAT_key_dn        cst_query_atmosphere.o
    0x0800b96c   0x00000008   Code   RO         5873    i.QAT_key_er        cst_query_atmosphere.o
    0x0800b974   0x00000008   Code   RO         5874    i.QAT_key_lt        cst_query_atmosphere.o
    0x0800b97c   0x00000008   Code   RO         5875    i.QAT_key_rt        cst_query_atmosphere.o
    0x0800b984   0x00000008   Code   RO         5876    i.QAT_key_up        cst_query_atmosphere.o
    0x0800b98c   0x00000002   Code   RO         6131    i.QDS_Exit          cst_query_dust.o
    0x0800b98e   0x00000002   Code   RO         6132    i.QDS_Reset_focus   cst_query_dust.o
    0x0800b990   0x00000006   Code   RO         6133    i.QDS_commit        cst_query_dust.o
    0x0800b996   0x00000002   PAD
    0x0800b998   0x00000288   Code   RO         6134    i.QDS_entry         cst_query_dust.o
    0x0800bc20   0x00000006   Code   RO         6135    i.QDS_get_focusdata  cst_query_dust.o
    0x0800bc26   0x00000002   PAD
    0x0800bc28   0x0000007c   Code   RO         6136    i.QDS_init          cst_query_dust.o
    0x0800bca4   0x00000008   Code   RO         6137    i.QDS_key_dn        cst_query_dust.o
    0x0800bcac   0x00000008   Code   RO         6138    i.QDS_key_er        cst_query_dust.o
    0x0800bcb4   0x00000008   Code   RO         6139    i.QDS_key_lt        cst_query_dust.o
    0x0800bcbc   0x00000008   Code   RO         6140    i.QDS_key_rt        cst_query_dust.o
    0x0800bcc4   0x00000008   Code   RO         6141    i.QDS_key_up        cst_query_dust.o
    0x0800bccc   0x00000002   Code   RO         5765    i.QRY_Clear_focus   hmi_query.o
    0x0800bcce   0x00000002   PAD
    0x0800bcd0   0x0000008c   Code   RO         5766    i.QRY_Exec_Sy_cmd   hmi_query.o
    0x0800bd5c   0x00000012   Code   RO         5767    i.QRY_Get_row_vy    hmi_query.o
    0x0800bd6e   0x00000002   PAD
    0x0800bd70   0x00000044   Code   RO         5768    i.QRY_Hide          hmi_query.o
    0x0800bdb4   0x00000060   Code   RO         5769    i.QRY_Hit           hmi_query.o
    0x0800be14   0x00000014   Code   RO         5770    i.QRY_Init          hmi_query.o
    0x0800be28   0x00000002   Code   RO         5771    i.QRY_Init_focus    hmi_query.o
    0x0800be2a   0x00000002   PAD
    0x0800be2c   0x000000f0   Code   RO         5772    i.QRY_Init_sheet    hmi_query.o
    0x0800bf1c   0x0000001c   Code   RO         5773    i.QRY_Show          hmi_query.o
    0x0800bf38   0x00000002   Code   RO         5774    i.QRY_Show_focus    hmi_query.o
    0x0800bf3a   0x00000002   PAD
    0x0800bf3c   0x00000190   Code   RO         5775    i.QRY_Show_strategy  hmi_query.o
    0x0800c0cc   0x00000016   Code   RO         5776    i.QRY_Switch_signal  hmi_query.o
    0x0800c0e2   0x00000002   PAD
    0x0800c0e4   0x0000009c   Code   RO         5777    i.QRY_Turn_page     hmi_query.o
    0x0800c180   0x00000028   Code   RO         7013    i.Query376Interrupt  ch376.o
    0x0800c1a8   0x00000020   Code   RO         9348    i.RCC_AHBPeriphClockCmd  stm32f10x_rcc.o
    0x0800c1c8   0x00000020   Code   RO         9349    i.RCC_APB1PeriphClockCmd  stm32f10x_rcc.o
    0x0800c1e8   0x00000020   Code   RO         9350    i.RCC_APB1PeriphResetCmd  stm32f10x_rcc.o
    0x0800c208   0x00000020   Code   RO         9351    i.RCC_APB2PeriphClockCmd  stm32f10x_rcc.o
    0x0800c228   0x00000020   Code   RO         9352    i.RCC_APB2PeriphResetCmd  stm32f10x_rcc.o
    0x0800c248   0x000000d4   Code   RO         9359    i.RCC_GetClocksFreq  stm32f10x_rcc.o
    0x0800c31c   0x00000170   Code   RO         1610    i.Read_IIC          drive_iic.o
    0x0800c48c   0x00000040   Code   RO         2105    i.Read_devSpi       dev_spi.o
    0x0800c4cc   0x00000042   Code   RO         2176    i.Read_dev_IIC      dev_iic.o
    0x0800c50e   0x00000002   PAD
    0x0800c510   0x0000009c   Code   RO         1663    i.Read_spi          drive_spi.o
    0x0800c5ac   0x0000003e   Code   RO         7903    i.RemoveHead        reader.o
    0x0800c5ea   0x0000007e   Code   RO         7904    i.RemoveTail        reader.o
    0x0800c668   0x0000000c   Code   RO         7203    i.Reset_Ch376       usb.o
    0x0800c674   0x00000020   Code   RO         1664    i.SPI1_IRQHandler   drive_spi.o
    0x0800c694   0x00000020   Code   RO         1665    i.SPI2_IRQHandler   drive_spi.o
    0x0800c6b4   0x00000018   Code   RO         9564    i.SPI_Cmd           stm32f10x_spi.o
    0x0800c6cc   0x00000012   Code   RO         9572    i.SPI_I2S_GetFlagStatus  stm32f10x_spi.o
    0x0800c6de   0x00000020   Code   RO         9574    i.SPI_I2S_ITConfig  stm32f10x_spi.o
    0x0800c6fe   0x00000006   Code   RO         9575    i.SPI_I2S_ReceiveData  stm32f10x_spi.o
    0x0800c704   0x00000004   Code   RO         9576    i.SPI_I2S_SendData  stm32f10x_spi.o
    0x0800c708   0x0000003c   Code   RO         9577    i.SPI_Init          stm32f10x_spi.o
    0x0800c744   0x00000018   Code   RO         9580    i.SPI_StructInit    stm32f10x_spi.o
    0x0800c75c   0x000000c4   Code   RO         5944    i.SSM_Col_1         cst_set_sample.o
    0x0800c820   0x00000002   Code   RO         5945    i.SSM_Exit          cst_set_sample.o
    0x0800c822   0x00000002   PAD
    0x0800c824   0x00000024   Code   RO         5946    i.SSM_Reset_focus   cst_set_sample.o
    0x0800c848   0x00000028   Code   RO         5947    i.SSM_commit        cst_set_sample.o
    0x0800c870   0x00000098   Code   RO         5948    i.SSM_entry         cst_set_sample.o
    0x0800c908   0x0000004c   Code   RO         5949    i.SSM_get_focusdata  cst_set_sample.o
    0x0800c954   0x00000084   Code   RO         5950    i.SSM_init          cst_set_sample.o
    0x0800c9d8   0x00000040   Code   RO         5951    i.SSM_key_dn        cst_set_sample.o
    0x0800ca18   0x0000000c   Code   RO         5952    i.SSM_key_er        cst_set_sample.o
    0x0800ca24   0x00000040   Code   RO         5953    i.SSM_key_lt        cst_set_sample.o
    0x0800ca64   0x0000003c   Code   RO         5954    i.SSM_key_rt        cst_set_sample.o
    0x0800caa0   0x00000040   Code   RO         5955    i.SSM_key_up        cst_set_sample.o
    0x0800cae0   0x000000d8   Code   RO         5956    i.SSM_modify        cst_set_sample.o
    0x0800cbb8   0x000000a4   Code   RO         3000    i.STG_Acc_chn_alarm  storage.o
    0x0800cc5c   0x0000009c   Code   RO         3001    i.STG_Acc_chn_conf  storage.o
    0x0800ccf8   0x000000cc   Code   RO         3002    i.STG_Acc_chn_data  storage.o
    0x0800cdc4   0x000000a4   Code   RO         3003    i.STG_Acc_chn_sum   storage.o
    0x0800ce68   0x00000064   Code   RO         3004    i.STG_Acc_lose_pwr  storage.o
    0x0800cecc   0x00000074   Code   RO         3005    i.STG_Acc_sys_conf  storage.o
    0x0800cf40   0x00000002   Code   RO         3783    i.STG_Duild_button  hmi.o
    0x0800cf42   0x00000002   PAD
    0x0800cf44   0x00000124   Code   RO         3007    i.STG_Open_file     storage.o
    0x0800d068   0x00000034   Code   RO         3010    i.STG_Resize        storage.o
    0x0800d09c   0x000000b0   Code   RO         3011    i.STG_Set_file_position  storage.o
    0x0800d14c   0x000001d0   Code   RO         6035    i.STS_Delay_time_hit  hmi_start_sample.o
    0x0800d31c   0x00000074   Code   RO         6036    i.STS_Hide          hmi_start_sample.o
    0x0800d390   0x00000008   Code   RO         6037    i.STS_Init          hmi_start_sample.o
    0x0800d398   0x0000004c   Code   RO         6038    i.STS_Init_focus    hmi_start_sample.o
    0x0800d3e4   0x00000002   Code   RO         6039    i.STS_Run           hmi_start_sample.o
    0x0800d3e6   0x00000002   PAD
    0x0800d3e8   0x00000018   Code   RO         6040    i.STS_Show          hmi_start_sample.o
    0x0800d400   0x00000060   Code   RO         6041    i.STS_Show_delay_entry_foucs  hmi_start_sample.o
    0x0800d460   0x000000f0   Code   RO         6042    i.STS_Show_delay_time_foucs  hmi_start_sample.o
    0x0800d550   0x00000084   Code   RO         6043    i.STS_Tim_update    hmi_start_sample.o
    0x0800d5d4   0x00000060   Code   RO         6044    i.STS_choice        hmi_start_sample.o
    0x0800d634   0x000000f0   Code   RO         6045    i.STS_hit           hmi_start_sample.o
    0x0800d724   0x0000020c   Code   RO         6046    i.STS_initSheet     hmi_start_sample.o
    0x0800d930   0x00000024   Code   RO          322    i.SYS_Lcd_off       system.o
    0x0800d954   0x00000030   Code   RO          323    i.SYS_Lcd_on        system.o
    0x0800d984   0x00000028   Code   RO          324    i.SYS_Tim_lcd_off   system.o
    0x0800d9ac   0x00000010   Code   RO          325    i.SYS_time_sec      system.o
    0x0800d9bc   0x0000011c   Code   RO          326    i.Sec_2_tm          system.o
    0x0800dad8   0x000002d4   Code   RO         1373    i.Sem_init          rtx_depend.o
    0x0800ddac   0x0000012c   Code   RO         1374    i.Sem_post          rtx_depend.o
    0x0800ded8   0x0000012c   Code   RO         1375    i.Sem_wait          rtx_depend.o
    0x0800e004   0x00000008   Code   RO         8503    i.SetSysClock       system_stm32f10x.o
    0x0800e00c   0x000000e0   Code   RO         8504    i.SetSysClockTo72   system_stm32f10x.o
    0x0800e0ec   0x00000024   Code   RO          994    i.Set_bit           bit.o
    0x0800e110   0x00000016   Code   RO         3784    i.Set_flag_show     hmi.o
    0x0800e126   0x00000002   PAD
    0x0800e128   0x000001e8   Code   RO         7944    i.Set_shtAreaAtt    expression.o
    0x0800e310   0x0000007c   Code   RO         7945    i.Set_shtContextAtt  expression.o
    0x0800e38c   0x00000078   Code   RO         8175    i.Sheet_alloc       sheet.o
    0x0800e404   0x0000004c   Code   RO         8180    i.Sheet_refresh     sheet.o
    0x0800e450   0x0000006e   Code   RO         8181    i.Sheet_refreshsub  sheet.o
    0x0800e4be   0x0000002e   Code   RO         8183    i.Sheet_slide       sheet.o
    0x0800e4ec   0x00000116   Code   RO         8184    i.Sheet_updown      sheet.o
    0x0800e602   0x00000022   Code   RO         3785    i.Show_focus        hmi.o
    0x0800e624   0x00000038   Code   RO         8185    i.Shtctl_init       sheet.o
    0x0800e65c   0x00000174   Code   RO         6558    i.Signal_Alarm      model_channel.o
    0x0800e7d0   0x0000005c   Code   RO         1143    i.SmBus_AI_Read     smart_bus.o
    0x0800e82c   0x00000078   Code   RO         1144    i.SmBus_AI_config   smart_bus.o
    0x0800e8a4   0x00000018   Code   RO         1145    i.SmBus_Check_head  smart_bus.o
    0x0800e8bc   0x00000030   Code   RO         1146    i.SmBus_Check_tail  smart_bus.o
    0x0800e8ec   0x00000056   Code   RO         1147    i.SmBus_Cmd_err     smart_bus.o
    0x0800e942   0x0000001e   Code   RO         1148    i.SmBus_DO_output   smart_bus.o
    0x0800e960   0x00000014   Code   RO         1149    i.SmBus_Get_crc     smart_bus.o
    0x0800e974   0x00000064   Code   RO         1150    i.SmBus_Get_u16     smart_bus.o
    0x0800e9d8   0x00000044   Code   RO         1151    i.SmBus_Query       smart_bus.o
    0x0800ea1c   0x00000018   Code   RO         1152    i.SmBus_RD_hig_limit  smart_bus.o
    0x0800ea34   0x00000018   Code   RO         1153    i.SmBus_RD_low_limit  smart_bus.o
    0x0800ea4c   0x0000006c   Code   RO         1154    i.SmBus_Read        smart_bus.o
    0x0800eab8   0x00000018   Code   RO         1155    i.SmBus_Read_DO     smart_bus.o
    0x0800ead0   0x0000001c   Code   RO         1156    i.SmBus_Tail        smart_bus.o
    0x0800eaec   0x00000028   Code   RO         1157    i.SmBus_U16         smart_bus.o
    0x0800eb14   0x00000020   Code   RO         1158    i.SmBus_WR_hig_limit  smart_bus.o
    0x0800eb34   0x00000020   Code   RO         1159    i.SmBus_WR_low_limit  smart_bus.o
    0x0800eb54   0x000000bc   Code   RO         1160    i.SmBus_Write       smart_bus.o
    0x0800ec10   0x00000036   Code   RO         1161    i.SmBus_crc         smart_bus.o
    0x0800ec46   0x00000002   PAD
    0x0800ec48   0x0000007c   Code   RO         1162    i.SmBus_dcd_AI_read  smart_bus.o
    0x0800ecc4   0x0000006c   Code   RO         1163    i.SmBus_dcd_query   smart_bus.o
    0x0800ed30   0x000000d4   Code   RO         1164    i.SmBus_dcd_read    smart_bus.o
    0x0800ee04   0x00000074   Code   RO         1165    i.SmBus_decode      smart_bus.o
    0x0800ee78   0x00000018   Code   RO         1166    i.SmBus_rd_signal_type  smart_bus.o
    0x0800ee90   0x00000002   Code   RO         1666    i.Spi_baud_Prescaler  drive_spi.o
    0x0800ee92   0x0000003a   Code   RO         1667    i.Spi_mode_CP       drive_spi.o
    0x0800eecc   0x00000024   Code   RO         3012    i.Storage_ctor      storage.o
    0x0800eef0   0x0000001a   Code   RO         3013    i.Storage_new       storage.o
    0x0800ef0a   0x00000002   PAD
    0x0800ef0c   0x00000130   Code   RO         3234    i.Str_Calculations  phn_string.o
    0x0800f03c   0x0000004e   Code   RO         3236    i.Str_set_password  phn_string.o
    0x0800f08a   0x00000002   PAD
    0x0800f08c   0x00000078   Code   RO         3014    i.Strg_Updata_rcd_mgr  storage.o
    0x0800f104   0x00000094   Code   RO         3015    i.Strg_WR_stored_data  storage.o
    0x0800f198   0x00000006   Code   RO         3016    i.Strg_init         storage.o
    0x0800f19e   0x00000002   PAD
    0x0800f1a0   0x00000094   Code   RO         3017    i.Strg_rd_stored_data  storage.o
    0x0800f234   0x00000040   Code   RO         7598    i.String2Align      glyph.o
    0x0800f274   0x00000028   Code   RO         7599    i.String2Bkc        glyph.o
    0x0800f29c   0x00000028   Code   RO         7600    i.String2Clr        glyph.o
    0x0800f2c4   0x0000002c   Code   RO         7601    i.String2CntEff     glyph.o
    0x0800f2f0   0x00000038   Code   RO         7602    i.String2Colour     glyph.o
    0x0800f328   0x0000008c   Code   RO         7603    i.String2Font       glyph.o
    0x0800f3b4   0x00000080   Code   RO         3786    i.SwitchBack        hmi.o
    0x0800f434   0x000000c0   Code   RO         3787    i.SwitchHMI         hmi.o
    0x0800f4f4   0x000000a4   Code   RO         8505    i.SystemCoreClockUpdate  system_stm32f10x.o
    0x0800f598   0x00000060   Code   RO         8506    i.SystemInit        system_stm32f10x.o
    0x0800f5f8   0x00000074   Code   RO          330    i.System_init       system.o
    0x0800f66c   0x00000080   Code   RO          331    i.System_power_off  system.o
    0x0800f6ec   0x0000002c   Code   RO          333    i.System_set_time   system.o
    0x0800f718   0x00000018   Code   RO          334    i.System_time       system.o
    0x0800f730   0x00000090   Code   RO         3126    i.TIM2_IRQHandler   times.o
    0x0800f7c0   0x00000006   Code   RO         9726    i.TIM_ClearITPendingBit  stm32f10x_tim.o
    0x0800f7c6   0x00000018   Code   RO         9731    i.TIM_Cmd           stm32f10x_tim.o
    0x0800f7de   0x00000002   PAD
    0x0800f7e0   0x0000009c   Code   RO         4947    i.TIM_Col_1         cst_set_time.o
    0x0800f87c   0x00000002   Code   RO         4948    i.TIM_Exit          cst_set_time.o
    0x0800f87e   0x00000022   Code   RO         9752    i.TIM_GetITStatus   stm32f10x_tim.o
    0x0800f8a0   0x00000068   Code   RO         4757    i.TIM_Init          component_option.o
    0x0800f908   0x00000098   Code   RO         9760    i.TIM_OC1Init       stm32f10x_tim.o
    0x0800f9a0   0x00000012   Code   RO         9763    i.TIM_OC1PreloadConfig  stm32f10x_tim.o
    0x0800f9b2   0x00000002   PAD
    0x0800f9b4   0x000000a4   Code   RO         9765    i.TIM_OC2Init       stm32f10x_tim.o
    0x0800fa58   0x0000001a   Code   RO         9768    i.TIM_OC2PreloadConfig  stm32f10x_tim.o
    0x0800fa72   0x00000002   PAD
    0x0800fa74   0x000000a0   Code   RO         9770    i.TIM_OC3Init       stm32f10x_tim.o
    0x0800fb14   0x00000012   Code   RO         9773    i.TIM_OC3PreloadConfig  stm32f10x_tim.o
    0x0800fb26   0x00000002   PAD
    0x0800fb28   0x0000007c   Code   RO         9775    i.TIM_OC4Init       stm32f10x_tim.o
    0x0800fba4   0x0000001a   Code   RO         9777    i.TIM_OC4PreloadConfig  stm32f10x_tim.o
    0x0800fbbe   0x00000002   PAD
    0x0800fbc0   0x00000024   Code   RO         4949    i.TIM_Reset_focus   cst_set_time.o
    0x0800fbe4   0x00000008   Code   RO         4758    i.TIM_Select        component_option.o
    0x0800fbec   0x00000004   Code   RO         9792    i.TIM_SetCompare1   stm32f10x_tim.o
    0x0800fbf0   0x00000004   Code   RO         9793    i.TIM_SetCompare2   stm32f10x_tim.o
    0x0800fbf4   0x00000004   Code   RO         9794    i.TIM_SetCompare3   stm32f10x_tim.o
    0x0800fbf8   0x00000006   Code   RO         9795    i.TIM_SetCompare4   stm32f10x_tim.o
    0x0800fbfe   0x00000002   PAD
    0x0800fc00   0x000000a4   Code   RO         9802    i.TIM_TimeBaseInit  stm32f10x_tim.o
    0x0800fca4   0x00000080   Code   RO         4950    i.TIM_commit        cst_set_time.o
    0x0800fd24   0x000000cc   Code   RO         4951    i.TIM_entry         cst_set_time.o
    0x0800fdf0   0x00000040   Code   RO         4952    i.TIM_get_focusdata  cst_set_time.o
    0x0800fe30   0x0000005c   Code   RO         4953    i.TIM_init          cst_set_time.o
    0x0800fe8c   0x00000030   Code   RO         4954    i.TIM_key_dn        cst_set_time.o
    0x0800febc   0x0000000c   Code   RO         4955    i.TIM_key_er        cst_set_time.o
    0x0800fec8   0x00000034   Code   RO         4956    i.TIM_key_lt        cst_set_time.o
    0x0800fefc   0x00000034   Code   RO         4957    i.TIM_key_rt        cst_set_time.o
    0x0800ff30   0x00000030   Code   RO         4958    i.TIM_key_up        cst_set_time.o
    0x0800ff60   0x0000003c   Code   RO         4959    i.TIM_modify        cst_set_time.o
    0x0800ff9c   0x00000048   Code   RO         8407    i.TUSB_Display      test_usb.o
    0x0800ffe4   0x000001e4   Code   RO         8408    i.TUSB_Write_file   test_usb.o
    0x080101c8   0x00000006   Code   RO         2106    i.Test_devSpi       dev_spi.o
    0x080101ce   0x00000006   Code   RO         2177    i.Test_dev_IIC      dev_iic.o
    0x080101d4   0x00000150   Code   RO         8409    i.Test_usb          test_usb.o
    0x08010324   0x0000001a   Code   RO            8    i.ThrdKeyRun        main.o
    0x0801033e   0x00000002   PAD
    0x08010340   0x00000090   Code   RO          335    i.Time_2_u32        system.o
    0x080103d0   0x00000014   Code   RO         7857    i.TxtExpr_ctor      txtexpr.o
    0x080103e4   0x0000001a   Code   RO         7858    i.TxtExpr_new       txtexpr.o
    0x080103fe   0x00000002   PAD
    0x08010400   0x000000d4   Code   RO         7859    i.TxtInptSht        txtexpr.o
    0x080104d4   0x00000014   Code   RO         1739    i.UART4_IRQHandler  drive_uart.o
    0x080104e8   0x00000014   Code   RO         1740    i.USART1_IRQHandler  drive_uart.o
    0x080104fc   0x00000014   Code   RO         1741    i.USART2_IRQHandler  drive_uart.o
    0x08010510   0x00000014   Code   RO         1742    i.USART3_IRQHandler  drive_uart.o
    0x08010524   0x00000012   Code   RO        10275    i.USART_ClearFlag   stm32f10x_usart.o
    0x08010536   0x00000018   Code   RO        10279    i.USART_Cmd         stm32f10x_usart.o
    0x0801054e   0x00000012   Code   RO        10280    i.USART_DMACmd      stm32f10x_usart.o
    0x08010560   0x0000009c   Code   RO        10281    i.USART_DeInit      stm32f10x_usart.o
    0x080105fc   0x0000001a   Code   RO        10282    i.USART_GetFlagStatus  stm32f10x_usart.o
    0x08010616   0x00000054   Code   RO        10283    i.USART_GetITStatus  stm32f10x_usart.o
    0x0801066a   0x0000004a   Code   RO        10285    i.USART_ITConfig    stm32f10x_usart.o
    0x080106b4   0x000000d8   Code   RO        10286    i.USART_Init        stm32f10x_usart.o
    0x0801078c   0x0000000a   Code   RO        10293    i.USART_ReceiveData  stm32f10x_usart.o
    0x08010796   0x00000008   Code   RO        10296    i.USART_SendData    stm32f10x_usart.o
    0x0801079e   0x00000002   PAD
    0x080107a0   0x00000098   Code   RO         7204    i.USB_Colse_file    usb.o
    0x08010838   0x000000b8   Code   RO         7205    i.USB_Create_file   usb.o
    0x080108f0   0x00000050   Code   RO         7210    i.USB_Init          usb.o
    0x08010940   0x0000002c   Code   RO         7211    i.USB_Open_file     usb.o
    0x0801096c   0x00000040   Code   RO         7215    i.USB_Rgt_event_hdl  usb.o
    0x080109ac   0x0000006c   Code   RO         7216    i.USB_Run           usb.o
    0x08010a18   0x00000028   Code   RO         7217    i.USB_Write_file    usb.o
    0x08010a40   0x0000003a   Code   RO         1743    i.UartDeInit        drive_uart.o
    0x08010a7a   0x000000ca   Code   RO         1744    i.UartDma_Init      drive_uart.o
    0x08010b44   0x00000012   Code   RO         1745    i.UartGiveBackPlayloadBuf  drive_uart.o
    0x08010b56   0x00000002   PAD
    0x08010b58   0x000000d8   Code   RO         1746    i.UartInit          drive_uart.o
    0x08010c30   0x0000009e   Code   RO         1747    i.UartIoctol        drive_uart.o
    0x08010cce   0x00000002   Code   RO         2001    i.UartLedRxHdl      dev_uart.o
    0x08010cd0   0x00000002   Code   RO         2002    i.UartLedTxHdl      dev_uart.o
    0x08010cd2   0x00000010   Code   RO         2003    i.UartPostRxSem     dev_uart.o
    0x08010ce2   0x00000010   Code   RO         2004    i.UartPostTxSem     dev_uart.o
    0x08010cf2   0x000000d6   Code   RO         1748    i.UartRead          drive_uart.o
    0x08010dc8   0x00000012   Code   RO         1749    i.UartSetIdp        drive_uart.o
    0x08010dda   0x0000000e   Code   RO         1750    i.UartSetLedHdl     drive_uart.o
    0x08010de8   0x0000000e   Code   RO         1751    i.UartSetPostSem    drive_uart.o
    0x08010df6   0x0000000e   Code   RO         1752    i.UartSetWaitSem    drive_uart.o
    0x08010e04   0x00000044   Code   RO         1753    i.UartTakeUpPlayloadBuf  drive_uart.o
    0x08010e48   0x000000b8   Code   RO         1754    i.UartTest          drive_uart.o
    0x08010f00   0x00000014   Code   RO         2005    i.UartWaitRxSem     dev_uart.o
    0x08010f14   0x00000014   Code   RO         2006    i.UartWaitTxSem     dev_uart.o
    0x08010f28   0x000000e8   Code   RO         1755    i.UartWrite         drive_uart.o
    0x08011010   0x00000146   Code   RO         1756    i.Usart_irq         drive_uart.o
    0x08011156   0x0000000a   Code   RO         7219    i.Usb_deal_fail     usb.o
    0x08011160   0x000000e0   Code   RO         7220    i.Usb_deal_identify  usb.o
    0x08011240   0x000000a8   Code   RO         7221    i.Usb_deal_insert   usb.o
    0x080112e8   0x0000002c   Code   RO         7222    i.Usb_deal_remove   usb.o
    0x08011314   0x00000070   Code   RO         8410    i.Usb_event         test_usb.o
    0x08011384   0x00000038   Code   RO         3382    i.UtlRtc_get        rtc.o
    0x080113bc   0x00000006   Code   RO         3383    i.UtlRtc_init       rtc.o
    0x080113c2   0x00000008   Code   RO         3384    i.UtlRtc_readReg    rtc.o
    0x080113ca   0x00000006   Code   RO         3385    i.UtlRtc_set        rtc.o
    0x080113d0   0x00000008   Code   RO         3386    i.UtlRtc_writeReg   rtc.o
    0x080113d8   0x00000014   Code   RO         5586    i.VPP_Col_1         cst_set_vapor_pressure .o
    0x080113ec   0x00000002   Code   RO         5587    i.VPP_Exit          cst_set_vapor_pressure .o
    0x080113ee   0x00000002   PAD
    0x080113f0   0x00000034   Code   RO         5588    i.VPP_Reset_focus   cst_set_vapor_pressure .o
    0x08011424   0x0000001c   Code   RO         5589    i.VPP_commit        cst_set_vapor_pressure .o
    0x08011440   0x00000044   Code   RO         5590    i.VPP_entry         cst_set_vapor_pressure .o
    0x08011484   0x0000004c   Code   RO         5591    i.VPP_get_focusdata  cst_set_vapor_pressure .o
    0x080114d0   0x00000088   Code   RO         5592    i.VPP_init          cst_set_vapor_pressure .o
    0x08011558   0x00000028   Code   RO         5593    i.VPP_key_dn        cst_set_vapor_pressure .o
    0x08011580   0x0000000c   Code   RO         5594    i.VPP_key_er        cst_set_vapor_pressure .o
    0x0801158c   0x00000006   Code   RO         5595    i.VPP_key_lt        cst_set_vapor_pressure .o
    0x08011592   0x00000006   Code   RO         5596    i.VPP_key_rt        cst_set_vapor_pressure .o
    0x08011598   0x00000028   Code   RO         5597    i.VPP_key_up        cst_set_vapor_pressure .o
    0x080115c0   0x00000038   Code   RO         5598    i.VPP_modify        cst_set_vapor_pressure .o
    0x080115f8   0x00000046   Code   RO         7014    i.Wait376Interrupt  ch376.o
    0x0801163e   0x00000002   PAD
    0x08011640   0x0000010c   Code   RO         1611    i.Write_IIC         drive_iic.o
    0x0801174c   0x00000044   Code   RO         2107    i.Write_devSpi      dev_spi.o
    0x08011790   0x00000046   Code   RO         2178    i.Write_dev_IIC     dev_iic.o
    0x080117d6   0x00000002   PAD
    0x080117d8   0x0000009c   Code   RO         1668    i.Write_spi         drive_spi.o
    0x08011874   0x00000034   Code   RO         6559    i.Zero_shift_K_B    model_channel.o
    0x080118a8   0x0000001c   Code   RO        11938    i.__0fprintf        mc_w.l(printfa.o)
    0x080118c4   0x00000028   Code   RO        11940    i.__0snprintf       mc_w.l(printfa.o)
    0x080118ec   0x00000028   Code   RO        11941    i.__0sprintf        mc_w.l(printfa.o)
    0x08011914   0x00000008   Code   RO        12030    i.__aeabi_errno_addr  mc_w.l(errno.o)
    0x0801191c   0x0000005c   Code   RO        11971    i.__free$realloc    mc_w.l(mallocr.o)
    0x08011978   0x00000050   Code   RO        11972    i.__malloc$realloc  mc_w.l(mallocr.o)
    0x080119c8   0x0000000e   Code   RO        12092    i.__scatterload_copy  mc_w.l(handlers.o)
    0x080119d6   0x00000002   Code   RO        12093    i.__scatterload_null  mc_w.l(handlers.o)
    0x080119d8   0x0000000e   Code   RO        12094    i.__scatterload_zeroinit  mc_w.l(handlers.o)
    0x080119e6   0x00000002   PAD
    0x080119e8   0x00000164   Code   RO        11946    i._fp_digits        mc_w.l(printfa.o)
    0x08011b4c   0x00000046   Code   RO        11537    i._init_box         RTX_CM3.lib(rt_membox.o)
    0x08011b92   0x00000002   PAD
    0x08011b94   0x000006dc   Code   RO        11947    i._printf_core      mc_w.l(printfa.o)
    0x08012270   0x00000024   Code   RO        11948    i._printf_post_padding  mc_w.l(printfa.o)
    0x08012294   0x0000002e   Code   RO        11949    i._printf_pre_padding  mc_w.l(printfa.o)
    0x080122c2   0x00000016   Code   RO        11950    i._snputc           mc_w.l(printfa.o)
    0x080122d8   0x0000000a   Code   RO        11951    i._sputc            mc_w.l(printfa.o)
    0x080122e2   0x00000002   PAD
    0x080122e4   0x0000001c   Code   RO         4313    i.cmmHmi_ctor       hmi_comm.o
    0x08012300   0x0000001a   Code   RO         4314    i.cmmHmi_new        hmi_comm.o
    0x0801231a   0x00000002   PAD
    0x0801231c   0x00000030   Code   RO        11590    i.dbg_init          RTX_CM3.lib(hal_cm.o)
    0x0801234c   0x00000020   Code   RO        11591    i.dbg_task_notify   RTX_CM3.lib(hal_cm.o)
    0x0801236c   0x00000010   Code   RO        11592    i.dbg_task_switch   RTX_CM3.lib(hal_cm.o)
    0x0801237c   0x0000000c   Code   RO         1377    i.delay_ms          rtx_depend.o
    0x08012388   0x00000034   Code   RO         2248    i.devGpio_ctor      device_gpio.o
    0x080123bc   0x0000001a   Code   RO         2249    i.devGpio_new       device_gpio.o
    0x080123d6   0x00000002   Code   RO         1931    i.dev_lcd_ctor      dev_lcd.o
    0x080123d8   0x00000044   Code   RO         1493    i.driveGpio_ctor    drive_gpio.o
    0x0801241c   0x0000001a   Code   RO         1494    i.driveGpio_new     drive_gpio.o
    0x08012436   0x00000002   PAD
    0x08012438   0x00000068   Code   RO         1757    i.driveUart_ctor    drive_uart.o
    0x080124a0   0x0000001a   Code   RO         1758    i.driveUart_new     drive_uart.o
    0x080124ba   0x00000002   PAD
    0x080124bc   0x00000024   Code   RO           10    i.fputc             main.o
    0x080124e0   0x00000054   Code   RO         1326    i.free_playloadbuf  ping_pongbuf.o
    0x08012534   0x00000008   Code   RO         1327    i.get_loadbuflen    ping_pongbuf.o
    0x0801253c   0x00000006   Code   RO         1328    i.get_playloadbuf   ping_pongbuf.o
    0x08012542   0x00000002   PAD
    0x08012544   0x00000044   Code   RO         4482    i.hmi_config_ctor   hmi_config.o
    0x08012588   0x0000001a   Code   RO         4483    i.hmi_config_new    hmi_config.o
    0x080125a2   0x0000004a   Code   RO         1329    i.init_pingponfbuf  ping_pongbuf.o
    0x080125ec   0x00000050   Code   RO        11973    i.internal_alloc    mc_w.l(mallocr.o)
    0x0801263c   0x0000002a   Code   RO        10467    i.isrMessageGet     RTX_CM3.lib(rt_cmsis.o)
    0x08012666   0x0000002c   Code   RO        10468    i.isrMessagePut     RTX_CM3.lib(rt_cmsis.o)
    0x08012692   0x00000028   Code   RO        10469    i.isrSemaphoreRelease  RTX_CM3.lib(rt_cmsis.o)
    0x080126ba   0x00000002   PAD
    0x080126bc   0x00000056   Code   RO        11383    i.isr_mbx_receive   RTX_CM3.lib(rt_mailbox.o)
    0x08012712   0x0000000e   Code   RO        11384    i.isr_mbx_send      RTX_CM3.lib(rt_mailbox.o)
    0x08012720   0x00000010   Code   RO        11431    i.isr_sem_send      RTX_CM3.lib(rt_semaphore.o)
    0x08012730   0x00000064   Code   RO         2333    i.lcd_fm12864_ctor  dev_lcd_fm12864.o
    0x08012794   0x0000001a   Code   RO         2334    i.lcd_fm12864_new   dev_lcd_fm12864.o
    0x080127ae   0x00000002   PAD
    0x080127b0   0x000000d4   Code   RO         7015    i.mInitCH376Host    ch376.o
    0x08012884   0x000000b8   Code   RO           11    i.main              main.o
    0x0801293c   0x00000018   Code   RO        10471    i.osDelay           RTX_CM3.lib(rt_cmsis.o)
    0x08012954   0x00000024   Code   RO        10472    i.osKernelInitialize  RTX_CM3.lib(rt_cmsis.o)
    0x08012978   0x0000006c   Code   RO        10474    i.osKernelStart     RTX_CM3.lib(rt_cmsis.o)
    0x080129e4   0x00000018   Code   RO        10483    i.osMessageGet      RTX_CM3.lib(rt_cmsis.o)
    0x080129fc   0x0000002c   Code   RO        10493    i.osSemaphoreCreate  RTX_CM3.lib(rt_cmsis.o)
    0x08012a28   0x00000018   Code   RO        10495    i.osSemaphoreRelease  RTX_CM3.lib(rt_cmsis.o)
    0x08012a40   0x00000018   Code   RO        10496    i.osSemaphoreWait   RTX_CM3.lib(rt_cmsis.o)
    0x08012a58   0x0000002c   Code   RO        10500    i.osThreadCreate    RTX_CM3.lib(rt_cmsis.o)
    0x08012a84   0x00000018   Code   RO        10501    i.osThreadExit      RTX_CM3.lib(rt_cmsis.o)
    0x08012a9c   0x00000018   Code   RO        10506    i.osThreadYield     RTX_CM3.lib(rt_cmsis.o)
    0x08012ab4   0x0000000c   Code   RO        10507    i.osTimerCall       RTX_CM3.lib(rt_cmsis.o)
    0x08012ac0   0x0000002c   Code   RO        10512    i.osTimerThread     RTX_CM3.lib(rt_cmsis.o)
    0x08012aec   0x00000022   Code   RO         8459    i.os_error          rtx_conf_cm.o
    0x08012b0e   0x00000004   Code   RO         8460    i.os_idle_demon     rtx_conf_cm.o
    0x08012b12   0x00000002   PAD
    0x08012b14   0x00000028   Code   RO        11171    i.os_tick_init      RTX_CM3.lib(rt_system.o)
    0x08012b3c   0x00000002   Code   RO        11172    i.os_tick_irqack    RTX_CM3.lib(rt_system.o)
    0x08012b3e   0x0000001a   Code   RO        11538    i.rt_alloc_box      RTX_CM3.lib(rt_membox.o)
    0x08012b58   0x0000003e   Code   RO        11566    i.rt_alloc_mem      RTX_CM3.lib(rt_memory.o)
    0x08012b96   0x00000002   PAD
    0x08012b98   0x00000038   Code   RO        11086    i.rt_block          RTX_CM3.lib(rt_task.o)
    0x08012bd0   0x00000048   Code   RO        11638    i.rt_chk_robin      RTX_CM3.lib(rt_robin.o)
    0x08012c18   0x00000070   Code   RO        11307    i.rt_dec_dly        RTX_CM3.lib(rt_list.o)
    0x08012c88   0x00000044   Code   RO        11087    i.rt_dispatch       RTX_CM3.lib(rt_task.o)
    0x08012ccc   0x00000006   Code   RO        11473    i.rt_dly_wait       RTX_CM3.lib(rt_time.o)
    0x08012cd2   0x00000002   PAD
    0x08012cd4   0x00000050   Code   RO        11264    i.rt_evt_psh        RTX_CM3.lib(rt_event.o)
    0x08012d24   0x0000002c   Code   RO        11539    i.rt_free_box       RTX_CM3.lib(rt_membox.o)
    0x08012d50   0x00000028   Code   RO        11567    i.rt_free_mem       RTX_CM3.lib(rt_memory.o)
    0x08012d78   0x00000028   Code   RO        11308    i.rt_get_first      RTX_CM3.lib(rt_list.o)
    0x08012da0   0x00000024   Code   RO        11309    i.rt_get_same_rdy_prio  RTX_CM3.lib(rt_list.o)
    0x08012dc4   0x00000008   Code   RO        10517    i.rt_id2obj         RTX_CM3.lib(rt_cmsis.o)
    0x08012dcc   0x00000048   Code   RO        11088    i.rt_init_context   RTX_CM3.lib(rt_task.o)
    0x08012e14   0x0000001a   Code   RO        11568    i.rt_init_mem       RTX_CM3.lib(rt_memory.o)
    0x08012e2e   0x00000002   PAD
    0x08012e30   0x00000018   Code   RO        11639    i.rt_init_robin     RTX_CM3.lib(rt_robin.o)
    0x08012e48   0x00000080   Code   RO        11593    i.rt_init_stack     RTX_CM3.lib(hal_cm.o)
    0x08012ec8   0x00000008   Code   RO        11385    i.rt_mbx_check      RTX_CM3.lib(rt_mailbox.o)
    0x08012ed0   0x0000001a   Code   RO        11386    i.rt_mbx_init       RTX_CM3.lib(rt_mailbox.o)
    0x08012eea   0x00000002   PAD
    0x08012eec   0x000000f0   Code   RO        11387    i.rt_mbx_psh        RTX_CM3.lib(rt_mailbox.o)
    0x08012fdc   0x000000b4   Code   RO        11389    i.rt_mbx_wait       RTX_CM3.lib(rt_mailbox.o)
    0x08013090   0x00000044   Code   RO        10518    i.rt_ms2tick        RTX_CM3.lib(rt_cmsis.o)
    0x080130d4   0x0000007c   Code   RO        11175    i.rt_pop_req        RTX_CM3.lib(rt_system.o)
    0x08013150   0x00000020   Code   RO        11176    i.rt_psh_req        RTX_CM3.lib(rt_system.o)
    0x08013170   0x0000005c   Code   RO        11310    i.rt_psq_enq        RTX_CM3.lib(rt_list.o)
    0x080131cc   0x00000048   Code   RO        11311    i.rt_put_dly        RTX_CM3.lib(rt_list.o)
    0x08013214   0x00000036   Code   RO        11312    i.rt_put_prio       RTX_CM3.lib(rt_list.o)
    0x0801324a   0x00000002   PAD
    0x0801324c   0x00000014   Code   RO        11313    i.rt_put_rdy_first  RTX_CM3.lib(rt_list.o)
    0x08013260   0x00000034   Code   RO        11314    i.rt_resort_prio    RTX_CM3.lib(rt_list.o)
    0x08013294   0x00000006   Code   RO        11594    i.rt_ret_val        RTX_CM3.lib(hal_cm.o)
    0x0801329a   0x00000008   Code   RO        11595    i.rt_ret_val2       RTX_CM3.lib(hal_cm.o)
    0x080132a2   0x00000028   Code   RO        11315    i.rt_rmv_dly        RTX_CM3.lib(rt_list.o)
    0x080132ca   0x00000002   PAD
    0x080132cc   0x00000030   Code   RO        11316    i.rt_rmv_list       RTX_CM3.lib(rt_list.o)
    0x080132fc   0x0000000c   Code   RO        11433    i.rt_sem_init       RTX_CM3.lib(rt_semaphore.o)
    0x08013308   0x00000034   Code   RO        11434    i.rt_sem_psh        RTX_CM3.lib(rt_semaphore.o)
    0x0801333c   0x0000002a   Code   RO        11435    i.rt_sem_send       RTX_CM3.lib(rt_semaphore.o)
    0x08013366   0x00000002   PAD
    0x08013368   0x00000040   Code   RO        11436    i.rt_sem_wait       RTX_CM3.lib(rt_semaphore.o)
    0x080133a8   0x00000024   Code   RO        11178    i.rt_stk_check      RTX_CM3.lib(rt_system.o)
    0x080133cc   0x00000028   Code   RO        11089    i.rt_switch_req     RTX_CM3.lib(rt_task.o)
    0x080133f4   0x000000cc   Code   RO        11090    i.rt_sys_init       RTX_CM3.lib(rt_task.o)
    0x080134c0   0x00000078   Code   RO        11091    i.rt_sys_start      RTX_CM3.lib(rt_task.o)
    0x08013538   0x00000040   Code   RO        11180    i.rt_systick        RTX_CM3.lib(rt_system.o)
    0x08013578   0x00000012   Code   RO        10519    i.rt_tid2ptcb       RTX_CM3.lib(rt_cmsis.o)
    0x0801358a   0x00000002   PAD
    0x0801358c   0x00000034   Code   RO        10520    i.rt_timer_insert   RTX_CM3.lib(rt_cmsis.o)
    0x080135c0   0x00000088   Code   RO        11092    i.rt_tsk_create     RTX_CM3.lib(rt_task.o)
    0x08013648   0x0000017c   Code   RO        11093    i.rt_tsk_delete     RTX_CM3.lib(rt_task.o)
    0x080137c4   0x00000030   Code   RO        11094    i.rt_tsk_pass       RTX_CM3.lib(rt_task.o)
    0x080137f4   0x0000007c   Code   RO        11095    i.rt_tsk_prio       RTX_CM3.lib(rt_task.o)
    0x08013870   0x00000010   Code   RO        11096    i.rt_tsk_self       RTX_CM3.lib(rt_task.o)
    0x08013880   0x00000050   Code   RO         1669    i.spi_read_word     drive_spi.o
    0x080138d0   0x00000072   Code   RO         1670    i.spi_write_word    drive_spi.o
    0x08013942   0x00000012   Code   RO        10522    i.svcDelay          RTX_CM3.lib(rt_cmsis.o)
    0x08013954   0x00000070   Code   RO        10523    i.svcKernelInitialize  RTX_CM3.lib(rt_cmsis.o)
    0x080139c4   0x00000048   Code   RO        10525    i.svcKernelStart    RTX_CM3.lib(rt_cmsis.o)
    0x08013a0c   0x00000024   Code   RO        10528    i.svcMessageCreate  RTX_CM3.lib(rt_cmsis.o)
    0x08013a30   0x0000003a   Code   RO        10529    i.svcMessageGet     RTX_CM3.lib(rt_cmsis.o)
    0x08013a6a   0x00000024   Code   RO        10536    i.svcSemaphoreCreate  RTX_CM3.lib(rt_cmsis.o)
    0x08013a8e   0x00000028   Code   RO        10538    i.svcSemaphoreRelease  RTX_CM3.lib(rt_cmsis.o)
    0x08013ab6   0x00000032   Code   RO        10539    i.svcSemaphoreWait  RTX_CM3.lib(rt_cmsis.o)
    0x08013ae8   0x0000006c   Code   RO        10543    i.svcThreadCreate   RTX_CM3.lib(rt_cmsis.o)
    0x08013b54   0x0000001c   Code   RO        10544    i.svcThreadGetId    RTX_CM3.lib(rt_cmsis.o)
    0x08013b70   0x00000038   Code   RO        10547    i.svcThreadTerminate  RTX_CM3.lib(rt_cmsis.o)
    0x08013ba8   0x0000000a   Code   RO        10548    i.svcThreadYield    RTX_CM3.lib(rt_cmsis.o)
    0x08013bb2   0x00000018   Code   RO        10549    i.svcTimerCall      RTX_CM3.lib(rt_cmsis.o)
    0x08013bca   0x00000050   Code   RO         1330    i.switch_receivebuf  ping_pongbuf.o
    0x08013c1a   0x00000002   PAD
    0x08013c1c   0x0000005c   Code   RO        10558    i.sysTimerTick      RTX_CM3.lib(rt_cmsis.o)
    0x08013c78   0x00000008   Code   RO         8309    i.unit_test         unit_test.o
    0x08013c80   0x0000002c   Code   RO         3387    i.util_rtc_ctor     rtc.o
    0x08013cac   0x00000002   Code   RO         7604    i.vDraw             glyph.o
    0x08013cae   0x00000002   PAD
    0x08013cb0   0x00000024   Code   RO         7016    i.xWriteCH376Cmd    ch376.o
    0x08013cd4   0x00000060   Code   RO         7017    i.xWriteCH376Data_u32  ch376.o
    0x08013d34   0x00000010   Data   RO           12    .constdata          main.o
    0x08013d44   0x00000034   Data   RO          337    .constdata          system.o
    0x08013d78   0x00000010   Data   RO          476    .constdata          cmd_thread.o
    0x08013d88   0x00000004   Data   RO          834    .constdata          assert.o
    0x08013d8c   0x00000004   Data   RO         1290    .constdata          mem.o
    0x08013d90   0x00000040   Data   RO         1381    .constdata          rtx_depend.o
    0x08013dd0   0x00000040   Data   RO         1496    .constdata          drive_gpio.o
    0x08013e10   0x00000004   Data   RO         2336    .constdata          dev_lcd_fm12864.o
    0x08013e14   0x00000030   Data   RO         2470    .constdata          lcd_hardware_interfaces.o
    0x08013e44   0x00000023   Data   RO         2834    .constdata          keyboard.o
    0x08013e67   0x00000001   PAD
    0x08013e68   0x00000008   Data   RO         2937    .constdata          rtc_pcf8563.o
    0x08013e70   0x00000026   Data   RO         3238    .constdata          phn_string.o
    0x08013e96   0x00000002   PAD
    0x08013e98   0x00000004   Data   RO         3641    .constdata          focus.o
    0x08013e9c   0x00000041   Data   RO         4316    .constdata          hmi_comm.o
    0x08013edd   0x000000e5   Data   RO         4413    .constdata          hmi_main.o
    0x08013fc2   0x0000005a   Data   RO         4484    .constdata          hmi_config.o
    0x0801401c   0x000002dc   Data   RO         4760    .constdata          component_option.o
    0x080142f8   0x00000034   Data   RO         4855    .constdata          hmi_configuring .o
    0x0801432c   0x00000008   Data   RO         4960    .constdata          cst_set_time.o
    0x08014334   0x0000000c   Data   RO         5073    .constdata          cst_set_display.o
    0x08014340   0x00000004   Data   RO         5161    .constdata          cst_set_password.o
    0x08014344   0x00000004   Data   RO         5249    .constdata          cst_set_atmosphere_pressure.o
    0x08014348   0x0000000c   Data   RO         5337    .constdata          cst_set_pressure_protect.o
    0x08014354   0x00000008   Data   RO         5425    .constdata          cst_set_heater.o
    0x0801435c   0x00000010   Data   RO         5599    .constdata          cst_set_vapor_pressure .o
    0x0801436c   0x00000024   Data   RO         5687    .constdata          cst_set_case_temperature.o
    0x08014390   0x00000063   Data   RO         5778    .constdata          hmi_query.o
    0x080143f3   0x00000001   PAD
    0x080143f4   0x0000003c   Data   RO         5877    .constdata          cst_query_atmosphere.o
    0x08014430   0x0000000c   Data   RO         5957    .constdata          cst_set_sample.o
    0x0801443c   0x0000013c   Data   RO         6047    .constdata          hmi_start_sample.o
    0x08014578   0x00000038   Data   RO         6142    .constdata          cst_query_dust.o
    0x080145b0   0x000000ef   Data   RO         6218    .constdata          hmi_wait_sample.o
    0x0801469f   0x000000bc   Data   RO         6287    .constdata          hmi_maintain.o
    0x0801475b   0x0000007a   Data   RO         6358    .constdata          hmi_input_psd.o
    0x080147d5   0x00000003   PAD
    0x080147d8   0x00000004   Data   RO         6440    .constdata          model.o
    0x080147dc   0x00000046   Data   RO         6561    .constdata          model_channel.o
    0x08014822   0x0000000c   Data   RO         6753    .constdata          modeltime.o
    0x0801482e   0x00000002   PAD
    0x08014830   0x00000004   Data   RO         7947    .constdata          expression.o
    0x08014834   0x00000004   Data   RO         8187    .constdata          sheet.o
    0x08014838   0x00001330   Data   RO         8276    .constdata          character_database.o
    0x08015b68   0x00000068   Data   RO         8462    .constdata          rtx_conf_cm.o
    0x08015bd0   0x00000081   Data   RO        12057    .constdata          mc_w.l(ctype_o.o)
    0x08015c51   0x00000003   PAD
    0x08015c54   0x00000004   Data   RO        12058    .constdata          mc_w.l(ctype_o.o)
    0x08015c58   0x00000030   Data   RO          769    .conststring        marco.o
    0x08015c88   0x00000011   Data   RO          835    .conststring        assert.o
    0x08015c99   0x00000003   PAD
    0x08015c9c   0x00000012   Data   RO         1291    .conststring        mem.o
    0x08015cae   0x00000002   PAD
    0x08015cb0   0x000000df   Data   RO         3239    .conststring        phn_string.o
    0x08015d8f   0x00000001   PAD
    0x08015d90   0x0000014f   Data   RO         3568    .conststring        component_button.o
    0x08015edf   0x00000001   PAD
    0x08015ee0   0x00000008   Data   RO         3642    .conststring        focus.o
    0x08015ee8   0x00000005   Data   RO         4961    .conststring        cst_set_time.o
    0x08015eed   0x00000003   PAD
    0x08015ef0   0x00000015   Data   RO         5074    .conststring        cst_set_display.o
    0x08015f05   0x00000003   PAD
    0x08015f08   0x00000005   Data   RO         5162    .conststring        cst_set_password.o
    0x08015f0d   0x00000003   PAD
    0x08015f10   0x00000005   Data   RO         5250    .conststring        cst_set_atmosphere_pressure.o
    0x08015f15   0x00000003   PAD
    0x08015f18   0x00000015   Data   RO         5338    .conststring        cst_set_pressure_protect.o
    0x08015f2d   0x00000003   PAD
    0x08015f30   0x00000011   Data   RO         5426    .conststring        cst_set_heater.o
    0x08015f41   0x00000003   PAD
    0x08015f44   0x0000003e   Data   RO         5600    .conststring        cst_set_vapor_pressure .o
    0x08015f82   0x00000002   PAD
    0x08015f84   0x0000005e   Data   RO         5688    .conststring        cst_set_case_temperature.o
    0x08015fe2   0x00000002   PAD
    0x08015fe4   0x00000075   Data   RO         5878    .conststring        cst_query_atmosphere.o
    0x08016059   0x00000003   PAD
    0x0801605c   0x00000021   Data   RO         5958    .conststring        cst_set_sample.o
    0x0801607d   0x00000003   PAD
    0x08016080   0x00000022   Data   RO         6143    .conststring        cst_query_dust.o
    0x080160a2   0x00000002   PAD
    0x080160a4   0x00000023   Data   RO         6441    .conststring        model.o
    0x080160c7   0x00000001   PAD
    0x080160c8   0x0000000d   Data   RO         7948    .conststring        expression.o
    0x080160d5   0x00000003   PAD
    0x080160d8   0x00000013   Data   RO         8188    .conststring        sheet.o
    0x080160eb   0x00000001   PAD
    0x080160ec   0x000000d3   Data   RO         8277    .conststring        character_database.o
    0x080161bf   0x00000001   PAD
    0x080161c0   0x00000020   Data   RO        12090    Region$$Table       anon$$obj.o


    Execution Region RW_IRAM1 (Base: 0x20000000, Size: 0x0000ae90, Max: 0x0000c000, ABSOLUTE, COMPRESSED[0x0000038c])

    Base Addr    Size         Type   Attr      Idx    E Section Name        Object

    0x20000000   0x00000008   Data   RW           13    .data               main.o
    0x20000008   0x00000008   Data   RW          338    .data               system.o
    0x20000010   0x00000004   Data   RW          477    .data               cmd_thread.o
    0x20000014   0x00000158   Data   RW          635    .data               hardwareconfig.o
    0x2000016c   0x00000030   Data   RW          770    .data               marco.o
    0x2000019c   0x00000004   Data   RW          811    .data               except.o
    0x200001a0   0x000000c4   Data   RW         1382    .data               rtx_depend.o
    0x20000264   0x00000008   Data   RW         1612    .data               drive_iic.o
    0x2000026c   0x00000004   Data   RW         1932    .data               dev_lcd.o
    0x20000270   0x00000008   Data   RW         2179    .data               dev_iic.o
    0x20000278   0x00000040   Data   RW         2251    .data               device_gpio.o
    0x200002b8   0x0000000c   Data   RW         2337    .data               dev_lcd_fm12864.o
    0x200002c4   0x00000004   Data   RW         2835    .data               keyboard.o
    0x200002c8   0x00000004   Data   RW         2938    .data               rtc_pcf8563.o
    0x200002cc   0x00000004   Data   RW         3018    .data               storage.o
    0x200002d0   0x0000000c   Data   RW         3136    .data               times.o
    0x200002dc   0x000000a4   Data   RW         3240    .data               phn_string.o
    0x20000380   0x00000004   Data   RW         3388    .data               rtc.o
    0x20000384   0x00000018   Data   RW         3569    .data               component_button.o
    0x2000039c   0x00000010   Data   RW         3791    .data               hmi.o
    0x200003ac   0x00000024   Data   RW         4317    .data               hmi_comm.o
    0x200003d0   0x00000004   Data   RW         4414    .data               hmi_main.o
    0x200003d4   0x00000004   Data   RW         4485    .data               hmi_config.o
    0x200003d8   0x0000000c   Data   RW         4679    .data               hmi_select_setting.o
    0x200003e4   0x00000008   Data   RW         4856    .data               hmi_configuring .o
    0x200003ec   0x00000044   Data   RW         4962    .data               cst_set_time.o
    0x20000430   0x00000044   Data   RW         5075    .data               cst_set_display.o
    0x20000474   0x00000044   Data   RW         5163    .data               cst_set_password.o
    0x200004b8   0x00000044   Data   RW         5251    .data               cst_set_atmosphere_pressure.o
    0x200004fc   0x00000044   Data   RW         5339    .data               cst_set_pressure_protect.o
    0x20000540   0x00000044   Data   RW         5427    .data               cst_set_heater.o
    0x20000584   0x00000044   Data   RW         5513    .data               cst_set_dust_flow.o
    0x200005c8   0x00000044   Data   RW         5601    .data               cst_set_vapor_pressure .o
    0x2000060c   0x00000044   Data   RW         5689    .data               cst_set_case_temperature.o
    0x20000650   0x00000008   Data   RW         5779    .data               hmi_query.o
    0x20000658   0x00000044   Data   RW         5879    .data               cst_query_atmosphere.o
    0x2000069c   0x00000044   Data   RW         5959    .data               cst_set_sample.o
    0x200006e0   0x00000004   Data   RW         6048    .data               hmi_start_sample.o
    0x200006e4   0x00000044   Data   RW         6144    .data               cst_query_dust.o
    0x20000728   0x00000004   Data   RW         6219    .data               hmi_wait_sample.o
    0x2000072c   0x00000004   Data   RW         6288    .data               hmi_maintain.o
    0x20000730   0x00000004   Data   RW         6359    .data               hmi_input_psd.o
    0x20000734   0x0000000c   Data   RW         6442    .data               model.o
    0x20000740   0x00000004   Data   RW         6870    .data               ctlkey.o
    0x20000744   0x0000000c   Data   RW         7019    .data               ch376.o
    0x20000750   0x00000010   Data   RW         7224    .data               usb.o
    0x20000760   0x00000004   Data   RW         7555    .data               gh_none.o
    0x20000764   0x00000004   Data   RW         7711    .data               gh_pic.o
    0x20000768   0x00000004   Data   RW         7746    .data               gh_txt.o
    0x2000076c   0x00000004   Data   RW         7784    .data               gh_rectangle.o
    0x20000770   0x00000004   Data   RW         7860    .data               txtexpr.o
    0x20000774   0x00000004   Data   RW         7992    .data               ntbutton.o
    0x20000778   0x00000004   Data   RW         8043    .data               ntinput.o
    0x2000077c   0x00000004   Data   RW         8089    .data               geometricsexpr.o
    0x20000780   0x00000004   Data   RW         8132    .data               picexpr.o
    0x20000784   0x00000004   Data   RW         8189    .data               sheet.o
    0x20000788   0x00000014   Data   RW         8411    .data               test_usb.o
    0x2000079c   0x00000010   Data   RW         8463    .data               rtx_conf_cm.o
    0x200007ac   0x00000014   Data   RW         8507    .data               system_stm32f10x.o
    0x200007c0   0x00000014   Data   RW         9379    .data               stm32f10x_rcc.o
    0x200007d4   0x00000008   Data   RW        10561    .data               RTX_CM3.lib(rt_cmsis.o)
    0x200007dc   0x00000008   Data   RW        11098    .data               RTX_CM3.lib(rt_task.o)
    0x200007e4   0x00000008   Data   RW        11183    .data               RTX_CM3.lib(rt_system.o)
    0x200007ec   0x00000004   Data   RW        11477    .data               RTX_CM3.lib(rt_time.o)
    0x200007f0   0x00000001   Data   RW        11596    .data               RTX_CM3.lib(hal_cm.o)
    0x200007f1   0x00000003   PAD
    0x200007f4   0x00000008   Data   RW        11640    .data               RTX_CM3.lib(rt_robin.o)
    0x200007fc   0x00000004   Data   RW        11677    .data               mc_w.l(stderr.o)
    0x20000800   0x00000004   Data   RW        12028    .data               mc_w.l(mvars.o)
    0x20000804   0x00000004   Data   RW        12029    .data               mc_w.l(mvars.o)
    0x20000808   0x00000004   Data   RW        12033    .data               mc_w.l(errno.o)
    0x2000080c   0x00000144   Zero   RW          336    .bss                system.o
    0x20000950   0x00000020   Zero   RW          475    .bss                cmd_thread.o
    0x20000970   0x00000020   Zero   RW         1495    .bss                drive_gpio.o
    0x20000990   0x00000010   Zero   RW         1759    .bss                drive_uart.o
    0x200009a0   0x00000010   Zero   RW         2007    .bss                dev_uart.o
    0x200009b0   0x0000000c   Zero   RW         2108    .bss                dev_spi.o
    0x200009bc   0x00000020   Zero   RW         2250    .bss                device_gpio.o
    0x200009dc   0x0000040c   Zero   RW         2335    .bss                dev_lcd_fm12864.o
    0x20000de8   0x0000004c   Zero   RW         3135    .bss                times.o
    0x20000e34   0x00000010   Zero   RW         3567    .bss                component_button.o
    0x20000e44   0x00000074   Zero   RW         3640    .bss                focus.o
    0x20000eb8   0x00000020   Zero   RW         3788    .bss                hmi.o
    0x20000ed8   0x00000468   Zero   RW         4315    .bss                hmi_comm.o
    0x20001340   0x000000a0   Zero   RW         4759    .bss                component_option.o
    0x200013e0   0x00000118   Zero   RW         6439    .bss                model.o
    0x200014f8   0x0000000c   Zero   RW         6560    .bss                model_channel.o
    0x20001504   0x00000010   Zero   RW         6719    .bss                modelfactory.o
    0x20001514   0x00000010   Zero   RW         6752    .bss                modeltime.o
    0x20001524   0x00000040   Zero   RW         7018    .bss                ch376.o
    0x20001564   0x00000034   Zero   RW         7223    .bss                usb.o
    0x20001598   0x00000060   Zero   RW         7946    .bss                expression.o
    0x200015f8   0x00001e08   Zero   RW         8186    .bss                sheet.o
    0x20003400   0x0000122c   Zero   RW         8461    .bss                rtx_conf_cm.o
    0x2000462c   0x00000034   Zero   RW        11097    .bss                RTX_CM3.lib(rt_task.o)
    0x20004660   0x00000030   Zero   RW        11317    .bss                RTX_CM3.lib(rt_list.o)
    0x20004690   0x00006000   Zero   RW         8494    HEAP                startup_stm32f10x_hd.o
    0x2000a690   0x00000800   Zero   RW         8493    STACK               startup_stm32f10x_hd.o


==============================================================================

Image component sizes


      Code (inc. data)   RO Data    RW Data    ZI Data      Debug   Object Name

         0          0         21          0          0       1935   assert.o
       108          0          0          0          0       3254   bit.o
      2280        198          0         12         64      27109   ch376.o
       168         16       5123          0          0       2128   character_database.o
         0          0          0          0          0       6033   chninfopic.o
       332         30         16          4         32       4512   cmd_thread.o
      1358        144        335         24         16       6597   component_button.o
       880        174        732          0        160       8997   component_option.o
       128         64          0          0          0       1539   configure_strategy.o
         2          0          0          0          0        982   controller.o
       908        106        177         68          0       7185   cst_query_atmosphere.o
       828        102         90         68          0       6963   cst_query_dust.o
       706        104          9         68          0       8711   cst_set_atmosphere_pressure.o
       538         96        130         68          0       8399   cst_set_case_temperature.o
      1042        124         33         68          0       8614   cst_set_display.o
       806         92          0         68          0       8340   cst_set_dust_flow.o
       926        110         25         68          0       8553   cst_set_heater.o
       726        108          9         68          0       8391   cst_set_password.o
       970        106         33         68          0       8834   cst_set_pressure_protect.o
      1114        136         45         68          0       8985   cst_set_sample.o
       954        128         13         68          0       8435   cst_set_time.o
       542         94         78         68          0       8356   cst_set_vapor_pressure .o
       320         22          0          4          0       6044   ctlkey.o
       162          0          0          0          0       3500   cycqueue.o
       108          0          0          0          0       1303   dev_char.o
       376         36          0          8          0       6903   dev_iic.o
        74          6          0          4          0       1842   dev_lcd.o
      1984        140          4         12       1036      16055   dev_lcd_fm12864.o
       332         46          0          0         12       6642   dev_spi.o
      1112        114          0          0         16      10845   dev_uart.o
       116          0          0          0          0       2238   device.o
       378         40          0         64         32       7023   device_gpio.o
       856         52         64          0         32      11852   drive_gpio.o
       856         56          0          8          0       4486   drive_iic.o
       802         50          0          0          0       6782   drive_spi.o
      2276        138          0          0         16      19263   drive_uart.o
       248        118          0          4          0       2674   except.o
       268         92          0          0          0       2976   expfactory.o
       614         78         17          0         96       3457   expression.o
       628         56         12          0        116       7095   focus.o
       824          4          0          0          0       3627   format.o
       202         20          0          4          0       3301   geometricsexpr.o
        74          4          0          4          0       3972   gh_none.o
        84          8          0          4          0       3217   gh_pic.o
        84          8          0          4          0       3243   gh_rectangle.o
       246         20          0          4          0       3945   gh_txt.o
       680        132          0          0          0       8934   glyph.o
         0          0          0        344          0       5537   hardwareconfig.o
      1188        142          0         16         32      17953   hmi.o
       554         68         65         36       1128       8713   hmi_comm.o
       630         84         90          4          0       8032   hmi_config.o
      1610        162         52          8          0      11811   hmi_configuring .o
       992        132        122          4          0       7401   hmi_input_psd.o
       624        102        229          4          0       5730   hmi_main.o
       592         94        188          4          0       5762   hmi_maintain.o
      1332        142         99          8          0      10457   hmi_query.o
       918         50          0         12          0       7936   hmi_select_setting.o
      2156        246        316          4          0      10754   hmi_start_sample.o
       372         72        239          4          0       5887   hmi_wait_sample.o
       130          6          0          0          0       4848   hmifactory.o
       600         16          0          0          0        929   intrinit.o
      1098         62         35          4          0      11366   keyboard.o
       622         72         48          0          0       8875   lcd_hardware_interfaces.o
         0          0          0          0          0        564   list.o
       358         38         16          8          0     319072   main.o
       244         54         48         48          0       3164   marco.o
       124         38         22          0          0        962   mem.o
       152         30          0          0          0       2261   misc.o
       508         50         39         12        280       9294   model.o
      5506        306         70          0         12      26412   model_channel.o
       272         92          0          0         16       1349   modelfactory.o
       754        118         12          0         16       9093   modeltime.o
       110          0          0          0          0        523   mysystemclock.o
       356         14          0          4          0       4413   ntbutton.o
       322         26          0          4          0       3150   ntinput.o
      2098        426        261        164          0       8401   phn_string.o
       298         36          0          4          0       3759   picexpr.o
       252          0          0          0          0       4265   ping_pongbuf.o
       848         22          0          0          0       1011   pinmux.o
       120          4          0          0          0       1020   power.o
       498          4          0          0          0       4305   reader.o
       160         26          0          4          0       5441   rtc.o
       818         20          8          4          0       5744   rtc_pcf8563.o
        62          6        104         16       4652       7708   rtx_conf_cm.o
      1384        314         64        196          0       7732   rtx_depend.o
       730         42         23          4       7688       5560   sheet.o
      1726         54          0          0          0      19887   smart_bus.o
        36          8        304          0      26624        844   startup_stm32f10x_hd.o
       514         26          0          0          0       5984   stm32f10x_dma.o
       252         26          0          0          0       3344   stm32f10x_exti.o
       532         10          0          0          0       7072   stm32f10x_gpio.o
       548         20          0          0          0       9206   stm32f10x_i2c.o
        36         12          0          0          0       1106   stm32f10x_pwr.o
       372         50          0         20          0       6420   stm32f10x_rcc.o
       168          0          0          0          0       5354   stm32f10x_spi.o
       934         92          0          0          0      10907   stm32f10x_tim.o
       634         28          0          0          0       8281   stm32f10x_usart.o
      1944        126          0          4          0      14104   storage.o
       880         86         52          8        324      13001   system.o
       492         50          0         20          0       3085   system_stm32f10x.o
         0          0          0          0          0       1992   test_key.o
      1080        188          0         20          0       5695   test_usb.o
       144          8          0         12         76       2391   times.o
       294         22          0          4          0       3670   txtexpr.o
         8          0          0          0          0        472   unit_test.o
      1234         74          0         16         52      10833   usb.o

    ----------------------------------------------------------------------
     70464       7168       9556       2004      42528    1014913   Object Totals
         0          0         32          0          0          0   (incl. Generated)
       224          0         52          0          0          0   (incl. Padding)

    ----------------------------------------------------------------------

      Code (inc. data)   RO Data    RW Data    ZI Data      Debug   Library Member Name

       238         24          0          1          0       3312   hal_cm.o
       304         36          0          0          0        768   hal_cm3.o
      1444        168          0          8          0      38502   rt_cmsis.o
        80          4          0          0          0        661   rt_event.o
       566         44          0          0         48       8792   rt_list.o
       554         10          0          0          0       3949   rt_mailbox.o
       140          0          0          0          0       1925   rt_membox.o
       128          0          0          0          0       2307   rt_memory.o
        96         22          0          8          0       1158   rt_robin.o
       186         10          0          0          0       2902   rt_semaphore.o
       298         52          0          8          0       6223   rt_system.o
      1264        184          0          8         52      10147   rt_task.o
         6          0          0          4          0        652   rt_time.o
         4          4          0          0          0        208   svc_table.o
        86          0          0          0          0          0   __dczerorl2.o
        28          0          0          0          0         68   _chval.o
       158          0          0          0          0         92   _strtoul.o
        26          0          0          0          0         80   atoi.o
        28          0          0          0          0         76   calloc.o
         8          4        133          0          0         68   ctype_o.o
         0          0          0          0          0          0   entry.o
         0          0          0          0          0          0   entry10a.o
         0          0          0          0          0          0   entry11a.o
         8          4          0          0          0          0   entry2.o
         4          0          0          0          0          0   entry5.o
         0          0          0          0          0          0   entry7b.o
         0          0          0          0          0          0   entry8b.o
         8          4          0          4          0         68   errno.o
        30          0          0          0          0          0   handlers.o
        36          8          0          0          0         68   init.o
         0          0          0          0          0          0   iusefp.o
        30          0          0          0          0         68   llshl.o
        36          0          0          0          0         68   llsshr.o
        32          0          0          0          0         68   llushr.o
       252         24          0          0          0        252   mallocr.o
        36          0          0          0          0         68   memcpya.o
        36          0          0          0          0        108   memseta.o
         0          0          0          8          0          0   mvars.o
      2334         96          0          0          0        748   printfa.o
         0          0          0          4          0          0   stderr.o
        42          0          0          0          0         84   strcasecmp.o
        24          0          0          0          0         68   strcat.o
        20          0          0          0          0         68   strchr.o
        28          0          0          0          0         76   strcmp.o
        18          0          0          0          0         68   strcpy.o
        34          0          0          0          0         80   strcspn.o
        14          0          0          0          0         68   strlen.o
        24          0          0          0          0         76   strncpy.o
        36          0          0          0          0         80   strstr.o
       112          0          0          0          0         88   strtol.o
        12          0          0          0          0         68   tolower.o
        44          0          0          0          0         80   uidiv.o
        98          0          0          0          0         92   uldiv.o
        48          0          0          0          0         68   cdrcmple.o
       334          0          0          0          0        148   dadd.o
       222          0          0          0          0        100   ddiv.o
       186          0          0          0          0        176   depilogue.o
        48          0          0          0          0         68   dfixul.o
       228          0          0          0          0         96   dmul.o
        38          0          0          0          0         68   f2d.o
       124          0          0          0          0         88   fdiv.o
       110          0          0          0          0        168   fepilogue.o
        18          0          0          0          0         68   fflti.o
        62          0          0          0          0         96   setjmp.o

    ----------------------------------------------------------------------
     10436        698        136         56        100      85546   Library Totals
        28          0          3          3          0          0   (incl. Padding)

    ----------------------------------------------------------------------

      Code (inc. data)   RO Data    RW Data    ZI Data      Debug   Library Name

      5308        558          0         37        100      81506   RTX_CM3.lib
      3682        140        133         16          0       2896   mc_w.l
      1418          0          0          0          0       1144   mf_w.l

    ----------------------------------------------------------------------
     10436        698        136         56        100      85546   Library Totals

    ----------------------------------------------------------------------

==============================================================================


      Code (inc. data)   RO Data    RW Data    ZI Data      Debug   

     80900       7866       9692       2060      42628    1049679   Grand Totals
     80900       7866       9692        908      42628    1049679   ELF Image Totals (compressed)
     80900       7866       9692        908          0          0   ROM Totals

==============================================================================

    Total RO  Size (Code + RO Data)                90592 (  88.47kB)
    Total RW  Size (RW Data + ZI Data)             44688 (  43.64kB)
    Total ROM Size (Code + RO Data + RW Data)      91500 (  89.36kB)

==============================================================================

