Component: ARM Compiler 5.05 update 1 (build 106) Tool: armlink [4d0efa]

==============================================================================

Section Cross References

    main.o(i.Init_LCD) refers to device.o(i.Dev_open) for Dev_open
    main.o(i.Init_LCD) refers to system.o(.bss) for aci_sys
    main.o(i.Init_device) refers to device.o(i.Dev_open) for Dev_open
    main.o(i.Init_device) refers to main.o(i.Init_LCD) for Init_LCD
    main.o(i.Main_USB_event) refers to component_tips.o(i.TIP_Get_Sington) for TIP_Get_Sington
    main.o(i.ThrdKeyRun) refers to rtx_depend.o(i.delay_ms) for delay_ms
    main.o(i.ThrdKeyRun) refers to rt_cmsis.o(i.osThreadYield) for osThreadYield
    main.o(i.fgetc) refers to stm32f10x_usart.o(i.USART_GetFlagStatus) for USART_GetFlagStatus
    main.o(i.fgetc) refers to stm32f10x_usart.o(i.USART_ReceiveData) for USART_ReceiveData
    main.o(i.fputc) refers to stm32f10x_usart.o(i.USART_SendData) for USART_SendData
    main.o(i.fputc) refers to stm32f10x_usart.o(i.USART_GetFlagStatus) for USART_GetFlagStatus
    main.o(i.main) refers to mysystemclock.o(i.OpenPrpClock) for OpenPrpClock
    main.o(i.main) refers to pinmux.o(i.Pin_init) for Pin_init
    main.o(i.main) refers to intrinit.o(i.NVIC_Configuration) for NVIC_Configuration
    main.o(i.main) refers to power.o(i.PVD_Init) for PVD_Init
    main.o(i.main) refers to main.o(i.Init_device) for Init_device
    main.o(i.main) refers to unit_test.o(i.unit_test) for unit_test
    main.o(i.main) refers to rt_cmsis.o(i.osKernelInitialize) for osKernelInitialize
    main.o(i.main) refers to cmd_thread.o(i.Init_Cmd_Thread) for Init_Cmd_Thread
    main.o(i.main) refers to system.o(i.System_init) for System_init
    main.o(i.main) refers to hmi.o(i.HMI_Init) for HMI_Init
    main.o(i.main) refers to keyboard.o(i.GetKeyInsance) for GetKeyInsance
    main.o(i.main) refers to ctlkey.o(i.Get_CtlKey) for Get_CtlKey
    main.o(i.main) refers to rt_cmsis.o(i.osThreadCreate) for osThreadCreate
    main.o(i.main) refers to modelfactory.o(i.ModelCreate) for ModelCreate
    main.o(i.main) refers to rt_cmsis.o(i.osKernelStart) for osKernelStart
    main.o(i.main) refers to rt_cmsis.o(i.osDelay) for osDelay
    main.o(i.main) refers to glyph.o(i.LCD_Run) for LCD_Run
    main.o(i.main) refers to system.o(.bss) for aci_sys
    main.o(i.main) refers to main.o(.constdata) for os_thread_def_ThrdKeyRun
    main.o(i.main) refers to main.o(.data) for tid_Thread_key
    main.o(.constdata) refers to main.o(i.ThrdKeyRun) for ThrdKeyRun
    system.o(i.SYS_Commit) refers to storage.o(i.Get_storage) for Get_storage
    system.o(i.SYS_Commit) refers to ctltimer.o(i.Ctime_Allco_time) for Ctime_Allco_time
    system.o(i.SYS_Commit) refers to system.o(.bss) for aci_sys
    system.o(i.SYS_Lcd_off) refers to system.o(i.SYS_Tim_lcd_off) for SYS_Tim_lcd_off
    system.o(i.SYS_Lcd_off) refers to device.o(i.Dev_open) for Dev_open
    system.o(i.SYS_Lcd_off) refers to system.o(.bss) for aci_sys
    system.o(i.SYS_Lcd_on) refers to cmd_thread.o(i.Cmd_del_time_task) for Cmd_del_time_task
    system.o(i.SYS_Lcd_on) refers to device.o(i.Dev_open) for Dev_open
    system.o(i.SYS_Lcd_on) refers to system.o(i.SYS_Tim_lcd_off) for SYS_Tim_lcd_off
    system.o(i.SYS_Lcd_on) refers to system.o(.bss) for aci_sys
    system.o(i.SYS_Tim_lcd_off) refers to cmd_thread.o(i.Cmd_Rgt_time_task) for Cmd_Rgt_time_task
    system.o(i.SYS_Tim_lcd_off) refers to system.o(i.SYS_Lcd_off) for SYS_Lcd_off
    system.o(i.SYS_Tim_lcd_off) refers to system.o(.bss) for aci_sys
    system.o(i.SYS_time_sec) refers to system.o(i.Time_2_u32) for Time_2_u32
    system.o(i.SYS_time_sec) refers to system.o(.bss) for aci_sys
    system.o(i.Sec_2_tm) refers to system.o(.constdata) for daytab1
    system.o(i.Str_time_2_tm) refers to memseta.o(.text) for __aeabi_memclr4
    system.o(i.Str_time_2_tm) refers to phn_string.o(i.Get_str_data) for Get_str_data
    system.o(i.Str_time_2_tm) refers to strcspn.o(.text) for strcspn
    system.o(i.Str_time_2_tm) refers to modeltime.o(.constdata) for g_moth_day
    system.o(i.Str_time_2_u32) refers to memseta.o(.text) for __aeabi_memclr4
    system.o(i.Str_time_2_u32) refers to system.o(i.Str_time_2_tm) for Str_time_2_tm
    system.o(i.Str_time_2_u32) refers to system.o(i.Time_2_u32) for Time_2_u32
    system.o(i.System_default) refers to storage.o(i.Get_storage) for Get_storage
    system.o(i.System_default) refers to memseta.o(.text) for __aeabi_memclr4
    system.o(i.System_default) refers to system.o(.bss) for aci_sys
    system.o(i.System_init) refers to storage.o(i.Get_storage) for Get_storage
    system.o(i.System_init) refers to rtc_pcf8563.o(i.Pcf8563_new) for Pcf8563_new
    system.o(i.System_init) refers to modelfactory.o(i.ModelCreate) for ModelCreate
    system.o(i.System_init) refers to system.o(i.SYS_Tim_lcd_off) for SYS_Tim_lcd_off
    system.o(i.System_init) refers to model.o(i.MDL_Init) for MDL_Init
[...]
    0x08004838   0x00000024   Code   RO         7511    i.Get_GhNone        gh_none.o
    0x0800485c   0x00000024   Code   RO         7666    i.Get_GhPic         gh_pic.o
    0x08004880   0x00000024   Code   RO         7739    i.Get_GhRectangle   gh_rectangle.o
    0x080048a4   0x00000024   Code   RO         7700    i.Get_GhTxt         gh_txt.o
    0x080048c8   0x00000024   Code   RO         4838    i.Get_HMI_configuring  hmi_configuring .o
    0x080048ec   0x00000024   Code   RO         6333    i.Get_HMI_input_psd  hmi_input_psd.o
    0x08004910   0x00000024   Code   RO         4390    i.Get_HMI_main      hmi_main.o
    0x08004934   0x00000024   Code   RO         6264    i.Get_HMI_maintain  hmi_maintain.o
    0x08004958   0x00000024   Code   RO         5748    i.Get_HMI_query     hmi_query.o
    0x0800497c   0x00000024   Code   RO         4654    i.Get_HMI_select_setting  hmi_select_setting.o
    0x080049a0   0x00000024   Code   RO         6018    i.Get_HMI_start_sample  hmi_start_sample.o
    0x080049c4   0x00000024   Code   RO         6195    i.Get_HMI_wait_sample  hmi_wait_sample.o
    0x080049e8   0x0000003c   Code   RO         6517    i.Get_Mode_chn      model_channel.o
    0x08004a24   0x00000024   Code   RO         4459    i.Get_hmi_config    hmi_config.o
    0x08004a48   0x00000024   Code   RO         3053    i.Get_storage       storage.o
    0x08004a6c   0x00000094   Code   RO         3270    i.Get_str_data      phn_string.o
    0x08004b00   0x00000080   Code   RO         5021    i.Get_strategy      configure_strategy.o
    0x08004b80   0x0000000c   Code   RO         7512    i.GhNone_ctor       gh_none.o
    0x08004b8c   0x0000001a   Code   RO         7513    i.GhNone_new        gh_none.o
    0x08004ba6   0x00000002   PAD
    0x08004ba8   0x00000014   Code   RO         7667    i.GhPic_ctor        gh_pic.o
    0x08004bbc   0x0000001a   Code   RO         7668    i.GhPic_new         gh_pic.o
    0x08004bd6   0x00000002   Code   RO         7669    i.GhPic_vDraw       gh_pic.o
    0x08004bd8   0x00000002   Code   RO         7740    i.GhRec_vDraw       gh_rectangle.o
    0x08004bda   0x00000002   PAD
    0x08004bdc   0x00000014   Code   RO         7741    i.GhRectangle_ctor  gh_rectangle.o
    0x08004bf0   0x0000001a   Code   RO         7742    i.GhRectangle_new   gh_rectangle.o
    0x08004c0a   0x00000002   PAD
    0x08004c0c   0x00000024   Code   RO         7701    i.GhTxt_GetSize     gh_txt.o
    0x08004c30   0x0000001c   Code   RO         7702    i.GhTxt_ctor        gh_txt.o
    0x08004c4c   0x0000001a   Code   RO         7703    i.GhTxt_new         gh_txt.o
    0x08004c66   0x00000002   PAD
    0x08004c68   0x00000078   Code   RO         7704    i.GhTxt_vDraw       gh_txt.o
    0x08004ce0   0x0000001c   Code   RO         7552    i.Glyph_ctor        glyph.o
    0x08004cfc   0x00000014   Code   RO         8046    i.GmtrExpr_ctor     geometricsexpr.o
    0x08004d10   0x0000001a   Code   RO         8047    i.GmtrExpr_new      geometricsexpr.o
    0x08004d2a   0x00000008   Code   RO         1485    i.GpioDeInit        drive_gpio.o
    0x08004d32   0x00000002   PAD
    0x08004d34   0x000000a4   Code   RO         1486    i.GpioInit          drive_gpio.o
    0x08004dd8   0x00000016   Code   RO         1487    i.GpioRead          drive_gpio.o
    0x08004dee   0x00000004   Code   RO         1488    i.GpioSetEncode     drive_gpio.o
    0x08004df2   0x00000004   Code   RO         1489    i.GpioSetIrqHdl     drive_gpio.o
    0x08004df6   0x00000006   Code   RO         1490    i.GpioTest          drive_gpio.o
    0x08004dfc   0x00000006   Code   RO         1491    i.GpioWrite         drive_gpio.o
    0x08004e02   0x00000002   PAD
    0x08004e04   0x00000044   Code   RO         1492    i.Gpio_control_irq  drive_gpio.o
    0x08004e48   0x00000006   Code   RO         3749    i.HMI_Btn_backward  hmi.o
    0x08004e4e   0x00000006   Code   RO         3750    i.HMI_Btn_forward   hmi.o
    0x08004e54   0x0000001a   Code   RO         3751    i.HMI_Btn_jumpout   hmi.o
    0x08004e6e   0x00000002   Code   RO         3752    i.HMI_Build_cmp     hmi.o
    0x08004e70   0x00000054   Code   RO         4460    i.HMI_CFG_Hide      hmi_config.o
    0x08004ec4   0x00000074   Code   RO         4461    i.HMI_CFG_Hit       hmi_config.o
    0x08004f38   0x00000008   Code   RO         4462    i.HMI_CFG_Init      hmi_config.o
    0x08004f40   0x00000030   Code   RO         4463    i.HMI_CFG_Init_focus  hmi_config.o
    0x08004f70   0x0000009c   Code   RO         4464    i.HMI_CFG_Init_sheet  hmi_config.o
    0x0800500c   0x00000002   Code   RO         4465    i.HMI_CFG_Run       hmi_config.o
    0x0800500e   0x00000002   PAD
    0x08005010   0x00000018   Code   RO         4466    i.HMI_CFG_Show      hmi_config.o
    0x08005028   0x0000003e   Code   RO         4467    i.HMI_CFG_choice    hmi_config.o
    0x08005066   0x00000002   PAD
    0x08005068   0x0000000c   Code   RO         3753    i.HMI_Change_last_HMI  hmi.o
    0x08005074   0x00000002   Code   RO         3754    i.HMI_Clean_cmp     hmi.o
    0x08005076   0x00000002   PAD
    0x08005078   0x0000007c   Code   RO         3756    i.HMI_Init          hmi.o
    0x080050f4   0x00000034   Code   RO         3757    i.HMI_Pop_hmi       hmi.o
    0x08005128   0x0000002c   Code   RO         3758    i.HMI_Push_hmi      hmi.o
    0x08005154   0x00000034   Code   RO         4291    i.HMI_Ram_alloc     hmi_comm.o
    0x08005188   0x00000014   Code   RO         4293    i.HMI_Ram_init      hmi_comm.o
    0x0800519c   0x00000048   Code   RO         3759    i.HMI_Reset_pub_sht  hmi.o
    0x080051e4   0x00000002   Code   RO         3760    i.HMI_Run           hmi.o
    0x080051e6   0x00000002   Code   RO         3761    i.HMI_Show_cmp      hmi.o
    0x080051e8   0x0000000c   Code   RO         3762    i.HMI_Switch_signal  hmi.o
    0x080051f4   0x0000003c   Code   RO         3763    i.HMI_choice        hmi.o
    0x08005230   0x00000054   Code   RO         4839    i.HMI_configuring_ctor  hmi_configuring .o
    0x08005284   0x0000001a   Code   RO         4840    i.HMI_configuring_new  hmi_configuring .o
    0x0800529e   0x00000002   PAD
    0x080052a0   0x0000008c   Code   RO         3764    i.HMI_ctor          hmi.o
    0x0800532c   0x00000044   Code   RO         6334    i.HMI_input_psd_ctor  hmi_input_psd.o
    0x08005370   0x0000001a   Code   RO         6335    i.HMI_input_psd_new  hmi_input_psd.o
    0x0800538a   0x00000002   PAD
    0x0800538c   0x0000003c   Code   RO         4391    i.HMI_main_ctor     hmi_main.o
    0x080053c8   0x0000001a   Code   RO         4392    i.HMI_main_new      hmi_main.o
    0x080053e2   0x00000002   PAD
    0x080053e4   0x0000003c   Code   RO         6265    i.HMI_maintain_ctor  hmi_maintain.o
    0x08005420   0x0000001a   Code   RO         6266    i.HMI_maintain_new  hmi_maintain.o
    0x0800543a   0x00000002   PAD
    0x0800543c   0x0000004c   Code   RO         5749    i.HMI_query_ctor    hmi_query.o
    0x08005488   0x0000001a   Code   RO         5750    i.HMI_query_new     hmi_query.o
    0x080054a2   0x00000002   PAD
    0x080054a4   0x0000003c   Code   RO         4655    i.HMI_select_setting_ctor  hmi_select_setting.o
    0x080054e0   0x0000001a   Code   RO         4656    i.HMI_select_setting_new  hmi_select_setting.o
    0x080054fa   0x00000002   PAD
    0x080054fc   0x0000004c   Code   RO         6019    i.HMI_start_sample_ctor  hmi_start_sample.o
    0x08005548   0x0000001a   Code   RO         6020    i.HMI_start_sample_new  hmi_start_sample.o
    0x08005562   0x00000002   PAD
    0x08005564   0x0000003c   Code   RO         6196    i.HMI_wait_sample_ctor  hmi_wait_sample.o
    0x080055a0   0x0000001a   Code   RO         6197    i.HMI_wait_sample_new  hmi_wait_sample.o
    0x080055ba   0x00000002   PAD
    0x080055bc   0x00000070   Code   RO         4393    i.HMN_Hide          hmi_main.o
    0x0800562c   0x00000008   Code   RO         4394    i.HMN_Init          hmi_main.o
    0x08005634   0x0000004c   Code   RO         4395    i.HMN_Init_focus    hmi_main.o
    0x08005680   0x00000118   Code   RO         4396    i.HMN_Init_sheet    hmi_main.o
    0x08005798   0x00000002   Code   RO         4397    i.HMN_Run           hmi_main.o
    0x0800579a   0x00000002   PAD
    0x0800579c   0x00000018   Code   RO         4398    i.HMN_Show          hmi_main.o
    0x080057b4   0x00000070   Code   RO         6267    i.HMT_Hide          hmi_maintain.o
    0x08005824   0x00000008   Code   RO         6268    i.HMT_Init          hmi_maintain.o
    0x0800582c   0x0000004c   Code   RO         6269    i.HMT_Init_focus    hmi_maintain.o
    0x08005878   0x000000f8   Code   RO         6270    i.HMT_Init_sheet    hmi_maintain.o
    0x08005970   0x00000002   Code   RO         6271    i.HMT_Run           hmi_maintain.o
    0x08005972   0x00000002   PAD
    0x08005974   0x00000018   Code   RO         6272    i.HMT_Show          hmi_maintain.o
    0x0800598c   0x00000088   Code   RO         4657    i.HSS_Hide          hmi_select_setting.o
    0x08005a14   0x0000012c   Code   RO         4658    i.HSS_Hit           hmi_select_setting.o
    0x08005b40   0x00000020   Code   RO         4659    i.HSS_Init          hmi_select_setting.o
    0x08005b60   0x00000056   Code   RO         4660    i.HSS_Init_focus    hmi_select_setting.o
    0x08005bb6   0x00000080   Code   RO         4661    i.HSS_Init_sheet    hmi_select_setting.o
    0x08005c36   0x00000002   PAD
    0x08005c38   0x00000030   Code   RO         4662    i.HSS_Pop_type      hmi_select_setting.o
    0x08005c68   0x00000028   Code   RO         4663    i.HSS_Push_type     hmi_select_setting.o
    0x08005c90   0x0000001a   Code   RO         4664    i.HSS_Show          hmi_select_setting.o
    0x08005caa   0x00000002   PAD
    0x08005cac   0x00000060   Code   RO         5398    i.HTR_Col_1         cst_set_heater.o
    0x08005d0c   0x00000002   Code   RO         5399    i.HTR_Exit          cst_set_heater.o
    0x08005d0e   0x00000002   PAD
    0x08005d10   0x00000024   Code   RO         5400    i.HTR_Reset_focus   cst_set_heater.o
    0x08005d34   0x00000020   Code   RO         5401    i.HTR_commit        cst_set_heater.o
    0x08005d54   0x000000bc   Code   RO         5402    i.HTR_entry         cst_set_heater.o
    0x08005e10   0x00000040   Code   RO         5403    i.HTR_get_focusdata  cst_set_heater.o
    0x08005e50   0x00000068   Code   RO         5404    i.HTR_init          cst_set_heater.o
    0x08005eb8   0x00000040   Code   RO         5405    i.HTR_key_dn        cst_set_heater.o
    0x08005ef8   0x0000000c   Code   RO         5406    i.HTR_key_er        cst_set_heater.o
    0x08005f04   0x00000040   Code   RO         5407    i.HTR_key_lt        cst_set_heater.o
    0x08005f44   0x00000040   Code   RO         5408    i.HTR_key_rt        cst_set_heater.o
    0x08005f84   0x00000040   Code   RO         5409    i.HTR_key_up        cst_set_heater.o
    0x08005fc4   0x00000088   Code   RO         5410    i.HTR_modify        cst_set_heater.o
    0x0800604c   0x00000024   Code   RO         6198    i.HWS_Hide          hmi_wait_sample.o
    0x08006070   0x00000008   Code   RO         6199    i.HWS_Init          hmi_wait_sample.o
    0x08006078   0x00000002   Code   RO         6200    i.HWS_Init_focus    hmi_wait_sample.o
    0x0800607a   0x00000002   PAD
    0x0800607c   0x000000c8   Code   RO         6201    i.HWS_Init_sheet    hmi_wait_sample.o
    0x08006144   0x00000002   Code   RO         6202    i.HWS_Run           hmi_wait_sample.o
    0x08006146   0x00000002   Code   RO         6203    i.HWS_Show          hmi_wait_sample.o
    0x08006148   0x00000004   Code   RO            4    i.HardFault_Handler  main.o
    0x0800614c   0x00000082   Code   RO         3765    i.HitHandle         hmi.o
    0x080061ce   0x00000002   Code   RO         3766    i.HmiShow           hmi.o
    0x080061d0   0x00000018   Code   RO         8961    i.I2C_AcknowledgeConfig  stm32f10x_i2c.o
    0x080061e8   0x0000002a   Code   RO         8963    i.I2C_CheckEvent    stm32f10x_i2c.o
    0x08006212   0x00000018   Code   RO         8966    i.I2C_Cmd           stm32f10x_i2c.o
    0x0800622a   0x00000002   PAD
    0x0800622c   0x00000038   Code   RO         8969    i.I2C_DeInit        stm32f10x_i2c.o
    0x08006264   0x00000018   Code   RO         8973    i.I2C_GenerateSTART  stm32f10x_i2c.o
    0x0800627c   0x00000018   Code   RO         8974    i.I2C_GenerateSTOP  stm32f10x_i2c.o
    0x08006294   0x0000003a   Code   RO         8975    i.I2C_GetFlagStatus  stm32f10x_i2c.o
    0x080062ce   0x00000002   PAD
    0x080062d0   0x000000ec   Code   RO         8980    i.I2C_Init          stm32f10x_i2c.o
    0x080063bc   0x00000008   Code   RO         8985    i.I2C_ReceiveData   stm32f10x_i2c.o
    0x080063c4   0x00000012   Code   RO         8987    i.I2C_Send7bitAddress  stm32f10x_i2c.o
    0x080063d6   0x00000004   Code   RO         8988    i.I2C_SendData      stm32f10x_i2c.o
    0x080063da   0x0000001e   Code   RO         8991    i.I2C_StructInit    stm32f10x_i2c.o
    0x080063f8   0x00000030   Code   RO         1608    i.I2C_wait_EV       drive_iic.o
    0x08006428   0x0000007c   Code   RO         4737    i.INS_Init          component_option.o
    0x080064a4   0x00000030   Code   RO         4738    i.INS_Select        component_option.o
    0x080064d4   0x00000006   Code   RO         7553    i.Init              glyph.o
    0x080064da   0x00000002   PAD
    0x080064dc   0x0000003c   Code   RO          474    i.Init_Cmd_Thread   cmd_thread.o
    0x08006518   0x000000ac   Code   RO         1609    i.Init_IIC          drive_iic.o
    0x080065c4   0x00000048   Code   RO            5    i.Init_LCD          main.o
    0x0800660c   0x00000050   Code   RO         4294    i.Init_cmmHmi       hmi_comm.o
    0x0800665c   0x00000014   Code   RO            6    i.Init_device       main.o
    0x08006670   0x00000006   Code   RO         3767    i.Init_focus        hmi.o
    0x08006676   0x00000002   PAD
    0x08006678   0x000000ac   Code   RO         1662    i.Init_spi          drive_spi.o
    0x08006724   0x000000f0   Code   RO         7999    i.InputInptSht      ntinput.o
    0x08006814   0x00000008   Code   RO         2103    i.Ioctol_devSpi     dev_spi.o
    0x0800681c   0x0000002a   Code   RO         2174    i.Ioctol_dev_IIC    dev_iic.o
    0x08006846   0x00000002   PAD
    0x08006848   0x000000c8   Code   RO         6855    i.KeyUpdate         ctlkey.o
    0x08006910   0x00000042   Code   RO         2822    i.Key_DelOb         keyboard.o
    0x08006952   0x0000003c   Code   RO         2823    i.Key_Run           keyboard.o
    0x0800698e   0x00000002   PAD
    0x08006990   0x00000044   Code   RO         2825    i.Key_addOb         keyboard.o
    0x080069d4   0x0000010c   Code   RO         2826    i.Key_identify_key_msg  keyboard.o
    0x08006ae0   0x00000034   Code   RO         2827    i.Key_notify        keyboard.o
    0x08006b14   0x000000ca   Code   RO         2828    i.Key_scan_pins     keyboard.o
    0x08006bde   0x00000002   PAD
    0x08006be0   0x00000040   Code   RO         2829    i.Keyboard_ctor     keyboard.o
    0x08006c20   0x000000b0   Code   RO         2830    i.Keyboard_init     keyboard.o
    0x08006cd0   0x0000001a   Code   RO         2831    i.Keyboard_new      keyboard.o
    0x08006cea   0x00000002   PAD
    0x08006cec   0x0000002c   Code   RO         7554    i.LCD_Run           glyph.o
    0x08006d18   0x00000090   Code   RO         2456    i.LHI_Init_pwm      lcd_hardware_interfaces.o
    0x08006da8   0x00000030   Code   RO         2457    i.LHI_Lcd_E_edge    lcd_hardware_interfaces.o
    0x08006dd8   0x00000012   Code   RO         2458    i.LHI_Pulse         lcd_hardware_interfaces.o
    0x08006dea   0x00000002   PAD
    0x08006dec   0x00000014   Code   RO         2459    i.LHI_RX_byte       lcd_hardware_interfaces.o
    0x08006e00   0x00000034   Code   RO         2460    i.LHI_Read_status   lcd_hardware_interfaces.o
    0x08006e34   0x00000030   Code   RO         2462    i.LHI_Reset_lcd     lcd_hardware_interfaces.o
    0x08006e64   0x00000038   Code   RO         2463    i.LHI_Send_cmd      lcd_hardware_interfaces.o
    0x08006e9c   0x00000030   Code   RO         2464    i.LHI_Set_parallel_direction  lcd_hardware_interfaces.o
    0x08006ecc   0x00000030   Code   RO         2465    i.LHI_Set_pwm_duty  lcd_hardware_interfaces.o
    0x08006efc   0x0000002c   Code   RO         2466    i.LHI_TX_byte       lcd_hardware_interfaces.o
    0x08006f28   0x0000001c   Code   RO         2467    i.LHI_Wait          lcd_hardware_interfaces.o
    0x08006f44   0x00000044   Code   RO         2468    i.LHI_Write_vram    lcd_hardware_interfaces.o
    0x08006f88   0x00000002   Code   RO         3768    i.LngpshHandle      hmi.o
    0x08006f8a   0x0000001e   Code   RO         6413    i.MDL_Clone_samp_conf  model.o
    0x08006fa8   0x000000f0   Code   RO         6414    i.MDL_Get_value     model.o
    0x08007098   0x0000002c   Code   RO         6415    i.MDL_Init          model.o
    0x080070c4   0x00000038   Code   RO         6518    i.MdlChn_Cal_prc    model_channel.o
    0x080070fc   0x000000b4   Code   RO         6519    i.MdlChn_Cancle_alarm  model_channel.o
    0x080071b0   0x00000124   Code   RO         6520    i.MdlChn_Check_new_alarm  model_channel.o
    0x080072d4   0x00000058   Code   RO         6522    i.MdlChn_Commit_conf  model_channel.o
    0x0800732c   0x00000018   Code   RO         6523    i.MdlChn_Get_def_lower_limit  model_channel.o
    0x08007344   0x0000001c   Code   RO         6524    i.MdlChn_Get_def_up_limit  model_channel.o
    0x08007360   0x00000072   Code   RO         6525    i.MdlChn_Init_alm_mgr_by_STG_alm  model_channel.o
    0x080073d2   0x0000004e   Code   RO         6527    i.MdlChn_Save_2_alarm  model_channel.o
    0x08007420   0x0000005e   Code   RO         6528    i.MdlChn_Save_2_conf  model_channel.o
    0x0800747e   0x00000026   Code   RO         6529    i.MdlChn_default_alarm  model_channel.o
    0x080074a4   0x00000068   Code   RO         6530    i.MdlChn_default_conf  model_channel.o
    0x0800750c   0x00000238   Code   RO         6531    i.MdlChn_getData    model_channel.o
    0x08007744   0x00000128   Code   RO         6532    i.MdlChn_init       model_channel.o
    0x0800786c   0x00000380   Code   RO         6533    i.MdlChn_modify_sconf  model_channel.o
    0x08007bec   0x00000184   Code   RO         6534    i.MdlChn_run        model_channel.o
    0x08007d70   0x00000030   Code   RO         6535    i.MdlChn_save_data  model_channel.o
    0x08007da0   0x000000d8   Code   RO         6536    i.MdlChn_self_check  model_channel.o
    0x08007e78   0x000002e0   Code   RO         6537    i.MdlChn_setData    model_channel.o
    0x08008158   0x00000006   Code   RO         6538    i.MdlChn_set_by_string  model_channel.o
    0x0800815e   0x0000001a   Code   RO         6539    i.MdlChn_to_percentage  model_channel.o
    0x08008178   0x00000220   Code   RO         6540    i.MdlChn_to_string  model_channel.o
    0x08008398   0x00000050   Code   RO         6731    i.MdlTime_getData   modeltime.o
    0x080083e8   0x00000044   Code   RO         6732    i.MdlTime_init      modeltime.o
    0x0800842c   0x00000058   Code   RO         6733    i.MdlTime_run       modeltime.o
    0x08008484   0x00000118   Code   RO         6734    i.MdlTime_set_by_string  modeltime.o
    0x0800859c   0x000000a0   Code   RO         6735    i.MdlTime_to_string  modeltime.o
    0x0800863c   0x0000002a   Code   RO         6419    i.Mdl_attach        model.o
    0x08008666   0x00000010   Code   RO         6420    i.Mdl_detach        model.o
    0x08008676   0x00000018   Code   RO         6421    i.Mdl_getData       model.o
    0x0800868e   0x0000002c   Code   RO         6422    i.Mdl_notify        model.o
    0x080086ba   0x00000018   Code   RO         6423    i.Mdl_setData       model.o
    0x080086d2   0x00000002   PAD
    0x080086d4   0x0000007c   Code   RO         1287    i.Mem_calloc        mem.o
    0x08008750   0x00000110   Code   RO         6704    i.ModelCreate       modelfactory.o
    0x08008860   0x00000034   Code   RO         6736    i.ModelTime_ctor    modeltime.o
    0x08008894   0x0000001a   Code   RO         6737    i.ModelTime_new     modeltime.o
    0x080088ae   0x00000002   PAD
    0x080088b0   0x00000054   Code   RO         6541    i.Model_chn_ctor    model_channel.o
    0x08008904   0x0000001a   Code   RO         6542    i.Model_chn_new     model_channel.o
    0x0800891e   0x00000002   PAD
    0x08008920   0x0000002c   Code   RO         6424    i.Model_ctor        model.o
    0x0800894c   0x00000258   Code   RO          662    i.NVIC_Configuration  intrinit.o
    0x08008ba4   0x00000070   Code   RO         8450    i.NVIC_Init         misc.o
    0x08008c14   0x00000014   Code   RO         8451    i.NVIC_PriorityGroupConfig  misc.o
    0x08008c28   0x00000014   Code   RO         8452    i.NVIC_SetVectorTable  misc.o
    0x08008c3c   0x00000014   Code   RO         7949    i.NtButton_ctor     ntbutton.o
    0x08008c50   0x0000001a   Code   RO         7950    i.NtButton_new      ntbutton.o
    0x08008c6a   0x00000002   PAD
    0x08008c6c   0x00000014   Code   RO         8000    i.NtInput_ctor      ntinput.o
    0x08008c80   0x0000001a   Code   RO         8001    i.NtInput_new       ntinput.o
    0x08008c9a   0x00000002   PAD
    0x08008c9c   0x0000007c   Code   RO         4739    i.OTH_Init          component_option.o
    0x08008d18   0x00000026   Code   RO         4740    i.OTH_Select        component_option.o
    0x08008d3e   0x0000006e   Code   RO          689    i.OpenPrpClock      mysystemclock.o
    0x08008dac   0x00000012   Code   RO         2104    i.Open_devSpi       dev_spi.o
    0x08008dbe   0x00000014   Code   RO         2175    i.Open_dev_IIC      dev_iic.o
    0x08008dd2   0x00000002   PAD
    0x08008dd4   0x00000048   Code   RO         1930    i.Open_dev_lcd      dev_lcd.o
    0x08008e1c   0x00000022   Code   RO         4295    i.Operate_in_tange  hmi_comm.o
    0x08008e3e   0x00000022   Code   RO         4296    i.Operate_in_tange_keep  hmi_comm.o
    0x08008e60   0x0000004c   Code   RO         5310    i.PRP_Col_1         cst_set_pressure_protect.o
    0x08008eac   0x00000002   Code   RO         5311    i.PRP_Exit          cst_set_pressure_protect.o
    0x08008eae   0x00000002   PAD
    0x08008eb0   0x00000024   Code   RO         5312    i.PRP_Reset_focus   cst_set_pressure_protect.o
    0x08008ed4   0x00000024   Code   RO         5313    i.PRP_commit        cst_set_pressure_protect.o
    0x08008ef8   0x000000c8   Code   RO         5314    i.PRP_entry         cst_set_pressure_protect.o
    0x08008fc0   0x00000040   Code   RO         5315    i.PRP_get_focusdata  cst_set_pressure_protect.o
    0x08009000   0x0000006c   Code   RO         5316    i.PRP_init          cst_set_pressure_protect.o
    0x0800906c   0x00000040   Code   RO         5317    i.PRP_key_dn        cst_set_pressure_protect.o
    0x080090ac   0x0000000c   Code   RO         5318    i.PRP_key_er        cst_set_pressure_protect.o
    0x080090b8   0x00000034   Code   RO         5319    i.PRP_key_lt        cst_set_pressure_protect.o
    0x080090ec   0x00000034   Code   RO         5320    i.PRP_key_rt        cst_set_pressure_protect.o
    0x08009120   0x00000040   Code   RO         5321    i.PRP_key_up        cst_set_pressure_protect.o
    0x08009160   0x000000cc   Code   RO         5322    i.PRP_modify        cst_set_pressure_protect.o
    0x0800922c   0x00000068   Code   RO         4741    i.PRS_Init          component_option.o
    0x08009294   0x0000001c   Code   RO         4742    i.PRS_Select        component_option.o
    0x080092b0   0x00000058   Code   RO         5134    i.PSD_Col_1         cst_set_password.o
    0x08009308   0x00000002   Code   RO         5135    i.PSD_Exit          cst_set_password.o
    0x0800930a   0x00000002   PAD
    0x0800930c   0x00000024   Code   RO         6336    i.PSD_Hide          hmi_input_psd.o
    0x08009330   0x00000104   Code   RO         6337    i.PSD_Hit           hmi_input_psd.o
    0x08009434   0x00000008   Code   RO         6338    i.PSD_Init          hmi_input_psd.o
    0x0800943c   0x00000010   Code   RO         6339    i.PSD_Init_focus    hmi_input_psd.o
    0x0800944c   0x00000024   Code   RO         5136    i.PSD_Reset_focus   cst_set_password.o
    0x08009470   0x00000002   Code   RO         6340    i.PSD_Run           hmi_input_psd.o
    0x08009472   0x00000002   PAD
    0x08009474   0x00000020   Code   RO         6341    i.PSD_Show          hmi_input_psd.o
    0x08009494   0x000000f0   Code   RO         6342    i.PSD_Show_foucs_byte  hmi_input_psd.o
    0x08009584   0x0000001c   Code   RO         5137    i.PSD_commit        cst_set_password.o
    0x080095a0   0x000000a4   Code   RO         5138    i.PSD_entry         cst_set_password.o
    0x08009644   0x00000040   Code   RO         5139    i.PSD_get_focusdata  cst_set_password.o
    0x08009684   0x00000068   Code   RO         5140    i.PSD_init          cst_set_password.o
    0x080096ec   0x0000010c   Code   RO         6343    i.PSD_initSheet     hmi_input_psd.o
    0x080097f8   0x00000020   Code   RO         5141    i.PSD_key_dn        cst_set_password.o
    0x08009818   0x0000000c   Code   RO         5142    i.PSD_key_er        cst_set_password.o
    0x08009824   0x00000034   Code   RO         5143    i.PSD_key_lt        cst_set_password.o
    0x08009858   0x00000034   Code   RO         5144    i.PSD_key_rt        cst_set_password.o
    0x0800988c   0x00000020   Code   RO         5145    i.PSD_key_up        cst_set_password.o
    0x080098ac   0x0000003c   Code   RO         5146    i.PSD_modify        cst_set_password.o
    0x080098e8   0x00000030   Code   RO          737    i.PVD_IRQHandler    power.o
    0x08009918   0x00000048   Code   RO          738    i.PVD_Init          power.o
    0x08009960   0x0000000c   Code   RO         9182    i.PWR_PVDCmd        stm32f10x_pwr.o
    0x0800996c   0x00000018   Code   RO         9183    i.PWR_PVDLevelConfig  stm32f10x_pwr.o
    0x08009984   0x00000034   Code   RO         2987    i.Pcf8563_ctor      rtc_pcf8563.o
    0x080099b8   0x00000168   Code   RO         2988    i.Pcf8563_get       rtc_pcf8563.o
    0x08009b20   0x00000018   Code   RO         2989    i.Pcf8563_init      rtc_pcf8563.o
    0x08009b38   0x0000001a   Code   RO         2990    i.Pcf8563_new       rtc_pcf8563.o
    0x08009b52   0x00000008   Code   RO         2991    i.Pcf8563_readReg   rtc_pcf8563.o
    0x08009b5a   0x00000002   PAD
    0x08009b5c   0x000002e4   Code   RO         2992    i.Pcf8563_set       rtc_pcf8563.o
    0x08009e40   0x00000008   Code   RO         2993    i.Pcf8563_writeReg  rtc_pcf8563.o
    0x08009e48   0x0000002c   Code   RO         6543    i.Percent_to_data   model_channel.o
    0x08009e74   0x00000014   Code   RO         8088    i.PicExpr_ctor      picexpr.o
    0x08009e88   0x0000001a   Code   RO         8089    i.PicExpr_new       picexpr.o
    0x08009ea2   0x00000002   PAD
    0x08009ea4   0x000000d8   Code   RO         8090    i.PicInptSht        picexpr.o
    0x08009f7c   0x000002ac   Code   RO          713    i.Pin_init          pinmux.o
    0x0800a228   0x0000002c   Code   RO         3276    i.Print_able        phn_string.o
    0x0800a254   0x000000c0   Code   RO         3277    i.Print_atmosphere_param  phn_string.o
    0x0800a314   0x000000b8   Code   RO         3278    i.Print_float       phn_string.o
    0x0800a3cc   0x00000104   Code   RO         3283    i.Print_singnaltype  phn_string.o
    0x0800a4d0   0x0000002c   Code   RO         3286    i.Print_touch_spot  phn_string.o
    0x0800a4fc   0x0000034c   Code   RO         3287    i.Print_unit        phn_string.o
    0x0800a848   0x00000002   Code   RO         5852    i.QAT_Exit          cst_query_atmosphere.o
    0x0800a84a   0x00000002   Code   RO         5853    i.QAT_Reset_focus   cst_query_atmosphere.o
    0x0800a84c   0x00000006   Code   RO         5854    i.QAT_commit        cst_query_atmosphere.o
    0x0800a852   0x00000002   PAD
    0x0800a854   0x000002c0   Code   RO         5855    i.QAT_entry         cst_query_atmosphere.o
    0x0800ab14   0x00000006   Code   RO         5856    i.QAT_get_focusdata  cst_query_atmosphere.o
    0x0800ab1a   0x00000002   PAD
    0x0800ab1c   0x00000094   Code   RO         5857    i.QAT_init          cst_query_atmosphere.o
    0x0800abb0   0x00000008   Code   RO         5858    i.QAT_key_dn        cst_query_atmosphere.o
    0x0800abb8   0x00000008   Code   RO         5859    i.QAT_key_er        cst_query_atmosphere.o
    0x0800abc0   0x00000008   Code   RO         5860    i.QAT_key_lt        cst_query_atmosphere.o
    0x0800abc8   0x00000008   Code   RO         5861    i.QAT_key_rt        cst_query_atmosphere.o
    0x0800abd0   0x00000008   Code   RO         5862    i.QAT_key_up        cst_query_atmosphere.o
    0x0800abd8   0x00000002   Code   RO         6117    i.QDS_Exit          cst_query_dust.o
    0x0800abda   0x00000002   Code   RO         6118    i.QDS_Reset_focus   cst_query_dust.o
    0x0800abdc   0x00000006   Code   RO         6119    i.QDS_commit        cst_query_dust.o
    0x0800abe2   0x00000002   PAD
    0x0800abe4   0x00000288   Code   RO         6120    i.QDS_entry         cst_query_dust.o
    0x0800ae6c   0x00000006   Code   RO         6121    i.QDS_get_focusdata  cst_query_dust.o
    0x0800ae72   0x00000002   PAD
    0x0800ae74   0x0000007c   Code   RO         6122    i.QDS_init          cst_query_dust.o
    0x0800aef0   0x00000008   Code   RO         6123    i.QDS_key_dn        cst_query_dust.o
    0x0800aef8   0x00000008   Code   RO         6124    i.QDS_key_er        cst_query_dust.o
    0x0800af00   0x00000008   Code   RO         6125    i.QDS_key_lt        cst_query_dust.o
    0x0800af08   0x00000008   Code   RO         6126    i.QDS_key_rt        cst_query_dust.o
    0x0800af10   0x00000008   Code   RO         6127    i.QDS_key_up        cst_query_dust.o
    0x0800af18   0x00000002   Code   RO         5751    i.QRY_Clear_focus   hmi_query.o
    0x0800af1a   0x00000002   PAD
    0x0800af1c   0x0000008c   Code   RO         5752    i.QRY_Exec_Sy_cmd   hmi_query.o
    0x0800afa8   0x00000012   Code   RO         5753    i.QRY_Get_row_vy    hmi_query.o
    0x0800afba   0x00000002   PAD
    0x0800afbc   0x00000044   Code   RO         5754    i.QRY_Hide          hmi_query.o
    0x0800b000   0x00000060   Code   RO         5755    i.QRY_Hit           hmi_query.o
    0x0800b060   0x00000014   Code   RO         5756    i.QRY_Init          hmi_query.o
    0x0800b074   0x00000002   Code   RO         5757    i.QRY_Init_focus    hmi_query.o
    0x0800b076   0x00000002   PAD
    0x0800b078   0x000000f0   Code   RO         5758    i.QRY_Init_sheet    hmi_query.o
    0x0800b168   0x0000001c   Code   RO         5759    i.QRY_Show          hmi_query.o
    0x0800b184   0x00000002   Code   RO         5760    i.QRY_Show_focus    hmi_query.o
    0x0800b186   0x00000002   PAD
    0x0800b188   0x00000190   Code   RO         5761    i.QRY_Show_strategy  hmi_query.o
    0x0800b318   0x00000016   Code   RO         5762    i.QRY_Switch_signal  hmi_query.o
    0x0800b32e   0x00000002   PAD
    0x0800b330   0x0000009c   Code   RO         5763    i.QRY_Turn_page     hmi_query.o
    0x0800b3cc   0x00000020   Code   RO         9249    i.RCC_AHBPeriphClockCmd  stm32f10x_rcc.o
    0x0800b3ec   0x00000020   Code   RO         9250    i.RCC_APB1PeriphClockCmd  stm32f10x_rcc.o
    0x0800b40c   0x00000020   Code   RO         9251    i.RCC_APB1PeriphResetCmd  stm32f10x_rcc.o
    0x0800b42c   0x00000020   Code   RO         9252    i.RCC_APB2PeriphClockCmd  stm32f10x_rcc.o
    0x0800b44c   0x00000020   Code   RO         9253    i.RCC_APB2PeriphResetCmd  stm32f10x_rcc.o
    0x0800b46c   0x000000d4   Code   RO         9260    i.RCC_GetClocksFreq  stm32f10x_rcc.o
    0x0800b540   0x00000170   Code   RO         1610    i.Read_IIC          drive_iic.o
    0x0800b6b0   0x00000040   Code   RO         2105    i.Read_devSpi       dev_spi.o
    0x0800b6f0   0x00000042   Code   RO         2176    i.Read_dev_IIC      dev_iic.o
    0x0800b732   0x00000002   PAD
    0x0800b734   0x0000009c   Code   RO         1663    i.Read_spi          drive_spi.o
    0x0800b7d0   0x0000003e   Code   RO         7862    i.RemoveHead        reader.o
    0x0800b80e   0x0000007e   Code   RO         7863    i.RemoveTail        reader.o
    0x0800b88c   0x00000020   Code   RO         1664    i.SPI1_IRQHandler   drive_spi.o
    0x0800b8ac   0x00000020   Code   RO         1665    i.SPI2_IRQHandler   drive_spi.o
    0x0800b8cc   0x00000018   Code   RO         9465    i.SPI_Cmd           stm32f10x_spi.o
    0x0800b8e4   0x00000012   Code   RO         9473    i.SPI_I2S_GetFlagStatus  stm32f10x_spi.o
    0x0800b8f6   0x00000020   Code   RO         9475    i.SPI_I2S_ITConfig  stm32f10x_spi.o
    0x0800b916   0x00000006   Code   RO         9476    i.SPI_I2S_ReceiveData  stm32f10x_spi.o
    0x0800b91c   0x00000004   Code   RO         9477    i.SPI_I2S_SendData  stm32f10x_spi.o
    0x0800b920   0x0000003c   Code   RO         9478    i.SPI_Init          stm32f10x_spi.o
    0x0800b95c   0x00000018   Code   RO         9481    i.SPI_StructInit    stm32f10x_spi.o
    0x0800b974   0x000000c4   Code   RO         5930    i.SSM_Col_1         cst_set_sample.o
    0x0800ba38   0x00000002   Code   RO         5931    i.SSM_Exit          cst_set_sample.o
    0x0800ba3a   0x00000002   PAD
    0x0800ba3c   0x00000024   Code   RO         5932    i.SSM_Reset_focus   cst_set_sample.o
    0x0800ba60   0x00000028   Code   RO         5933    i.SSM_commit        cst_set_sample.o
    0x0800ba88   0x00000098   Code   RO         5934    i.SSM_entry         cst_set_sample.o
    0x0800bb20   0x0000004c   Code   RO         5935    i.SSM_get_focusdata  cst_set_sample.o
    0x0800bb6c   0x00000084   Code   RO         5936    i.SSM_init          cst_set_sample.o
    0x0800bbf0   0x00000040   Code   RO         5937    i.SSM_key_dn        cst_set_sample.o
    0x0800bc30   0x0000000c   Code   RO         5938    i.SSM_key_er        cst_set_sample.o
    0x0800bc3c   0x00000040   Code   RO         5939    i.SSM_key_lt        cst_set_sample.o
    0x0800bc7c   0x0000003c   Code   RO         5940    i.SSM_key_rt        cst_set_sample.o
    0x0800bcb8   0x00000040   Code   RO         5941    i.SSM_key_up        cst_set_sample.o
    0x0800bcf8   0x000000d8   Code   RO         5942    i.SSM_modify        cst_set_sample.o
    0x0800bdd0   0x000000a4   Code   RO         3054    i.STG_Acc_chn_alarm  storage.o
    0x0800be74   0x0000009c   Code   RO         3055    i.STG_Acc_chn_conf  storage.o
    0x0800bf10   0x000000cc   Code   RO         3056    i.STG_Acc_chn_data  storage.o
    0x0800bfdc   0x000000a4   Code   RO         3057    i.STG_Acc_chn_sum   storage.o
    0x0800c080   0x00000064   Code   RO         3058    i.STG_Acc_lose_pwr  storage.o
    0x0800c0e4   0x00000074   Code   RO         3059    i.STG_Acc_sys_conf  storage.o
    0x0800c158   0x00000002   Code   RO         3769    i.STG_Duild_button  hmi.o
    0x0800c15a   0x00000002   PAD
    0x0800c15c   0x00000124   Code   RO         3061    i.STG_Open_file     storage.o
    0x0800c280   0x00000034   Code   RO         3064    i.STG_Resize        storage.o
    0x0800c2b4   0x000000b0   Code   RO         3065    i.STG_Set_file_position  storage.o
    0x0800c364   0x000001d0   Code   RO         6021    i.STS_Delay_time_hit  hmi_start_sample.o
    0x0800c534   0x00000074   Code   RO         6022    i.STS_Hide          hmi_start_sample.o
    0x0800c5a8   0x00000008   Code   RO         6023    i.STS_Init          hmi_start_sample.o
    0x0800c5b0   0x0000004c   Code   RO         6024    i.STS_Init_focus    hmi_start_sample.o
    0x0800c5fc   0x00000002   Code   RO         6025    i.STS_Run           hmi_start_sample.o
    0x0800c5fe   0x00000002   PAD
    0x0800c600   0x00000018   Code   RO         6026    i.STS_Show          hmi_start_sample.o
    0x0800c618   0x00000060   Code   RO         6027    i.STS_Show_delay_entry_foucs  hmi_start_sample.o
    0x0800c678   0x000000f0   Code   RO         6028    i.STS_Show_delay_time_foucs  hmi_start_sample.o
    0x0800c768   0x00000084   Code   RO         6029    i.STS_Tim_update    hmi_start_sample.o
    0x0800c7ec   0x00000060   Code   RO         6030    i.STS_choice        hmi_start_sample.o
    0x0800c84c   0x000000f0   Code   RO         6031    i.STS_hit           hmi_start_sample.o
    0x0800c93c   0x0000020c   Code   RO         6032    i.STS_initSheet     hmi_start_sample.o
    0x0800cb48   0x00000024   Code   RO          322    i.SYS_Lcd_off       system.o
    0x0800cb6c   0x00000030   Code   RO          323    i.SYS_Lcd_on        system.o
    0x0800cb9c   0x00000028   Code   RO          324    i.SYS_Tim_lcd_off   system.o
    0x0800cbc4   0x00000010   Code   RO          325    i.SYS_time_sec      system.o
    0x0800cbd4   0x0000011c   Code   RO          326    i.Sec_2_tm          system.o
    0x0800ccf0   0x000002d4   Code   RO         1373    i.Sem_init          rtx_depend.o
    0x0800cfc4   0x0000012c   Code   RO         1374    i.Sem_post          rtx_depend.o
    0x0800d0f0   0x0000012c   Code   RO         1375    i.Sem_wait          rtx_depend.o
    0x0800d21c   0x00000008   Code   RO         8404    i.SetSysClock       system_stm32f10x.o
    0x0800d224   0x000000e0   Code   RO         8405    i.SetSysClockTo72   system_stm32f10x.o
    0x0800d304   0x00000024   Code   RO          994    i.Set_bit           bit.o
    0x0800d328   0x00000016   Code   RO         3770    i.Set_flag_show     hmi.o
    0x0800d33e   0x00000002   PAD
    0x0800d340   0x000001e8   Code   RO         7903    i.Set_shtAreaAtt    expression.o
    0x0800d528   0x0000007c   Code   RO         7904    i.Set_shtContextAtt  expression.o
    0x0800d5a4   0x00000078   Code   RO         8134    i.Sheet_alloc       sheet.o
    0x0800d61c   0x0000004c   Code   RO         8139    i.Sheet_refresh     sheet.o
    0x0800d668   0x0000006e   Code   RO         8140    i.Sheet_refreshsub  sheet.o
    0x0800d6d6   0x0000002e   Code   RO         8142    i.Sheet_slide       sheet.o
    0x0800d704   0x00000116   Code   RO         8143    i.Sheet_updown      sheet.o
    0x0800d81a   0x00000022   Code   RO         3771    i.Show_focus        hmi.o
    0x0800d83c   0x00000038   Code   RO         8144    i.Shtctl_init       sheet.o
    0x0800d874   0x00000174   Code   RO         6544    i.Signal_Alarm      model_channel.o
    0x0800d9e8   0x0000005c   Code   RO         1143    i.SmBus_AI_Read     smart_bus.o
    0x0800da44   0x00000078   Code   RO         1144    i.SmBus_AI_config   smart_bus.o
    0x0800dabc   0x00000018   Code   RO         1145    i.SmBus_Check_head  smart_bus.o
    0x0800dad4   0x00000030   Code   RO         1146    i.SmBus_Check_tail  smart_bus.o
    0x0800db04   0x00000056   Code   RO         1147    i.SmBus_Cmd_err     smart_bus.o
    0x0800db5a   0x0000001e   Code   RO         1148    i.SmBus_DO_output   smart_bus.o
    0x0800db78   0x00000014   Code   RO         1149    i.SmBus_Get_crc     smart_bus.o
    0x0800db8c   0x00000064   Code   RO         1150    i.SmBus_Get_u16     smart_bus.o
    0x0800dbf0   0x00000044   Code   RO         1151    i.SmBus_Query       smart_bus.o
    0x0800dc34   0x00000018   Code   RO         1152    i.SmBus_RD_hig_limit  smart_bus.o
    0x0800dc4c   0x00000018   Code   RO         1153    i.SmBus_RD_low_limit  smart_bus.o
    0x0800dc64   0x0000006c   Code   RO         1154    i.SmBus_Read        smart_bus.o
    0x0800dcd0   0x00000018   Code   RO         1155    i.SmBus_Read_DO     smart_bus.o
    0x0800dce8   0x0000001c   Code   RO         1156    i.SmBus_Tail        smart_bus.o
    0x0800dd04   0x00000028   Code   RO         1157    i.SmBus_U16         smart_bus.o
    0x0800dd2c   0x00000020   Code   RO         1158    i.SmBus_WR_hig_limit  smart_bus.o
    0x0800dd4c   0x00000020   Code   RO         1159    i.SmBus_WR_low_limit  smart_bus.o
    0x0800dd6c   0x000000bc   Code   RO         1160    i.SmBus_Write       smart_bus.o
    0x0800de28   0x00000036   Code   RO         1161    i.SmBus_crc         smart_bus.o
    0x0800de5e   0x00000002   PAD
    0x0800de60   0x0000007c   Code   RO         1162    i.SmBus_dcd_AI_read  smart_bus.o
    0x0800dedc   0x0000006c   Code   RO         1163    i.SmBus_dcd_query   smart_bus.o
    0x0800df48   0x000000d4   Code   RO         1164    i.SmBus_dcd_read    smart_bus.o
    0x0800e01c   0x00000074   Code   RO         1165    i.SmBus_decode      smart_bus.o
    0x0800e090   0x00000018   Code   RO         1166    i.SmBus_rd_signal_type  smart_bus.o
    0x0800e0a8   0x00000002   Code   RO         1666    i.Spi_baud_Prescaler  drive_spi.o
    0x0800e0aa   0x0000003a   Code   RO         1667    i.Spi_mode_CP       drive_spi.o
    0x0800e0e4   0x00000024   Code   RO         3066    i.Storage_ctor      storage.o
    0x0800e108   0x0000001a   Code   RO         3067    i.Storage_new       storage.o
    0x0800e122   0x00000002   PAD
    0x0800e124   0x00000130   Code   RO         3288    i.Str_Calculations  phn_string.o
    0x0800e254   0x0000004e   Code   RO         3290    i.Str_set_password  phn_string.o
    0x0800e2a2   0x00000002   PAD
    0x0800e2a4   0x00000078   Code   RO         3068    i.Strg_Updata_rcd_mgr  storage.o
    0x0800e31c   0x00000094   Code   RO         3069    i.Strg_WR_stored_data  storage.o
    0x0800e3b0   0x00000006   Code   RO         3070    i.Strg_init         storage.o
    0x0800e3b6   0x00000002   PAD
    0x0800e3b8   0x00000094   Code   RO         3071    i.Strg_rd_stored_data  storage.o
    0x0800e44c   0x00000040   Code   RO         7557    i.String2Align      glyph.o
    0x0800e48c   0x00000028   Code   RO         7558    i.String2Bkc        glyph.o
    0x0800e4b4   0x00000028   Code   RO         7559    i.String2Clr        glyph.o
    0x0800e4dc   0x0000002c   Code   RO         7560    i.String2CntEff     glyph.o
    0x0800e508   0x00000038   Code   RO         7561    i.String2Colour     glyph.o
    0x0800e540   0x0000008c   Code   RO         7562    i.String2Font       glyph.o
    0x0800e5cc   0x00000080   Code   RO         3772    i.SwitchBack        hmi.o
    0x0800e64c   0x000000c0   Code   RO         3773    i.SwitchHMI         hmi.o
    0x0800e70c   0x00000060   Code   RO         8407    i.SystemInit        system_stm32f10x.o
    0x0800e76c   0x0000008c   Code   RO          330    i.System_init       system.o
    0x0800e7f8   0x00000080   Code   RO          331    i.System_power_off  system.o
    0x0800e878   0x0000002c   Code   RO          333    i.System_set_time   system.o
    0x0800e8a4   0x00000090   Code   RO         3180    i.TIM2_IRQHandler   times.o
    0x0800e934   0x00000006   Code   RO         9627    i.TIM_ClearITPendingBit  stm32f10x_tim.o
    0x0800e93a   0x00000018   Code   RO         9632    i.TIM_Cmd           stm32f10x_tim.o
    0x0800e952   0x00000002   PAD
    0x0800e954   0x0000009c   Code   RO         4933    i.TIM_Col_1         cst_set_time.o
    0x0800e9f0   0x00000002   Code   RO         4934    i.TIM_Exit          cst_set_time.o
    0x0800e9f2   0x00000022   Code   RO         9653    i.TIM_GetITStatus   stm32f10x_tim.o
    0x0800ea14   0x00000068   Code   RO         4743    i.TIM_Init          component_option.o
    0x0800ea7c   0x00000098   Code   RO         9661    i.TIM_OC1Init       stm32f10x_tim.o
    0x0800eb14   0x00000012   Code   RO         9664    i.TIM_OC1PreloadConfig  stm32f10x_tim.o
    0x0800eb26   0x00000002   PAD
    0x0800eb28   0x000000a4   Code   RO         9666    i.TIM_OC2Init       stm32f10x_tim.o
    0x0800ebcc   0x0000001a   Code   RO         9669    i.TIM_OC2PreloadConfig  stm32f10x_tim.o
    0x0800ebe6   0x00000002   PAD
    0x0800ebe8   0x000000a0   Code   RO         9671    i.TIM_OC3Init       stm32f10x_tim.o
    0x0800ec88   0x00000012   Code   RO         9674    i.TIM_OC3PreloadConfig  stm32f10x_tim.o
    0x0800ec9a   0x00000002   PAD
    0x0800ec9c   0x0000007c   Code   RO         9676    i.TIM_OC4Init       stm32f10x_tim.o
    0x0800ed18   0x0000001a   Code   RO         9678    i.TIM_OC4PreloadConfig  stm32f10x_tim.o
    0x0800ed32   0x00000002   PAD
    0x0800ed34   0x00000024   Code   RO         4935    i.TIM_Reset_focus   cst_set_time.o
    0x0800ed58   0x00000008   Code   RO         4744    i.TIM_Select        component_option.o
    0x0800ed60   0x00000004   Code   RO         9693    i.TIM_SetCompare1   stm32f10x_tim.o
    0x0800ed64   0x00000004   Code   RO         9694    i.TIM_SetCompare2   stm32f10x_tim.o
    0x0800ed68   0x00000004   Code   RO         9695    i.TIM_SetCompare3   stm32f10x_tim.o
    0x0800ed6c   0x00000006   Code   RO         9696    i.TIM_SetCompare4   stm32f10x_tim.o
    0x0800ed72   0x00000002   PAD
    0x0800ed74   0x000000a4   Code   RO         9703    i.TIM_TimeBaseInit  stm32f10x_tim.o
    0x0800ee18   0x00000080   Code   RO         4936    i.TIM_commit        cst_set_time.o
    0x0800ee98   0x000000cc   Code   RO         4937    i.TIM_entry         cst_set_time.o
    0x0800ef64   0x00000040   Code   RO         4938    i.TIM_get_focusdata  cst_set_time.o
    0x0800efa4   0x0000005c   Code   RO         4939    i.TIM_init          cst_set_time.o
    0x0800f000   0x00000030   Code   RO         4940    i.TIM_key_dn        cst_set_time.o
    0x0800f030   0x0000000c   Code   RO         4941    i.TIM_key_er        cst_set_time.o
    0x0800f03c   0x00000034   Code   RO         4942    i.TIM_key_lt        cst_set_time.o
    0x0800f070   0x00000034   Code   RO         4943    i.TIM_key_rt        cst_set_time.o
    0x0800f0a4   0x00000030   Code   RO         4944    i.TIM_key_up        cst_set_time.o
    0x0800f0d4   0x0000003c   Code   RO         4945    i.TIM_modify        cst_set_time.o
    0x0800f110   0x00000006   Code   RO         2106    i.Test_devSpi       dev_spi.o
    0x0800f116   0x00000006   Code   RO         2177    i.Test_dev_IIC      dev_iic.o
    0x0800f11c   0x0000001a   Code   RO            8    i.ThrdKeyRun        main.o
    0x0800f136   0x00000002   PAD
    0x0800f138   0x00000090   Code   RO          335    i.Time_2_u32        system.o
    0x0800f1c8   0x00000014   Code   RO         7816    i.TxtExpr_ctor      txtexpr.o
    0x0800f1dc   0x0000001a   Code   RO         7817    i.TxtExpr_new       txtexpr.o
    0x0800f1f6   0x00000002   PAD
    0x0800f1f8   0x000000d4   Code   RO         7818    i.TxtInptSht        txtexpr.o
    0x0800f2cc   0x00000014   Code   RO         1739    i.UART4_IRQHandler  drive_uart.o
    0x0800f2e0   0x00000014   Code   RO         1740    i.USART1_IRQHandler  drive_uart.o
    0x0800f2f4   0x00000014   Code   RO         1741    i.USART2_IRQHandler  drive_uart.o
    0x0800f308   0x00000014   Code   RO         1742    i.USART3_IRQHandler  drive_uart.o
    0x0800f31c   0x00000012   Code   RO        10176    i.USART_ClearFlag   stm32f10x_usart.o
    0x0800f32e   0x00000018   Code   RO        10180    i.USART_Cmd         stm32f10x_usart.o
    0x0800f346   0x00000012   Code   RO        10181    i.USART_DMACmd      stm32f10x_usart.o
    0x0800f358   0x0000009c   Code   RO        10182    i.USART_DeInit      stm32f10x_usart.o
    0x0800f3f4   0x0000001a   Code   RO        10183    i.USART_GetFlagStatus  stm32f10x_usart.o
    0x0800f40e   0x00000054   Code   RO        10184    i.USART_GetITStatus  stm32f10x_usart.o
    0x0800f462   0x0000004a   Code   RO        10186    i.USART_ITConfig    stm32f10x_usart.o
    0x0800f4ac   0x000000d8   Code   RO        10187    i.USART_Init        stm32f10x_usart.o
    0x0800f584   0x0000000a   Code   RO        10194    i.USART_ReceiveData  stm32f10x_usart.o
    0x0800f58e   0x00000008   Code   RO        10197    i.USART_SendData    stm32f10x_usart.o
    0x0800f596   0x0000003a   Code   RO         1743    i.UartDeInit        drive_uart.o
    0x0800f5d0   0x000000ca   Code   RO         1744    i.UartDma_Init      drive_uart.o
    0x0800f69a   0x00000012   Code   RO         1745    i.UartGiveBackPlayloadBuf  drive_uart.o
    0x0800f6ac   0x000000d8   Code   RO         1746    i.UartInit          drive_uart.o
    0x0800f784   0x0000009e   Code   RO         1747    i.UartIoctol        drive_uart.o
    0x0800f822   0x00000002   Code   RO         2001    i.UartLedRxHdl      dev_uart.o
    0x0800f824   0x00000002   Code   RO         2002    i.UartLedTxHdl      dev_uart.o
    0x0800f826   0x00000010   Code   RO         2003    i.UartPostRxSem     dev_uart.o
    0x0800f836   0x00000010   Code   RO         2004    i.UartPostTxSem     dev_uart.o
    0x0800f846   0x000000d6   Code   RO         1748    i.UartRead          drive_uart.o
    0x0800f91c   0x00000012   Code   RO         1749    i.UartSetIdp        drive_uart.o
    0x0800f92e   0x0000000e   Code   RO         1750    i.UartSetLedHdl     drive_uart.o
    0x0800f93c   0x0000000e   Code   RO         1751    i.UartSetPostSem    drive_uart.o
    0x0800f94a   0x0000000e   Code   RO         1752    i.UartSetWaitSem    drive_uart.o
    0x0800f958   0x00000044   Code   RO         1753    i.UartTakeUpPlayloadBuf  drive_uart.o
    0x0800f99c   0x000000b8   Code   RO         1754    i.UartTest          drive_uart.o
    0x0800fa54   0x00000014   Code   RO         2005    i.UartWaitRxSem     dev_uart.o
    0x0800fa68   0x00000014   Code   RO         2006    i.UartWaitTxSem     dev_uart.o
    0x0800fa7c   0x000000e8   Code   RO         1755    i.UartWrite         drive_uart.o
    0x0800fb64   0x00000146   Code   RO         1756    i.Usart_irq         drive_uart.o
    0x0800fcaa   0x00000002   PAD
    0x0800fcac   0x0000002c   Code   RO         2930    i.UtlRtc_ctor       rtc.o
    0x0800fcd8   0x00000038   Code   RO         2931    i.UtlRtc_get        rtc.o
    0x0800fd10   0x00000006   Code   RO         2932    i.UtlRtc_init       rtc.o
    0x0800fd16   0x00000008   Code   RO         2933    i.UtlRtc_readReg    rtc.o
    0x0800fd1e   0x00000006   Code   RO         2934    i.UtlRtc_set        rtc.o
    0x0800fd24   0x00000008   Code   RO         2935    i.UtlRtc_writeReg   rtc.o
    0x0800fd2c   0x00000014   Code   RO         5572    i.VPP_Col_1         cst_set_vapor_pressure .o
    0x0800fd40   0x00000002   Code   RO         5573    i.VPP_Exit          cst_set_vapor_pressure .o
    0x0800fd42   0x00000002   PAD
    0x0800fd44   0x00000034   Code   RO         5574    i.VPP_Reset_focus   cst_set_vapor_pressure .o
    0x0800fd78   0x0000001c   Code   RO         5575    i.VPP_commit        cst_set_vapor_pressure .o
    0x0800fd94   0x00000044   Code   RO         5576    i.VPP_entry         cst_set_vapor_pressure .o
    0x0800fdd8   0x0000004c   Code   RO         5577    i.VPP_get_focusdata  cst_set_vapor_pressure .o
    0x0800fe24   0x00000088   Code   RO         5578    i.VPP_init          cst_set_vapor_pressure .o
    0x0800feac   0x00000028   Code   RO         5579    i.VPP_key_dn        cst_set_vapor_pressure .o
    0x0800fed4   0x0000000c   Code   RO         5580    i.VPP_key_er        cst_set_vapor_pressure .o
    0x0800fee0   0x00000006   Code   RO         5581    i.VPP_key_lt        cst_set_vapor_pressure .o
    0x0800fee6   0x00000006   Code   RO         5582    i.VPP_key_rt        cst_set_vapor_pressure .o
    0x0800feec   0x00000028   Code   RO         5583    i.VPP_key_up        cst_set_vapor_pressure .o
    0x0800ff14   0x00000038   Code   RO         5584    i.VPP_modify        cst_set_vapor_pressure .o
    0x0800ff4c   0x0000010c   Code   RO         1611    i.Write_IIC         drive_iic.o
    0x08010058   0x00000044   Code   RO         2107    i.Write_devSpi      dev_spi.o
    0x0801009c   0x00000046   Code   RO         2178    i.Write_dev_IIC     dev_iic.o
    0x080100e2   0x00000002   PAD
    0x080100e4   0x0000009c   Code   RO         1668    i.Write_spi         drive_spi.o
    0x08010180   0x00000034   Code   RO         6545    i.Zero_shift_K_B    model_channel.o
    0x080101b4   0x0000001c   Code   RO        11813    i.__0fprintf$8      mc_w.l(printf8.o)
    0x080101d0   0x00000028   Code   RO        11815    i.__0snprintf$8     mc_w.l(printf8.o)
    0x080101f8   0x00000028   Code   RO        11816    i.__0sprintf$8      mc_w.l(printf8.o)
    0x08010220   0x00000008   Code   RO        11925    i.__aeabi_errno_addr  mc_w.l(errno.o)
    0x08010228   0x0000005c   Code   RO        11872    i.__free$realloc    mc_w.l(mallocr.o)
    0x08010284   0x00000050   Code   RO        11873    i.__malloc$realloc  mc_w.l(mallocr.o)
    0x080102d4   0x0000000e   Code   RO        11985    i.__scatterload_copy  mc_w.l(handlers.o)
    0x080102e2   0x00000002   Code   RO        11986    i.__scatterload_null  mc_w.l(handlers.o)
    0x080102e4   0x0000000e   Code   RO        11987    i.__scatterload_zeroinit  mc_w.l(handlers.o)
    0x080102f2   0x00000046   Code   RO        11438    i._init_box         RTX_CM3.lib(rt_membox.o)
    0x08010338   0x00000410   Code   RO        11821    i._printf_core      mc_w.l(printf8.o)
    0x08010748   0x00000024   Code   RO        11822    i._printf_post_padding  mc_w.l(printf8.o)
    0x0801076c   0x0000002e   Code   RO        11823    i._printf_pre_padding  mc_w.l(printf8.o)
    0x0801079a   0x00000016   Code   RO        11824    i._snputc           mc_w.l(printf8.o)
    0x080107b0   0x0000000a   Code   RO        11825    i._sputc            mc_w.l(printf8.o)
    0x080107ba   0x00000002   PAD
    0x080107bc   0x0000001c   Code   RO         4299    i.cmmHmi_ctor       hmi_comm.o
    0x080107d8   0x0000001a   Code   RO         4300    i.cmmHmi_new        hmi_comm.o
    0x080107f2   0x00000002   PAD
    0x080107f4   0x00000030   Code   RO        11491    i.dbg_init          RTX_CM3.lib(hal_cm.o)
    0x08010824   0x00000020   Code   RO        11492    i.dbg_task_notify   RTX_CM3.lib(hal_cm.o)
    0x08010844   0x00000010   Code   RO        11493    i.dbg_task_switch   RTX_CM3.lib(hal_cm.o)
    0x08010854   0x0000000c   Code   RO         1377    i.delay_ms          rtx_depend.o
    0x08010860   0x00000034   Code   RO         2248    i.devGpio_ctor      device_gpio.o
    0x08010894   0x0000001a   Code   RO         2249    i.devGpio_new       device_gpio.o
    0x080108ae   0x00000002   Code   RO         1931    i.dev_lcd_ctor      dev_lcd.o
    0x080108b0   0x00000044   Code   RO         1493    i.driveGpio_ctor    drive_gpio.o
    0x080108f4   0x0000001a   Code   RO         1494    i.driveGpio_new     drive_gpio.o
    0x0801090e   0x00000002   PAD
    0x08010910   0x00000068   Code   RO         1757    i.driveUart_ctor    drive_uart.o
    0x08010978   0x0000001a   Code   RO         1758    i.driveUart_new     drive_uart.o
    0x08010992   0x00000002   PAD
    0x08010994   0x00000024   Code   RO           10    i.fputc             main.o
    0x080109b8   0x00000054   Code   RO         1326    i.free_playloadbuf  ping_pongbuf.o
    0x08010a0c   0x00000008   Code   RO         1327    i.get_loadbuflen    ping_pongbuf.o
    0x08010a14   0x00000006   Code   RO         1328    i.get_playloadbuf   ping_pongbuf.o
    0x08010a1a   0x00000002   PAD
    0x08010a1c   0x00000044   Code   RO         4468    i.hmi_config_ctor   hmi_config.o
    0x08010a60   0x0000001a   Code   RO         4469    i.hmi_config_new    hmi_config.o
    0x08010a7a   0x0000004a   Code   RO         1329    i.init_pingponfbuf  ping_pongbuf.o
    0x08010ac4   0x00000050   Code   RO        11874    i.internal_alloc    mc_w.l(mallocr.o)
    0x08010b14   0x0000002a   Code   RO        10368    i.isrMessageGet     RTX_CM3.lib(rt_cmsis.o)
    0x08010b3e   0x0000002c   Code   RO        10369    i.isrMessagePut     RTX_CM3.lib(rt_cmsis.o)
    0x08010b6a   0x00000028   Code   RO        10370    i.isrSemaphoreRelease  RTX_CM3.lib(rt_cmsis.o)
    0x08010b92   0x00000002   PAD
    0x08010b94   0x00000056   Code   RO        11284    i.isr_mbx_receive   RTX_CM3.lib(rt_mailbox.o)
    0x08010bea   0x0000000e   Code   RO        11285    i.isr_mbx_send      RTX_CM3.lib(rt_mailbox.o)
    0x08010bf8   0x00000010   Code   RO        11332    i.isr_sem_send      RTX_CM3.lib(rt_semaphore.o)
    0x08010c08   0x00000064   Code   RO         2333    i.lcd_fm12864_ctor  dev_lcd_fm12864.o
    0x08010c6c   0x0000001a   Code   RO         2334    i.lcd_fm12864_new   dev_lcd_fm12864.o
    0x08010c86   0x00000002   PAD
    0x08010c88   0x000000b8   Code   RO           11    i.main              main.o
    0x08010d40   0x00000018   Code   RO        10372    i.osDelay           RTX_CM3.lib(rt_cmsis.o)
    0x08010d58   0x00000024   Code   RO        10373    i.osKernelInitialize  RTX_CM3.lib(rt_cmsis.o)
    0x08010d7c   0x0000006c   Code   RO        10375    i.osKernelStart     RTX_CM3.lib(rt_cmsis.o)
    0x08010de8   0x00000018   Code   RO        10384    i.osMessageGet      RTX_CM3.lib(rt_cmsis.o)
    0x08010e00   0x0000002c   Code   RO        10394    i.osSemaphoreCreate  RTX_CM3.lib(rt_cmsis.o)
    0x08010e2c   0x00000018   Code   RO        10396    i.osSemaphoreRelease  RTX_CM3.lib(rt_cmsis.o)
    0x08010e44   0x00000018   Code   RO        10397    i.osSemaphoreWait   RTX_CM3.lib(rt_cmsis.o)
    0x08010e5c   0x0000002c   Code   RO        10401    i.osThreadCreate    RTX_CM3.lib(rt_cmsis.o)
    0x08010e88   0x00000018   Code   RO        10402    i.osThreadExit      RTX_CM3.lib(rt_cmsis.o)
    0x08010ea0   0x00000018   Code   RO        10407    i.osThreadYield     RTX_CM3.lib(rt_cmsis.o)
    0x08010eb8   0x0000000c   Code   RO        10408    i.osTimerCall       RTX_CM3.lib(rt_cmsis.o)
    0x08010ec4   0x0000002c   Code   RO        10413    i.osTimerThread     RTX_CM3.lib(rt_cmsis.o)
    0x08010ef0   0x00000022   Code   RO         8360    i.os_error          rtx_conf_cm.o
    0x08010f12   0x00000004   Code   RO         8361    i.os_idle_demon     rtx_conf_cm.o
    0x08010f16   0x00000002   PAD
    0x08010f18   0x00000028   Code   RO        11072    i.os_tick_init      RTX_CM3.lib(rt_system.o)
    0x08010f40   0x00000002   Code   RO        11073    i.os_tick_irqack    RTX_CM3.lib(rt_system.o)
    0x08010f42   0x0000001a   Code   RO        11439    i.rt_alloc_box      RTX_CM3.lib(rt_membox.o)
    0x08010f5c   0x0000003e   Code   RO        11467    i.rt_alloc_mem      RTX_CM3.lib(rt_memory.o)
    0x08010f9a   0x00000002   PAD
    0x08010f9c   0x00000038   Code   RO        10987    i.rt_block          RTX_CM3.lib(rt_task.o)
    0x08010fd4   0x00000048   Code   RO        11539    i.rt_chk_robin      RTX_CM3.lib(rt_robin.o)
    0x0801101c   0x00000070   Code   RO        11208    i.rt_dec_dly        RTX_CM3.lib(rt_list.o)
    0x0801108c   0x00000044   Code   RO        10988    i.rt_dispatch       RTX_CM3.lib(rt_task.o)
    0x080110d0   0x00000006   Code   RO        11374    i.rt_dly_wait       RTX_CM3.lib(rt_time.o)
    0x080110d6   0x00000002   PAD
    0x080110d8   0x00000050   Code   RO        11165    i.rt_evt_psh        RTX_CM3.lib(rt_event.o)
    0x08011128   0x0000002c   Code   RO        11440    i.rt_free_box       RTX_CM3.lib(rt_membox.o)
    0x08011154   0x00000028   Code   RO        11468    i.rt_free_mem       RTX_CM3.lib(rt_memory.o)
    0x0801117c   0x00000028   Code   RO        11209    i.rt_get_first      RTX_CM3.lib(rt_list.o)
    0x080111a4   0x00000024   Code   RO        11210    i.rt_get_same_rdy_prio  RTX_CM3.lib(rt_list.o)
    0x080111c8   0x00000008   Code   RO        10418    i.rt_id2obj         RTX_CM3.lib(rt_cmsis.o)
    0x080111d0   0x00000048   Code   RO        10989    i.rt_init_context   RTX_CM3.lib(rt_task.o)
    0x08011218   0x0000001a   Code   RO        11469    i.rt_init_mem       RTX_CM3.lib(rt_memory.o)
    0x08011232   0x00000002   PAD
    0x08011234   0x00000018   Code   RO        11540    i.rt_init_robin     RTX_CM3.lib(rt_robin.o)
    0x0801124c   0x00000080   Code   RO        11494    i.rt_init_stack     RTX_CM3.lib(hal_cm.o)
    0x080112cc   0x00000008   Code   RO        11286    i.rt_mbx_check      RTX_CM3.lib(rt_mailbox.o)
    0x080112d4   0x0000001a   Code   RO        11287    i.rt_mbx_init       RTX_CM3.lib(rt_mailbox.o)
    0x080112ee   0x00000002   PAD
    0x080112f0   0x000000f0   Code   RO        11288    i.rt_mbx_psh        RTX_CM3.lib(rt_mailbox.o)
    0x080113e0   0x000000b4   Code   RO        11290    i.rt_mbx_wait       RTX_CM3.lib(rt_mailbox.o)
    0x08011494   0x00000044   Code   RO        10419    i.rt_ms2tick        RTX_CM3.lib(rt_cmsis.o)
    0x080114d8   0x0000007c   Code   RO        11076    i.rt_pop_req        RTX_CM3.lib(rt_system.o)
    0x08011554   0x00000020   Code   RO        11077    i.rt_psh_req        RTX_CM3.lib(rt_system.o)
    0x08011574   0x0000005c   Code   RO        11211    i.rt_psq_enq        RTX_CM3.lib(rt_list.o)
    0x080115d0   0x00000048   Code   RO        11212    i.rt_put_dly        RTX_CM3.lib(rt_list.o)
    0x08011618   0x00000036   Code   RO        11213    i.rt_put_prio       RTX_CM3.lib(rt_list.o)
    0x0801164e   0x00000002   PAD
    0x08011650   0x00000014   Code   RO        11214    i.rt_put_rdy_first  RTX_CM3.lib(rt_list.o)
    0x08011664   0x00000034   Code   RO        11215    i.rt_resort_prio    RTX_CM3.lib(rt_list.o)
    0x08011698   0x00000006   Code   RO        11495    i.rt_ret_val        RTX_CM3.lib(hal_cm.o)
    0x0801169e   0x00000008   Code   RO        11496    i.rt_ret_val2       RTX_CM3.lib(hal_cm.o)
    0x080116a6   0x00000028   Code   RO        11216    i.rt_rmv_dly        RTX_CM3.lib(rt_list.o)
    0x080116ce   0x00000002   PAD
    0x080116d0   0x00000030   Code   RO        11217    i.rt_rmv_list       RTX_CM3.lib(rt_list.o)
    0x08011700   0x0000000c   Code   RO        11334    i.rt_sem_init       RTX_CM3.lib(rt_semaphore.o)
    0x0801170c   0x00000034   Code   RO        11335    i.rt_sem_psh        RTX_CM3.lib(rt_semaphore.o)
    0x08011740   0x0000002a   Code   RO        11336    i.rt_sem_send       RTX_CM3.lib(rt_semaphore.o)
    0x0801176a   0x00000002   PAD
    0x0801176c   0x00000040   Code   RO        11337    i.rt_sem_wait       RTX_CM3.lib(rt_semaphore.o)
    0x080117ac   0x00000024   Code   RO        11079    i.rt_stk_check      RTX_CM3.lib(rt_system.o)
    0x080117d0   0x00000028   Code   RO        10990    i.rt_switch_req     RTX_CM3.lib(rt_task.o)
    0x080117f8   0x000000cc   Code   RO        10991    i.rt_sys_init       RTX_CM3.lib(rt_task.o)
    0x080118c4   0x00000078   Code   RO        10992    i.rt_sys_start      RTX_CM3.lib(rt_task.o)
    0x0801193c   0x00000040   Code   RO        11081    i.rt_systick        RTX_CM3.lib(rt_system.o)
    0x0801197c   0x00000012   Code   RO        10420    i.rt_tid2ptcb       RTX_CM3.lib(rt_cmsis.o)
    0x0801198e   0x00000002   PAD
    0x08011990   0x00000034   Code   RO        10421    i.rt_timer_insert   RTX_CM3.lib(rt_cmsis.o)
    0x080119c4   0x00000088   Code   RO        10993    i.rt_tsk_create     RTX_CM3.lib(rt_task.o)
    0x08011a4c   0x0000017c   Code   RO        10994    i.rt_tsk_delete     RTX_CM3.lib(rt_task.o)
    0x08011bc8   0x00000030   Code   RO        10995    i.rt_tsk_pass       RTX_CM3.lib(rt_task.o)
    0x08011bf8   0x0000007c   Code   RO        10996    i.rt_tsk_prio       RTX_CM3.lib(rt_task.o)
    0x08011c74   0x00000010   Code   RO        10997    i.rt_tsk_self       RTX_CM3.lib(rt_task.o)
    0x08011c84   0x00000050   Code   RO         1669    i.spi_read_word     drive_spi.o
    0x08011cd4   0x00000072   Code   RO         1670    i.spi_write_word    drive_spi.o
    0x08011d46   0x00000012   Code   RO        10423    i.svcDelay          RTX_CM3.lib(rt_cmsis.o)
    0x08011d58   0x00000070   Code   RO        10424    i.svcKernelInitialize  RTX_CM3.lib(rt_cmsis.o)
    0x08011dc8   0x00000048   Code   RO        10426    i.svcKernelStart    RTX_CM3.lib(rt_cmsis.o)
    0x08011e10   0x00000024   Code   RO        10429    i.svcMessageCreate  RTX_CM3.lib(rt_cmsis.o)
    0x08011e34   0x0000003a   Code   RO        10430    i.svcMessageGet     RTX_CM3.lib(rt_cmsis.o)
    0x08011e6e   0x00000024   Code   RO        10437    i.svcSemaphoreCreate  RTX_CM3.lib(rt_cmsis.o)
    0x08011e92   0x00000028   Code   RO        10439    i.svcSemaphoreRelease  RTX_CM3.lib(rt_cmsis.o)
    0x08011eba   0x00000032   Code   RO        10440    i.svcSemaphoreWait  RTX_CM3.lib(rt_cmsis.o)
    0x08011eec   0x0000006c   Code   RO        10444    i.svcThreadCreate   RTX_CM3.lib(rt_cmsis.o)
    0x08011f58   0x0000001c   Code   RO        10445    i.svcThreadGetId    RTX_CM3.lib(rt_cmsis.o)
    0x08011f74   0x00000038   Code   RO        10448    i.svcThreadTerminate  RTX_CM3.lib(rt_cmsis.o)
    0x08011fac   0x0000000a   Code   RO        10449    i.svcThreadYield    RTX_CM3.lib(rt_cmsis.o)
    0x08011fb6   0x00000018   Code   RO        10450    i.svcTimerCall      RTX_CM3.lib(rt_cmsis.o)
    0x08011fce   0x00000050   Code   RO         1330    i.switch_receivebuf  ping_pongbuf.o
    0x0801201e   0x00000002   PAD
    0x08012020   0x0000005c   Code   RO        10459    i.sysTimerTick      RTX_CM3.lib(rt_cmsis.o)
    0x0801207c   0x00000002   Code   RO         8268    i.unit_test         unit_test.o
    0x0801207e   0x00000002   Code   RO         7563    i.vDraw             glyph.o
    0x08012080   0x00000010   Data   RO           12    .constdata          main.o
    0x08012090   0x00000034   Data   RO          337    .constdata          system.o
    0x080120c4   0x00000010   Data   RO          476    .constdata          cmd_thread.o
    0x080120d4   0x00000004   Data   RO          834    .constdata          assert.o
    0x080120d8   0x00000004   Data   RO         1290    .constdata          mem.o
    0x080120dc   0x00000040   Data   RO         1381    .constdata          rtx_depend.o
    0x0801211c   0x00000040   Data   RO         1496    .constdata          drive_gpio.o
    0x0801215c   0x00000004   Data   RO         2336    .constdata          dev_lcd_fm12864.o
    0x08012160   0x00000030   Data   RO         2470    .constdata          lcd_hardware_interfaces.o
    0x08012190   0x00000023   Data   RO         2834    .constdata          keyboard.o
    0x080121b3   0x00000001   PAD
    0x080121b4   0x00000008   Data   RO         2994    .constdata          rtc_pcf8563.o
    0x080121bc   0x00000026   Data   RO         3292    .constdata          phn_string.o
    0x080121e2   0x00000002   PAD
    0x080121e4   0x00000004   Data   RO         3627    .constdata          focus.o
    0x080121e8   0x00000041   Data   RO         4302    .constdata          hmi_comm.o
    0x08012229   0x000000e5   Data   RO         4399    .constdata          hmi_main.o
    0x0801230e   0x0000005a   Data   RO         4470    .constdata          hmi_config.o
    0x08012368   0x000002dc   Data   RO         4746    .constdata          component_option.o
    0x08012644   0x00000034   Data   RO         4841    .constdata          hmi_configuring .o
    0x08012678   0x00000008   Data   RO         4946    .constdata          cst_set_time.o
    0x08012680   0x0000000c   Data   RO         5059    .constdata          cst_set_display.o
    0x0801268c   0x00000004   Data   RO         5147    .constdata          cst_set_password.o
    0x08012690   0x00000004   Data   RO         5235    .constdata          cst_set_atmosphere_pressure.o
    0x08012694   0x0000000c   Data   RO         5323    .constdata          cst_set_pressure_protect.o
    0x080126a0   0x00000008   Data   RO         5411    .constdata          cst_set_heater.o
    0x080126a8   0x00000010   Data   RO         5585    .constdata          cst_set_vapor_pressure .o
    0x080126b8   0x00000024   Data   RO         5673    .constdata          cst_set_case_temperature.o
    0x080126dc   0x00000063   Data   RO         5764    .constdata          hmi_query.o
    0x0801273f   0x00000001   PAD
    0x08012740   0x0000003c   Data   RO         5863    .constdata          cst_query_atmosphere.o
    0x0801277c   0x0000000c   Data   RO         5943    .constdata          cst_set_sample.o
    0x08012788   0x0000013c   Data   RO         6033    .constdata          hmi_start_sample.o
    0x080128c4   0x00000038   Data   RO         6128    .constdata          cst_query_dust.o
    0x080128fc   0x000000ef   Data   RO         6204    .constdata          hmi_wait_sample.o
    0x080129eb   0x000000bc   Data   RO         6273    .constdata          hmi_maintain.o
    0x08012aa7   0x0000007a   Data   RO         6344    .constdata          hmi_input_psd.o
    0x08012b21   0x00000003   PAD
    0x08012b24   0x00000004   Data   RO         6426    .constdata          model.o
    0x08012b28   0x00000046   Data   RO         6547    .constdata          model_channel.o
    0x08012b6e   0x0000000c   Data   RO         6739    .constdata          modeltime.o
    0x08012b7a   0x00000002   PAD
    0x08012b7c   0x00000004   Data   RO         7906    .constdata          expression.o
    0x08012b80   0x00000004   Data   RO         8146    .constdata          sheet.o
    0x08012b84   0x00001330   Data   RO         8235    .constdata          character_database.o
    0x08013eb4   0x00000068   Data   RO         8363    .constdata          rtx_conf_cm.o
    0x08013f1c   0x00000081   Data   RO        11950    .constdata          mc_w.l(ctype_o.o)
    0x08013f9d   0x00000003   PAD
    0x08013fa0   0x00000004   Data   RO        11951    .constdata          mc_w.l(ctype_o.o)
    0x08013fa4   0x00000030   Data   RO          769    .conststring        marco.o
    0x08013fd4   0x00000011   Data   RO          835    .conststring        assert.o
    0x08013fe5   0x00000003   PAD
    0x08013fe8   0x00000012   Data   RO         1291    .conststring        mem.o
    0x08013ffa   0x00000002   PAD
    0x08013ffc   0x000000df   Data   RO         3293    .conststring        phn_string.o
    0x080140db   0x00000001   PAD
    0x080140dc   0x0000014f   Data   RO         3554    .conststring        component_button.o
    0x0801422b   0x00000001   PAD
    0x0801422c   0x00000008   Data   RO         3628    .conststring        focus.o
    0x08014234   0x00000005   Data   RO         4947    .conststring        cst_set_time.o
    0x08014239   0x00000003   PAD
    0x0801423c   0x00000015   Data   RO         5060    .conststring        cst_set_display.o
    0x08014251   0x00000003   PAD
    0x08014254   0x00000005   Data   RO         5148    .conststring        cst_set_password.o
    0x08014259   0x00000003   PAD
    0x0801425c   0x00000005   Data   RO         5236    .conststring        cst_set_atmosphere_pressure.o
    0x08014261   0x00000003   PAD
    0x08014264   0x00000015   Data   RO         5324    .conststring        cst_set_pressure_protect.o
    0x08014279   0x00000003   PAD
    0x0801427c   0x00000011   Data   RO         5412    .conststring        cst_set_heater.o
    0x0801428d   0x00000003   PAD
    0x08014290   0x0000003e   Data   RO         5586    .conststring        cst_set_vapor_pressure .o
    0x080142ce   0x00000002   PAD
    0x080142d0   0x0000005e   Data   RO         5674    .conststring        cst_set_case_temperature.o
    0x0801432e   0x00000002   PAD
    0x08014330   0x00000075   Data   RO         5864    .conststring        cst_query_atmosphere.o
    0x080143a5   0x00000003   PAD
    0x080143a8   0x00000021   Data   RO         5944    .conststring        cst_set_sample.o
    0x080143c9   0x00000003   PAD
    0x080143cc   0x00000022   Data   RO         6129    .conststring        cst_query_dust.o
    0x080143ee   0x00000002   PAD
    0x080143f0   0x00000023   Data   RO         6427    .conststring        model.o
    0x08014413   0x00000001   PAD
    0x08014414   0x0000000d   Data   RO         7907    .conststring        expression.o
    0x08014421   0x00000003   PAD
    0x08014424   0x00000013   Data   RO         8147    .conststring        sheet.o
    0x08014437   0x00000001   PAD
    0x08014438   0x000000d3   Data   RO         8236    .conststring        character_database.o
    0x0801450b   0x00000001   PAD
    0x0801450c   0x00000020   Data   RO        11983    Region$$Table       anon$$obj.o


    Execution Region RW_IRAM1 (Base: 0x20000000, Size: 0x0000add8, Max: 0x0000c000, ABSOLUTE, COMPRESSED[0x00000374])

    Base Addr    Size         Type   Attr      Idx    E Section Name        Object

    0x20000000   0x00000008   Data   RW           13    .data               main.o
    0x20000008   0x00000008   Data   RW          338    .data               system.o
    0x20000010   0x00000004   Data   RW          477    .data               cmd_thread.o
    0x20000014   0x00000158   Data   RW          635    .data               hardwareconfig.o
    0x2000016c   0x00000030   Data   RW          770    .data               marco.o
    0x2000019c   0x00000004   Data   RW          811    .data               except.o
    0x200001a0   0x000000c4   Data   RW         1382    .data               rtx_depend.o
    0x20000264   0x00000008   Data   RW         1612    .data               drive_iic.o
    0x2000026c   0x00000004   Data   RW         1932    .data               dev_lcd.o
    0x20000270   0x00000008   Data   RW         2179    .data               dev_iic.o
    0x20000278   0x00000040   Data   RW         2251    .data               device_gpio.o
    0x200002b8   0x0000000c   Data   RW         2337    .data               dev_lcd_fm12864.o
    0x200002c4   0x00000004   Data   RW         2835    .data               keyboard.o
    0x200002c8   0x00000004   Data   RW         2995    .data               rtc_pcf8563.o
    0x200002cc   0x00000004   Data   RW         3072    .data               storage.o
    0x200002d0   0x0000000c   Data   RW         3190    .data               times.o
    0x200002dc   0x000000a4   Data   RW         3294    .data               phn_string.o
    0x20000380   0x00000018   Data   RW         3555    .data               component_button.o
    0x20000398   0x00000010   Data   RW         3777    .data               hmi.o
    0x200003a8   0x00000024   Data   RW         4303    .data               hmi_comm.o
    0x200003cc   0x00000004   Data   RW         4400    .data               hmi_main.o
    0x200003d0   0x00000004   Data   RW         4471    .data               hmi_config.o
    0x200003d4   0x0000000c   Data   RW         4665    .data               hmi_select_setting.o
    0x200003e0   0x00000008   Data   RW         4842    .data               hmi_configuring .o
    0x200003e8   0x00000044   Data   RW         4948    .data               cst_set_time.o
    0x2000042c   0x00000044   Data   RW         5061    .data               cst_set_display.o
    0x20000470   0x00000044   Data   RW         5149    .data               cst_set_password.o
    0x200004b4   0x00000044   Data   RW         5237    .data               cst_set_atmosphere_pressure.o
    0x200004f8   0x00000044   Data   RW         5325    .data               cst_set_pressure_protect.o
    0x2000053c   0x00000044   Data   RW         5413    .data               cst_set_heater.o
    0x20000580   0x00000044   Data   RW         5499    .data               cst_set_dust_flow.o
    0x200005c4   0x00000044   Data   RW         5587    .data               cst_set_vapor_pressure .o
    0x20000608   0x00000044   Data   RW         5675    .data               cst_set_case_temperature.o
    0x2000064c   0x00000008   Data   RW         5765    .data               hmi_query.o
    0x20000654   0x00000044   Data   RW         5865    .data               cst_query_atmosphere.o
    0x20000698   0x00000044   Data   RW         5945    .data               cst_set_sample.o
    0x200006dc   0x00000004   Data   RW         6034    .data               hmi_start_sample.o
    0x200006e0   0x00000044   Data   RW         6130    .data               cst_query_dust.o
    0x20000724   0x00000004   Data   RW         6205    .data               hmi_wait_sample.o
    0x20000728   0x00000004   Data   RW         6274    .data               hmi_maintain.o
    0x2000072c   0x00000004   Data   RW         6345    .data               hmi_input_psd.o
    0x20000730   0x0000000c   Data   RW         6428    .data               model.o
    0x2000073c   0x00000004   Data   RW         6856    .data               ctlkey.o
    0x20000740   0x00000004   Data   RW         7514    .data               gh_none.o
    0x20000744   0x00000004   Data   RW         7670    .data               gh_pic.o
    0x20000748   0x00000004   Data   RW         7705    .data               gh_txt.o
    0x2000074c   0x00000004   Data   RW         7743    .data               gh_rectangle.o
    0x20000750   0x00000004   Data   RW         7819    .data               txtexpr.o
    0x20000754   0x00000004   Data   RW         7951    .data               ntbutton.o
    0x20000758   0x00000004   Data   RW         8002    .data               ntinput.o
    0x2000075c   0x00000004   Data   RW         8048    .data               geometricsexpr.o
    0x20000760   0x00000004   Data   RW         8091    .data               picexpr.o
    0x20000764   0x00000004   Data   RW         8148    .data               sheet.o
    0x20000768   0x00000010   Data   RW         8364    .data               rtx_conf_cm.o
    0x20000778   0x00000014   Data   RW         9280    .data               stm32f10x_rcc.o
    0x2000078c   0x00000008   Data   RW        10462    .data               RTX_CM3.lib(rt_cmsis.o)
    0x20000794   0x00000008   Data   RW        10999    .data               RTX_CM3.lib(rt_task.o)
    0x2000079c   0x00000008   Data   RW        11084    .data               RTX_CM3.lib(rt_system.o)
    0x200007a4   0x00000004   Data   RW        11378    .data               RTX_CM3.lib(rt_time.o)
    0x200007a8   0x00000001   Data   RW        11497    .data               RTX_CM3.lib(hal_cm.o)
    0x200007a9   0x00000003   PAD
    0x200007ac   0x00000008   Data   RW        11541    .data               RTX_CM3.lib(rt_robin.o)
    0x200007b4   0x00000004   Data   RW        11578    .data               mc_w.l(stderr.o)
    0x200007b8   0x00000004   Data   RW        11923    .data               mc_w.l(mvars.o)
    0x200007bc   0x00000004   Data   RW        11924    .data               mc_w.l(mvars.o)
    0x200007c0   0x00000004   Data   RW        11928    .data               mc_w.l(errno.o)
    0x200007c4   0x00000144   Zero   RW          336    .bss                system.o
    0x20000908   0x00000020   Zero   RW          475    .bss                cmd_thread.o
    0x20000928   0x00000020   Zero   RW         1495    .bss                drive_gpio.o
    0x20000948   0x00000010   Zero   RW         1759    .bss                drive_uart.o
    0x20000958   0x00000010   Zero   RW         2007    .bss                dev_uart.o
    0x20000968   0x0000000c   Zero   RW         2108    .bss                dev_spi.o
    0x20000974   0x00000020   Zero   RW         2250    .bss                device_gpio.o
    0x20000994   0x0000040c   Zero   RW         2335    .bss                dev_lcd_fm12864.o
    0x20000da0   0x0000004c   Zero   RW         3189    .bss                times.o
    0x20000dec   0x00000010   Zero   RW         3553    .bss                component_button.o
    0x20000dfc   0x00000074   Zero   RW         3626    .bss                focus.o
    0x20000e70   0x00000020   Zero   RW         3774    .bss                hmi.o
    0x20000e90   0x00000468   Zero   RW         4301    .bss                hmi_comm.o
    0x200012f8   0x000000a0   Zero   RW         4745    .bss                component_option.o
    0x20001398   0x00000118   Zero   RW         6425    .bss                model.o
    0x200014b0   0x0000000c   Zero   RW         6546    .bss                model_channel.o
    0x200014bc   0x00000010   Zero   RW         6705    .bss                modelfactory.o
    0x200014cc   0x00000010   Zero   RW         6738    .bss                modeltime.o
    0x200014dc   0x00000060   Zero   RW         7905    .bss                expression.o
    0x2000153c   0x00001e08   Zero   RW         8145    .bss                sheet.o
    0x20003344   0x00000004   PAD
    0x20003348   0x0000122c   Zero   RW         8362    .bss                rtx_conf_cm.o
    0x20004574   0x00000034   Zero   RW        10998    .bss                RTX_CM3.lib(rt_task.o)
    0x200045a8   0x00000030   Zero   RW        11218    .bss                RTX_CM3.lib(rt_list.o)
    0x200045d8   0x00006000   Zero   RW         8395    HEAP                startup_stm32f10x_hd.o
    0x2000a5d8   0x00000800   Zero   RW         8394    STACK               startup_stm32f10x_hd.o


==============================================================================

Image component sizes


      Code (inc. data)   RO Data    RW Data    ZI Data      Debug   Object Name

         0          0         21          0          0       1935   assert.o
       108          0          0          0          0       3254   bit.o
       168         16       5123          0          0       2128   character_database.o
         0          0          0          0          0       6033   chninfopic.o
       332         30         16          4         32       4512   cmd_thread.o
      1358        144        335         24         16       6597   component_button.o
       880        174        732          0        160       8997   component_option.o
       128         64          0          0          0       1539   configure_strategy.o
         2          0          0          0          0        982   controller.o
       908        106        177         68          0       7185   cst_query_atmosphere.o
       828        102         90         68          0       6963   cst_query_dust.o
       706        104          9         68          0       8711   cst_set_atmosphere_pressure.o
       538         96        130         68          0       8399   cst_set_case_temperature.o
      1042        124         33         68          0       8614   cst_set_display.o
       806         92          0         68          0       8340   cst_set_dust_flow.o
       926        110         25         68          0       8553   cst_set_heater.o
       726        108          9         68          0       8391   cst_set_password.o
       970        106         33         68          0       8834   cst_set_pressure_protect.o
      1114        136         45         68          0       8985   cst_set_sample.o
       954        128         13         68          0       8435   cst_set_time.o
       542         94         78         68          0       8356   cst_set_vapor_pressure .o
       320         22          0          4          0       6044   ctlkey.o
       108          0          0          0          0       1303   dev_char.o
       376         36          0          8          0       6903   dev_iic.o
        74          6          0          4          0       1842   dev_lcd.o
      1984        140          4         12       1036      16055   dev_lcd_fm12864.o
       332         46          0          0         12       6642   dev_spi.o
      1112        114          0          0         16      10845   dev_uart.o
       116          0          0          0          0       2238   device.o
       378         40          0         64         32       7023   device_gpio.o
       856         52         64          0         32      11852   drive_gpio.o
       856         56          0          8          0       4486   drive_iic.o
       802         50          0          0          0       6782   drive_spi.o
      2276        138          0          0         16      19263   drive_uart.o
       248        118          0          4          0       2674   except.o
       268         92          0          0          0       2976   expfactory.o
       614         78         17          0         96       3457   expression.o
       628         56         12          0        116       7095   focus.o
       824          4          0          0          0       3627   format.o
       202         20          0          4          0       3301   geometricsexpr.o
        74          4          0          4          0       3972   gh_none.o
        84          8          0          4          0       3217   gh_pic.o
        84          8          0          4          0       3243   gh_rectangle.o
       246         20          0          4          0       3945   gh_txt.o
       680        132          0          0          0       8934   glyph.o
         0          0          0        344          0       5549   hardwareconfig.o
      1188        142          0         16         32      17953   hmi.o
       554         68         65         36       1128       8713   hmi_comm.o
       630         84         90          4          0       8032   hmi_config.o
      1610        162         52          8          0      11811   hmi_configuring .o
       992        132        122          4          0       7401   hmi_input_psd.o
       624        102        229          4          0       5730   hmi_main.o
       592         94        188          4          0       5762   hmi_maintain.o
      1332        142         99          8          0      10457   hmi_query.o
       918         50          0         12          0       7936   hmi_select_setting.o
      2156        246        316          4          0      10754   hmi_start_sample.o
       372         72        239          4          0       5887   hmi_wait_sample.o
       130          6          0          0          0       4848   hmifactory.o
       600         16          0          0          0        929   intrinit.o
      1018         52         35          4          0       9243   keyboard.o
       622         72         48          0          0       8875   lcd_hardware_interfaces.o
         0          0          0          0          0        564   list.o
       342         36         16          8          0     319040   main.o
       244         54         48         48          0       3164   marco.o
       124         38         22          0          0        962   mem.o
       152         30          0          0          0       2261   misc.o
       508         50         39         12        280       9294   model.o
      5506        306         70          0         12      26412   model_channel.o
       272         92          0          0         16       1349   modelfactory.o
       754        118         12          0         16       9093   modeltime.o
       110          0          0          0          0        523   mysystemclock.o
       356         14          0          4          0       4413   ntbutton.o
       322         26          0          4          0       3150   ntinput.o
      2098        426        261        164          0       8401   phn_string.o
       298         36          0          4          0       3759   picexpr.o
       252          0          0          0          0       4265   ping_pongbuf.o
       684         20          0          0          0        895   pinmux.o
       120          4          0          0          0       1020   power.o
       498          4          0          0          0       4305   reader.o
       128         22          0          0          0       4653   rtc.o
      1218         44          8          4          0       6117   rtc_pcf8563.o
        62          6        104         16       4652       7708   rtx_conf_cm.o
      1384        314         64        196          0       7732   rtx_depend.o
       730         42         23          4       7688       5560   sheet.o
      1726         54          0          0          0      19887   smart_bus.o
        36          8        304          0      26624        844   startup_stm32f10x_hd.o
       514         26          0          0          0       5984   stm32f10x_dma.o
       252         26          0          0          0       3344   stm32f10x_exti.o
       532         10          0          0          0       7072   stm32f10x_gpio.o
       548         20          0          0          0       9206   stm32f10x_i2c.o
        36         12          0          0          0       1106   stm32f10x_pwr.o
       372         50          0         20          0       6420   stm32f10x_rcc.o
       168          0          0          0          0       5354   stm32f10x_spi.o
       934         92          0          0          0      10907   stm32f10x_tim.o
       634         28          0          0          0       8281   stm32f10x_usart.o
      1944        126          0          4          0      14104   storage.o
       880         82         52          8        324      12527   system.o
       328         28          0          0          0       2101   system_stm32f10x.o
       144          8          0         12         76       2391   times.o
       294         22          0          4          0       3670   txtexpr.o
         2          0          0          0          0        440   unit_test.o

    ----------------------------------------------------------------------
     65632       6688       9556       1932      42416     961620   Object Totals
         0          0         32          0          0          0   (incl. Generated)
       210          0         52          0          4          0   (incl. Padding)

    ----------------------------------------------------------------------

      Code (inc. data)   RO Data    RW Data    ZI Data      Debug   Library Member Name

       238         24          0          1          0       3312   hal_cm.o
       304         36          0          0          0        768   hal_cm3.o
      1444        168          0          8          0      38502   rt_cmsis.o
        80          4          0          0          0        661   rt_event.o
       566         44          0          0         48       8792   rt_list.o
       554         10          0          0          0       3949   rt_mailbox.o
       140          0          0          0          0       1925   rt_membox.o
       128          0          0          0          0       2307   rt_memory.o
        96         22          0          8          0       1158   rt_robin.o
       186         10          0          0          0       2902   rt_semaphore.o
       298         52          0          8          0       6223   rt_system.o
      1264        184          0          8         52      10147   rt_task.o
         6          0          0          4          0        652   rt_time.o
         4          4          0          0          0        208   svc_table.o
        86          0          0          0          0          0   __dczerorl2.o
        28          0          0          0          0         68   _chval.o
       158          0          0          0          0         92   _strtoul.o
        26          0          0          0          0         80   atoi.o
        28          0          0          0          0         76   calloc.o
         8          4        133          0          0         68   ctype_o.o
         0          0          0          0          0          0   entry.o
         0          0          0          0          0          0   entry10a.o
         0          0          0          0          0          0   entry11a.o
         8          4          0          0          0          0   entry2.o
         4          0          0          0          0          0   entry5.o
         0          0          0          0          0          0   entry7b.o
         0          0          0          0          0          0   entry8b.o
         8          4          0          4          0         68   errno.o
        30          0          0          0          0          0   handlers.o
        36          8          0          0          0         68   init.o
        30          0          0          0          0         68   llshl.o
        32          0          0          0          0         68   llushr.o
       252         24          0          0          0        252   mallocr.o
        36          0          0          0          0         68   memcpya.o
        36          0          0          0          0        108   memseta.o
         0          0          0          8          0          0   mvars.o
      1262         60          0          0          0        656   printf8.o
         0          0          0          4          0          0   stderr.o
        42          0          0          0          0         84   strcasecmp.o
        24          0          0          0          0         68   strcat.o
        20          0          0          0          0         68   strchr.o
        28          0          0          0          0         76   strcmp.o
        18          0          0          0          0         68   strcpy.o
        34          0          0          0          0         80   strcspn.o
        14          0          0          0          0         68   strlen.o
        24          0          0          0          0         76   strncpy.o
        36          0          0          0          0         80   strstr.o
       112          0          0          0          0         88   strtol.o
        12          0          0          0          0         68   tolower.o
        98          0          0          0          0         92   uldiv.o
        62          0          0          0          0         96   setjmp.o

    ----------------------------------------------------------------------
      7920        662        136         56        100      84258   Library Totals
        20          0          3          3          0          0   (incl. Padding)

    ----------------------------------------------------------------------

      Code (inc. data)   RO Data    RW Data    ZI Data      Debug   Library Name

      5308        558          0         37        100      81506   RTX_CM3.lib
      2530        104        133         16          0       2656   mc_w.l
        62          0          0          0          0         96   mf_w.l

    ----------------------------------------------------------------------
      7920        662        136         56        100      84258   Library Totals

    ----------------------------------------------------------------------

==============================================================================


      Code (inc. data)   RO Data    RW Data    ZI Data      Debug   

     73552       7350       9692       1988      42516     998894   Grand Totals
     73552       7350       9692        884      42516     998894   ELF Image Totals (compressed)
     73552       7350       9692        884          0          0   ROM Totals

==============================================================================

    Total RO  Size (Code + RO Data)                83244 (  81.29kB)
    Total RW  Size (RW Data + ZI Data)             44504 (  43.46kB)
    Total ROM Size (Code + RO Data + RW Data)      84128 (  82.16kB)

==============================================================================

